                      (       asc_bin.as):00001         ;;; ASC_BIN
                      (       asc_bin.as):00002         ;;;
                      (       asc_bin.as):00003         ;;; ASCII string to binary byte conversion.
                      (       asc_bin.as):00004         ;;;
                      (       asc_bin.as):00005         ;;; OTHER MODULES NEEDED: IS_TERMIN
                      (       asc_bin.as):00006         ;;;
                      (       asc_bin.as):00007         ;;; Entry:  X = Start of string of binary digits (001101) terminated by space, comma, CR or null.
                      (       asc_bin.as):00008         ;;;
                      (       asc_bin.as):00009         ;;; Exit:   D = The binary value.
                      (       asc_bin.as):00010         ;;;         Y = The terminator or error position.
                      (       asc_bin.as):00011         ;;;        CC = Carry set if error (string too long, not binary digits).
                      (       asc_bin.as):00012         
                      (       asc_bin.as):00013                             section   .text
                      (       asc_bin.as):00014         
0000 4F               (       asc_bin.as):00015         ASC_BIN:            clra                          msb/lsb=0
0001 5F               (       asc_bin.as):00016                             clrb
0002 3416             (       asc_bin.as):00017                             pshs      a,b,x
                      (       asc_bin.as):00018         
0004                  (       asc_bin.as):00019         ascbn1
0004 E680             (       asc_bin.as):00020                             ldb       ,x+                 get a digit
0006 170000           (       asc_bin.as):00021                             lbsr      IS_TERMIN           see if space/comma/null/cr
0009 2714             (       asc_bin.as):00022                             beq       ascbn2
000B C030             (       asc_bin.as):00023                             subb      #$30                strip off ASCII
000D 2B14             (       asc_bin.as):00024                             bmi       error               less than "0"..
000F C101             (       asc_bin.as):00025                             cmpb      #1
0011 2210             (       asc_bin.as):00026                             bhi       error               geater than "1"
0013 56               (       asc_bin.as):00027                             rorb                          get bit into carry
0014 6961             (       asc_bin.as):00028                             rol       1,S                 into LSB
0016 69E4             (       asc_bin.as):00029                             rol       ,S                  into MSB
0018 4C               (       asc_bin.as):00030                             inca                          bump string length
0019 8110             (       asc_bin.as):00031                             cmpa      #16
001B 23E7             (       asc_bin.as):00032                             bls       ascbn1              length ok, loop
001D 2004             (       asc_bin.as):00033                             bra       error
                      (       asc_bin.as):00034         
001F 5F               (       asc_bin.as):00035         ascbn2              clrb                          = no errors
0020 4D               (       asc_bin.as):00036                             tsta                          len = 0?
0021 2606             (       asc_bin.as):00037                             bne       done                no, skip
                      (       asc_bin.as):00038         
                      (       asc_bin.as):00039         * error -- too long or null
                      (       asc_bin.as):00040         
0023 6FE4             (       asc_bin.as):00041         error               clr       ,S                  force data to 0
0025 6F61             (       asc_bin.as):00042                             clr       1,S
0027 1A01             (       asc_bin.as):00043                             orcc      #1                  set carry flag
                      (       asc_bin.as):00044         
0029 311F             (       asc_bin.as):00045         done                leay      -1,x                end of string/error char
002B 3596             (       asc_bin.as):00046                             puls      A,B,X,PC            get data; restore & return
                      (       asc_bin.as):00047         
                      (       asc_bin.as):00048                             endsect

Symbol Table:
[ sG] ASC_BIN                          0000 (.text)
[ sG] ascbn1                           0004 (.text)
[ sG] ascbn2                           001F (.text)
[ sG] done                             0029 (.text)
[ sG] error                            0023 (.text)
[ScG] NOS9MAJ                          0000
[ScG] NOS9MIN                          0000
[ScG] NOS9VER                          0000
