                      (     b09strlen.as):00001         ;;; B09STRLEN
                      (     b09strlen.as):00002         ;;;
                      (     b09strlen.as):00003         ;;; Find the length of a BASIC09 string which can be terminated by $FF or allocated storage size.
                      (     b09strlen.as):00004         ;;;
                      (     b09strlen.as):00005         ;;; Entry:  X = Start of the string.
                      (     b09strlen.as):00006         ;;;         D = The maximum allocated value.
                      (     b09strlen.as):00007         ;;;
                      (     b09strlen.as):00008         ;;; Exit:   D = The streng length.
                      (     b09strlen.as):00009         ;;;
                      (     b09strlen.as):00010         ;;; All registers (except CC) are preserved.
                      (     b09strlen.as):00011         
                      (     b09strlen.as):00012                             section   .text
                      (     b09strlen.as):00013         
0000 3436             (     b09strlen.as):00014         B09STRLEN:          pshs      d,x,y
0002 1F02             (     b09strlen.as):00015                             tfr       d,y                 max. possible size to Y
                      (     b09strlen.as):00016         
0004 A680             (     b09strlen.as):00017         loop                lda       ,x+                 get char from string
0006 4C               (     b09strlen.as):00018                             inca                          this effects a cmpa #$ff
0007 2704             (     b09strlen.as):00019                             beq       exit                reached terminator
0009 313F             (     b09strlen.as):00020                             leay      -1,y                if string max leng, no terminator
000B 26F7             (     b09strlen.as):00021                             bne       loop                no yet, check more
                      (     b09strlen.as):00022         
000D 3506             (     b09strlen.as):00023         exit                puls      d                   get max possible size
000F 3420             (     b09strlen.as):00024                             pshs      y                   unused size in memory
0011 A3E1             (     b09strlen.as):00025                             subd      ,s++                find actual length
0013 35B0             (     b09strlen.as):00026                             puls      x,y,pc
                      (     b09strlen.as):00027         
                      (     b09strlen.as):00028                             endsect
                      (     b09strlen.as):00029         

Symbol Table:
[ sG] B09STRLEN                        0000 (.text)
[ sG] exit                             000D (.text)
[ sG] loop                             0004 (.text)
[ScG] NOS9MAJ                          0000
[ScG] NOS9MIN                          0000
[ScG] NOS9VER                          0000
