                      (       bin2hex.as):00001         ;;; BIN2HEX
                      (       bin2hex.as):00002         ;;;
                      (       bin2hex.as):00003         ;;; Convert a byte to two hexadecimal digits.
                      (       bin2hex.as):00004         ;;;
                      (       bin2hex.as):00005         ;;; Entry:  B = The binary value to convert.
                      (       bin2hex.as):00006         ;;;         X = The address of the 20-byte buffer that holds the roman numerals.
                      (       bin2hex.as):00007         ;;;
                      (       bin2hex.as):00008         ;;; Exit:   D = Two-byte hexadecimal digits.
                      (       bin2hex.as):00009         
                      (       bin2hex.as):00010                             section   .text
                      (       bin2hex.as):00011         
0000 3404             (       bin2hex.as):00012         BIN2HEX:            pshs      b
0002 54               (       bin2hex.as):00013                             lsrb                          get msn
0003 54               (       bin2hex.as):00014                             lsrb
0004 54               (       bin2hex.as):00015                             lsrb
0005 54               (       bin2hex.as):00016                             lsrb                          fall through to convert msn and return
0006 8D06             (       bin2hex.as):00017                             bsr       ToHex
0008 1F98             (       bin2hex.as):00018                             tfr       b,a                 1st digit in A
000A 3504             (       bin2hex.as):00019                             puls      b                   get lsn
000C C40F             (       bin2hex.as):00020                             andb      #%00001111          keep msn
                      (       bin2hex.as):00021         
000E CB30             (       bin2hex.as):00022         ToHex               addb      #'0                 convert to ascii
0010 C139             (       bin2hex.as):00023                             cmpb      #'9
0012 2302             (       bin2hex.as):00024                             bls       ToHex1
0014 CB07             (       bin2hex.as):00025                             addb      #7                  convert plus 9 to A..F
0016 39               (       bin2hex.as):00026         ToHex1              rts
                      (       bin2hex.as):00027         
                      (       bin2hex.as):00028                             endsect
                      (       bin2hex.as):00029         

Symbol Table:
[ sG] BIN2HEX                          0000 (.text)
[ScG] NOS9MAJ                          0000
[ScG] NOS9MIN                          0000
[ScG] NOS9VER                          0000
[ sG] ToHex                            000E (.text)
[ sG] ToHex1                           0016 (.text)
