                      (       check90.as):00001         
                      (       check90.as):00002                             nam       Check
                      (       check90.as):00003                             ttl       Routines to check & react to status
                      (       check90.as):00004         
                      (       check90.as):00005         *     Program segment to be compiled using Level II RMA
                      (       check90.as):00006         *          This is not a mainline program segment
                      (       check90.as):00007         *                 Written by Larry Olson
                      (       check90.as):00008         
                      (       check90.as):00009                             ifp1
                      (       check90.as):00010         *         use   /dd/defs/os9defs.a
                      (       check90.as):00011                             endc
                      (       check90.as):00012         
     0064             (       check90.as):00013         STACK               equ       100
                      (       check90.as):00014         
                      (       check90.as):00015                             section   bss
                      (       check90.as):00016         
                      (       check90.as):00017         *     Lcoal Variables
                      (       check90.as):00018         
                      (       check90.as):00019         
0000                  (       check90.as):00020                             rmb       STACK
                      (       check90.as):00021         
                      (       check90.as):00022         
                      (       check90.as):00023                             endsect
                      (       check90.as):00024         
                      (       check90.as):00025                             section   code
                      (       check90.as):00026         
0000 1B310312         (       check90.as):00027         PALST1              fcb       $1b,$31,3,18
0004 1B310424         (       check90.as):00028                             fcb       $1b,$31,4,36
0008 1B31053F         (       check90.as):00029                             fcb       $1b,$31,5,63
000C 1B310619         (       check90.as):00030                             fcb       $1b,$31,6,25
                      (       check90.as):00031         
0010 1B310335         (       check90.as):00032         PALST2              fcb       $1b,$31,3,53
0014 1B310435         (       check90.as):00033                             fcb       $1b,$31,4,53
0018 1B310535         (       check90.as):00034                             fcb       $1b,$31,5,53
001C 1B310635         (       check90.as):00035                             fcb       $1b,$31,6,53
                      (       check90.as):00036         
                      (       check90.as):00037         
0020 B60000           (       check90.as):00038         CHECKS              lda       HITFLG              Check hit flag
0023 102700DB         (       check90.as):00039                             lbeq      CHKGH               If 0 the continue
0027 102A008D         (       check90.as):00040                             lbpl      KILPAC              Pacman is hit, so kill him
                      (       check90.as):00041         
                      (       check90.as):00042         *    Kill ghost routine
                      (       check90.as):00043         *    Make noise
002B CC060E           (       check90.as):00044                             ldd       #1550               Set starting frequency
002E FD0000           (       check90.as):00045                             std       SNDPR2              Save it in variable
0031 8E3201           (       check90.as):00046         KLOOP               ldx       #$3201              Set amplitude & duration
0034 FC0000           (       check90.as):00047                             ldd       SNDPR2
0037 C300FA           (       check90.as):00048                             addd      #250
003A 10830FD2         (       check90.as):00049                             cmpd      #4050               Are we done yet?
003E 270A             (       check90.as):00050                             beq       KILGHT
0040 FD0000           (       check90.as):00051                             std       SNDPR2              Save new value
0043 1F02             (       check90.as):00052                             tfr       D,Y                 Put value in Y reg.
0045 170000           (       check90.as):00053                             lbsr      SND                 Go make noise
0048 20E7             (       check90.as):00054                             bra       KLOOP
                      (       check90.as):00055         
004A 30C90000         (       check90.as):00056         KILGHT              leax      G1OFST,U            Point to ghost tables
004E B60000           (       check90.as):00057                             lda       GHTHIT              Get # of ghost destroyed
0051 3086             (       check90.as):00058                             leax      A,X                 Move to that ghosts table
0053 BF0000           (       check90.as):00059                             stx       XSAVE               Save ghost table pointer
0056 C6FD             (       check90.as):00060                             ldb       #-3
0058 E70A             (       check90.as):00061                             stb       10,X                Set status -3(killed)
                      (       check90.as):00062         *    Erase ghost
005A EC02             (       check90.as):00063                             ldd       2,X                 Get ghost scrn X location
005C FD0000           (       check90.as):00064                             std       PGXLOC              Give it to PUTGHT
005F EC04             (       check90.as):00065                             ldd       4,X                 Get ghost scrn Y location
0061 FD0000           (       check90.as):00066                             std       PGYLOC              Give it to PUTGHT
0064 8601             (       check90.as):00067                             lda       #1
0066 B70000           (       check90.as):00068                             sta       PGBFN               Set buff# to blank ghost
0069 170000           (       check90.as):00069                             lbsr      PUTGHT              Go erase ghost
                      (       check90.as):00070         *    Reset ghost table
006C B60000           (       check90.as):00071                             lda       GHTHIT              Get ghost counter
006F 31C90000         (       check90.as):00072                             leay      GHTABL,U            Point to backup tables
0073 31A6             (       check90.as):00073                             leay      A,Y                 Use current ghost data
0075 BE0000           (       check90.as):00074                             ldx       XSAVE               Restore X reg.
0078 C614             (       check90.as):00075                             ldb       #20                 Transfer 20 bytes
007A A6A0             (       check90.as):00076         RSLOOP              lda       ,Y+                 Get a byte
007C A780             (       check90.as):00077                             sta       ,X+                 Transfer it
007E 5A               (       check90.as):00078                             decb                          Decrement counter
007F 26F9             (       check90.as):00079                             bne       RSLOOP              Loop till 20 are done
                      (       check90.as):00080         *    Reset palette for ghost
0081 BE0000           (       check90.as):00081                             ldx       XSAVE               Point X reg. to ghost table
0084 EC8812           (       check90.as):00082                             ldd       18,X                Get palette number & color
0087 FD0000           (       check90.as):00083                             std       PALBT1+2            Put them in string
008A 30C90000         (       check90.as):00084                             leax      PALBT1,U            Point to bytes to output
008E 108E0004         (       check90.as):00085                             ldy       #4                  Output 4 bytes
0092 170000           (       check90.as):00086                             lbsr      OUTSTR              Go output them
                      (       check90.as):00087         *    Draw ghost in cage
0095 BE0000           (       check90.as):00088                             ldx       XSAVE               Point X reg. to ghost table
0098 EC02             (       check90.as):00089                             ldd       2,X                 Get ghost scrn X location
009A FD0000           (       check90.as):00090                             std       PGXLOC              Put it in PUTGHT string
009D EC04             (       check90.as):00091                             ldd       4,X                 Get ghost scrn Y location
009F FD0000           (       check90.as):00092                             std       PGYLOC              Put it in PUTGHT string
00A2 A60B             (       check90.as):00093                             lda       11,X                Get ghost buffer number
00A4 B70000           (       check90.as):00094                             sta       PGBFN               Put it in PUTGHT string
00A7 170000           (       check90.as):00095                             lbsr      PUTGHT              Go put buffer to screen
                      (       check90.as):00096         *    Reset hit flag
00AA 7F0000           (       check90.as):00097                             clr       HITFLG              Reset hit flag
                      (       check90.as):00098         *    Add points to score
00AD 8632             (       check90.as):00099                             lda       #50                 50 points for ghost
00AF B70000           (       check90.as):00100                             sta       POINTS+2
00B2 170000           (       check90.as):00101                             lbsr      ADDUP               Go add to score
00B5 160000           (       check90.as):00102                             lbra      MAIN1               Return to main
                      (       check90.as):00103         
00B8 8E3209           (       check90.as):00104         KILPAC              ldx       #$3209              Set amplitude & duration
00BB 108E07D0         (       check90.as):00105                             ldy       #2000               Set frequency
00BF 170000           (       check90.as):00106                             lbsr      SND                 Go make sound
00C2 FC0000           (       check90.as):00107                             ldd       PXNEW               Get pacman scrn X location
00C5 FD0000           (       check90.as):00108                             std       PXLOC               Give it to PUTBLK
00C8 FC0000           (       check90.as):00109                             ldd       PYNEW               Get pacman scrn Y location
00CB FD0000           (       check90.as):00110                             std       PYLOC               Give it to PUTBLK
00CE 863B             (       check90.as):00111                             lda       #59                 Starting buffer -1
00D0 B70000           (       check90.as):00112                             sta       PBFN                Give it to PUTBLK
00D3 CC0FD2           (       check90.as):00113                             ldd       #4050               Set frequency
00D6 FD0000           (       check90.as):00114                             std       SNDPR1
00D9 7C0000           (       check90.as):00115         HLOOP               inc       PBFN                Increment buffer number
00DC 170000           (       check90.as):00116                             lbsr      PUTBLK              Put object on screen
00DF 8E3205           (       check90.as):00117                             ldx       #$3205              Set amplitude & duration
00E2 FC0000           (       check90.as):00118                             ldd       SNDPR1              Get frequency
00E5 830096           (       check90.as):00119                             subd      #150                Subtract 150 from it
00E8 FD0000           (       check90.as):00120                             std       SNDPR1              Put it back
00EB 1F02             (       check90.as):00121                             tfr       D,Y                 Also put it in Y reg.
00ED 170000           (       check90.as):00122                             lbsr      SND                 Go make sound
00F0 B60000           (       check90.as):00123                             lda       PBFN                Check buffer number
00F3 8143             (       check90.as):00124                             cmpa      #67                 Are we done ?
00F5 26E2             (       check90.as):00125                             bne       HLOOP               If not, then keep looking
00F7 8625             (       check90.as):00126                             lda       #37                 37 = Blank pacman
00F9 B70000           (       check90.as):00127                             sta       PBFN                Give it to PUTBLK
00FC 170000           (       check90.as):00128                             lbsr      PUTBLK              Put it on screen
                      (       check90.as):00129         
                      (       check90.as):00130         *    Go to delete pacman routines in MAIN
                      (       check90.as):00131         
00FF 160000           (       check90.as):00132                             lbra      DELPAC              Go delete pacman
                      (       check90.as):00133         
                      (       check90.as):00134         
                      (       check90.as):00135         *    Check if current ghost can be moved, if so then move it
                      (       check90.as):00136         *     Two ghost moves will be made for each pacman move
                      (       check90.as):00137         *      so the ghosts will be half as slow as pacman.
                      (       check90.as):00138         *    If we made 4 ghost moves for each pacman move then the
                      (       check90.as):00139         *     ghosts would move at the same speed as pacman.
                      (       check90.as):00140         
0102 B60000           (       check90.as):00141         CHKGH               lda       POWFLG              Check power pill flag
0105 102700BE         (       check90.as):00142                             lbeq      MOVGH
0109 4A               (       check90.as):00143                             deca                          Decrement flag (counter)
010A B70000           (       check90.as):00144                             sta       POWFLG              Put it back
010D 1027007F         (       check90.as):00145                             lbeq      PALRST              If 0 then reset palettes
0111 8119             (       check90.as):00146         TIMCHK              cmpa      #25                 Are we close to zero?
0113 102200B0         (       check90.as):00147                             lbhi      MOVGH               If not, go move ghost
0117 308DFEE5         (       check90.as):00148                             leax      PALST1,pcr          Point to palette reset string
011B 108E0010         (       check90.as):00149                             ldy       #16                 Output 16 bytes
011F 170000           (       check90.as):00150                             lbsr      OUTSTR              Go output code bytes
                      (       check90.as):00151         
0122 5F               (       check90.as):00152                             clrb
0123 F70000           (       check90.as):00153                             stb       STRLGH              Set string length to 0
0126 30C90000         (       check90.as):00154                             leax      STRING,U            Point to where string goes
012A 31C90000         (       check90.as):00155                             leay      G1OFST,U            Move to top of ghost tables
012E A62A             (       check90.as):00156                             lda       10,Y                Get status for #1 ghost
0130 8102             (       check90.as):00157                             cmpa      #2                  Is ghost chasing ?
0132 260D             (       check90.as):00158                             bne       PLCHG2              If so then branch
0134 CC1B31           (       check90.as):00159                             ldd       #$1b31
0137 ED81             (       check90.as):00160                             std       ,X++                PUT 2 bytes in string
0139 CC043D           (       check90.as):00161                             ldd       #$043d
013C ED81             (       check90.as):00162                             std       ,X++                Put 2 bytes in string
013E 7C0000           (       check90.as):00163                             inc       STRLGH              Increment counter
0141 A6A81E           (       check90.as):00164         PLCHG2              lda       30,Y                Get status for ghost #2
0144 8102             (       check90.as):00165                             cmpa      #2                  Is ghost chasing ?
0146 260D             (       check90.as):00166                             bne       PLCHG3              If so then branch
0148 CC1B31           (       check90.as):00167                             ldd       #$1b31
014B ED81             (       check90.as):00168                             std       ,X++                Put 2 bytes in string
014D CC063D           (       check90.as):00169                             ldd       #$063d
0150 ED81             (       check90.as):00170                             std       ,X++                Put 2 bytes in string
0152 7C0000           (       check90.as):00171                             inc       STRLGH              Increment counter
0155 A6A832           (       check90.as):00172         PLCHG3              lda       50,Y                Get status for ghost #3
0158 8102             (       check90.as):00173                             cmpa      #2                  Is ghost chasing ?
015A 260D             (       check90.as):00174                             bne       PLCHG4              If so then branch
015C CC1B31           (       check90.as):00175                             ldd       #$1b31
015F ED81             (       check90.as):00176                             std       ,X++                Put 2 bytes in string
0161 CC053D           (       check90.as):00177                             ldd       #$053d
0164 ED81             (       check90.as):00178                             std       ,X++                Put 2 bytes in string
0166 7C0000           (       check90.as):00179                             inc       STRLGH              Increment counter
0169 A6A846           (       check90.as):00180         PLCHG4              lda       70,Y                Get status for ghost #4
016C 8102             (       check90.as):00181                             cmpa      #2                  Is it chasing ?
016E 260D             (       check90.as):00182                             bne       PLTEST              If so then branch
0170 CC1B31           (       check90.as):00183                             ldd       #$1b31
0173 ED81             (       check90.as):00184                             std       ,X++                Put 2 bytes in string
0175 CC033D           (       check90.as):00185                             ldd       #$033d
0178 ED84             (       check90.as):00186                             std       ,X                  Put 2 bytes in string
017A 7C0000           (       check90.as):00187                             inc       STRLGH              Increment counter
017D F60000           (       check90.as):00188         PLTEST              ldb       STRLGH              Get counter value
0180 270C             (       check90.as):00189                             beq       PLDONE              If 0 then we're done
0182 8604             (       check90.as):00190                             lda       #4                  Set multiplier
0184 3D               (       check90.as):00191                             mul                           Mul. 4 x STRLGH
0185 1F02             (       check90.as):00192                             tfr       D,Y                 Put result in Y reg.
0187 30C90000         (       check90.as):00193                             leax      STRING,U            Point to start of string
018B 170000           (       check90.as):00194                             lbsr      OUTSTR              Go output string
018E 2037             (       check90.as):00195         PLDONE              bra       MOVGH
                      (       check90.as):00196         
                      (       check90.as):00197         
0190 308DFE6C         (       check90.as):00198         PALRST              leax      PALST1,pcr          Point to palette reset bytes
0194 108E0010         (       check90.as):00199                             ldy       #16                 Output 16 bytes
0198 170000           (       check90.as):00200                             lbsr      OUTSTR              Go output bytes
                      (       check90.as):00201         *    Now reset ghosts status from running to chasing
019B 30C90000         (       check90.as):00202                             leax      G1OFST,U
019F C601             (       check90.as):00203                             ldb       #1
01A1 A60A             (       check90.as):00204                             lda       10,X
01A3 8102             (       check90.as):00205                             cmpa      #2                  Is ghost running?
01A5 2602             (       check90.as):00206                             bne       STRST2
01A7 E70A             (       check90.as):00207                             stb       10,X                Set to chasing
01A9 A6881E           (       check90.as):00208         STRST2              lda       30,X
01AC 8102             (       check90.as):00209                             cmpa      #2                  Is ghost running?
01AE 2603             (       check90.as):00210                             bne       STRST3
01B0 E7881E           (       check90.as):00211                             stb       30,X                Set to chasing
01B3 A68832           (       check90.as):00212         STRST3              lda       50,X
01B6 8102             (       check90.as):00213                             cmpa      #2                  Is ghost running?
01B8 2603             (       check90.as):00214                             bne       STRST4
01BA E78832           (       check90.as):00215                             stb       50,X                Set to chasing
01BD A68846           (       check90.as):00216         STRST4              lda       70,X
01C0 8102             (       check90.as):00217                             cmpa      #2                  Is ghost running?
01C2 2603             (       check90.as):00218                             bne       MOVGH
01C4 E78846           (       check90.as):00219                             stb       70,X                Set to chasing
                      (       check90.as):00220         
                      (       check90.as):00221         *    Make 3 ghost moves for each pacman move
                      (       check90.as):00222         *    This means that the 4 ghosts will be a
                      (       check90.as):00223         *    little slower on the screen than pacman
                      (       check90.as):00224         
01C7 170000           (       check90.as):00225         MOVGH               lbsr      GHCHCK              Go check for ghost move
01CA 170000           (       check90.as):00226                             lbsr      GHCHCK              Do it again
                      (       check90.as):00227         
                      (       check90.as):00228         *    Bonus Routines
01CD B60000           (       check90.as):00229         BONUS               lda       BONFLG              Check bonus flag
01D0 272E             (       check90.as):00230                             beq       PUTBON              Go put bonus on screen
01D2 7A0000           (       check90.as):00231                             dec       BONTIM              Decrement bonus timer
01D5 2672             (       check90.as):00232                             bne       MOVGH2
                      (       check90.as):00233         *    Erase bonus from screen
01D7 CC0136           (       check90.as):00234         ERSBON              ldd       #310
01DA FD0000           (       check90.as):00235                             std       PXLOC
01DD CC005F           (       check90.as):00236                             ldd       #95
01E0 FD0000           (       check90.as):00237                             std       PYLOC
01E3 8645             (       check90.as):00238                             lda       #69
01E5 B70000           (       check90.as):00239                             sta       PBFN
01E8 170000           (       check90.as):00240                             lbsr      PUTBLK              Go erase bonus
01EB 30C90000         (       check90.as):00241                             leax      ARRAY,U
01EF CC07AE           (       check90.as):00242                             ldd       #1966
01F2 308B             (       check90.as):00243                             leax      D,X
01F4 6F84             (       check90.as):00244                             clr       ,X                  Erase bonus from array
01F6 7F0000           (       check90.as):00245                             clr       BONFLG              Reset bonus flag
01F9 8696             (       check90.as):00246                             lda       #150
01FB B70000           (       check90.as):00247                             sta       BONTIM              Reset bonus timer
01FE 204C             (       check90.as):00248                             bra       LEAVE
                      (       check90.as):00249         
                      (       check90.as):00250         *    Put bonus on screen
                      (       check90.as):00251         *
0200 B60000           (       check90.as):00252         PUTBON              lda       BONCNT              Check counter
0203 810A             (       check90.as):00253                             cmpa      #10                 Has player got 10 yet ?
0205 2742             (       check90.as):00254                             beq       MOVGH2              If so, then no more
0207 7A0000           (       check90.as):00255                             dec       BONTIM              Decrement timer
020A 263D             (       check90.as):00256                             bne       MOVGH2
020C 170000           (       check90.as):00257                             lbsr      RANDNM              Go pick random number
020F 81C8             (       check90.as):00258                             cmpa      #200
0211 2239             (       check90.as):00259                             bhi       LEAVE
0213 B60000           (       check90.as):00260                             lda       BONBUF              Get bonus buffer #
0216 4C               (       check90.as):00261                             inca
0217 8149             (       check90.as):00262                             cmpa      #73
0219 2602             (       check90.as):00263                             bne       PUTBN2
021B 8646             (       check90.as):00264                             lda       #70
021D B70000           (       check90.as):00265         PUTBN2              sta       BONBUF
0220 B70000           (       check90.as):00266                             sta       PBFN
0223 CC0136           (       check90.as):00267                             ldd       #310
0226 FD0000           (       check90.as):00268                             std       PXLOC
0229 CC005F           (       check90.as):00269                             ldd       #95
022C FD0000           (       check90.as):00270                             std       PYLOC
022F 170000           (       check90.as):00271                             lbsr      PUTBLK              Put bonus on screen
0232 30C90000         (       check90.as):00272                             leax      ARRAY,U
0236 CC07AE           (       check90.as):00273                             ldd       #1966
0239 308B             (       check90.as):00274                             leax      D,X
023B 8606             (       check90.as):00275                             lda       #6
023D A784             (       check90.as):00276                             sta       ,X                  Put bonus in array
023F 8632             (       check90.as):00277                             lda       #50
0241 B70000           (       check90.as):00278                             sta       BONTIM              Set bonus timer
0244 7C0000           (       check90.as):00279                             inc       BONFLG              Set bonus flag
0247 2003             (       check90.as):00280                             bra       LEAVE
                      (       check90.as):00281         
                      (       check90.as):00282         *  If power pill flag is set then slow ghosts down
                      (       check90.as):00283         
0249 170000           (       check90.as):00284         MOVGH2              lbsr      GHCHCK              One more time
                      (       check90.as):00285         *         tst   POWFLG
                      (       check90.as):00286         *         bne   LEAVE
                      (       check90.as):00287         *         lbsr  GHCHCK     One more time
                      (       check90.as):00288         
                      (       check90.as):00289         *    Go return to main loop
                      (       check90.as):00290         
024C 160000           (       check90.as):00291         LEAVE               lbra      MAIN1               Return to MAIN loop
                      (       check90.as):00292         
                      (       check90.as):00293         
                      (       check90.as):00294                             endsect
                      (       check90.as):00295         
                      (       check90.as):00296         

Symbol Table:
[ sG] BONUS                            01CD (code)
[ sG] CHECKS                           0020 (code)
[ sG] CHKGH                            0102 (code)
[ sG] ERSBON                           01D7 (code)
[ sG] HLOOP                            00D9 (code)
[ sG] KILGHT                           004A (code)
[ sG] KILPAC                           00B8 (code)
[ sG] KLOOP                            0031 (code)
[ sG] LEAVE                            024C (code)
[ sG] MOVGH                            01C7 (code)
[ sG] MOVGH2                           0249 (code)
[ScG] NOS9MAJ                          0003
[ScG] NOS9MIN                          0000
[ScG] NOS9VER                          0003
[ sG] PALRST                           0190 (code)
[ sG] PALST1                           0000 (code)
[ sG] PALST2                           0010 (code)
[ sG] PLCHG2                           0141 (code)
[ sG] PLCHG3                           0155 (code)
[ sG] PLCHG4                           0169 (code)
[ sG] PLDONE                           018E (code)
[ sG] PLTEST                           017D (code)
[ sG] PUTBN2                           021D (code)
[ sG] PUTBON                           0200 (code)
[ sG] RSLOOP                           007A (code)
[ cG] STACK                            0064
[ sG] STRST2                           01A9 (code)
[ sG] STRST3                           01B3 (code)
[ sG] STRST4                           01BD (code)
[ sG] TIMCHK                           0111 (code)
