                      (       custom.asm):00001         
0000 87CD056A00192281 (       custom.asm):00002         L0000               fcb       $87,$CD,$05,$6A,$00,$19,$22,$81 .M.j..".
0008 60001F29EC054B05 (       custom.asm):00003         L0008               fcb       $60,$00,$1F,$29,$EC,$05,$4B,$05 `..)l.K.
0010 2129EA0000000080 (       custom.asm):00004         L0010               fcb       $21,$29,$EA,$00,$00,$00,$00,$80 !)j.....
0018 06437573746FED35 (       custom.asm):00005         L0018               fcb       $06,$43,$75,$73,$74,$6F,$ED,$35 .Custom5
0020 3F26902B3D3D3D3D (       custom.asm):00006         L0020               fcb       $3F,$26,$90,$2B,$3D,$3D,$3D,$3D ?&.+====
0028 3D3D3D3D3D3D3D3D (       custom.asm):00007         L0028               fcb       $3D,$3D,$3D,$3D,$3D,$3D,$3D,$3D ========
0030 3D3D3D3D3D3D3D3D (       custom.asm):00008         L0030               fcb       $3D,$3D,$3D,$3D,$3D,$3D,$3D,$3D ========
0038 3D3D3D3D3D3D3D3D (       custom.asm):00009         L0038               fcb       $3D,$3D,$3D,$3D,$3D,$3D,$3D,$3D ========
0040 3D3D3D2BFF3F2690 (       custom.asm):00010         L0040               fcb       $3D,$3D,$3D,$2B,$FF,$3F,$26,$90 ===+.?&.
0048 7C20536D61736821 (       custom.asm):00011         L0048               fcb       $7C,$20,$53,$6D,$61,$73,$68,$21 | Smash!
0050 20437573746F6D69 (       custom.asm):00012         L0050               fcb       $20,$43,$75,$73,$74,$6F,$6D,$69 Customi
0058 7A6174696F6E2070 (       custom.asm):00013         L0058               fcb       $7A,$61,$74,$69,$6F,$6E,$20,$70 zation p
0060 726F6772616D2E20 (       custom.asm):00014         L0060               fcb       $72,$6F,$67,$72,$61,$6D,$2E,$20 rogram.
0068 7CFF3F26902B3D3D (       custom.asm):00015         L0068               fcb       $7C,$FF,$3F,$26,$90,$2B,$3D,$3D |.?&.+==
0070 3D3D3D3D3D3D3D3D (       custom.asm):00016         L0070               fcb       $3D,$3D,$3D,$3D,$3D,$3D,$3D,$3D ========
0078 3D3D3D3D3D3D3D3D (       custom.asm):00017         L0078               fcb       $3D,$3D,$3D,$3D,$3D,$3D,$3D,$3D ========
0080 3D3D3D3D3D3D3D3D (       custom.asm):00018         L0080               fcb       $3D,$3D,$3D,$3D,$3D,$3D,$3D,$3D ========
0088 3D3D3D3D3D2BFF3F (       custom.asm):00019         L0088               fcb       $3D,$3D,$3D,$3D,$3D,$2B,$FF,$3F =====+.?
0090 263F269020546869 (       custom.asm):00020         L0090               fcb       $26,$3F,$26,$90,$20,$54,$68,$69 &?&. Thi
0098 732070726F677261 (       custom.asm):00021         L0098               fcb       $73,$20,$70,$72,$6F,$67,$72,$61 s progra
00A0 6D20616C6C6F7773 (       custom.asm):00022         L00A0               fcb       $6D,$20,$61,$6C,$6C,$6F,$77,$73 m allows
00A8 20796F7520746F20 (       custom.asm):00023         L00A8               fcb       $20,$79,$6F,$75,$20,$74,$6F,$20 you to
00B0 6368616E67652077 (       custom.asm):00024         L00B0               fcb       $63,$68,$61,$6E,$67,$65,$20,$77 change w
00B8 6865726520746865 (       custom.asm):00025         L00B8               fcb       $68,$65,$72,$65,$20,$74,$68,$65 here the
00C0 206C6576656C2064 (       custom.asm):00026         L00C0               fcb       $20,$6C,$65,$76,$65,$6C,$20,$64 level d
00C8 61746120616E6420 (       custom.asm):00027         L00C8               fcb       $61,$74,$61,$20,$61,$6E,$64,$20 ata and
00D0 686967682073636F (       custom.asm):00028         L00D0               fcb       $68,$69,$67,$68,$20,$73,$63,$6F high sco
00D8 7265FF3F26906669 (       custom.asm):00029         L00D8               fcb       $72,$65,$FF,$3F,$26,$90,$66,$69 re.?&.fi
00E0 6C657320666F7220 (       custom.asm):00030         L00E0               fcb       $6C,$65,$73,$20,$66,$6F,$72,$20 les for
00E8 536D617368212061 (       custom.asm):00031         L00E8               fcb       $53,$6D,$61,$73,$68,$21,$20,$61 Smash! a
00F0 7265206B6570742E (       custom.asm):00032         L00F0               fcb       $72,$65,$20,$6B,$65,$70,$74,$2E re kept.
00F8 FF3F263F25905061 (       custom.asm):00033         L00F8               fcb       $FF,$3F,$26,$3F,$25,$90,$50,$61 .?&?%.Pa
0100 74686C6973742074 (       custom.asm):00034         L0100               fcb       $74,$68,$6C,$69,$73,$74,$20,$74 thlist t
0108 6F20534D4153483A (       custom.asm):00035         L0108               fcb       $6F,$20,$53,$4D,$41,$53,$48,$3A o SMASH:
0110 FF4B8400083F2A54 (       custom.asm):00036         L0110               fcb       $FF,$4B,$84,$00,$08,$3F,$2A,$54 .K...?*T
0118 8100164B8400084A (       custom.asm):00037         L0118               fcb       $81,$00,$16,$4B,$84,$00,$08,$4A ...K...J
0120 013F2E548100164B (       custom.asm):00038         L0120               fcb       $01,$3F,$2E,$54,$81,$00,$16,$4B .?.T...K
0128 8500003F30548100 (       custom.asm):00039         L0128               fcb       $85,$00,$00,$3F,$30,$54,$81,$00 ...?0T..
0130 163F3F263F269044 (       custom.asm):00040         L0130               fcb       $16,$3F,$3F,$26,$3F,$26,$90,$44 .??&?&.D
0138 69726563746F7279 (       custom.asm):00041         L0138               fcb       $69,$72,$65,$63,$74,$6F,$72,$79 irectory
0140 20666F7220534D41 (       custom.asm):00042         L0140               fcb       $20,$66,$6F,$72,$20,$53,$4D,$41 for SMA
0148 53482E444154FF3F (       custom.asm):00043         L0148               fcb       $53,$48,$2E,$44,$41,$54,$FF,$3F SH.DAT.?
0150 25903C454E544552 (       custom.asm):00044         L0150               fcb       $25,$90,$3C,$45,$4E,$54,$45,$52 %.<ENTER
0158 3E203D202F44442F (       custom.asm):00045         L0158               fcb       $3E,$20,$3D,$20,$2F,$44,$44,$2F > = /DD/
0160 535953203AFF4B84 (       custom.asm):00046         L0160               fcb       $53,$59,$53,$20,$3A,$FF,$4B,$84 SYS :.K.
0168 00043F1084000490 (       custom.asm):00047         L0168               fcb       $00,$04,$3F,$10,$84,$00,$04,$90 ..?.....
0170 FFDF550168453F84 (       custom.asm):00048         L0170               fcb       $FF,$DF,$55,$01,$68,$45,$3F,$84 ._U.hE?.
0178 000453902F44442F (       custom.asm):00049         L0178               fcb       $00,$04,$53,$90,$2F,$44,$44,$2F ..S./DD/
0180 535953FF3F123F84 (       custom.asm):00050         L0180               fcb       $53,$59,$53,$FF,$3F,$12,$3F,$84 SYS.?.?.
0188 000853840004902F (       custom.asm):00051         L0188               fcb       $00,$08,$53,$84,$00,$04,$90,$2F ..S..../
0190 536D6173682E6461 (       custom.asm):00052         L0190               fcb       $53,$6D,$61,$73,$68,$2E,$64,$61 Smash.da
0198 74FFE991000DC3E9 (       custom.asm):00053         L0198               fcb       $74,$FF,$E9,$91,$00,$0D,$C3,$E9 t.i...Ci
01A0 3F81001A53911843 (       custom.asm):00054         L01A0               fcb       $3F,$81,$00,$1A,$53,$91,$18,$43 ?...S..C
01A8 3F2204C93F263F26 (       custom.asm):00055         L01A8               fcb       $3F,$22,$04,$C9,$3F,$26,$3F,$26 ?".I?&?&
01B0 904469726563746F (       custom.asm):00056         L01B0               fcb       $90,$44,$69,$72,$65,$63,$74,$6F .Directo
01B8 727920666F722053 (       custom.asm):00057         L01B8               fcb       $72,$79,$20,$66,$6F,$72,$20,$53 ry for S
01C0 4D4153482E485343 (       custom.asm):00058         L01C0               fcb       $4D,$41,$53,$48,$2E,$48,$53,$43 MASH.HSC
01C8 FF3F25903C454E54 (       custom.asm):00059         L01C8               fcb       $FF,$3F,$25,$90,$3C,$45,$4E,$54 .?%.<ENT
01D0 45523E203D207361 (       custom.asm):00060         L01D0               fcb       $45,$52,$3E,$20,$3D,$20,$73,$61 ER> = sa
01D8 6D65206469726563 (       custom.asm):00061         L01D8               fcb       $6D,$65,$20,$64,$69,$72,$65,$63 me direc
01E0 746F7279203AFF4B (       custom.asm):00062         L01E0               fcb       $74,$6F,$72,$79,$20,$3A,$FF,$4B tory :.K
01E8 8400003F10840000 (       custom.asm):00063         L01E8               fcb       $84,$00,$00,$3F,$10,$84,$00,$00 ...?....
01F0 90FFDB5501E3453F (       custom.asm):00064         L01F0               fcb       $90,$FF,$DB,$55,$01,$E3,$45,$3F ..[U.cE?
01F8 840004538400003F (       custom.asm):00065         L01F8               fcb       $84,$00,$04,$53,$84,$00,$00,$3F ...S...?
0200 123F840008538400 (       custom.asm):00066         L0200               fcb       $12,$3F,$84,$00,$08,$53,$84,$00 .?...S..
0208 04902F536D617368 (       custom.asm):00067         L0208               fcb       $04,$90,$2F,$53,$6D,$61,$73,$68 ../Smash
0210 2E687363FFE99100 (       custom.asm):00068         L0210               fcb       $2E,$68,$73,$63,$FF,$E9,$91,$00 .hsc.i..
0218 0DC3E93F81001A53 (       custom.asm):00069         L0218               fcb       $0D,$C3,$E9,$3F,$81,$00,$1A,$53 .Ci?...S
0220 91229B3F2204C93F (       custom.asm):00070         L0220               fcb       $91,$22,$9B,$3F,$22,$04,$C9,$3F .".?".I?
0228 263F269044697265 (       custom.asm):00071         L0228               fcb       $26,$3F,$26,$90,$44,$69,$72,$65 &?&.Dire
0230 63746F727920666F (       custom.asm):00072         L0230               fcb       $63,$74,$6F,$72,$79,$20,$66,$6F ctory fo
0238 722049412E464E54 (       custom.asm):00073         L0238               fcb       $72,$20,$49,$41,$2E,$46,$4E,$54 r IA.FNT
0240 FF3F25903C454E54 (       custom.asm):00074         L0240               fcb       $FF,$3F,$25,$90,$3C,$45,$4E,$54 .?%.<ENT
0248 45523E203D207361 (       custom.asm):00075         L0248               fcb       $45,$52,$3E,$20,$3D,$20,$73,$61 ER> = sa
0250 6D65206469726563 (       custom.asm):00076         L0250               fcb       $6D,$65,$20,$64,$69,$72,$65,$63 me direc
0258 746F7279203AFF4B (       custom.asm):00077         L0258               fcb       $74,$6F,$72,$79,$20,$3A,$FF,$4B tory :.K
0260 8400003F10840000 (       custom.asm):00078         L0260               fcb       $84,$00,$00,$3F,$10,$84,$00,$00 ...?....
0268 90FFDB55025B453F (       custom.asm):00079         L0268               fcb       $90,$FF,$DB,$55,$02,$5B,$45,$3F ..[U.[E?
0270 840004538400003F (       custom.asm):00080         L0270               fcb       $84,$00,$04,$53,$84,$00,$00,$3F ...S...?
0278 123F840008538400 (       custom.asm):00081         L0278               fcb       $12,$3F,$84,$00,$08,$53,$84,$00 .?...S..
0280 04902F49412E666E (       custom.asm):00082         L0280               fcb       $04,$90,$2F,$49,$41,$2E,$66,$6E ../IA.fn
0288 74FFE991000DC3E9 (       custom.asm):00083         L0288               fcb       $74,$FF,$E9,$91,$00,$0D,$C3,$E9 t.i...Ci
0290 3F81001A539102E6 (       custom.asm):00084         L0290               fcb       $3F,$81,$00,$1A,$53,$91,$02,$E6 ?...S..f
0298 3F2204C93F263F25 (       custom.asm):00085         L0298               fcb       $3F,$22,$04,$C9,$3F,$26,$3F,$25 ?".I?&?%
02A0 9044656661756C74 (       custom.asm):00086         L02A0               fcb       $90,$44,$65,$66,$61,$75,$6C,$74 .Default
02A8 20746F2072696768 (       custom.asm):00087         L02A8               fcb       $20,$74,$6F,$20,$72,$69,$67,$68 to righ
02B0 742F6C656674206A (       custom.asm):00088         L02B0               fcb       $74,$2F,$6C,$65,$66,$74,$20,$6A t/left j
02B8 6F79737469636B20 (       custom.asm):00089         L02B8               fcb       $6F,$79,$73,$74,$69,$63,$6B,$20 oystick
02C0 666F7220706C6179 (       custom.asm):00090         L02C0               fcb       $66,$6F,$72,$20,$70,$6C,$61,$79 for play
02C8 657220313F20282A (       custom.asm):00091         L02C8               fcb       $65,$72,$20,$31,$3F,$20,$28,$2A er 1? (*
02D0 522F4C293AFF4B84 (       custom.asm):00092         L02D0               fcb       $52,$2F,$4C,$29,$3A,$FF,$4B,$84 R/L):.K.
02D8 00083F108400088D (       custom.asm):00093         L02D8               fcb       $00,$08,$3F,$10,$84,$00,$08,$8D ..?.....
02E0 018D01C0904CFFDF (       custom.asm):00094         L02E0               fcb       $01,$8D,$01,$C0,$90,$4C,$FF,$DF ...@.L._
02E8 8400088D018D01C0 (       custom.asm):00095         L02E8               fcb       $84,$00,$08,$8D,$01,$8D,$01,$C0 .......@
02F0 906CFFDFD15502E9 (       custom.asm):00096         L02F0               fcb       $90,$6C,$FF,$DF,$D1,$55,$02,$E9 .l._QU.i
02F8 453F0E910293F300 (       custom.asm):00097         L02F8               fcb       $45,$3F,$0E,$91,$02,$93,$F3,$00 E?....s.
0300 005391009F3F123F (       custom.asm):00098         L0300               fcb       $00,$53,$91,$00,$9F,$3F,$12,$3F .S...?.?
0308 263F269056524E20 (       custom.asm):00099         L0308               fcb       $26,$3F,$26,$90,$56,$52,$4E,$20 &?&.VRN
0310 6465736372697074 (       custom.asm):00100         L0310               fcb       $64,$65,$73,$63,$72,$69,$70,$74 descript
0318 6F7220746F207573 (       custom.asm):00101         L0318               fcb       $6F,$72,$20,$74,$6F,$20,$75,$73 or to us
0320 653AFF3F26902831 (       custom.asm):00102         L0320               fcb       $65,$3A,$FF,$3F,$26,$90,$28,$31 e:.?&.(1
0328 292046544444FF4B (       custom.asm):00103         L0328               fcb       $29,$20,$46,$54,$44,$44,$FF,$4B ) FTDD.K
0330 90283229205669FF (       custom.asm):00104         L0330               fcb       $90,$28,$32,$29,$20,$56,$69,$FF .(2) Vi.
0338 4B90283329204E69 (       custom.asm):00105         L0338               fcb       $4B,$90,$28,$33,$29,$20,$4E,$69 K.(3) Ni
0340 6CFF3F2590203C31 (       custom.asm):00106         L0340               fcb       $6C,$FF,$3F,$25,$90,$20,$3C,$31 l.?%. <1
0348 2C322C333E3AFF4B (       custom.asm):00107         L0348               fcb       $2C,$32,$2C,$33,$3E,$3A,$FF,$4B ,2,3>:.K
0350 8100183F10810018 (       custom.asm):00108         L0350               fcb       $81,$00,$18,$3F,$10,$81,$00,$18 ...?....
0358 8D01D68100188D03 (       custom.asm):00109         L0358               fcb       $8D,$01,$D6,$81,$00,$18,$8D,$03 ..V.....
0360 D3D155034B453B02 (       custom.asm):00110         L0360               fcb       $D3,$D1,$55,$03,$4B,$45,$3B,$02 SQU.KE;.
0368 E93F108100188D01 (       custom.asm):00111         L0368               fcb       $E9,$3F,$10,$81,$00,$18,$8D,$01 i?......
0370 DD550365453F8400 (       custom.asm):00112         L0370               fcb       $DD,$55,$03,$65,$45,$3F,$84,$00 ]U.eE?..
0378 08539046544444FF (       custom.asm):00113         L0378               fcb       $08,$53,$90,$46,$54,$44,$44,$FF .S.FTDD.
0380 3F11039910810018 (       custom.asm):00114         L0380               fcb       $3F,$11,$03,$99,$10,$81,$00,$18 ?.......
0388 8D02DD55037D453F (       custom.asm):00115         L0388               fcb       $8D,$02,$DD,$55,$03,$7D,$45,$3F ..]U.}E?
0390 84000853905669FF (       custom.asm):00116         L0390               fcb       $84,$00,$08,$53,$90,$56,$69,$FF ...S.Vi.
0398 3F11039710810018 (       custom.asm):00117         L0398               fcb       $3F,$11,$03,$97,$10,$81,$00,$18 ?.......
03A0 8D03DD550395453F (       custom.asm):00118         L03A0               fcb       $8D,$03,$DD,$55,$03,$95,$45,$3F ..]U..E?
03A8 84000853904E696C (       custom.asm):00119         L03A8               fcb       $84,$00,$08,$53,$90,$4E,$69,$6C ...S.Nil
03B0 FF3F123F123F123F (       custom.asm):00120         L03B0               fcb       $FF,$3F,$12,$3F,$12,$3F,$12,$3F .?.?.?.?
03B8 84000853902FFF84 (       custom.asm):00121         L03B8               fcb       $84,$00,$08,$53,$90,$2F,$FF,$84 ...S./..
03C0 0008E991000DC3E9 (       custom.asm):00122         L03C0               fcb       $00,$08,$E9,$91,$00,$0D,$C3,$E9 ..i...Ci
03C8 3F81001A53910361 (       custom.asm):00123         L03C8               fcb       $3F,$81,$00,$1A,$53,$91,$03,$61 ?...S..a
03D0 3F2204C93F269056 (       custom.asm):00124         L03D0               fcb       $3F,$22,$04,$C9,$3F,$26,$90,$56 ?".I?&.V
03D8 6572696679696E67 (       custom.asm):00125         L03D8               fcb       $65,$72,$69,$66,$79,$69,$6E,$67 erifying
03E0 20536D617368212E (       custom.asm):00126         L03E0               fcb       $20,$53,$6D,$61,$73,$68,$21,$2E Smash!.
03E8 2E2EFF3F0E85000C (       custom.asm):00127         L03E8               fcb       $2E,$2E,$FF,$3F,$0E,$85,$00,$0C ...?....
03F0 F600035393F20000 (       custom.asm):00128         L03F0               fcb       $F6,$00,$03,$53,$93,$F2,$00,$00 v..S.r..
03F8 923F0E85000CF600 (       custom.asm):00129         L03F8               fcb       $92,$3F,$0E,$85,$00,$0C,$F6,$00 .?....v.
0400 065395F20000948D (       custom.asm):00130         L0400               fcb       $06,$53,$95,$F2,$00,$00,$94,$8D .S.r....
0408 03EA3F0E85000CF6 (       custom.asm):00131         L0408               fcb       $03,$EA,$3F,$0E,$85,$00,$0C,$F6 .j?....v
0410 00095385000C8900 (       custom.asm):00132         L0410               fcb       $00,$09,$53,$85,$00,$0C,$89,$00 ..S.....
0418 0385000C890006E7 (       custom.asm):00133         L0418               fcb       $03,$85,$00,$0C,$89,$00,$06,$E7 .......g
0420 3F13810018538D00 (       custom.asm):00134         L0420               fcb       $3F,$13,$81,$00,$18,$53,$8D,$00 ?....S..
0428 4629E48D02550426 (       custom.asm):00135         L0428               fcb       $46,$29,$E4,$8D,$02,$55,$04,$26 F)d..U.&
0430 3F0E85000C890006 (       custom.asm):00136         L0430               fcb       $3F,$0E,$85,$00,$0C,$89,$00,$06 ?.......
0438 810018E7F3000053 (       custom.asm):00137         L0438               fcb       $81,$00,$18,$E7,$F3,$00,$00,$53 ...gs..S
0440 9100FF3F14000018 (       custom.asm):00138         L0440               fcb       $91,$00,$FF,$3F,$14,$00,$00,$18 ...?....
0448 29E4000004123F80 (       custom.asm):00139         L0448               fcb       $29,$E4,$00,$00,$04,$12,$3F,$80 )d....?.
0450 29E3539100173F23 (       custom.asm):00140         L0450               fcb       $29,$E3,$53,$91,$00,$17,$3F,$23 )cS...?#
0458 00124D0EF2000F4B (       custom.asm):00141         L0458               fcb       $00,$12,$4D,$0E,$F2,$00,$0F,$4B ..M.r..K
0460 0EF2000C4E3F1381 (       custom.asm):00142         L0460               fcb       $0E,$F2,$00,$0C,$4E,$3F,$13,$81 .r..N?..
0468 0018538D004629E6 (       custom.asm):00143         L0468               fcb       $00,$18,$53,$8D,$00,$46,$29,$E6 ..S..F)f
0470 8D025504763F0E85 (       custom.asm):00144         L0470               fcb       $8D,$02,$55,$04,$76,$3F,$0E,$85 ..U.v?..
0478 000C890006810018 (       custom.asm):00145         L0478               fcb       $00,$0C,$89,$00,$06,$81,$00,$18 ........
0480 E7F300005385000C (       custom.asm):00146         L0480               fcb       $E7,$F3,$00,$00,$53,$85,$00,$0C gs..S...
0488 890006810018E786 (       custom.asm):00147         L0488               fcb       $89,$00,$06,$81,$00,$18,$E7,$86 ......g.
0490 0000B53F14000018 (       custom.asm):00148         L0490               fcb       $00,$00,$B5,$3F,$14,$00,$00,$18 ..5?....
0498 29E6000004573F25 (       custom.asm):00149         L0498               fcb       $29,$E6,$00,$00,$04,$57,$3F,$25 )f...W?%
04A0 90506174686C6973 (       custom.asm):00150         L04A0               fcb       $90,$50,$61,$74,$68,$6C,$69,$73 .Pathlis
04A8 7420746F20736176 (       custom.asm):00151         L04A8               fcb       $74,$20,$74,$6F,$20,$73,$61,$76 t to sav
04B0 6520637573746F6D (       custom.asm):00152         L04B0               fcb       $65,$20,$63,$75,$73,$74,$6F,$6D e custom
04B8 697A656420536D61 (       custom.asm):00153         L04B8               fcb       $69,$7A,$65,$64,$20,$53,$6D,$61 ized Sma
04C0 7368213AFF4B8400 (       custom.asm):00154         L04C0               fcb       $73,$68,$21,$3A,$FF,$4B,$84,$00 sh!:.K..
04C8 083F29548100164B (       custom.asm):00155         L04C8               fcb       $08,$3F,$29,$54,$81,$00,$16,$4B .?)T...K
04D0 8400084A073F2F54 (       custom.asm):00156         L04D0               fcb       $84,$00,$08,$4A,$07,$3F,$2F,$54 ...J.?/T
04D8 8100164B8500003F (       custom.asm):00157         L04D8               fcb       $81,$00,$16,$4B,$85,$00,$00,$3F ...K...?
04E0 30548100163F393F (       custom.asm):00158         L04E0               fcb       $30,$54,$81,$00,$16,$3F,$39,$3F 0T...?9?
04E8 13810018538D0146 (       custom.asm):00159         L04E8               fcb       $13,$81,$00,$18,$53,$8D,$01,$46 ....S..F
04F0 29E8840008B75504 (       custom.asm):00160         L04F0               fcb       $29,$E8,$84,$00,$08,$B7,$55,$04 )h...7U.
04F8 F63F0E8100188100 (       custom.asm):00161         L04F8               fcb       $F6,$3F,$0E,$81,$00,$18,$81,$00 v?......
0500 1AE78D01EAF30000 (       custom.asm):00162         L0500               fcb       $1A,$E7,$8D,$01,$EA,$F3,$00,$00 .g..js..
0508 538400088100188D (       custom.asm):00163         L0508               fcb       $53,$84,$00,$08,$81,$00,$18,$8D S.......
0510 01C0B83F14000018 (       custom.asm):00164         L0510               fcb       $01,$C0,$B8,$3F,$14,$00,$00,$18 .@8?....
0518 29E8000004DB3F0C (       custom.asm):00165         L0518               fcb       $29,$E8,$00,$00,$04,$DB,$3F,$0C )h...[?.
0520 3F001C0017003300 (       custom.asm):00166         L0520               fcb       $3F,$00,$1C,$00,$17,$00,$33,$00 ?.....3.
0528 17004A0050009A29 (       custom.asm):00167         L0528               fcb       $17,$00,$4A,$00,$50,$00,$9A,$29 ..J.P..)
0530 3F293F000A00003E (       custom.asm):00168         L0530               fcb       $3F,$29,$3F,$00,$0A,$00,$00,$3E ?)?....>
0538 00430047004B0050 (       custom.asm):00169         L0538               fcb       $00,$43,$00,$47,$00,$4B,$00,$50 .C.G.K.P
0540 0054005829D9000A (       custom.asm):00170         L0540               fcb       $00,$54,$00,$58,$29,$D9,$00,$0A .T.X)Y..
0548 00120368000C4100 (       custom.asm):00171         L0548               fcb       $00,$12,$03,$68,$00,$0C,$41,$00 ...h..A.
0550 0441000641000865 (       custom.asm):00172         L0550               fcb       $04,$41,$00,$06,$41,$00,$08,$65 .A..A..e
0558 00236029E3A029EA (       custom.asm):00173         L0558               fcb       $00,$23,$60,$29,$E3,$A0,$29,$EA .#`)c )j
0560 73797363616CEC95 (       custom.asm):00174         L0560               fcb       $73,$79,$73,$63,$61,$6C,$EC,$95 syscall.
0568 2720             (       custom.asm):00175         L0568               fcb       $27,$20             '

Symbol Table:
[ G] L0000                            0000
[ G] L0008                            0008
[ G] L0010                            0010
[ G] L0018                            0018
[ G] L0020                            0020
[ G] L0028                            0028
[ G] L0030                            0030
[ G] L0038                            0038
[ G] L0040                            0040
[ G] L0048                            0048
[ G] L0050                            0050
[ G] L0058                            0058
[ G] L0060                            0060
[ G] L0068                            0068
[ G] L0070                            0070
[ G] L0078                            0078
[ G] L0080                            0080
[ G] L0088                            0088
[ G] L0090                            0090
[ G] L0098                            0098
[ G] L00A0                            00A0
[ G] L00A8                            00A8
[ G] L00B0                            00B0
[ G] L00B8                            00B8
[ G] L00C0                            00C0
[ G] L00C8                            00C8
[ G] L00D0                            00D0
[ G] L00D8                            00D8
[ G] L00E0                            00E0
[ G] L00E8                            00E8
[ G] L00F0                            00F0
[ G] L00F8                            00F8
[ G] L0100                            0100
[ G] L0108                            0108
[ G] L0110                            0110
[ G] L0118                            0118
[ G] L0120                            0120
[ G] L0128                            0128
[ G] L0130                            0130
[ G] L0138                            0138
[ G] L0140                            0140
[ G] L0148                            0148
[ G] L0150                            0150
[ G] L0158                            0158
[ G] L0160                            0160
[ G] L0168                            0168
[ G] L0170                            0170
[ G] L0178                            0178
[ G] L0180                            0180
[ G] L0188                            0188
[ G] L0190                            0190
[ G] L0198                            0198
[ G] L01A0                            01A0
[ G] L01A8                            01A8
[ G] L01B0                            01B0
[ G] L01B8                            01B8
[ G] L01C0                            01C0
[ G] L01C8                            01C8
[ G] L01D0                            01D0
[ G] L01D8                            01D8
[ G] L01E0                            01E0
[ G] L01E8                            01E8
[ G] L01F0                            01F0
[ G] L01F8                            01F8
[ G] L0200                            0200
[ G] L0208                            0208
[ G] L0210                            0210
[ G] L0218                            0218
[ G] L0220                            0220
[ G] L0228                            0228
[ G] L0230                            0230
[ G] L0238                            0238
[ G] L0240                            0240
[ G] L0248                            0248
[ G] L0250                            0250
[ G] L0258                            0258
[ G] L0260                            0260
[ G] L0268                            0268
[ G] L0270                            0270
[ G] L0278                            0278
[ G] L0280                            0280
[ G] L0288                            0288
[ G] L0290                            0290
[ G] L0298                            0298
[ G] L02A0                            02A0
[ G] L02A8                            02A8
[ G] L02B0                            02B0
[ G] L02B8                            02B8
[ G] L02C0                            02C0
[ G] L02C8                            02C8
[ G] L02D0                            02D0
[ G] L02D8                            02D8
[ G] L02E0                            02E0
[ G] L02E8                            02E8
[ G] L02F0                            02F0
[ G] L02F8                            02F8
[ G] L0300                            0300
[ G] L0308                            0308
[ G] L0310                            0310
[ G] L0318                            0318
[ G] L0320                            0320
[ G] L0328                            0328
[ G] L0330                            0330
[ G] L0338                            0338
[ G] L0340                            0340
[ G] L0348                            0348
[ G] L0350                            0350
[ G] L0358                            0358
[ G] L0360                            0360
[ G] L0368                            0368
[ G] L0370                            0370
[ G] L0378                            0378
[ G] L0380                            0380
[ G] L0388                            0388
[ G] L0390                            0390
[ G] L0398                            0398
[ G] L03A0                            03A0
[ G] L03A8                            03A8
[ G] L03B0                            03B0
[ G] L03B8                            03B8
[ G] L03C0                            03C0
[ G] L03C8                            03C8
[ G] L03D0                            03D0
[ G] L03D8                            03D8
[ G] L03E0                            03E0
[ G] L03E8                            03E8
[ G] L03F0                            03F0
[ G] L03F8                            03F8
[ G] L0400                            0400
[ G] L0408                            0408
[ G] L0410                            0410
[ G] L0418                            0418
[ G] L0420                            0420
[ G] L0428                            0428
[ G] L0430                            0430
[ G] L0438                            0438
[ G] L0440                            0440
[ G] L0448                            0448
[ G] L0450                            0450
[ G] L0458                            0458
[ G] L0460                            0460
[ G] L0468                            0468
[ G] L0470                            0470
[ G] L0478                            0478
[ G] L0480                            0480
[ G] L0488                            0488
[ G] L0490                            0490
[ G] L0498                            0498
[ G] L04A0                            04A0
[ G] L04A8                            04A8
[ G] L04B0                            04B0
[ G] L04B8                            04B8
[ G] L04C0                            04C0
[ G] L04C8                            04C8
[ G] L04D0                            04D0
[ G] L04D8                            04D8
[ G] L04E0                            04E0
[ G] L04E8                            04E8
[ G] L04F0                            04F0
[ G] L04F8                            04F8
[ G] L0500                            0500
[ G] L0508                            0508
[ G] L0510                            0510
[ G] L0518                            0518
[ G] L0520                            0520
[ G] L0528                            0528
[ G] L0530                            0530
[ G] L0538                            0538
[ G] L0540                            0540
[ G] L0548                            0548
[ G] L0550                            0550
[ G] L0558                            0558
[ G] L0560                            0560
[ G] L0568                            0568
[SG] NOS9MAJ                          0003
[SG] NOS9MIN                          0000
[SG] NOS9VER                          0003
