                      (mds_6809/demo.asm):00001         
0000 87CD0E7E000D1181 (mds_6809/demo.asm):00002         L0000               fcb       $87,$CD,$0E,$7E,$00,$0D,$11,$81 .M.~....
0008 58001B051C64656D (mds_6809/demo.asm):00003         L0008               fcb       $58,$00,$1B,$05,$1C,$64,$65,$6D X....dem
0010 EF05A6A0A7C0301F (mds_6809/demo.asm):00004         L0010               fcb       $EF,$05,$A6,$A0,$A7,$C0,$30,$1F o.& '@0.
0018 26F839342034404F (mds_6809/demo.asm):00005         L0018               fcb       $26,$F8,$39,$34,$20,$34,$40,$4F &x94 4@O
0020 5FA7C05A26FBAEE4 (mds_6809/demo.asm):00006         L0020               fcb       $5F,$A7,$C0,$5A,$26,$FB,$AE,$E4 _'@Z&..d
0028 33843089019C3410 (mds_6809/demo.asm):00007         L0028               fcb       $33,$84,$30,$89,$01,$9C,$34,$10 3.0...4.
0030 318D0D95AEA12704 (mds_6809/demo.asm):00008         L0030               fcb       $31,$8D,$0D,$95,$AE,$A1,$27,$04 1....!'.
0038 8DD8EE6233C90015 (mds_6809/demo.asm):00009         L0038               fcb       $8D,$D8,$EE,$62,$33,$C9,$00,$15 .Xnb3I..
0040 AEA127038DCC4F11 (mds_6809/demo.asm):00010         L0040               fcb       $AE,$A1,$27,$03,$8D,$CC,$4F,$11 .!'..LO.
0048 A3E42704A7C020F7 (mds_6809/demo.asm):00011         L0048               fcb       $A3,$E4,$27,$04,$A7,$C0,$20,$F7 #d'.'@ w
0050 EE62ECA12707308D (mds_6809/demo.asm):00012         L0050               fcb       $EE,$62,$EC,$A1,$27,$07,$30,$8D nbl!'.0.
0058 FFA6170103ECA127 (mds_6809/demo.asm):00013         L0058               fcb       $FF,$A6,$17,$01,$03,$EC,$A1,$27 .&...l!'
0060 0530C41700FA3264 (mds_6809/demo.asm):00014         L0060               fcb       $05,$30,$C4,$17,$00,$FA,$32,$64 .0D..z2d
0068 3510AFC900EF10AF (mds_6809/demo.asm):00015         L0068               fcb       $35,$10,$AF,$C9,$00,$EF,$10,$AF 5./I.o./
0070 C900AFCC0001EDC9 (mds_6809/demo.asm):00016         L0070               fcb       $C9,$00,$AF,$CC,$00,$01,$ED,$C9 I./L..mI
0078 00EB31C900B130E4 (mds_6809/demo.asm):00017         L0078               fcb       $00,$EB,$31,$C9,$00,$B1,$30,$E4 .k1I.10d
0080 A680E6C900ECC11D (mds_6809/demo.asm):00018         L0080               fcb       $A6,$80,$E6,$C9,$00,$EC,$C1,$1D &.fI.lA.
0088 2754810D27508120 (mds_6809/demo.asm):00019         L0088               fcb       $27,$54,$81,$0D,$27,$50,$81,$20 'T..'P.
0090 2704812C2604A680 (mds_6809/demo.asm):00020         L0090               fcb       $27,$04,$81,$2C,$26,$04,$A6,$80 '..,&.&.
0098 20F0812227048127 (mds_6809/demo.asm):00021         L0098               fcb       $20,$F0,$81,$22,$27,$04,$81,$27 p."'..'
00A0 261EAFA16CC900EC (mds_6809/demo.asm):00022         L00A0               fcb       $26,$1E,$AF,$A1,$6C,$C9,$00,$EC &./!lI.l
00A8 3402A680810D2704 (mds_6809/demo.asm):00023         L00A8               fcb       $34,$02,$A6,$80,$81,$0D,$27,$04 4.&...'.
00B0 A1E426F635046F1F (mds_6809/demo.asm):00024         L00B0               fcb       $A1,$E4,$26,$F6,$35,$04,$6F,$1F !d&v5.o.
00B8 810D2722A68020C2 (mds_6809/demo.asm):00025         L00B8               fcb       $81,$0D,$27,$22,$A6,$80,$20,$C2 ..'"&. B
00C0 301FAFA130016CC9 (mds_6809/demo.asm):00026         L00C0               fcb       $30,$1F,$AF,$A1,$30,$01,$6C,$C9 0./!0.lI
00C8 00EC810D270C8120 (mds_6809/demo.asm):00027         L00C8               fcb       $00,$EC,$81,$0D,$27,$0C,$81,$20 .l..'..
00D0 2708812C2704A680 (mds_6809/demo.asm):00028         L00D0               fcb       $27,$08,$81,$2C,$27,$04,$A6,$80 '..,'.&.
00D8 20F06F1F20A430C9 (mds_6809/demo.asm):00029         L00D8               fcb       $20,$F0,$6F,$1F,$20,$A4,$30,$C9 po. $0I
00E0 00AF3410ECC900EB (mds_6809/demo.asm):00030         L00E0               fcb       $00,$AF,$34,$10,$EC,$C9,$00,$EB ./4.lI.k
00E8 340631C48D0A1700 (mds_6809/demo.asm):00031         L00E8               fcb       $34,$06,$31,$C4,$8D,$0A,$17,$00 4.1D....
00F0 916FE26FE2170CC4 (mds_6809/demo.asm):00032         L00F0               fcb       $91,$6F,$E2,$6F,$E2,$17,$0C,$C4 .obob..D
00F8 30A9019CAFA900F9 (mds_6809/demo.asm):00033         L00F8               fcb       $30,$A9,$01,$9C,$AF,$A9,$00,$F9 0)../).y
0100 10EFA900ED10EFA9 (mds_6809/demo.asm):00034         L0100               fcb       $10,$EF,$A9,$00,$ED,$10,$EF,$A9 .o).m.o)
0108 00FBCCFF8230EBAC (mds_6809/demo.asm):00035         L0108               fcb       $00,$FB,$CC,$FF,$82,$30,$EB,$AC ..L..0k,
0110 A900FB240AACA900 (mds_6809/demo.asm):00036         L0110               fcb       $A9,$00,$FB,$24,$0A,$AC,$A9,$00 )..$.,).
0118 F9251EAFA900FB39 (mds_6809/demo.asm):00037         L0118               fcb       $F9,$25,$1E,$AF,$A9,$00,$FB,$39 y%./)..9
0120 2A2A2A2A20535441 (mds_6809/demo.asm):00038         L0120               fcb       $2A,$2A,$2A,$2A,$20,$53,$54,$41 **** STA
0128 434B204F56455246 (mds_6809/demo.asm):00039         L0128               fcb       $43,$4B,$20,$4F,$56,$45,$52,$46 CK OVERF
0130 4C4F57202A2A2A2A (mds_6809/demo.asm):00040         L0130               fcb       $4C,$4F,$57,$20,$2A,$2A,$2A,$2A LOW ****
0138 0D308CE4C6CF3404 (mds_6809/demo.asm):00041         L0138               fcb       $0D,$30,$8C,$E4,$C6,$CF,$34,$04 .0.dFO4.
0140 8602108E0064103F (mds_6809/demo.asm):00042         L0140               fcb       $86,$02,$10,$8E,$00,$64,$10,$3F .....d.?
0148 8C6FE2170C74ECA9 (mds_6809/demo.asm):00043         L0148               fcb       $8C,$6F,$E2,$17,$0C,$74,$EC,$A9 .ob..tl)
0150 00EDA3A900FB39EC (mds_6809/demo.asm):00044         L0150               fcb       $00,$ED,$A3,$A9,$00,$FB,$39,$EC .m#)..9l
0158 A900FBA3A900F939 (mds_6809/demo.asm):00045         L0158               fcb       $A9,$00,$FB,$A3,$A9,$00,$F9,$39 )..#).y9
0160 341030AB308B3410 (mds_6809/demo.asm):00046         L0160               fcb       $34,$10,$30,$AB,$30,$8B,$34,$10 4.0+0.4.
0168 ECA130CBEC84E362 (mds_6809/demo.asm):00047         L0168               fcb       $EC,$A1,$30,$CB,$EC,$84,$E3,$62 l!0Kl.cb
0170 ED8410ACE426F132 (mds_6809/demo.asm):00048         L0170               fcb       $ED,$84,$10,$AC,$E4,$26,$F1,$32 m..,d&q2
0178 64393440EC64DD13 (mds_6809/demo.asm):00049         L0178               fcb       $64,$39,$34,$40,$EC,$64,$DD,$13 d94@ld].
0180 35C03446CE00004F (mds_6809/demo.asm):00050         L0180               fcb       $35,$C0,$34,$46,$CE,$00,$00,$4F 5@4FN..O
0188 5FEDA900FF1700BB (mds_6809/demo.asm):00051         L0188               fcb       $5F,$ED,$A9,$00,$FF,$17,$00,$BB _m)....;
0190 308DFFE63410170B (mds_6809/demo.asm):00052         L0190               fcb       $30,$8D,$FF,$E6,$34,$10,$17,$0B 0..f4...
0198 F33262EC66108300 (mds_6809/demo.asm):00053         L0198               fcb       $F3,$32,$62,$EC,$66,$10,$83,$00 s2blf...
01A0 012F1DAE68EC0234 (mds_6809/demo.asm):00054         L01A0               fcb       $01,$2F,$1D,$AE,$68,$EC,$02,$34 ./..hl.4
01A8 0617023532621083 (mds_6809/demo.asm):00055         L01A8               fcb       $06,$17,$02,$35,$32,$62,$10,$83 ...52b..
01B0 FFFF2709ADB900FF (mds_6809/demo.asm):00056         L01B0               fcb       $FF,$FF,$27,$09,$AD,$B9,$00,$FF ..'.-9..
01B8 CE00012003CE0000 (mds_6809/demo.asm):00057         L01B8               fcb       $CE,$00,$01,$20,$03,$CE,$00,$00 N.. .N..
01C0 EF7E102600821702 (mds_6809/demo.asm):00058         L01C0               fcb       $EF,$7E,$10,$26,$00,$82,$17,$02 o~.&....
01C8 C016007930A90011 (mds_6809/demo.asm):00059         L01C8               fcb       $C0,$16,$00,$79,$30,$A9,$00,$11 @..y0)..
01D0 3410DC0F34061706 (mds_6809/demo.asm):00060         L01D0               fcb       $34,$10,$DC,$0F,$34,$06,$17,$06 4.\.4...
01D8 BE32641F01204F4F (mds_6809/demo.asm):00061         L01D8               fcb       $BE,$32,$64,$1F,$01,$20,$4F,$4F >2d.. OO
01E0 5F34061701CB3262 (mds_6809/demo.asm):00062         L01E0               fcb       $5F,$34,$06,$17,$01,$CB,$32,$62 _4...K2b
01E8 9E112028DC11C3FF (mds_6809/demo.asm):00063         L01E8               fcb       $9E,$11,$20,$28,$DC,$11,$C3,$FF .. (\.C.
01F0 FF3406CC000A1709 (mds_6809/demo.asm):00064         L01F0               fcb       $FF,$34,$06,$CC,$00,$0A,$17,$09 .4.L....
01F8 2030A90015308BAF (mds_6809/demo.asm):00065         L01F8               fcb       $20,$30,$A9,$00,$15,$30,$8B,$AF 0)..0./
0200 E4EC08EDA900FF20 (mds_6809/demo.asm):00066         L0200               fcb       $E4,$EC,$08,$ED,$A9,$00,$FF,$20 dl.m)..
0208 2F4F5F34061701A1 (mds_6809/demo.asm):00067         L0208               fcb       $2F,$4F,$5F,$34,$06,$17,$01,$A1 /O_4...!
0210 326220248C000127 (mds_6809/demo.asm):00068         L0210               fcb       $32,$62,$20,$24,$8C,$00,$01,$27 2b $...'
0218 D38C00021027FFCC (mds_6809/demo.asm):00069         L0218               fcb       $D3,$8C,$00,$02,$10,$27,$FF,$CC S....'.L
0220 8C00031027FFC58C (mds_6809/demo.asm):00070         L0220               fcb       $8C,$00,$03,$10,$27,$FF,$C5,$8C ....'.E.
0228 000427DD200A8C00 (mds_6809/demo.asm):00071         L0228               fcb       $00,$04,$27,$DD,$20,$0A,$8C,$00 ..'] ...
0230 0227AC8C008027B0 (mds_6809/demo.asm):00072         L0230               fcb       $02,$27,$AC,$8C,$00,$80,$27,$B0 .',...'0
0238 ECA900FF2707ADB9 (mds_6809/demo.asm):00073         L0238               fcb       $EC,$A9,$00,$FF,$27,$07,$AD,$B9 l)..'.-9
0240 00FF16FF87170324 (mds_6809/demo.asm):00074         L0240               fcb       $00,$FF,$16,$FF,$87,$17,$03,$24 .......$
0248 16FF813456CC0001 (mds_6809/demo.asm):00075         L0248               fcb       $16,$FF,$81,$34,$56,$CC,$00,$01 ...4VL..
0250 DD0FCC00013406CC (mds_6809/demo.asm):00076         L0250               fcb       $DD,$0F,$CC,$00,$01,$34,$06,$CC ].L..4.L
0258 00C83406DC0F3406 (mds_6809/demo.asm):00077         L0258               fcb       $00,$C8,$34,$06,$DC,$0F,$34,$06 .H4.\.4.
0260 17070132664F5F34 (mds_6809/demo.asm):00078         L0260               fcb       $17,$07,$01,$32,$66,$4F,$5F,$34 ...2fO_4
0268 064F5F3406DC0F34 (mds_6809/demo.asm):00079         L0268               fcb       $06,$4F,$5F,$34,$06,$DC,$0F,$34 .O_4.\.4
0270 061706E632664F5F (mds_6809/demo.asm):00080         L0270               fcb       $06,$17,$06,$E6,$32,$66,$4F,$5F ...f2fO_
0278 34064F5F3406DC0F (mds_6809/demo.asm):00081         L0278               fcb       $34,$06,$4F,$5F,$34,$06,$DC,$0F 4.O_4.\.
0280 340617072432664F (mds_6809/demo.asm):00082         L0280               fcb       $34,$06,$17,$07,$24,$32,$66,$4F 4...$2fO
0288 5F3406DC0F340617 (mds_6809/demo.asm):00083         L0288               fcb       $5F,$34,$06,$DC,$0F,$34,$06,$17 _4.\.4..
0290 06F732644F5F3406 (mds_6809/demo.asm):00084         L0290               fcb       $06,$F7,$32,$64,$4F,$5F,$34,$06 .w2dO_4.
0298 DC0F34061706EE32 (mds_6809/demo.asm):00085         L0298               fcb       $DC,$0F,$34,$06,$17,$06,$EE,$32 \.4...n2
02A0 64CC00013406DC0F (mds_6809/demo.asm):00086         L02A0               fcb       $64,$CC,$00,$01,$34,$06,$DC,$0F dL..4.\.
02A8 34061706D03264DC (mds_6809/demo.asm):00087         L02A8               fcb       $34,$06,$17,$06,$D0,$32,$64,$DC 4...P2d\
02B0 0F340617074D3262 (mds_6809/demo.asm):00088         L02B0               fcb       $0F,$34,$06,$17,$07,$4D,$32,$62 .4...M2b
02B8 30A901433410DC0F (mds_6809/demo.asm):00089         L02B8               fcb       $30,$A9,$01,$43,$34,$10,$DC,$0F 0).C4.\.
02C0 34064F5F34061709 (mds_6809/demo.asm):00090         L02C0               fcb       $34,$06,$4F,$5F,$34,$06,$17,$09 4.O_4...
02C8 7D326630A9016534 (mds_6809/demo.asm):00091         L02C8               fcb       $7D,$32,$66,$30,$A9,$01,$65,$34 }2f0).e4
02D0 10DC0F34064F5F34 (mds_6809/demo.asm):00092         L02D0               fcb       $10,$DC,$0F,$34,$06,$4F,$5F,$34 .\.4.O_4
02D8 0617096A32664F5F (mds_6809/demo.asm):00093         L02D8               fcb       $06,$17,$09,$6A,$32,$66,$4F,$5F ...j2fO_
02E0 E7A9014A4F5FE7A9 (mds_6809/demo.asm):00094         L02E0               fcb       $E7,$A9,$01,$4A,$4F,$5F,$E7,$A9 g).JO_g)
02E8 014730A901433410 (mds_6809/demo.asm):00095         L02E8               fcb       $01,$47,$30,$A9,$01,$43,$34,$10 .G0).C4.
02F0 DC0F34064F5F3406 (mds_6809/demo.asm):00096         L02F0               fcb       $DC,$0F,$34,$06,$4F,$5F,$34,$06 \.4.O_4.
02F8 1709863266CC0001 (mds_6809/demo.asm):00097         L02F8               fcb       $17,$09,$86,$32,$66,$CC,$00,$01 ...2fL..
0300 E7A9011530A90091 (mds_6809/demo.asm):00098         L0300               fcb       $E7,$A9,$01,$15,$30,$A9,$00,$91 g)..0)..
0308 AFA90121CC0014E7 (mds_6809/demo.asm):00099         L0308               fcb       $AF,$A9,$01,$21,$CC,$00,$14,$E7 /).!L..g
0310 A90116CC000AE7A9 (mds_6809/demo.asm):00100         L0310               fcb       $A9,$01,$16,$CC,$00,$0A,$E7,$A9 )..L..g)
0318 0117CCC0C0EDA901 (mds_6809/demo.asm):00101         L0318               fcb       $01,$17,$CC,$C0,$C0,$ED,$A9,$01 ..L@@m).
0320 18308D04D9341030 (mds_6809/demo.asm):00102         L0320               fcb       $18,$30,$8D,$04,$D9,$34,$10,$30 .0..Y4.0
0328 A901013410170773 (mds_6809/demo.asm):00103         L0328               fcb       $A9,$01,$01,$34,$10,$17,$07,$73 )..4...s
0330 326430E434103064 (mds_6809/demo.asm):00104         L0330               fcb       $32,$64,$30,$E4,$34,$10,$30,$64 2d0d4.0d
0338 3410DC0F34061705 (mds_6809/demo.asm):00105         L0338               fcb       $34,$10,$DC,$0F,$34,$06,$17,$05 4.\.4...
0340 6B326630A9010134 (mds_6809/demo.asm):00106         L0340               fcb       $6B,$32,$66,$30,$A9,$01,$01,$34 k2f0)..4
0348 10CC00013406DC0F (mds_6809/demo.asm):00107         L0348               fcb       $10,$CC,$00,$01,$34,$06,$DC,$0F .L..4.\.
0350 34061705873266ED (mds_6809/demo.asm):00108         L0350               fcb       $34,$06,$17,$05,$87,$32,$66,$ED 4....2fm
0358 7E270AECA900FD34 (mds_6809/demo.asm):00109         L0358               fcb       $7E,$27,$0A,$EC,$A9,$00,$FD,$34 ~'.l)..4
0360 068D4E3262ECE4C3 (mds_6809/demo.asm):00110         L0360               fcb       $06,$8D,$4E,$32,$62,$EC,$E4,$C3 ..N2bldC
0368 FFFF3406EC643406 (mds_6809/demo.asm):00111         L0368               fcb       $FF,$FF,$34,$06,$EC,$64,$34,$06 ..4.ld4.
0370 CC000134064F5F34 (mds_6809/demo.asm):00112         L0370               fcb       $CC,$00,$01,$34,$06,$4F,$5F,$34 L..4.O_4
0378 06DC0F34061705C0 (mds_6809/demo.asm):00113         L0378               fcb       $06,$DC,$0F,$34,$06,$17,$05,$C0 .\.4...@
0380 326ACC00013406CC (mds_6809/demo.asm):00114         L0380               fcb       $32,$6A,$CC,$00,$01,$34,$06,$CC 2jL..4.L
0388 00CA3406DC0F3406 (mds_6809/demo.asm):00115         L0388               fcb       $00,$CA,$34,$06,$DC,$0F,$34,$06 .J4.\.4.
0390 1705CC3266CC0001 (mds_6809/demo.asm):00116         L0390               fcb       $17,$05,$CC,$32,$66,$CC,$00,$01 ..L2fL..
0398 3406CC000A3406CC (mds_6809/demo.asm):00117         L0398               fcb       $34,$06,$CC,$00,$0A,$34,$06,$CC 4.L..4.L
03A0 00033406DC0F3406 (mds_6809/demo.asm):00118         L03A0               fcb       $00,$03,$34,$06,$DC,$0F,$34,$06 ..4.\.4.
03A8 1704A93268326435 (mds_6809/demo.asm):00119         L03A8               fcb       $17,$04,$A9,$32,$68,$32,$64,$35 ..)2h2d5
03B0 C03440EE644F5F34 (mds_6809/demo.asm):00120         L03B0               fcb       $C0,$34,$40,$EE,$64,$4F,$5F,$34 @4@ndO_4
03B8 064F5F3406DC0F34 (mds_6809/demo.asm):00121         L03B8               fcb       $06,$4F,$5F,$34,$06,$DC,$0F,$34 .O_4.\.4
03C0 06170518326630A9 (mds_6809/demo.asm):00122         L03C0               fcb       $06,$17,$05,$18,$32,$66,$30,$A9 ....2f0)
03C8 01653410DC0F3406 (mds_6809/demo.asm):00123         L03C8               fcb       $01,$65,$34,$10,$DC,$0F,$34,$06 .e4.\.4.
03D0 4F5F34061708AA32 (mds_6809/demo.asm):00124         L03D0               fcb       $4F,$5F,$34,$06,$17,$08,$AA,$32 O_4...*2
03D8 6634401709DE1603 (mds_6809/demo.asm):00125         L03D8               fcb       $66,$34,$40,$17,$09,$DE,$16,$03 f4@..^..
03E0 81344630A90015AF (mds_6809/demo.asm):00126         L03E0               fcb       $81,$34,$46,$30,$A9,$00,$15,$AF .4F0)../
03E8 E4EE6620023341E6 (mds_6809/demo.asm):00127         L03E8               fcb       $E4,$EE,$66,$20,$02,$33,$41,$E6 dnf .3Af
03F0 C4C12E2706E6C4C1 (mds_6809/demo.asm):00128         L03F0               fcb       $C4,$C1,$2E,$27,$06,$E6,$C4,$C1 DA.'.fDA
03F8 0D26F24F5FE7C420 (mds_6809/demo.asm):00129         L03F8               fcb       $0D,$26,$F2,$4F,$5F,$E7,$C4,$20 .&rO_gD
0400 25EC663406EC6234 (mds_6809/demo.asm):00130         L0400               fcb       $25,$EC,$66,$34,$06,$EC,$62,$34 %lf4.lb4
0408 061706DC3264ED7E (mds_6809/demo.asm):00131         L0408               fcb       $06,$17,$06,$DC,$32,$64,$ED,$7E ...\2dm~
0410 260DAEE4EC08EDA9 (mds_6809/demo.asm):00132         L0410               fcb       $26,$0D,$AE,$E4,$EC,$08,$ED,$A9 &..dl.m)
0418 00FF4F5F160343EC (mds_6809/demo.asm):00133         L0418               fcb       $00,$FF,$4F,$5F,$16,$03,$43,$EC ..O_..Cl
0420 E4C3000AEDE4ECF4 (mds_6809/demo.asm):00134         L0420               fcb       $E4,$C3,$00,$0A,$ED,$E4,$EC,$F4 dC..mdlt
0428 26D7CCFFFF160332 (mds_6809/demo.asm):00135         L0428               fcb       $26,$D7,$CC,$FF,$FF,$16,$03,$32 &WL....2
0430 3440327FCC000134 (mds_6809/demo.asm):00136         L0430               fcb       $34,$40,$32,$7F,$CC,$00,$01,$34 4@2L..4
0438 06306234104F5F34 (mds_6809/demo.asm):00137         L0438               fcb       $06,$30,$62,$34,$10,$4F,$5F,$34 .0b4.O_4
0440 0617086232663261 (mds_6809/demo.asm):00138         L0440               fcb       $06,$17,$08,$62,$32,$66,$32,$61 ...b2f2a
0448 35C03440DC0F3406 (mds_6809/demo.asm):00139         L0448               fcb       $35,$C0,$34,$40,$DC,$0F,$34,$06 5@4@\.4.
0450 1705D23262CC0001 (mds_6809/demo.asm):00140         L0450               fcb       $17,$05,$D2,$32,$62,$CC,$00,$01 ..R2bL..
0458 3406DC0F34061705 (mds_6809/demo.asm):00141         L0458               fcb       $34,$06,$DC,$0F,$34,$06,$17,$05 4.\.4...
0460 3C32644F5F34064F (mds_6809/demo.asm):00142         L0460               fcb       $3C,$32,$64,$4F,$5F,$34,$06,$4F <2dO_4.O
0468 5F3406DC0F340617 (mds_6809/demo.asm):00143         L0468               fcb       $5F,$34,$06,$DC,$0F,$34,$06,$17 _4.\.4..
0470 056A3266CC00C034 (mds_6809/demo.asm):00144         L0470               fcb       $05,$6A,$32,$66,$CC,$00,$C0,$34 .j2fL.@4
0478 06CC027F3406DC0F (mds_6809/demo.asm):00145         L0478               fcb       $06,$CC,$02,$7F,$34,$06,$DC,$0F .L.4.\.
0480 3406170547326635 (mds_6809/demo.asm):00146         L0480               fcb       $34,$06,$17,$05,$47,$32,$66,$35 4...G2f5
0488 C034403278306434 (mds_6809/demo.asm):00147         L0488               fcb       $C0,$34,$40,$32,$78,$30,$64,$34 @4@2x0d4
0490 1030683410DC0F34 (mds_6809/demo.asm):00148         L0490               fcb       $10,$30,$68,$34,$10,$DC,$0F,$34 .0h4.\.4
0498 06170410326617FF (mds_6809/demo.asm):00149         L0498               fcb       $06,$17,$04,$10,$32,$66,$17,$FF ....2f..
04A0 A9EC66C3FFEE3406 (mds_6809/demo.asm):00150         L04A0               fcb       $A9,$EC,$66,$C3,$FF,$EE,$34,$06 )lfC.n4.
04A8 CC000217071FED62 (mds_6809/demo.asm):00151         L04A8               fcb       $CC,$00,$02,$17,$07,$1F,$ED,$62 L.....mb
04B0 EC64C3FFF83406CC (mds_6809/demo.asm):00152         L04B0               fcb       $EC,$64,$C3,$FF,$F8,$34,$06,$CC ldC.x4.L
04B8 0002170710EDE4CC (mds_6809/demo.asm):00153         L04B8               fcb       $00,$02,$17,$07,$10,$ED,$E4,$CC .....mdL
04C0 00033406CC000234 (mds_6809/demo.asm):00154         L04C0               fcb       $00,$03,$34,$06,$CC,$00,$02,$34 ..4.L..4
04C8 06CC00073406CC00 (mds_6809/demo.asm):00155         L04C8               fcb       $06,$CC,$00,$07,$34,$06,$CC,$00 .L..4.L.
04D0 123406EC683406EC (mds_6809/demo.asm):00156         L04D0               fcb       $12,$34,$06,$EC,$68,$34,$06,$EC .4.lh4.l
04D8 6C34064F5F3406DC (mds_6809/demo.asm):00157         L04D8               fcb       $6C,$34,$06,$4F,$5F,$34,$06,$DC l4.O_4.\
04E0 0F340617041932E8 (mds_6809/demo.asm):00158         L04E0               fcb       $0F,$34,$06,$17,$04,$19,$32,$E8 .4....2h
04E8 104F5F3406CC0004 (mds_6809/demo.asm):00159         L04E8               fcb       $10,$4F,$5F,$34,$06,$CC,$00,$04 .O_4.L..
04F0 3406DC0F34061703 (mds_6809/demo.asm):00160         L04F0               fcb       $34,$06,$DC,$0F,$34,$06,$17,$03 4.\.4...
04F8 E33266CC00103406 (mds_6809/demo.asm):00161         L04F8               fcb       $E3,$32,$66,$CC,$00,$10,$34,$06 c2fL..4.
0500 308D02FF3410DC0F (mds_6809/demo.asm):00162         L0500               fcb       $30,$8D,$02,$FF,$34,$10,$DC,$0F 0...4.\.
0508 34061707CD3266CC (mds_6809/demo.asm):00163         L0508               fcb       $34,$06,$17,$07,$CD,$32,$66,$CC 4...M2fL
0510 000F3406308D02FC (mds_6809/demo.asm):00164         L0510               fcb       $00,$0F,$34,$06,$30,$8D,$02,$FC ..4.0...
0518 3410DC0F34061707 (mds_6809/demo.asm):00165         L0518               fcb       $34,$10,$DC,$0F,$34,$06,$17,$07 4.\.4...
0520 B93266CC000F3406 (mds_6809/demo.asm):00166         L0520               fcb       $B9,$32,$66,$CC,$00,$0F,$34,$06 92fL..4.
0528 308D02F83410DC0F (mds_6809/demo.asm):00167         L0528               fcb       $30,$8D,$02,$F8,$34,$10,$DC,$0F 0..x4.\.
0530 34061707A53266CC (mds_6809/demo.asm):00168         L0530               fcb       $34,$06,$17,$07,$A5,$32,$66,$CC 4...%2fL
0538 00103406308D02F4 (mds_6809/demo.asm):00169         L0538               fcb       $00,$10,$34,$06,$30,$8D,$02,$F4 ..4.0..t
0540 3410DC0F34061707 (mds_6809/demo.asm):00170         L0540               fcb       $34,$10,$DC,$0F,$34,$06,$17,$07 4.\.4...
0548 913266CC000E3406 (mds_6809/demo.asm):00171         L0548               fcb       $91,$32,$66,$CC,$00,$0E,$34,$06 .2fL..4.
0550 308D02F13410DC0F (mds_6809/demo.asm):00172         L0550               fcb       $30,$8D,$02,$F1,$34,$10,$DC,$0F 0..q4.\.
0558 340617076D3266DC (mds_6809/demo.asm):00173         L0558               fcb       $34,$06,$17,$07,$6D,$32,$66,$DC 4...m2f\
0560 0F34061703C93262 (mds_6809/demo.asm):00174         L0560               fcb       $0F,$34,$06,$17,$03,$C9,$32,$62 .4...I2b
0568 326835C034404F5F (mds_6809/demo.asm):00175         L0568               fcb       $32,$68,$35,$C0,$34,$40,$4F,$5F 2h5@4@O_
0570 DD1316007F4F5F34 (mds_6809/demo.asm):00176         L0570               fcb       $DD,$13,$16,$00,$7F,$4F,$5F,$34 ]...O_4
0578 0617080432624F5F (mds_6809/demo.asm):00177         L0578               fcb       $06,$17,$08,$04,$32,$62,$4F,$5F ....2bO_
0580 340617030832629E (mds_6809/demo.asm):00178         L0580               fcb       $34,$06,$17,$03,$08,$32,$62,$9E 4....2b.
0588 13204F4F5F340617 (mds_6809/demo.asm):00179         L0588               fcb       $13,$20,$4F,$4F,$5F,$34,$06,$17 . OO_4..
0590 FE1F326217FE9920 (mds_6809/demo.asm):00180         L0590               fcb       $FE,$1F,$32,$62,$17,$FE,$99,$20 ..2b...
0598 3BECA900A83406DC (mds_6809/demo.asm):00181         L0598               fcb       $3B,$EC,$A9,$00,$A8,$34,$06,$DC ;l).(4.\
05A0 0F34061702C73264 (mds_6809/demo.asm):00182         L05A0               fcb       $0F,$34,$06,$17,$02,$C7,$32,$64 .4...G2d
05A8 AEA900A8E6082608 (mds_6809/demo.asm):00183         L05A8               fcb       $AE,$A9,$00,$A8,$E6,$08,$26,$08 .).(f.&.
05B0 AEA900A8E60A271C (mds_6809/demo.asm):00184         L05B0               fcb       $AE,$A9,$00,$A8,$E6,$0A,$27,$1C .).(f.'.
05B8 E6B900A82716AEA9 (mds_6809/demo.asm):00185         L05B8               fcb       $E6,$B9,$00,$A8,$27,$16,$AE,$A9 f9.('..)
05C0 00A8E68816C10227 (mds_6809/demo.asm):00186         L05C0               fcb       $00,$A8,$E6,$88,$16,$C1,$02,$27 .(f..A.'
05C8 0BAEA900A8E68816 (mds_6809/demo.asm):00187         L05C8               fcb       $0B,$AE,$A9,$00,$A8,$E6,$88,$16 ..).(f..
05D0 C101271C4F5FDD13 (mds_6809/demo.asm):00188         L05D0               fcb       $C1,$01,$27,$1C,$4F,$5F,$DD,$13 A.'.O_].
05D8 20168C000227AC8C (mds_6809/demo.asm):00189         L05D8               fcb       $20,$16,$8C,$00,$02,$27,$AC,$8C ....',.
05E0 00031027FFA58C00 (mds_6809/demo.asm):00190         L05E0               fcb       $00,$03,$10,$27,$FF,$A5,$8C,$00 ...'.%..
05E8 0B27A98C000A27A9 (mds_6809/demo.asm):00191         L05E8               fcb       $0B,$27,$A9,$8C,$00,$0A,$27,$A9 .')...')
05F0 DC13261CCC000A34 (mds_6809/demo.asm):00192         L05F0               fcb       $DC,$13,$26,$1C,$CC,$00,$0A,$34 \.&.L..4
05F8 06DC0F34061702D0 (mds_6809/demo.asm):00193         L05F8               fcb       $06,$DC,$0F,$34,$06,$17,$02,$D0 .\.4...P
0600 3264CC000B34064F (mds_6809/demo.asm):00194         L0600               fcb       $32,$64,$CC,$00,$0B,$34,$06,$4F 2dL..4.O
0608 5F34061702733264 (mds_6809/demo.asm):00195         L0608               fcb       $5F,$34,$06,$17,$02,$73,$32,$64 _4...s2d
0610 DC131027FF5F35C0 (mds_6809/demo.asm):00196         L0610               fcb       $DC,$13,$10,$27,$FF,$5F,$35,$C0 \..'._5@
0618 34404F5F200C3440 (mds_6809/demo.asm):00197         L0618               fcb       $34,$40,$4F,$5F,$20,$0C,$34,$40 4@O_ .4@
0620 CC000120053440CC (mds_6809/demo.asm):00198         L0620               fcb       $CC,$00,$01,$20,$05,$34,$40,$CC L.. .4@L
0628 000234068D031601 (mds_6809/demo.asm):00199         L0628               fcb       $00,$02,$34,$06,$8D,$03,$16,$01 ..4.....
0630 313440EE64327E4F (mds_6809/demo.asm):00200         L0630               fcb       $31,$34,$40,$EE,$64,$32,$7E,$4F 14@nd2~O
0638 5FEDE417FE0CCCFF (mds_6809/demo.asm):00201         L0638               fcb       $5F,$ED,$E4,$17,$FE,$0C,$CC,$FF _md...L.
0640 FFDD0D1601164F5F (mds_6809/demo.asm):00202         L0640               fcb       $FF,$DD,$0D,$16,$01,$16,$4F,$5F .]....O_
0648 DD13CC000A3406CC (mds_6809/demo.asm):00203         L0648               fcb       $DD,$13,$CC,$00,$0A,$34,$06,$CC ].L..4.L
0650 0001340617027932 (mds_6809/demo.asm):00204         L0650               fcb       $00,$01,$34,$06,$17,$02,$79,$32 ..4...y2
0658 64DC0DC30001DD0D (mds_6809/demo.asm):00205         L0658               fcb       $64,$DC,$0D,$C3,$00,$01,$DD,$0D d\.C..].
0660 1083000F2F044F5F (mds_6809/demo.asm):00206         L0660               fcb       $10,$83,$00,$0F,$2F,$04,$4F,$5F ..../.O_
0668 DD0DDC0D3406DC0F (mds_6809/demo.asm):00207         L0668               fcb       $DD,$0D,$DC,$0D,$34,$06,$DC,$0F ].\.4.\.
0670 34061703283264DC (mds_6809/demo.asm):00208         L0670               fcb       $34,$06,$17,$03,$28,$32,$64,$DC 4...(2d\
0678 0D1083000126244F (mds_6809/demo.asm):00209         L0678               fcb       $0D,$10,$83,$00,$01,$26,$24,$4F .....&$O
0680 5F34064F5F3406DC (mds_6809/demo.asm):00210         L0680               fcb       $5F,$34,$06,$4F,$5F,$34,$06,$DC _4.O_4.\
0688 0F340617034E3266 (mds_6809/demo.asm):00211         L0688               fcb       $0F,$34,$06,$17,$03,$4E,$32,$66 .4...N2f
0690 CC00C03406CC027F (mds_6809/demo.asm):00212         L0690               fcb       $CC,$00,$C0,$34,$06,$CC,$02,$7F L.@4.L.
0698 3406DC0F34061703 (mds_6809/demo.asm):00213         L0698               fcb       $34,$06,$DC,$0F,$34,$06,$17,$03 4.\.4...
06A0 2B3266CC01363406 (mds_6809/demo.asm):00214         L06A0               fcb       $2B,$32,$66,$CC,$01,$36,$34,$06 +2fL.64.
06A8 17011832625849C3 (mds_6809/demo.asm):00215         L06A8               fcb       $17,$01,$18,$32,$62,$58,$49,$C3 ...2bXIC
06B0 0002DD01CC027B34 (mds_6809/demo.asm):00216         L06B0               fcb       $00,$02,$DD,$01,$CC,$02,$7B,$34 ..].L.{4
06B8 061701073262C300 (mds_6809/demo.asm):00217         L06B8               fcb       $06,$17,$01,$07,$32,$62,$C3,$00 ....2bC.
06C0 02DD03CC00BD3406 (mds_6809/demo.asm):00218         L06C0               fcb       $02,$DD,$03,$CC,$00,$BD,$34,$06 .].L.=4.
06C8 1700F83262C30001 (mds_6809/demo.asm):00219         L06C8               fcb       $17,$00,$F8,$32,$62,$C3,$00,$01 ..x2bC..
06D0 DD05CC0064340617 (mds_6809/demo.asm):00220         L06D0               fcb       $DD,$05,$CC,$00,$64,$34,$06,$17 ].L.d4..
06D8 00E93262DD0B1183 (mds_6809/demo.asm):00221         L06D8               fcb       $00,$E9,$32,$62,$DD,$0B,$11,$83 .i2b]...
06E0 00022608DC053406 (mds_6809/demo.asm):00222         L06E0               fcb       $00,$02,$26,$08,$DC,$05,$34,$06 ..&.\.4.
06E8 DC012006DC053406 (mds_6809/demo.asm):00223         L06E8               fcb       $DC,$01,$20,$06,$DC,$05,$34,$06 \. .\.4.
06F0 DC033406DC0F3406 (mds_6809/demo.asm):00224         L06F0               fcb       $DC,$03,$34,$06,$DC,$0F,$34,$06 \.4.\.4.
06F8 1702E13266CC027B (mds_6809/demo.asm):00225         L06F8               fcb       $17,$02,$E1,$32,$66,$CC,$02,$7B ..a2fL.{
0700 34061700BE3262C3 (mds_6809/demo.asm):00226         L0700               fcb       $34,$06,$17,$00,$BE,$32,$62,$C3 4...>2bC
0708 0002DD07CC00BD34 (mds_6809/demo.asm):00227         L0708               fcb       $00,$02,$DD,$07,$CC,$00,$BD,$34 ..].L.=4
0710 061700AF3262C300 (mds_6809/demo.asm):00228         L0710               fcb       $06,$17,$00,$AF,$32,$62,$C3,$00 .../2bC.
0718 01DD091183000026 (mds_6809/demo.asm):00229         L0718               fcb       $01,$DD,$09,$11,$83,$00,$00,$26 .].....&
0720 13DC093406DC0734 (mds_6809/demo.asm):00230         L0720               fcb       $13,$DC,$09,$34,$06,$DC,$07,$34 .\.4.\.4
0728 06DC0F340617028C (mds_6809/demo.asm):00231         L0728               fcb       $06,$DC,$0F,$34,$06,$17,$02,$8C .\.4....
0730 3266202411830001 (mds_6809/demo.asm):00232         L0730               fcb       $32,$66,$20,$24,$11,$83,$00,$01 2f $....
0738 2611DC093406DC07 (mds_6809/demo.asm):00233         L0738               fcb       $26,$11,$DC,$09,$34,$06,$DC,$07 &.\.4.\.
0740 3406DC0F34061702 (mds_6809/demo.asm):00234         L0740               fcb       $34,$06,$DC,$0F,$34,$06,$17,$02 4.\.4...
0748 8B20E5DC0B3406DC (mds_6809/demo.asm):00235         L0748               fcb       $8B,$20,$E5,$DC,$0B,$34,$06,$DC . e\.4.\
0750 0F340617030D3264 (mds_6809/demo.asm):00236         L0750               fcb       $0F,$34,$06,$17,$03,$0D,$32,$64 .4....2d
0758 8D0CEDE4ECE41027 (mds_6809/demo.asm):00237         L0758               fcb       $8D,$0C,$ED,$E4,$EC,$E4,$10,$27 ..mdld.'
0760 FEE4326235C03440 (mds_6809/demo.asm):00238         L0760               fcb       $FE,$E4,$32,$62,$35,$C0,$34,$40 .d2b5@4@
0768 DC132753DC131083 (mds_6809/demo.asm):00239         L0768               fcb       $DC,$13,$27,$53,$DC,$13,$10,$83 \.'S\...
0770 00022708DC131083 (mds_6809/demo.asm):00240         L0770               fcb       $00,$02,$27,$08,$DC,$13,$10,$83 ..'.\...
0778 0003260B4F5F3406 (mds_6809/demo.asm):00241         L0778               fcb       $00,$03,$26,$0B,$4F,$5F,$34,$06 ..&.O_4.
0780 17FC2E32622038DC (mds_6809/demo.asm):00242         L0780               fcb       $17,$FC,$2E,$32,$62,$20,$38,$DC ...2b 8\
0788 131083000A2630EC (mds_6809/demo.asm):00243         L0788               fcb       $13,$10,$83,$00,$0A,$26,$30,$EC .....&0l
0790 A900A83406DC0F34 (mds_6809/demo.asm):00244         L0790               fcb       $A9,$00,$A8,$34,$06,$DC,$0F,$34 ).(4.\.4
0798 061700D13264E6B9 (mds_6809/demo.asm):00245         L0798               fcb       $06,$17,$00,$D1,$32,$64,$E6,$B9 ...Q2df9
07A0 00A8271BAEA900A8 (mds_6809/demo.asm):00246         L07A0               fcb       $00,$A8,$27,$1B,$AE,$A9,$00,$A8 .('..).(
07A8 E68816C1022710AE (mds_6809/demo.asm):00247         L07A8               fcb       $E6,$88,$16,$C1,$02,$27,$10,$AE f..A.'..
07B0 A900A8E68816C101 (mds_6809/demo.asm):00248         L07B0               fcb       $A9,$00,$A8,$E6,$88,$16,$C1,$01 ).(f..A.
07B8 2605CC000135C04F (mds_6809/demo.asm):00249         L07B8               fcb       $26,$05,$CC,$00,$01,$35,$C0,$4F &.L..5@O
07C0 5F35C034408D1B1F (mds_6809/demo.asm):00250         L07C0               fcb       $5F,$35,$C0,$34,$40,$8D,$1B,$1F _5@4@...
07C8 03118300002C061F (mds_6809/demo.asm):00251         L07C8               fcb       $03,$11,$83,$00,$00,$2C,$06,$1F .....,..
07D0 3043531F033440EC (mds_6809/demo.asm):00252         L07D0               fcb       $30,$43,$53,$1F,$03,$34,$40,$EC 0CS..4@l
07D8 6617039E1F031F30 (mds_6809/demo.asm):00253         L07D8               fcb       $66,$17,$03,$9E,$1F,$03,$1F,$30 f......0
07E0 35C030A900AAC608 (mds_6809/demo.asm):00254         L07E0               fcb       $35,$C0,$30,$A9,$00,$AA,$C6,$08 5@0).*F.
07E8 A6044646A8044646 (mds_6809/demo.asm):00255         L07E8               fcb       $A6,$04,$46,$46,$A8,$04,$46,$46 &.FF(.FF
07F0 6601660266036604 (mds_6809/demo.asm):00256         L07F0               fcb       $66,$01,$66,$02,$66,$03,$66,$04 f.f.f.f.
07F8 5A26EDEC84394465 (mds_6809/demo.asm):00257         L07F8               fcb       $5A,$26,$ED,$EC,$84,$39,$44,$65 Z&ml.9De
0800 6D6F0020506F696E (mds_6809/demo.asm):00258         L0800               fcb       $6D,$6F,$00,$20,$50,$6F,$69,$6E mo. Poin
0808 7420746F2044454D (mds_6809/demo.asm):00259         L0808               fcb       $74,$20,$74,$6F,$20,$44,$45,$4D t to DEM
0810 4F530D002020206F (mds_6809/demo.asm):00260         L0810               fcb       $4F,$53,$0D,$00,$20,$20,$20,$6F OS..   o
0818 6E204D656E752042 (mds_6809/demo.asm):00261         L0818               fcb       $6E,$20,$4D,$65,$6E,$75,$20,$42 n Menu B
0820 61720D002020636C (mds_6809/demo.asm):00262         L0820               fcb       $61,$72,$0D,$00,$20,$20,$63,$6C ar..  cl
0828 69636B2062757474 (mds_6809/demo.asm):00263         L0828               fcb       $69,$63,$6B,$20,$62,$75,$74,$74 ick butt
0830 6F6E0D0020616E64 (mds_6809/demo.asm):00264         L0830               fcb       $6F,$6E,$0D,$00,$20,$61,$6E,$64 on.. and
0838 2073656C65637420 (mds_6809/demo.asm):00265         L0838               fcb       $20,$73,$65,$6C,$65,$63,$74,$20 select
0840 7468650D00202020 (mds_6809/demo.asm):00266         L0840               fcb       $74,$68,$65,$0D,$00,$20,$20,$20 the..
0848 64656D6F20746F20 (mds_6809/demo.asm):00267         L0848               fcb       $64,$65,$6D,$6F,$20,$74,$6F,$20 demo to
0850 72756E003420A667 (mds_6809/demo.asm):00268         L0850               fcb       $72,$75,$6E,$00,$34,$20,$A6,$67 run.4 &g
0858 E6691F014FE66B1F (mds_6809/demo.asm):00269         L0858               fcb       $E6,$69,$1F,$01,$4F,$E6,$6B,$1F fi..Ofk.
0860 02A665C689103F8E (mds_6809/demo.asm):00270         L0860               fcb       $02,$A6,$65,$C6,$89,$10,$3F,$8E .&eF..?.
0868 352016054AA663C6 (mds_6809/demo.asm):00271         L0868               fcb       $35,$20,$16,$05,$4A,$A6,$63,$C6 5 ..J&cF
0870 89AE643420108E00 (mds_6809/demo.asm):00272         L0870               fcb       $89,$AE,$64,$34,$20,$10,$8E,$00 ..d4 ...
0878 00103F8D35201605 (mds_6809/demo.asm):00273         L0878               fcb       $00,$10,$3F,$8D,$35,$20,$16,$05 ..?.5 ..
0880 36A663C61AAE6410 (mds_6809/demo.asm):00274         L0880               fcb       $36,$A6,$63,$C6,$1A,$AE,$64,$10 6&cF..d.
0888 3F8E16052AA663C6 (mds_6809/demo.asm):00275         L0888               fcb       $3F,$8E,$16,$05,$2A,$A6,$63,$C6 ?...*&cF
0890 1B103F8E160520A6 (mds_6809/demo.asm):00276         L0890               fcb       $1B,$10,$3F,$8E,$16,$05,$20,$A6 ..?... &
0898 63C687103F8D1025 (mds_6809/demo.asm):00277         L0898               fcb       $63,$C6,$87,$10,$3F,$8D,$10,$25 cF..?..%
08A0 050C34021DEDF805 (mds_6809/demo.asm):00278         L08A0               fcb       $05,$0C,$34,$02,$1D,$ED,$F8,$05 ..4..mx.
08A8 35044F39A663C626 (mds_6809/demo.asm):00279         L08A8               fcb       $35,$04,$4F,$39,$A6,$63,$C6,$26 5.O9&cF&
08B0 3430103F8D250BAF (mds_6809/demo.asm):00280         L08B0               fcb       $34,$30,$10,$3F,$8D,$25,$0B,$AF 40.?.%./
08B8 F80810AFF80A4F5F (mds_6809/demo.asm):00281         L08B8               fcb       $F8,$08,$10,$AF,$F8,$0A,$4F,$5F x../x.O_
08C0 200B10AE624FEDA9 (mds_6809/demo.asm):00282         L08C0               fcb       $20,$0B,$10,$AE,$62,$4F,$ED,$A9 ...bOm)
08C8 00FDFCFFFF353039 (mds_6809/demo.asm):00283         L08C8               fcb       $00,$FD,$FC,$FF,$FF,$35,$30,$39 .....509
08D0 A663C68AAE64103F (mds_6809/demo.asm):00284         L08D0               fcb       $A6,$63,$C6,$8A,$AE,$64,$10,$3F &cF..d.?
08D8 8E1604DBA663C686 (mds_6809/demo.asm):00285         L08D8               fcb       $8E,$16,$04,$DB,$A6,$63,$C6,$86 ...[&cF.
08E0 342010AE66AE6810 (mds_6809/demo.asm):00286         L08E0               fcb       $34,$20,$10,$AE,$66,$AE,$68,$10 4 ..f.h.
08E8 3F8E35201604C8CC (mds_6809/demo.asm):00287         L08E8               fcb       $3F,$8E,$35,$20,$16,$04,$C8,$CC ?.5 ..HL
08F0 1B208D14C6096D65 (mds_6809/demo.asm):00288         L08F0               fcb       $1B,$20,$8D,$14,$C6,$09,$6D,$65 . ..F.me
08F8 2F02C60A160175CC (mds_6809/demo.asm):00289         L08F8               fcb       $2F,$02,$C6,$0A,$16,$01,$75,$CC /.F...uL
0900 1B228D04C60920F4 (mds_6809/demo.asm):00290         L0900               fcb       $1B,$22,$8D,$04,$C6,$09,$20,$F4 ."..F. t
0908 30A90187ED81A667 (mds_6809/demo.asm):00291         L0908               fcb       $30,$A9,$01,$87,$ED,$81,$A6,$67 0)..m.&g
0910 E669ED81A66BE66D (mds_6809/demo.asm):00292         L0910               fcb       $E6,$69,$ED,$81,$A6,$6B,$E6,$6D fim.&kfm
0918 ED81A66FE6E811ED (mds_6809/demo.asm):00293         L0918               fcb       $ED,$81,$A6,$6F,$E6,$E8,$11,$ED m.&ofh.m
0920 81A6E813E6E815ED (mds_6809/demo.asm):00294         L0920               fcb       $81,$A6,$E8,$13,$E6,$E8,$15,$ED .&h.fh.m
0928 8439CC1B242008CC (mds_6809/demo.asm):00295         L0928               fcb       $84,$39,$CC,$1B,$24,$20,$08,$CC .9L.$ .L
0930 1B232003CC1B21ED (mds_6809/demo.asm):00296         L0930               fcb       $1B,$23,$20,$03,$CC,$1B,$21,$ED .# .L.!m
0938 A90187C602160134 (mds_6809/demo.asm):00297         L0938               fcb       $A9,$01,$87,$C6,$02,$16,$01,$34 )..F...4
0940 CC1B2530A90187ED (mds_6809/demo.asm):00298         L0940               fcb       $CC,$1B,$25,$30,$A9,$01,$87,$ED L.%0)..m
0948 81A665E667ED81A6 (mds_6809/demo.asm):00299         L0948               fcb       $81,$A6,$65,$E6,$67,$ED,$81,$A6 .&efgm.&
0950 69E66BED84C60616 (mds_6809/demo.asm):00300         L0950               fcb       $69,$E6,$6B,$ED,$84,$C6,$06,$16 ifkm.F..
0958 011ACC1B2E200DCC (mds_6809/demo.asm):00301         L0958               fcb       $01,$1A,$CC,$1B,$2E,$20,$0D,$CC ..L.. .L
0960 1B392008CC1B3A20 (mds_6809/demo.asm):00302         L0960               fcb       $1B,$39,$20,$08,$CC,$1B,$3A,$20 .9 .L.:
0968 03CC1B2A30A90187 (mds_6809/demo.asm):00303         L0968               fcb       $03,$CC,$1B,$2A,$30,$A9,$01,$87 .L.*0)..
0970 ED81A665E667ED84 (mds_6809/demo.asm):00304         L0970               fcb       $ED,$81,$A6,$65,$E6,$67,$ED,$84 m.&efgm.
0978 C6041600F7C63520 (mds_6809/demo.asm):00305         L0978               fcb       $C6,$04,$16,$00,$F7,$C6,$35,$20 F...wF5
0980 2AC6362026C63C20 (mds_6809/demo.asm):00306         L0980               fcb       $2A,$C6,$36,$20,$26,$C6,$3C,$20 *F6 &F<
0988 22C63D201EC63F20 (mds_6809/demo.asm):00307         L0988               fcb       $22,$C6,$3D,$20,$1E,$C6,$3F,$20 "F= .F?
0990 1ACC1B30EDA90187 (mds_6809/demo.asm):00308         L0990               fcb       $1A,$CC,$1B,$30,$ED,$A9,$01,$87 .L.0m)..
0998 C6021600D7C63220 (mds_6809/demo.asm):00309         L0998               fcb       $C6,$02,$16,$00,$D7,$C6,$32,$20 F...WF2
09A0 0AC6332006C63420 (mds_6809/demo.asm):00310         L09A0               fcb       $0A,$C6,$33,$20,$06,$C6,$34,$20 .F3 .F4
09A8 02C62F861BEDA901 (mds_6809/demo.asm):00311         L09A8               fcb       $02,$C6,$2F,$86,$1B,$ED,$A9,$01 .F/..m).
09B0 87E665E7A90189C6 (mds_6809/demo.asm):00312         L09B0               fcb       $87,$E6,$65,$E7,$A9,$01,$89,$C6 .feg)..F
09B8 031600B8C644201E (mds_6809/demo.asm):00313         L09B8               fcb       $03,$16,$00,$B8,$C6,$44,$20,$1E ...8FD .
09C0 C645201AC6462016 (mds_6809/demo.asm):00314         L09C0               fcb       $C6,$45,$20,$1A,$C6,$46,$20,$16 FE .FF .
09C8 C6472012C648200E (mds_6809/demo.asm):00315         L09C8               fcb       $C6,$47,$20,$12,$C6,$48,$20,$0E FG .FH .
09D0 C649200AC64A2006 (mds_6809/demo.asm):00316         L09D0               fcb       $C6,$49,$20,$0A,$C6,$4A,$20,$06 FI .FJ .
09D8 C64B2002C640861B (mds_6809/demo.asm):00317         L09D8               fcb       $C6,$4B,$20,$02,$C6,$40,$86,$1B FK .F@..
09E0 30A90187ED81EC64 (mds_6809/demo.asm):00318         L09E0               fcb       $30,$A9,$01,$87,$ED,$81,$EC,$64 0)..m.ld
09E8 ED81EC66ED84C606 (mds_6809/demo.asm):00319         L09E8               fcb       $ED,$81,$EC,$66,$ED,$84,$C6,$06 m.lfm.F.
09F0 160081C64120E7C6 (mds_6809/demo.asm):00320         L09F0               fcb       $16,$00,$81,$C6,$41,$20,$E7,$C6 ...FA gF
09F8 012030C603202CC6 (mds_6809/demo.asm):00321         L09F8               fcb       $01,$20,$30,$C6,$03,$20,$2C,$C6 . 0F. ,F
0A00 042028CC05202052 (mds_6809/demo.asm):00322         L0A00               fcb       $04,$20,$28,$CC,$05,$20,$20,$52 . (L.  R
0A08 CC0521204DC60620 (mds_6809/demo.asm):00323         L0A08               fcb       $CC,$05,$21,$20,$4D,$C6,$06,$20 L.! MF.
0A10 1AC6072016C60820 (mds_6809/demo.asm):00324         L0A10               fcb       $1A,$C6,$07,$20,$16,$C6,$08,$20 .F. .F.
0A18 12C609200EC60A20 (mds_6809/demo.asm):00325         L0A18               fcb       $12,$C6,$09,$20,$0E,$C6,$0A,$20 .F. .F.
0A20 0AC60B2006C60C20 (mds_6809/demo.asm):00326         L0A20               fcb       $0A,$C6,$0B,$20,$06,$C6,$0C,$20 .F. .F.
0A28 02C60DE7A90187C6 (mds_6809/demo.asm):00327         L0A28               fcb       $02,$C6,$0D,$E7,$A9,$01,$87,$C6 .F.g)..F
0A30 01160040CC1F2020 (mds_6809/demo.asm):00328         L0A30               fcb       $01,$16,$00,$40,$CC,$1F,$20,$20 ...@L.
0A38 21CC1F21201CCC1F (mds_6809/demo.asm):00329         L0A38               fcb       $21,$CC,$1F,$21,$20,$1C,$CC,$1F !L.! .L.
0A40 222017CC1F232012 (mds_6809/demo.asm):00330         L0A40               fcb       $22,$20,$17,$CC,$1F,$23,$20,$12 " .L.# .
0A48 CC1F24200DCC1F25 (mds_6809/demo.asm):00331         L0A48               fcb       $CC,$1F,$24,$20,$0D,$CC,$1F,$25 L.$ .L.%
0A50 2008CC1F302003CC (mds_6809/demo.asm):00332         L0A50               fcb       $20,$08,$CC,$1F,$30,$20,$03,$CC .L.0 .L
0A58 1F31EDA90187C602 (mds_6809/demo.asm):00333         L0A58               fcb       $1F,$31,$ED,$A9,$01,$87,$C6,$02 .1m)..F.
0A60 160011CC1B5030A9 (mds_6809/demo.asm):00334         L0A60               fcb       $16,$00,$11,$CC,$1B,$50,$30,$A9 ...L.P0)
0A68 0187ED81EC64ED84 (mds_6809/demo.asm):00335         L0A68               fcb       $01,$87,$ED,$81,$EC,$64,$ED,$84 ..m.ldm.
0A70 C60420004F30A901 (mds_6809/demo.asm):00336         L0A70               fcb       $C6,$04,$20,$00,$4F,$30,$A9,$01 F. .O0).
0A78 8734201F02A66510 (mds_6809/demo.asm):00337         L0A78               fcb       $87,$34,$20,$1F,$02,$A6,$65,$10 .4 ..&e.
0A80 3F8A352025034F5F (mds_6809/demo.asm):00338         L0A80               fcb       $3F,$8A,$35,$20,$25,$03,$4F,$5F ?.5 %.O_
0A88 394FEDA900FDCCFF (mds_6809/demo.asm):00339         L0A88               fcb       $39,$4F,$ED,$A9,$00,$FD,$CC,$FF 9Om)..L.
0A90 FF393440EE64E6C0 (mds_6809/demo.asm):00340         L0A90               fcb       $FF,$39,$34,$40,$EE,$64,$E6,$C0 .94@ndf@
0A98 26FC1F30A364C3FF (mds_6809/demo.asm):00341         L0A98               fcb       $26,$FC,$1F,$30,$A3,$64,$C3,$FF &..0#dC.
0AA0 FF35C03440EE6632 (mds_6809/demo.asm):00342         L0AA0               fcb       $FF,$35,$C0,$34,$40,$EE,$66,$32 .5@4@nf2
0AA8 7EEC66EDE4E6C0AE (mds_6809/demo.asm):00343         L0AA8               fcb       $7E,$EC,$66,$ED,$E4,$E6,$C0,$AE ~lfmdf@.
0AB0 E43001AFE4E71F26 (mds_6809/demo.asm):00344         L0AB0               fcb       $E4,$30,$01,$AF,$E4,$E7,$1F,$26 d0./dg.&
0AB8 F420273440EE6632 (mds_6809/demo.asm):00345         L0AB8               fcb       $F4,$20,$27,$34,$40,$EE,$66,$32 t '4@nf2
0AC0 7EEC66EDE4AEE430 (mds_6809/demo.asm):00346         L0AC0               fcb       $7E,$EC,$66,$ED,$E4,$AE,$E4,$30 ~lfmd.d0
0AC8 01AFE4E61F26F6EC (mds_6809/demo.asm):00347         L0AC8               fcb       $01,$AF,$E4,$E6,$1F,$26,$F6,$EC ./df.&vl
0AD0 E4C3FFFFEDE4E6C0 (mds_6809/demo.asm):00348         L0AD0               fcb       $E4,$C3,$FF,$FF,$ED,$E4,$E6,$C0 dC..mdf@
0AD8 AEE43001AFE4E71F (mds_6809/demo.asm):00349         L0AD8               fcb       $AE,$E4,$30,$01,$AF,$E4,$E7,$1F .d0./dg.
0AE0 26F4EC66326235C0 (mds_6809/demo.asm):00350         L0AE0               fcb       $26,$F4,$EC,$66,$32,$62,$35,$C0 &tlf2b5@
0AE8 3440EE642010AE66 (mds_6809/demo.asm):00351         L0AE8               fcb       $34,$40,$EE,$64,$20,$10,$AE,$66 4@nd ..f
0AF0 3001AF66E61F2604 (mds_6809/demo.asm):00352         L0AF0               fcb       $30,$01,$AF,$66,$E6,$1F,$26,$04 0./ff.&.
0AF8 4F5F35C03341E6C4 (mds_6809/demo.asm):00353         L0AF8               fcb       $4F,$5F,$35,$C0,$33,$41,$E6,$C4 O_5@3AfD
0B00 1D3406E6F8081D10 (mds_6809/demo.asm):00354         L0B00               fcb       $1D,$34,$06,$E6,$F8,$08,$1D,$10 .4.fx...
0B08 A3E127E2E6F8061D (mds_6809/demo.asm):00355         L0B08               fcb       $A3,$E1,$27,$E2,$E6,$F8,$06,$1D #a'bfx..
0B10 3406E6C41DA3E135 (mds_6809/demo.asm):00356         L0B10               fcb       $34,$06,$E6,$C4,$1D,$A3,$E1,$35 4.fD.#a5
0B18 C04D26126D62260E (mds_6809/demo.asm):00357         L0B18               fcb       $C0,$4D,$26,$12,$6D,$62,$26,$0E @M&.mb&.
0B20 A6633DAEE4AF628E (mds_6809/demo.asm):00358         L0B20               fcb       $A6,$63,$3D,$AE,$E4,$AF,$62,$8E &c=.d/b.
0B28 0000EDE435863406 (mds_6809/demo.asm):00359         L0B28               fcb       $00,$00,$ED,$E4,$35,$86,$34,$06 ..md5.4.
0B30 CC000034063406A6 (mds_6809/demo.asm):00360         L0B30               fcb       $CC,$00,$00,$34,$06,$34,$06,$A6 L..4.4.&
0B38 65E6693DED62A665 (mds_6809/demo.asm):00361         L0B38               fcb       $65,$E6,$69,$3D,$ED,$62,$A6,$65 efi=mb&e
0B40 E6683DE361ED6124 (mds_6809/demo.asm):00362         L0B40               fcb       $E6,$68,$3D,$E3,$61,$ED,$61,$24 fh=cama$
0B48 026CE4A664E6693D (mds_6809/demo.asm):00363         L0B48               fcb       $02,$6C,$E4,$A6,$64,$E6,$69,$3D .ld&dfi=
0B50 E361ED6124026CE4 (mds_6809/demo.asm):00364         L0B50               fcb       $E3,$61,$ED,$61,$24,$02,$6C,$E4 cama$.ld
0B58 A664E6683DE3E4ED (mds_6809/demo.asm):00365         L0B58               fcb       $A6,$64,$E6,$68,$3D,$E3,$E4,$ED &dfh=cdm
0B60 E4AE66AF68AEE4EC (mds_6809/demo.asm):00366         L0B60               fcb       $E4,$AE,$66,$AF,$68,$AE,$E4,$EC d.f/h.dl
0B68 623268396FA90197 (mds_6809/demo.asm):00367         L0B68               fcb       $62,$32,$68,$39,$6F,$A9,$01,$97 b2h9o)..
0B70 308D0040AFA90198 (mds_6809/demo.asm):00368         L0B70               fcb       $30,$8D,$00,$40,$AF,$A9,$01,$98 0..@/)..
0B78 2014308D004FAFA9 (mds_6809/demo.asm):00369         L0B78               fcb       $20,$14,$30,$8D,$00,$4F,$AF,$A9 .0..O/)
0B80 01986FA901976D62 (mds_6809/demo.asm):00370         L0B80               fcb       $01,$98,$6F,$A9,$01,$97,$6D,$62 ..o)..mb
0B88 2A046CA901978300 (mds_6809/demo.asm):00371         L0B88               fcb       $2A,$04,$6C,$A9,$01,$97,$83,$00 *.l)....
0B90 0026063510ECE16E (mds_6809/demo.asm):00372         L0B90               fcb       $00,$26,$06,$35,$10,$EC,$E1,$6E .&.5.lan
0B98 84AE623410ADB901 (mds_6809/demo.asm):00373         L0B98               fcb       $84,$AE,$62,$34,$10,$AD,$B9,$01 ..b4.-9.
0BA0 98ECE4ED621F106D (mds_6809/demo.asm):00374         L0BA0               fcb       $98,$EC,$E4,$ED,$62,$1F,$10,$6D .ldmb..m
0BA8 A901972704405082 (mds_6809/demo.asm):00375         L0BA8               fcb       $A9,$01,$97,$27,$04,$40,$50,$82 )..'.@P.
0BB0 00EDE13983000027 (mds_6809/demo.asm):00376         L0BB0               fcb       $00,$ED,$E1,$39,$83,$00,$00,$27 .ma9...'
0BB8 0A3406327E6FE46F (mds_6809/demo.asm):00377         L0BB8               fcb       $0A,$34,$06,$32,$7E,$6F,$E4,$6F .4.2~odo
0BC0 61202E3506EDE4CC (mds_6809/demo.asm):00378         L0BC0               fcb       $61,$20,$2E,$35,$06,$ED,$E4,$CC a .5.mdL
0BC8 002D16006A830000 (mds_6809/demo.asm):00379         L0BC8               fcb       $00,$2D,$16,$00,$6A,$83,$00,$00 .-..j...
0BD0 27F13406327E6FE4 (mds_6809/demo.asm):00380         L0BD0               fcb       $27,$F1,$34,$06,$32,$7E,$6F,$E4 'q4.2~od
0BD8 6F614D2A08405082 (mds_6809/demo.asm):00381         L0BD8               fcb       $6F,$61,$4D,$2A,$08,$40,$50,$82 oaM*.@P.
0BE0 006C61ED62EC662A (mds_6809/demo.asm):00382         L0BE0               fcb       $00,$6C,$61,$ED,$62,$EC,$66,$2A .lamblf*
0BE8 08405082006361ED (mds_6809/demo.asm):00383         L0BE8               fcb       $08,$40,$50,$82,$00,$63,$61,$ED .@P..cam
0BF0 6686014C68636962 (mds_6809/demo.asm):00384         L0BF0               fcb       $66,$86,$01,$4C,$68,$63,$69,$62 f..Lhcib
0BF8 2AF9A7E4EC666F66 (mds_6809/demo.asm):00385         L0BF8               fcb       $2A,$F9,$A7,$E4,$EC,$66,$6F,$66 *y'dlfof
0C00 6F67A3622406E362 (mds_6809/demo.asm):00386         L0C00               fcb       $6F,$67,$A3,$62,$24,$06,$E3,$62 og#b$.cb
0C08 1CFE20021A016967 (mds_6809/demo.asm):00387         L0C08               fcb       $1C,$FE,$20,$02,$1A,$01,$69,$67 .. ...ig
0C10 6966646266636AE4 (mds_6809/demo.asm):00388         L0C10               fcb       $69,$66,$64,$62,$66,$63,$6A,$E4 ifdbfcjd
0C18 26E8ED626D612708 (mds_6809/demo.asm):00389         L0C18               fcb       $26,$E8,$ED,$62,$6D,$61,$27,$08 &hmbma'.
0C20 EC6640508200ED66 (mds_6809/demo.asm):00390         L0C20               fcb       $EC,$66,$40,$50,$82,$00,$ED,$66 lf@P..mf
0C28 AE64EC66ED64AF66 (mds_6809/demo.asm):00391         L0C28               fcb       $AE,$64,$EC,$66,$ED,$64,$AF,$66 .dlfmd/f
0C30 AE62EC64326639ED (mds_6809/demo.asm):00392         L0C30               fcb       $AE,$62,$EC,$64,$32,$66,$39,$ED .bld2f9m
0C38 A900FD3424103F0C (mds_6809/demo.asm):00393         L0C38               fcb       $A9,$00,$FD,$34,$24,$10,$3F,$0C )..4$.?.
0C40 3524103F0839A665 (mds_6809/demo.asm):00394         L0C40               fcb       $35,$24,$10,$3F,$08,$39,$A6,$65 5$.?.9&e
0C48 E663272DC101272B (mds_6809/demo.asm):00395         L0C48               fcb       $E6,$63,$27,$2D,$C1,$01,$27,$2B fc'-A.'+
0C50 C1062727C1022709 (mds_6809/demo.asm):00396         L0C50               fcb       $C1,$06,$27,$27,$C1,$02,$27,$09 A.''A.'.
0C58 C1052705C6D01601 (mds_6809/demo.asm):00397         L0C58               fcb       $C1,$05,$27,$05,$C6,$D0,$16,$01 A.'.FP..
0C60 4D3440103F8D2405 (mds_6809/demo.asm):00398         L0C60               fcb       $4D,$34,$40,$10,$3F,$8D,$24,$05 M4@.?.$.
0C68 3540160141AFF808 (mds_6809/demo.asm):00399         L0C68               fcb       $35,$40,$16,$01,$41,$AF,$F8,$08 5@..A/x.
0C70 AE68EF0235404F5F (mds_6809/demo.asm):00400         L0C70               fcb       $AE,$68,$EF,$02,$35,$40,$4F,$5F .ho.5@O_
0C78 39AE66103F8D1601 (mds_6809/demo.asm):00401         L0C78               fcb       $39,$AE,$66,$10,$3F,$8D,$16,$01 9.f.?...
0C80 36A665E6632709C1 (mds_6809/demo.asm):00402         L0C80               fcb       $36,$A6,$65,$E6,$63,$27,$09,$C1 6&efc'.A
0C88 02270DC6D016011E (mds_6809/demo.asm):00403         L0C88               fcb       $02,$27,$0D,$C6,$D0,$16,$01,$1E .'.FP...
0C90 AE66103F8E16011F (mds_6809/demo.asm):00404         L0C90               fcb       $AE,$66,$10,$3F,$8E,$16,$01,$1F .f.?....
0C98 3440AE68EE6A103F (mds_6809/demo.asm):00405         L0C98               fcb       $34,$40,$AE,$68,$EE,$6A,$10,$3F 4@.hnj.?
0CA0 8E35401601113420 (mds_6809/demo.asm):00406         L0CA0               fcb       $8E,$35,$40,$16,$01,$11,$34,$20 .5@...4
0CA8 A665AE6610AE6810 (mds_6809/demo.asm):00407         L0CA8               fcb       $A6,$65,$AE,$66,$10,$AE,$68,$10 &e.f..h.
0CB0 3F89200C3420A665 (mds_6809/demo.asm):00408         L0CB0               fcb       $3F,$89,$20,$0C,$34,$20,$A6,$65 ?. .4 &e
0CB8 AE6610AE68103F8B (mds_6809/demo.asm):00409         L0CB8               fcb       $AE,$66,$10,$AE,$68,$10,$3F,$8B .f..h.?.
0CC0 242DC1D326244F5F (mds_6809/demo.asm):00410         L0CC0               fcb       $24,$2D,$C1,$D3,$26,$24,$4F,$5F $-AS&$O_
0CC8 35A0342010AE6827 (mds_6809/demo.asm):00411         L0CC8               fcb       $35,$A0,$34,$20,$10,$AE,$68,$27 5 4 ..h'
0CD0 1EA665AE66103F8A (mds_6809/demo.asm):00412         L0CD0               fcb       $1E,$A6,$65,$AE,$66,$10,$3F,$8A .&e.f.?.
0CD8 200E342010AE6827 (mds_6809/demo.asm):00413         L0CD8               fcb       $20,$0E,$34,$20,$10,$AE,$68,$27 .4 ..h'
0CE0 0EA665AE66103F8C (mds_6809/demo.asm):00414         L0CE0               fcb       $0E,$A6,$65,$AE,$66,$10,$3F,$8C .&e.f.?.
0CE8 240535201600BF1F (mds_6809/demo.asm):00415         L0CE8               fcb       $24,$05,$35,$20,$16,$00,$BF,$1F $.5 ..?.
0CF0 2035A03440EC6A26 (mds_6809/demo.asm):00416         L0CF0               fcb       $20,$35,$A0,$34,$40,$EC,$6A,$26 5 4@lj&
0CF8 08CE00008E000020 (mds_6809/demo.asm):00417         L0CF8               fcb       $08,$CE,$00,$00,$8E,$00,$00,$20 .N.....
0D00 3410830001272510 (mds_6809/demo.asm):00418         L0D00               fcb       $34,$10,$83,$00,$01,$27,$25,$10 4....'%.
0D08 8300022714C6F74F (mds_6809/demo.asm):00419         L0D08               fcb       $83,$00,$02,$27,$14,$C6,$F7,$4F ...'.FwO
0D10 EDA900FDCCFFFF30 (mds_6809/demo.asm):00420         L0D10               fcb       $ED,$A9,$00,$FD,$CC,$FF,$FF,$30 m)..L..0
0D18 A900F1ED84ED0235 (mds_6809/demo.asm):00421         L0D18               fcb       $A9,$00,$F1,$ED,$84,$ED,$02,$35 ).qm.m.5
0D20 C0A665C602103F8D (mds_6809/demo.asm):00422         L0D20               fcb       $C0,$A6,$65,$C6,$02,$10,$3F,$8D @&eF..?.
0D28 25E52009A665C605 (mds_6809/demo.asm):00423         L0D28               fcb       $25,$E5,$20,$09,$A6,$65,$C6,$05 %e .&eF.
0D30 103F8D25DA1F30E3 (mds_6809/demo.asm):00424         L0D30               fcb       $10,$3F,$8D,$25,$DA,$1F,$30,$E3 .?.%Z.0c
0D38 68EDA900F31F031F (mds_6809/demo.asm):00425         L0D38               fcb       $68,$ED,$A9,$00,$F3,$1F,$03,$1F hm).s...
0D40 10E967A9662BC81F (mds_6809/demo.asm):00426         L0D40               fcb       $10,$E9,$67,$A9,$66,$2B,$C8,$1F .ig)f+H.
0D48 01EDA900F1A66510 (mds_6809/demo.asm):00427         L0D48               fcb       $01,$ED,$A9,$00,$F1,$A6,$65,$10 .m).q&e.
0D50 3F8825BB30A900F1 (mds_6809/demo.asm):00428         L0D50               fcb       $3F,$88,$25,$BB,$30,$A9,$00,$F1 ?.%;0).q
0D58 35C0398E00005F10 (mds_6809/demo.asm):00429         L0D58               fcb       $35,$C0,$39,$8E,$00,$00,$5F,$10 5@9..._.
0D60 3F0A160049393460 (mds_6809/demo.asm):00430         L0D60               fcb       $3F,$0A,$16,$00,$49,$39,$34,$60 ?...I94`
0D68 AE6610AE68EE6A10 (mds_6809/demo.asm):00431         L0D68               fcb       $AE,$66,$10,$AE,$68,$EE,$6A,$10 .f..hnj.
0D70 3F1735E0A663E665 (mds_6809/demo.asm):00432         L0D70               fcb       $3F,$17,$35,$E0,$A6,$63,$E6,$65 ?.5`&cfe
0D78 103F0F1025002F39 (mds_6809/demo.asm):00433         L0D78               fcb       $10,$3F,$0F,$10,$25,$00,$2F,$39 .?..%./9
0D80 AE62103F0A102500 (mds_6809/demo.asm):00434         L0D80               fcb       $AE,$62,$10,$3F,$0A,$10,$25,$00 .b.?..%.
0D88 251F103934401F23 (mds_6809/demo.asm):00435         L0D88               fcb       $25,$1F,$10,$39,$34,$40,$1F,$23 %..94@.#
0D90 AE64AFA9019A308D (mds_6809/demo.asm):00436         L0D90               fcb       $AE,$64,$AF,$A9,$01,$9A,$30,$8D .d/)..0.
0D98 0008103F09354016 (mds_6809/demo.asm):00437         L0D98               fcb       $00,$08,$10,$3F,$09,$35,$40,$16 ...?.5@.
0DA0 00151F324F3406AD (mds_6809/demo.asm):00438         L0DA0               fcb       $00,$15,$1F,$32,$4F,$34,$06,$AD ...2O4.-
0DA8 B9019A32623B4FED (mds_6809/demo.asm):00439         L0DA8               fcb       $B9,$01,$9A,$32,$62,$3B,$4F,$ED 9..2b;Om
0DB0 A900FDCCFFFF3925 (mds_6809/demo.asm):00440         L0DB0               fcb       $A9,$00,$FD,$CC,$FF,$FF,$39,$25 )..L..9%
0DB8 F54F5F3917000817 (mds_6809/demo.asm):00441         L0DB8               fcb       $F5,$4F,$5F,$39,$17,$00,$08,$17 uO_9....
0DC0 0006EC62103F0639 (mds_6809/demo.asm):00442         L0DC0               fcb       $00,$06,$EC,$62,$10,$3F,$06,$39 ..lb.?.9
0DC8 39000100009A6369 (mds_6809/demo.asm):00443         L0DC8               fcb       $39,$00,$01,$00,$00,$9A,$63,$69 9.....ci
0DD0 72636C6573000625 (mds_6809/demo.asm):00444         L0DD0               fcb       $72,$63,$6C,$65,$73,$00,$06,$25 rcles..%
0DD8 6C696E6573000000 (mds_6809/demo.asm):00445         L0DD8               fcb       $6C,$69,$6E,$65,$73,$00,$00,$00 lines...
0DE0 0618626172730000 (mds_6809/demo.asm):00446         L0DE0               fcb       $06,$18,$62,$61,$72,$73,$00,$00 ..bars..
0DE8 0000061E00000000 (mds_6809/demo.asm):00447         L0DE8               fcb       $00,$00,$06,$1E,$00,$00,$00,$00 ........
0DF0 0000000000004369 (mds_6809/demo.asm):00448         L0DF0               fcb       $00,$00,$00,$00,$00,$00,$43,$69 ......Ci
0DF8 72636C6573000000 (mds_6809/demo.asm):00449         L0DF8               fcb       $72,$63,$6C,$65,$73,$00,$00,$00 rcles...
0E00 0000000000010000 (mds_6809/demo.asm):00450         L0E00               fcb       $00,$00,$00,$00,$00,$01,$00,$00 ........
0E08 0000004C696E6573 (mds_6809/demo.asm):00451         L0E08               fcb       $00,$00,$00,$4C,$69,$6E,$65,$73 ...Lines
0E10 0000000000000000 (mds_6809/demo.asm):00452         L0E10               fcb       $00,$00,$00,$00,$00,$00,$00,$00 ........
0E18 0000010000000000 (mds_6809/demo.asm):00453         L0E18               fcb       $00,$00,$01,$00,$00,$00,$00,$00 ........
0E20 4261727300000000 (mds_6809/demo.asm):00454         L0E20               fcb       $42,$61,$72,$73,$00,$00,$00,$00 Bars....
0E28 0000000000000001 (mds_6809/demo.asm):00455         L0E28               fcb       $00,$00,$00,$00,$00,$00,$00,$01 ........
0E30 0000000000517569 (mds_6809/demo.asm):00456         L0E30               fcb       $00,$00,$00,$00,$00,$51,$75,$69 .....Qui
0E38 7400000000000000 (mds_6809/demo.asm):00457         L0E38               fcb       $74,$00,$00,$00,$00,$00,$00,$00 t.......
0E40 0000000001000000 (mds_6809/demo.asm):00458         L0E40               fcb       $00,$00,$00,$00,$01,$00,$00,$00 ........
0E48 000044656D6F7300 (mds_6809/demo.asm):00459         L0E48               fcb       $00,$00,$44,$65,$6D,$6F,$73,$00 ..Demos.
0E50 0000000000000000 (mds_6809/demo.asm):00460         L0E50               fcb       $00,$00,$00,$00,$00,$00,$00,$00 ........
0E58 00800A0401000000 (mds_6809/demo.asm):00461         L0E58               fcb       $00,$80,$0A,$04,$01,$00,$00,$00 ........
0E60 3D01235452415348 (mds_6809/demo.asm):00462         L0E60               fcb       $3D,$01,$23,$54,$52,$41,$53,$48 =.#TRASH
0E68 000300310027001D (mds_6809/demo.asm):00463         L0E68               fcb       $00,$03,$00,$31,$00,$27,$00,$1D ...1.'..
0E70 000200A800A66465 (mds_6809/demo.asm):00464         L0E70               fcb       $00,$02,$00,$A8,$00,$A6,$64,$65 ...(.&de
0E78 6D6F0015FC08     (mds_6809/demo.asm):00465         L0E78               fcb       $6D,$6F,$00,$15,$FC,$08 mo....

Symbol Table:
[ G] L0000                            0000
[ G] L0008                            0008
[ G] L0010                            0010
[ G] L0018                            0018
[ G] L0020                            0020
[ G] L0028                            0028
[ G] L0030                            0030
[ G] L0038                            0038
[ G] L0040                            0040
[ G] L0048                            0048
[ G] L0050                            0050
[ G] L0058                            0058
[ G] L0060                            0060
[ G] L0068                            0068
[ G] L0070                            0070
[ G] L0078                            0078
[ G] L0080                            0080
[ G] L0088                            0088
[ G] L0090                            0090
[ G] L0098                            0098
[ G] L00A0                            00A0
[ G] L00A8                            00A8
[ G] L00B0                            00B0
[ G] L00B8                            00B8
[ G] L00C0                            00C0
[ G] L00C8                            00C8
[ G] L00D0                            00D0
[ G] L00D8                            00D8
[ G] L00E0                            00E0
[ G] L00E8                            00E8
[ G] L00F0                            00F0
[ G] L00F8                            00F8
[ G] L0100                            0100
[ G] L0108                            0108
[ G] L0110                            0110
[ G] L0118                            0118
[ G] L0120                            0120
[ G] L0128                            0128
[ G] L0130                            0130
[ G] L0138                            0138
[ G] L0140                            0140
[ G] L0148                            0148
[ G] L0150                            0150
[ G] L0158                            0158
[ G] L0160                            0160
[ G] L0168                            0168
[ G] L0170                            0170
[ G] L0178                            0178
[ G] L0180                            0180
[ G] L0188                            0188
[ G] L0190                            0190
[ G] L0198                            0198
[ G] L01A0                            01A0
[ G] L01A8                            01A8
[ G] L01B0                            01B0
[ G] L01B8                            01B8
[ G] L01C0                            01C0
[ G] L01C8                            01C8
[ G] L01D0                            01D0
[ G] L01D8                            01D8
[ G] L01E0                            01E0
[ G] L01E8                            01E8
[ G] L01F0                            01F0
[ G] L01F8                            01F8
[ G] L0200                            0200
[ G] L0208                            0208
[ G] L0210                            0210
[ G] L0218                            0218
[ G] L0220                            0220
[ G] L0228                            0228
[ G] L0230                            0230
[ G] L0238                            0238
[ G] L0240                            0240
[ G] L0248                            0248
[ G] L0250                            0250
[ G] L0258                            0258
[ G] L0260                            0260
[ G] L0268                            0268
[ G] L0270                            0270
[ G] L0278                            0278
[ G] L0280                            0280
[ G] L0288                            0288
[ G] L0290                            0290
[ G] L0298                            0298
[ G] L02A0                            02A0
[ G] L02A8                            02A8
[ G] L02B0                            02B0
[ G] L02B8                            02B8
[ G] L02C0                            02C0
[ G] L02C8                            02C8
[ G] L02D0                            02D0
[ G] L02D8                            02D8
[ G] L02E0                            02E0
[ G] L02E8                            02E8
[ G] L02F0                            02F0
[ G] L02F8                            02F8
[ G] L0300                            0300
[ G] L0308                            0308
[ G] L0310                            0310
[ G] L0318                            0318
[ G] L0320                            0320
[ G] L0328                            0328
[ G] L0330                            0330
[ G] L0338                            0338
[ G] L0340                            0340
[ G] L0348                            0348
[ G] L0350                            0350
[ G] L0358                            0358
[ G] L0360                            0360
[ G] L0368                            0368
[ G] L0370                            0370
[ G] L0378                            0378
[ G] L0380                            0380
[ G] L0388                            0388
[ G] L0390                            0390
[ G] L0398                            0398
[ G] L03A0                            03A0
[ G] L03A8                            03A8
[ G] L03B0                            03B0
[ G] L03B8                            03B8
[ G] L03C0                            03C0
[ G] L03C8                            03C8
[ G] L03D0                            03D0
[ G] L03D8                            03D8
[ G] L03E0                            03E0
[ G] L03E8                            03E8
[ G] L03F0                            03F0
[ G] L03F8                            03F8
[ G] L0400                            0400
[ G] L0408                            0408
[ G] L0410                            0410
[ G] L0418                            0418
[ G] L0420                            0420
[ G] L0428                            0428
[ G] L0430                            0430
[ G] L0438                            0438
[ G] L0440                            0440
[ G] L0448                            0448
[ G] L0450                            0450
[ G] L0458                            0458
[ G] L0460                            0460
[ G] L0468                            0468
[ G] L0470                            0470
[ G] L0478                            0478
[ G] L0480                            0480
[ G] L0488                            0488
[ G] L0490                            0490
[ G] L0498                            0498
[ G] L04A0                            04A0
[ G] L04A8                            04A8
[ G] L04B0                            04B0
[ G] L04B8                            04B8
[ G] L04C0                            04C0
[ G] L04C8                            04C8
[ G] L04D0                            04D0
[ G] L04D8                            04D8
[ G] L04E0                            04E0
[ G] L04E8                            04E8
[ G] L04F0                            04F0
[ G] L04F8                            04F8
[ G] L0500                            0500
[ G] L0508                            0508
[ G] L0510                            0510
[ G] L0518                            0518
[ G] L0520                            0520
[ G] L0528                            0528
[ G] L0530                            0530
[ G] L0538                            0538
[ G] L0540                            0540
[ G] L0548                            0548
[ G] L0550                            0550
[ G] L0558                            0558
[ G] L0560                            0560
[ G] L0568                            0568
[ G] L0570                            0570
[ G] L0578                            0578
[ G] L0580                            0580
[ G] L0588                            0588
[ G] L0590                            0590
[ G] L0598                            0598
[ G] L05A0                            05A0
[ G] L05A8                            05A8
[ G] L05B0                            05B0
[ G] L05B8                            05B8
[ G] L05C0                            05C0
[ G] L05C8                            05C8
[ G] L05D0                            05D0
[ G] L05D8                            05D8
[ G] L05E0                            05E0
[ G] L05E8                            05E8
[ G] L05F0                            05F0
[ G] L05F8                            05F8
[ G] L0600                            0600
[ G] L0608                            0608
[ G] L0610                            0610
[ G] L0618                            0618
[ G] L0620                            0620
[ G] L0628                            0628
[ G] L0630                            0630
[ G] L0638                            0638
[ G] L0640                            0640
[ G] L0648                            0648
[ G] L0650                            0650
[ G] L0658                            0658
[ G] L0660                            0660
[ G] L0668                            0668
[ G] L0670                            0670
[ G] L0678                            0678
[ G] L0680                            0680
[ G] L0688                            0688
[ G] L0690                            0690
[ G] L0698                            0698
[ G] L06A0                            06A0
[ G] L06A8                            06A8
[ G] L06B0                            06B0
[ G] L06B8                            06B8
[ G] L06C0                            06C0
[ G] L06C8                            06C8
[ G] L06D0                            06D0
[ G] L06D8                            06D8
[ G] L06E0                            06E0
[ G] L06E8                            06E8
[ G] L06F0                            06F0
[ G] L06F8                            06F8
[ G] L0700                            0700
[ G] L0708                            0708
[ G] L0710                            0710
[ G] L0718                            0718
[ G] L0720                            0720
[ G] L0728                            0728
[ G] L0730                            0730
[ G] L0738                            0738
[ G] L0740                            0740
[ G] L0748                            0748
[ G] L0750                            0750
[ G] L0758                            0758
[ G] L0760                            0760
[ G] L0768                            0768
[ G] L0770                            0770
[ G] L0778                            0778
[ G] L0780                            0780
[ G] L0788                            0788
[ G] L0790                            0790
[ G] L0798                            0798
[ G] L07A0                            07A0
[ G] L07A8                            07A8
[ G] L07B0                            07B0
[ G] L07B8                            07B8
[ G] L07C0                            07C0
[ G] L07C8                            07C8
[ G] L07D0                            07D0
[ G] L07D8                            07D8
[ G] L07E0                            07E0
[ G] L07E8                            07E8
[ G] L07F0                            07F0
[ G] L07F8                            07F8
[ G] L0800                            0800
[ G] L0808                            0808
[ G] L0810                            0810
[ G] L0818                            0818
[ G] L0820                            0820
[ G] L0828                            0828
[ G] L0830                            0830
[ G] L0838                            0838
[ G] L0840                            0840
[ G] L0848                            0848
[ G] L0850                            0850
[ G] L0858                            0858
[ G] L0860                            0860
[ G] L0868                            0868
[ G] L0870                            0870
[ G] L0878                            0878
[ G] L0880                            0880
[ G] L0888                            0888
[ G] L0890                            0890
[ G] L0898                            0898
[ G] L08A0                            08A0
[ G] L08A8                            08A8
[ G] L08B0                            08B0
[ G] L08B8                            08B8
[ G] L08C0                            08C0
[ G] L08C8                            08C8
[ G] L08D0                            08D0
[ G] L08D8                            08D8
[ G] L08E0                            08E0
[ G] L08E8                            08E8
[ G] L08F0                            08F0
[ G] L08F8                            08F8
[ G] L0900                            0900
[ G] L0908                            0908
[ G] L0910                            0910
[ G] L0918                            0918
[ G] L0920                            0920
[ G] L0928                            0928
[ G] L0930                            0930
[ G] L0938                            0938
[ G] L0940                            0940
[ G] L0948                            0948
[ G] L0950                            0950
[ G] L0958                            0958
[ G] L0960                            0960
[ G] L0968                            0968
[ G] L0970                            0970
[ G] L0978                            0978
[ G] L0980                            0980
[ G] L0988                            0988
[ G] L0990                            0990
[ G] L0998                            0998
[ G] L09A0                            09A0
[ G] L09A8                            09A8
[ G] L09B0                            09B0
[ G] L09B8                            09B8
[ G] L09C0                            09C0
[ G] L09C8                            09C8
[ G] L09D0                            09D0
[ G] L09D8                            09D8
[ G] L09E0                            09E0
[ G] L09E8                            09E8
[ G] L09F0                            09F0
[ G] L09F8                            09F8
[ G] L0A00                            0A00
[ G] L0A08                            0A08
[ G] L0A10                            0A10
[ G] L0A18                            0A18
[ G] L0A20                            0A20
[ G] L0A28                            0A28
[ G] L0A30                            0A30
[ G] L0A38                            0A38
[ G] L0A40                            0A40
[ G] L0A48                            0A48
[ G] L0A50                            0A50
[ G] L0A58                            0A58
[ G] L0A60                            0A60
[ G] L0A68                            0A68
[ G] L0A70                            0A70
[ G] L0A78                            0A78
[ G] L0A80                            0A80
[ G] L0A88                            0A88
[ G] L0A90                            0A90
[ G] L0A98                            0A98
[ G] L0AA0                            0AA0
[ G] L0AA8                            0AA8
[ G] L0AB0                            0AB0
[ G] L0AB8                            0AB8
[ G] L0AC0                            0AC0
[ G] L0AC8                            0AC8
[ G] L0AD0                            0AD0
[ G] L0AD8                            0AD8
[ G] L0AE0                            0AE0
[ G] L0AE8                            0AE8
[ G] L0AF0                            0AF0
[ G] L0AF8                            0AF8
[ G] L0B00                            0B00
[ G] L0B08                            0B08
[ G] L0B10                            0B10
[ G] L0B18                            0B18
[ G] L0B20                            0B20
[ G] L0B28                            0B28
[ G] L0B30                            0B30
[ G] L0B38                            0B38
[ G] L0B40                            0B40
[ G] L0B48                            0B48
[ G] L0B50                            0B50
[ G] L0B58                            0B58
[ G] L0B60                            0B60
[ G] L0B68                            0B68
[ G] L0B70                            0B70
[ G] L0B78                            0B78
[ G] L0B80                            0B80
[ G] L0B88                            0B88
[ G] L0B90                            0B90
[ G] L0B98                            0B98
[ G] L0BA0                            0BA0
[ G] L0BA8                            0BA8
[ G] L0BB0                            0BB0
[ G] L0BB8                            0BB8
[ G] L0BC0                            0BC0
[ G] L0BC8                            0BC8
[ G] L0BD0                            0BD0
[ G] L0BD8                            0BD8
[ G] L0BE0                            0BE0
[ G] L0BE8                            0BE8
[ G] L0BF0                            0BF0
[ G] L0BF8                            0BF8
[ G] L0C00                            0C00
[ G] L0C08                            0C08
[ G] L0C10                            0C10
[ G] L0C18                            0C18
[ G] L0C20                            0C20
[ G] L0C28                            0C28
[ G] L0C30                            0C30
[ G] L0C38                            0C38
[ G] L0C40                            0C40
[ G] L0C48                            0C48
[ G] L0C50                            0C50
[ G] L0C58                            0C58
[ G] L0C60                            0C60
[ G] L0C68                            0C68
[ G] L0C70                            0C70
[ G] L0C78                            0C78
[ G] L0C80                            0C80
[ G] L0C88                            0C88
[ G] L0C90                            0C90
[ G] L0C98                            0C98
[ G] L0CA0                            0CA0
[ G] L0CA8                            0CA8
[ G] L0CB0                            0CB0
[ G] L0CB8                            0CB8
[ G] L0CC0                            0CC0
[ G] L0CC8                            0CC8
[ G] L0CD0                            0CD0
[ G] L0CD8                            0CD8
[ G] L0CE0                            0CE0
[ G] L0CE8                            0CE8
[ G] L0CF0                            0CF0
[ G] L0CF8                            0CF8
[ G] L0D00                            0D00
[ G] L0D08                            0D08
[ G] L0D10                            0D10
[ G] L0D18                            0D18
[ G] L0D20                            0D20
[ G] L0D28                            0D28
[ G] L0D30                            0D30
[ G] L0D38                            0D38
[ G] L0D40                            0D40
[ G] L0D48                            0D48
[ G] L0D50                            0D50
[ G] L0D58                            0D58
[ G] L0D60                            0D60
[ G] L0D68                            0D68
[ G] L0D70                            0D70
[ G] L0D78                            0D78
[ G] L0D80                            0D80
[ G] L0D88                            0D88
[ G] L0D90                            0D90
[ G] L0D98                            0D98
[ G] L0DA0                            0DA0
[ G] L0DA8                            0DA8
[ G] L0DB0                            0DB0
[ G] L0DB8                            0DB8
[ G] L0DC0                            0DC0
[ G] L0DC8                            0DC8
[ G] L0DD0                            0DD0
[ G] L0DD8                            0DD8
[ G] L0DE0                            0DE0
[ G] L0DE8                            0DE8
[ G] L0DF0                            0DF0
[ G] L0DF8                            0DF8
[ G] L0E00                            0E00
[ G] L0E08                            0E08
[ G] L0E10                            0E10
[ G] L0E18                            0E18
[ G] L0E20                            0E20
[ G] L0E28                            0E28
[ G] L0E30                            0E30
[ G] L0E38                            0E38
[ G] L0E40                            0E40
[ G] L0E48                            0E48
[ G] L0E50                            0E50
[ G] L0E58                            0E58
[ G] L0E60                            0E60
[ G] L0E68                            0E68
[ G] L0E70                            0E70
[ G] L0E78                            0E78
[SG] NOS9MAJ                          0003
[SG] NOS9MIN                          0000
[SG] NOS9VER                          0003
