                      (      div16x16.as):00001                             section   .bss
0000                  (      div16x16.as):00002         negcount            rmb       1
                      (      div16x16.as):00003                             endsect
                      (      div16x16.as):00004         
                      (      div16x16.as):00005                             section   .text
                      (      div16x16.as):00006         
                      (      div16x16.as):00007         ;;; SDIV16
                      (      div16x16.as):00008         ;;;
                      (      div16x16.as):00009         ;;; Signed 16x16 division.
                      (      div16x16.as):00010         ;;;
                      (      div16x16.as):00011         ;;; Entry:  D = The divisor.
                      (      div16x16.as):00012         ;;;         X = The dividend.
                      (      div16x16.as):00013         ;;;
                      (      div16x16.as):00014         ;;; Exit:   X = The remainder.
                      (      div16x16.as):00015         ;;;         D = The quotient.
                      (      div16x16.as):00016         
0000 6FC90000         (      div16x16.as):00017         SDIV16:             clr       negcount,u
0004 3416             (      div16x16.as):00018                             pshs      D,X
0006 6DE4             (      div16x16.as):00019                             tst       ,s
0008 2A0D             (      div16x16.as):00020                             bpl       testquo
000A ECE4             (      div16x16.as):00021                             ldd       ,s
000C 53               (      div16x16.as):00022                             comb
000D 43               (      div16x16.as):00023                             coma
000E C30001           (      div16x16.as):00024                             addd      #$0001
0011 EDE4             (      div16x16.as):00025                             std       ,s
0013 6CC90000         (      div16x16.as):00026                             inc       negcount,u
0017 6D62             (      div16x16.as):00027         testquo             tst       2,s
0019 2A0D             (      div16x16.as):00028                             bpl       ok
001B EC62             (      div16x16.as):00029                             ldd       2,s
001D 53               (      div16x16.as):00030                             comb
001E 43               (      div16x16.as):00031                             coma
001F C30001           (      div16x16.as):00032                             addd      #$0001
0022 ED62             (      div16x16.as):00033                             std       2,s
0024 6CC90000         (      div16x16.as):00034                             inc       negcount,u
0028 3516             (      div16x16.as):00035         ok                  puls      d,x
002A 8D1D             (      div16x16.as):00036                             bsr       DIV16
002C 6AC90000         (      div16x16.as):00037                             dec       negcount,u
0030 2616             (      div16x16.as):00038                             bne       goforit
0032 3416             (      div16x16.as):00039                             pshs      d,x
0034 ECE4             (      div16x16.as):00040                             ldd       ,s
0036 43               (      div16x16.as):00041                             coma
0037 53               (      div16x16.as):00042                             comb
0038 C30001           (      div16x16.as):00043                             addd      #$0001
003B EDE4             (      div16x16.as):00044                             std       ,s
003D EC62             (      div16x16.as):00045                             ldd       2,s
003F 43               (      div16x16.as):00046                             coma
0040 53               (      div16x16.as):00047                             comb
0041 C30001           (      div16x16.as):00048                             addd      #$0001
0044 ED62             (      div16x16.as):00049                             std       2,s
0046 3516             (      div16x16.as):00050                             puls      d,x
0048 39               (      div16x16.as):00051         goforit             rts
                      (      div16x16.as):00052         
                      (      div16x16.as):00053         
                      (      div16x16.as):00054         ;;; DIV16
                      (      div16x16.as):00055         ;;;
                      (      div16x16.as):00056         ;;; Unsigned 16x16 division.
                      (      div16x16.as):00057         ;;;
                      (      div16x16.as):00058         ;;; Entry:  D = The divisor.
                      (      div16x16.as):00059         ;;;         X = The dividend.
                      (      div16x16.as):00060         ;;;
                      (      div16x16.as):00061         ;;; Exit:   X = The remainder.
                      (      div16x16.as):00062         ;;;         D = The quotient.
                      (      div16x16.as):00063         
0049 3416             (      div16x16.as):00064         DIV16:              pshs      D,X                 save divisor & dividend
004B 8610             (      div16x16.as):00065                             lda       #16                 bit counter
004D 3402             (      div16x16.as):00066                             pshs      A
004F 4F               (      div16x16.as):00067                             clra                          initialize remainder
0050 5F               (      div16x16.as):00068                             clrb
                      (      div16x16.as):00069         
0051 6864             (      div16x16.as):00070         div1                asl       4,S                 shift dividend & quotient
0053 6963             (      div16x16.as):00071                             rol       3,S
0055 59               (      div16x16.as):00072                             rolb                          shift dividend into B
0056 49               (      div16x16.as):00073                             rola
0057 10A361           (      div16x16.as):00074                             cmpd      1,S                 trial subtraction reqd?
005A 2504             (      div16x16.as):00075                             blo       div2
005C A361             (      div16x16.as):00076                             subd      1,S                 yes, do subtraction
005E 6C64             (      div16x16.as):00077                             inc       4,S                 increment quotient
                      (      div16x16.as):00078         
0060                  (      div16x16.as):00079         div2
0060 6AE4             (      div16x16.as):00080                             dec       ,S                  count down another bit
0062 26ED             (      div16x16.as):00081                             bne       div1
0064 AE63             (      div16x16.as):00082                             ldx       3,S                 get quotient
0066 3265             (      div16x16.as):00083                             leas      5,S                 clean stack
0068 39               (      div16x16.as):00084                             rts
                      (      div16x16.as):00085         
                      (      div16x16.as):00086                             endsect
                      (      div16x16.as):00087         

Symbol Table:
[ sG] div1                             0051 (.text)
[ sG] DIV16                            0049 (.text)
[ sG] div2                             0060 (.text)
[ sG] goforit                          0048 (.text)
[ sG] negcount                         0000 (.bss)
[ScG] NOS9MAJ                          0000
[ScG] NOS9MIN                          0000
[ScG] NOS9VER                          0000
[ sG] ok                               0028 (.text)
[ sG] SDIV16                           0000 (.text)
[ sG] testquo                          0017 (.text)
