                      (       div16x8.as):00001                             section   .bss
0000                  (       div16x8.as):00002         negcount            rmb       1
                      (       div16x8.as):00003                             endsect
                      (       div16x8.as):00004         
                      (       div16x8.as):00005                             section   .text
                      (       div16x8.as):00006         
                      (       div16x8.as):00007         ;;; SDIV168
                      (       div16x8.as):00008         ;;;
                      (       div16x8.as):00009         ;;; Signed 16x8 division.
                      (       div16x8.as):00010         ;;;
                      (       div16x8.as):00011         ;;; Entry:  A = The divisor.
                      (       div16x8.as):00012         ;;;         X = The dividend.
                      (       div16x8.as):00013         ;;;
                      (       div16x8.as):00014         ;;; Exit:   A = The remainder.
                      (       div16x8.as):00015         ;;;         B = The quotient.
                      (       div16x8.as):00016         ;;;
                      (       div16x8.as):00017         ;;; The result must be an 8 bit value.
                      (       div16x8.as):00018         
0000 6FC90000         (       div16x8.as):00019         SDIV168:            clr       negcount,u
0004 3412             (       div16x8.as):00020                             pshs      A,X
0006 6DE4             (       div16x8.as):00021                             tst       ,s
0008 2A0A             (       div16x8.as):00022                             bpl       testquo
000A A6E4             (       div16x8.as):00023                             lda       ,s
000C 43               (       div16x8.as):00024                             coma
000D 4C               (       div16x8.as):00025                             inca
000E A7E4             (       div16x8.as):00026                             sta       ,s
0010 6CC90000         (       div16x8.as):00027                             inc       negcount,u
0014 6D61             (       div16x8.as):00028         testquo             tst       1,s
0016 2A0D             (       div16x8.as):00029                             bpl       ok
0018 EC61             (       div16x8.as):00030                             ldd       1,s
001A 53               (       div16x8.as):00031                             comb
001B 43               (       div16x8.as):00032                             coma
001C C30001           (       div16x8.as):00033                             addd      #$0001
001F ED61             (       div16x8.as):00034                             std       1,s
0021 6CC90000         (       div16x8.as):00035                             inc       negcount,u
0025 3512             (       div16x8.as):00036         ok                  puls      a,x
0027 8D1A             (       div16x8.as):00037                             bsr       DIV168
0029 6AC90000         (       div16x8.as):00038                             dec       negcount,u
002D 2613             (       div16x8.as):00039                             bne       goforit
002F 3412             (       div16x8.as):00040                             pshs      a,x
0031 A6E4             (       div16x8.as):00041                             lda       ,s
0033 43               (       div16x8.as):00042                             coma
0034 4C               (       div16x8.as):00043                             inca
0035 A7E4             (       div16x8.as):00044                             sta       ,s
0037 EC61             (       div16x8.as):00045                             ldd       1,s
0039 43               (       div16x8.as):00046                             coma
003A 53               (       div16x8.as):00047                             comb
003B C30001           (       div16x8.as):00048                             addd      #$0001
003E ED61             (       div16x8.as):00049                             std       1,s
0040 3512             (       div16x8.as):00050                             puls      a,x
0042 39               (       div16x8.as):00051         goforit             rts
                      (       div16x8.as):00052         
                      (       div16x8.as):00053         
                      (       div16x8.as):00054         ;;; DIV168
                      (       div16x8.as):00055         ;;;
                      (       div16x8.as):00056         ;;; Unsigned 16x8 division.
                      (       div16x8.as):00057         ;;;
                      (       div16x8.as):00058         ;;; Entry:  A = The divisor.
                      (       div16x8.as):00059         ;;;         X = The dividend.
                      (       div16x8.as):00060         ;;;
                      (       div16x8.as):00061         ;;; Exit:   A = The remainder.
                      (       div16x8.as):00062         ;;;         B = The quotient.
                      (       div16x8.as):00063         ;;;
                      (       div16x8.as):00064         ;;; The result must be an 8 bit value.
                      (       div16x8.as):00065         
0043 C608             (       div16x8.as):00066         DIV168:             ldb       #8                  bit counter
0045 3416             (       div16x8.as):00067                             pshs      A,B,X               save count and divisor and value
0047 1F10             (       div16x8.as):00068                             tfr       X,D                 put dividend in D
                      (       div16x8.as):00069         
0049 58               (       div16x8.as):00070         div1                aslb                          shift dividend and quotient
004A 49               (       div16x8.as):00071                             rola
004B A160             (       div16x8.as):00072                             cmpa      0,S                 is trial subtraction successful?
004D 2503             (       div16x8.as):00073                             bcs       div2
004F A060             (       div16x8.as):00074                             suba      0,S                 yes, subtract and set bit
0051 5C               (       div16x8.as):00075                             incb                          in quotient
                      (       div16x8.as):00076         
0052 6A61             (       div16x8.as):00077         div2                dec       1,S                 count down bits
0054 26F3             (       div16x8.as):00078                             bne       div1                loop till done
0056 3262             (       div16x8.as):00079                             leas      2,S                 clean stack
0058 3590             (       div16x8.as):00080                             puls      X,PC                return
                      (       div16x8.as):00081         
                      (       div16x8.as):00082                             endsect
                      (       div16x8.as):00083         

Symbol Table:
[ sG] div1                             0049 (.text)
[ sG] DIV168                           0043 (.text)
[ sG] div2                             0052 (.text)
[ sG] goforit                          0042 (.text)
[ sG] negcount                         0000 (.bss)
[ScG] NOS9MAJ                          0000
[ScG] NOS9MIN                          0000
[ScG] NOS9VER                          0000
[ sG] ok                               0025 (.text)
[ sG] SDIV168                          0000 (.text)
[ sG] testquo                          0014 (.text)
