                      (        div8x8.as):00001                             section   .bss
0000                  (        div8x8.as):00002         negcount            rmb       1
                      (        div8x8.as):00003                             endsect
                      (        div8x8.as):00004         
                      (        div8x8.as):00005                             section   .text
                      (        div8x8.as):00006         
                      (        div8x8.as):00007         ;;; SDIV88
                      (        div8x8.as):00008         ;;;
                      (        div8x8.as):00009         ;;; Signed 8x8 division.
                      (        div8x8.as):00010         ;;;
                      (        div8x8.as):00011         ;;; Entry:  A = The divisor.
                      (        div8x8.as):00012         ;;;         B = The dividend.
                      (        div8x8.as):00013         ;;;
                      (        div8x8.as):00014         ;;; Exit:   A = The remainder.
                      (        div8x8.as):00015         ;;;         B = The quotient.
                      (        div8x8.as):00016         
0000 6FC90000         (        div8x8.as):00017         SDIV88:             clr       negcount,u
0004 3406             (        div8x8.as):00018                             pshs      D
0006 6DE4             (        div8x8.as):00019                             tst       ,s
0008 2A0A             (        div8x8.as):00020                             bpl       testquo
000A A6E4             (        div8x8.as):00021                             lda       ,s
000C 43               (        div8x8.as):00022                             coma
000D 4C               (        div8x8.as):00023                             inca
000E A7E4             (        div8x8.as):00024                             sta       ,s
0010 6CC90000         (        div8x8.as):00025                             inc       negcount,u
0014 6D61             (        div8x8.as):00026         testquo             tst       1,s
0016 2A0B             (        div8x8.as):00027                             bpl       ok
0018 EC61             (        div8x8.as):00028                             ldd       1,s
001A 43               (        div8x8.as):00029                             coma
001B 8B01             (        div8x8.as):00030                             adda      #$01
001D ED61             (        div8x8.as):00031                             std       1,s
001F 6CC90000         (        div8x8.as):00032                             inc       negcount,u
0023 3506             (        div8x8.as):00033         ok                  puls      d
0025 8D17             (        div8x8.as):00034                             bsr       DIV88
0027 6AC90000         (        div8x8.as):00035                             dec       negcount,u
002B 2610             (        div8x8.as):00036                             bne       goforit
002D 3406             (        div8x8.as):00037                             pshs      d
002F A6E4             (        div8x8.as):00038                             lda       ,s
0031 43               (        div8x8.as):00039                             coma
0032 4C               (        div8x8.as):00040                             inca
0033 A7E4             (        div8x8.as):00041                             sta       ,s
0035 A661             (        div8x8.as):00042                             lda       1,s
0037 43               (        div8x8.as):00043                             coma
0038 4C               (        div8x8.as):00044                             inca
0039 A761             (        div8x8.as):00045                             sta       1,s
003B 3506             (        div8x8.as):00046                             puls      d
003D 39               (        div8x8.as):00047         goforit             rts
                      (        div8x8.as):00048         
                      (        div8x8.as):00049         
                      (        div8x8.as):00050         ;;; DIV88
                      (        div8x8.as):00051         ;;;
                      (        div8x8.as):00052         ;;; Unsigned 8x8 division.
                      (        div8x8.as):00053         ;;;
                      (        div8x8.as):00054         ;;; Entry:  A = The divisor.
                      (        div8x8.as):00055         ;;;         B = The dividend.
                      (        div8x8.as):00056         ;;;
                      (        div8x8.as):00057         ;;; Exit:   A = The remainder.
                      (        div8x8.as):00058         ;;;         B = The quotient.
                      (        div8x8.as):00059         
003E 3402             (        div8x8.as):00060         DIV88:              pshs      A                   save divisor
0040 8608             (        div8x8.as):00061                             lda       #8                  bit counter
0042 3402             (        div8x8.as):00062                             pshs      A
0044 4F               (        div8x8.as):00063                             clra                          initialize remainder
                      (        div8x8.as):00064         
0045 58               (        div8x8.as):00065         div1                aslb                          shift dividend & quotient
0046 49               (        div8x8.as):00066                             rola
0047 A161             (        div8x8.as):00067                             cmpa      1,S                 trial subtraction needed
0049 2503             (        div8x8.as):00068                             blo       div2
004B A061             (        div8x8.as):00069                             suba      1,S
004D 5C               (        div8x8.as):00070                             incb
                      (        div8x8.as):00071         
004E 6A60             (        div8x8.as):00072         div2                dec       0,S                 count down # of bits
0050 26F3             (        div8x8.as):00073                             bne       div1
0052 3262             (        div8x8.as):00074                             leas      2,S                 clean up stack
0054 39               (        div8x8.as):00075                             rts
                      (        div8x8.as):00076         
                      (        div8x8.as):00077                             endsect
                      (        div8x8.as):00078         

Symbol Table:
[ sG] div1                             0045 (.text)
[ sG] div2                             004E (.text)
[ sG] DIV88                            003E (.text)
[ sG] goforit                          003D (.text)
[ sG] negcount                         0000 (.bss)
[ScG] NOS9MAJ                          0000
[ScG] NOS9MIN                          0000
[ScG] NOS9VER                          0000
[ sG] ok                               0023 (.text)
[ sG] SDIV88                           0000 (.text)
[ sG] testquo                          0014 (.text)
