                      (level1/cmds/dw.as):00001         ********************************************************************
                      (level1/cmds/dw.as):00002         * dw - command interface to the server
                      (level1/cmds/dw.as):00003         *
                      (level1/cmds/dw.as):00004         * Edt/Rev  YYYY/MM/DD  Modified by
                      (level1/cmds/dw.as):00005         * Comment
                      (level1/cmds/dw.as):00006         * ------------------------------------------------------------------
                      (level1/cmds/dw.as):00007         *   1      2010/01/02  Aaron Wolfe
                      (level1/cmds/dw.as):00008         * Most basic implementation using new DW utility API
                      (level1/cmds/dw.as):00009         
                      (level1/cmds/dw.as):00010                             nam       dw
                      (level1/cmds/dw.as):00011                             ttl       command interface to the server
                      (level1/cmds/dw.as):00012         
                      (level1/cmds/dw.as):00013                             section   __os9
     ????             (level1/cmds/dw.as):00014         type                equ       Prgrm
     ????             (level1/cmds/dw.as):00015         lang                equ       Objct
     ????             (level1/cmds/dw.as):00016         attr                equ       ReEnt
     0000             (level1/cmds/dw.as):00017         rev                 equ       $00
     0001             (level1/cmds/dw.as):00018         edition             equ       1
     00C8             (level1/cmds/dw.as):00019         stack               equ       200
                      (level1/cmds/dw.as):00020                             endsect
                      (level1/cmds/dw.as):00021         
                      (level1/cmds/dw.as):00022                             section   bss
0000                  (level1/cmds/dw.as):00023         pbuffer             rmb       256
0100                  (level1/cmds/dw.as):00024         pbend               rmb       2
0102                  (level1/cmds/dw.as):00025         cbuffer             rmb       256
0202                  (level1/cmds/dw.as):00026         portdev             rmb       10
020C                  (level1/cmds/dw.as):00027         portpath            rmb       1
020D                  (level1/cmds/dw.as):00028         outpath             rmb       1
020E                  (level1/cmds/dw.as):00029         numbyt              rmb       1
020F                  (level1/cmds/dw.as):00030         die                 rmb       1
                      (level1/cmds/dw.as):00031                             endsect
                      (level1/cmds/dw.as):00032         
                      (level1/cmds/dw.as):00033                             section   code
                      (level1/cmds/dw.as):00034         
                      (level1/cmds/dw.as):00035         * signal handling
0000 8601             (level1/cmds/dw.as):00036         icpt                lda       #1
0002 A7C90000         (level1/cmds/dw.as):00037                             sta       die,u
0006 3B               (level1/cmds/dw.as):00038                             rti
                      (level1/cmds/dw.as):00039         
0007 647720           (level1/cmds/dw.as):00040         command             fcc       'dw '
                      (level1/cmds/dw.as):00041         
                      (level1/cmds/dw.as):00042         * save initial parameters
000A 3406             (level1/cmds/dw.as):00043         __start             pshs      d
000C 3410             (level1/cmds/dw.as):00044                             pshs      x
000E 6FC90000         (level1/cmds/dw.as):00045                             clr       die,u
                      (level1/cmds/dw.as):00046         * set intercept handler
0012 308CEB           (level1/cmds/dw.as):00047                             leax      icpt,pcr            *ptr to handler
0015 103F00           (level1/cmds/dw.as):00048                             os9       F$Icpt
                      (level1/cmds/dw.as):00049         
0018 4F               (level1/cmds/dw.as):00050                             clra
0019 170000           (level1/cmds/dw.as):00051                             lbsr      TCPOpen
001C 102500A9         (level1/cmds/dw.as):00052                             lbcs      errex1
                      (level1/cmds/dw.as):00053         
                      (level1/cmds/dw.as):00054         
0020 A7C90000         (level1/cmds/dw.as):00055         gotport             sta       portpath,u
                      (level1/cmds/dw.as):00056         
                      (level1/cmds/dw.as):00057         * rawpath
0024 170000           (level1/cmds/dw.as):00058                             lbsr      RawPath
                      (level1/cmds/dw.as):00059         
                      (level1/cmds/dw.as):00060         * write command to port
0027 A6C90000         (level1/cmds/dw.as):00061                             lda       portpath,u
002B 108E0003         (level1/cmds/dw.as):00062                             ldy       #3
002F 308CD5           (level1/cmds/dw.as):00063                             leax      command,pc
0032 103F00           (level1/cmds/dw.as):00064                             os9       I$Write
0035 10250089         (level1/cmds/dw.as):00065                             lbcs      errex2
                      (level1/cmds/dw.as):00066         
                      (level1/cmds/dw.as):00067         * write parameters to port - X = start addr, y = # bytes, A = path#
0039 3510             (level1/cmds/dw.as):00068                             puls      x
003B 3520             (level1/cmds/dw.as):00069                             puls      y
                      (level1/cmds/dw.as):00070         
003D 103F00           (level1/cmds/dw.as):00071                             os9       I$WritLn
0040 1025007E         (level1/cmds/dw.as):00072                             lbcs      errex2
                      (level1/cmds/dw.as):00073         
                      (level1/cmds/dw.as):00074         * read result
0044 30C90000         (level1/cmds/dw.as):00075                             leax      pbuffer,u
0048 A6C90000         (level1/cmds/dw.as):00076                             lda       portpath,u
004C 108E0001         (level1/cmds/dw.as):00077                             ldy       #1
0050 103F00           (level1/cmds/dw.as):00078         rrloop              os9       I$Read
0053 1025006B         (level1/cmds/dw.as):00079                             lbcs      errex2
0057 E680             (level1/cmds/dw.as):00080                             ldb       ,x+
0059 C100             (level1/cmds/dw.as):00081                             cmpb      #C$CR               * end of response
005B 26F3             (level1/cmds/dw.as):00082                             bne       rrloop
                      (level1/cmds/dw.as):00083         
                      (level1/cmds/dw.as):00084         * look for Fail
005D E6C90000         (level1/cmds/dw.as):00085                             ldb       pbuffer,u
0061 C146             (level1/cmds/dw.as):00086                             cmpb      #'F
0063 2625             (level1/cmds/dw.as):00087                             bne       gotconn             * we connected
                      (level1/cmds/dw.as):00088         
                      (level1/cmds/dw.as):00089         * display failure message
0065 8601             (level1/cmds/dw.as):00090                             lda       #1
0067 108E0001         (level1/cmds/dw.as):00091                             ldy       #1
006B 30C90000         (level1/cmds/dw.as):00092                             leax      pbuffer,u
006F C609             (level1/cmds/dw.as):00093                             ldb       #9                  *skip proto error info (FAIL xxx )
0071 3A               (level1/cmds/dw.as):00094                             abx
0072 103F00           (level1/cmds/dw.as):00095         prloop              os9       I$Write
0075 E680             (level1/cmds/dw.as):00096                             ldb       ,x+
0077 C100             (level1/cmds/dw.as):00097                             cmpb      #C$CR               *end of response
0079 26F7             (level1/cmds/dw.as):00098                             bne       prloop
                      (level1/cmds/dw.as):00099         
007B 108E0002         (level1/cmds/dw.as):00100                             ldy       #2
007F 308C06           (level1/cmds/dw.as):00101                             leax      crlf,pc
0082 103F00           (level1/cmds/dw.as):00102                             os9       I$Write
                      (level1/cmds/dw.as):00103         
0085 160039           (level1/cmds/dw.as):00104                             lbra      done
                      (level1/cmds/dw.as):00105         
0088 00               (level1/cmds/dw.as):00106         crlf                fcb       C$CR
0089 00               (level1/cmds/dw.as):00107                             fcb       C$LF
                      (level1/cmds/dw.as):00108         
                      (level1/cmds/dw.as):00109         * response loop
                      (level1/cmds/dw.as):00110         * read 1 byte, this is how many bytes follow in this set.  0 for end of response
008A 12               (level1/cmds/dw.as):00111         gotconn             nop
                      (level1/cmds/dw.as):00112         
                      (level1/cmds/dw.as):00113         * check for incoming serial data
008B A6C90000         (level1/cmds/dw.as):00114         rloop               lda       portpath,u
008F C600             (level1/cmds/dw.as):00115                             ldb       #SS.Ready
0091 103F00           (level1/cmds/dw.as):00116                             os9       I$GetStt
0094 240E             (level1/cmds/dw.as):00117                             bcc       serinc              read and print the byte
                      (level1/cmds/dw.as):00118         
                      (level1/cmds/dw.as):00119         * if we got no data and die is set, bail
0096 A6C90000         (level1/cmds/dw.as):00120                             lda       die,u
009A 2625             (level1/cmds/dw.as):00121                             bne       done
                      (level1/cmds/dw.as):00122         
                      (level1/cmds/dw.as):00123         * sleep a while
009C 8E0001           (level1/cmds/dw.as):00124                             ldx       #0001
009F 103F00           (level1/cmds/dw.as):00125                             os9       F$Sleep
00A2 20E7             (level1/cmds/dw.as):00126                             bra       rloop
                      (level1/cmds/dw.as):00127         
                      (level1/cmds/dw.as):00128         * read B bytes from serial, print on screen
00A4 4F               (level1/cmds/dw.as):00129         serinc              clra
00A5 1F02             (level1/cmds/dw.as):00130                             tfr       d,y
00A7 A6C90000         (level1/cmds/dw.as):00131                             lda       portpath,u
00AB 30C90000         (level1/cmds/dw.as):00132                             leax      pbuffer,u
00AF 103F00           (level1/cmds/dw.as):00133                             os9       I$Read
00B2 1025000C         (level1/cmds/dw.as):00134                             lbcs      errex2
                      (level1/cmds/dw.as):00135         * print the data to stdout
00B6 8601             (level1/cmds/dw.as):00136                             lda       #1
00B8 30C90000         (level1/cmds/dw.as):00137                             leax      pbuffer,u
00BC 103F00           (level1/cmds/dw.as):00138                             os9       I$Write
00BF 20CA             (level1/cmds/dw.as):00139                             bra       rloop
                      (level1/cmds/dw.as):00140         
00C1 5F               (level1/cmds/dw.as):00141         done                clrb                          *no errors here
                      (level1/cmds/dw.as):00142         * close port
00C2 A6C90000         (level1/cmds/dw.as):00143         errex2              lda       portpath,u
00C6 103F00           (level1/cmds/dw.as):00144                             os9       I$Close
                      (level1/cmds/dw.as):00145         
00C9 103F00           (level1/cmds/dw.as):00146         errex1              os9       F$Exit              *goodbye
                      (level1/cmds/dw.as):00147                             endsect
                      (level1/cmds/dw.as):00148         
                      (level1/cmds/dw.as):00149         
                      (level1/cmds/dw.as):00150         
                      (level1/cmds/dw.as):00151         

Symbol Table:
[ sG] __start                          000A (code)
[ sG] attr                             <<incomplete>>
[ sG] cbuffer                          0102 (bss)
[ScG] coco3                            0001
[ sG] command                          0007 (code)
[ sG] crlf                             0088 (code)
[ sG] die                              020F (bss)
[ sG] done                             00C1 (code)
[ cG] edition                          0001
[ sG] errex1                           00C9 (code)
[ sG] errex2                           00C2 (code)
[ sG] gotconn                          008A (code)
[ sG] gotport                          0020 (code)
[ScG] H6309                            0001
[ sG] icpt                             0000 (code)
[ sG] lang                             <<incomplete>>
[ScG] NOS9MAJ                          0003
[ScG] NOS9MIN                          0000
[ScG] NOS9VER                          0003
[ sG] numbyt                           020E (bss)
[ sG] outpath                          020D (bss)
[ sG] pbend                            0100 (bss)
[ sG] pbuffer                          0000 (bss)
[ sG] portdev                          0202 (bss)
[ sG] portpath                         020C (bss)
[ sG] prloop                           0072 (code)
[ cG] rev                              0000
[ sG] rloop                            008B (code)
[ sG] rrloop                           0050 (code)
[ sG] serinc                           00A4 (code)
[ cG] stack                            00C8
[ sG] type                             <<incomplete>>
