                      (         fgetc.as):00001         ;;; FGETC
                      (         fgetc.as):00002         ;;;
                      (         fgetc.as):00003         ;;; Read one character from a device.
                      (         fgetc.as):00004         ;;;
                      (         fgetc.as):00005         ;;; Entry:  A = The path to read the character from.
                      (         fgetc.as):00006         ;;;
                      (         fgetc.as):00007         ;;; Exit:   A = The character read.
                      (         fgetc.as):00008         ;;;
                      (         fgetc.as):00009         ;;; Error:  B = A non-zero error code.
                      (         fgetc.as):00010         ;;;        CC = Carry flag set to indicate error.
                      (         fgetc.as):00011         ;;;
                      (         fgetc.as):00012         ;;; The result must be an 8 bit value.
                      (         fgetc.as):00013         
                      (         fgetc.as):00014                             section   .text
                      (         fgetc.as):00015         
0000 3432             (         fgetc.as):00016         FGETC:              pshs      a,x,y
0002 108E0001         (         fgetc.as):00017                             ldy       #1                  number of char to print
0006 1F41             (         fgetc.as):00018                             tfr       s,x                 point x at 1 char buffer
0008 103F00           (         fgetc.as):00019                             os9       I$Read
000B 35B2             (         fgetc.as):00020                             puls      a,x,y,pc
                      (         fgetc.as):00021         
                      (         fgetc.as):00022                             endsect
                      (         fgetc.as):00023         

Symbol Table:
[ sG] FGETC                            0000 (.text)
[ScG] NOS9MAJ                          0000
[ScG] NOS9MIN                          0000
[ScG] NOS9VER                          0000
