                      (         fputy.as):00001         ;;; FPUTY
                      (         fputy.as):00002         ;;;
                      (         fputy.as):00003         ;;; Print a word to a device.
                      (         fputy.as):00004         ;;;
                      (         fputy.as):00005         ;;; Entry:  A = The path to print to.
                      (         fputy.as):00006         ;;;         Y = The value to print.
                      (         fputy.as):00007         ;;;
                      (         fputy.as):00008         ;;; Error:  B = A non-zero error code.
                      (         fputy.as):00009         ;;;        CC = Carry flag set to indicate error.
                      (         fputy.as):00010         
                      (         fputy.as):00011                             section   .text
                      (         fputy.as):00012         
0000 3430             (         fputy.as):00013         FPUTY:              pshs      x,y
0002 108E0002         (         fputy.as):00014                             ldy       #2                  number of chars to write
0006 3062             (         fputy.as):00015                             leax      2,s                 point X at value
0008 103F00           (         fputy.as):00016                             os9       I$Write
000B 35B0             (         fputy.as):00017                             puls      x,y,pc
                      (         fputy.as):00018         
                      (         fputy.as):00019                             endsect
                      (         fputy.as):00020         

Symbol Table:
[ sG] FPUTY                            0000 (.text)
[ScG] NOS9MAJ                          0000
[ScG] NOS9MIN                          0000
[ScG] NOS9VER                          0000
