                      (     fputspace.as):00001         ;;; FPUTSPACE
                      (     fputspace.as):00002         ;;;
                      (     fputspace.as):00003         ;;; Prints a space to a device.
                      (     fputspace.as):00004         ;;;
                      (     fputspace.as):00005         ;;; Entry:  A = The path to print to.
                      (     fputspace.as):00006         ;;;
                      (     fputspace.as):00007         ;;; Error:  B = A non-zero error code.
                      (     fputspace.as):00008         ;;;        CC = Carry flag set to indicate error.
                      (     fputspace.as):00009         
                      (     fputspace.as):00010                             section   .text
                      (     fputspace.as):00011         
0000 C620             (     fputspace.as):00012         FPUTSPACE:          ldb       #$20
0002 160000           (     fputspace.as):00013                             lbra      FPUTC
                      (     fputspace.as):00014         
                      (     fputspace.as):00015                             endsect

Symbol Table:
[ sG] FPUTSPACE                        0000 (.text)
[ScG] NOS9MAJ                          0000
[ScG] NOS9MIN                          0000
[ScG] NOS9VER                          0000
