                      (         fputs.as):00001         ;;; FPUTS
                      (         fputs.as):00002         ;;;
                      (         fputs.as):00003         ;;; Prints a null-terminated string to a device.
                      (         fputs.as):00004         ;;;
                      (         fputs.as):00005         ;;; Entry:  A = The path to print to.
                      (         fputs.as):00006         ;;;         X = The address of the string to print.
                      (         fputs.as):00007         ;;;
                      (         fputs.as):00008         ;;; Error:  B = A non-zero error code.
                      (         fputs.as):00009         ;;;        CC = Carry flag set to indicate error.
                      (         fputs.as):00010         ;;;
                      (         fputs.as):00011         ;;; I$WritLn prints the string, so additional character processing may occur.
                      (         fputs.as):00012         
                      (         fputs.as):00013                             section   .text
                      (         fputs.as):00014         
0000 3472             (         fputs.as):00015         FPUTS:              pshs      a,x,y,u
0002 1F13             (         fputs.as):00016                             tfr       x,u                 start of 1st segment to print
                      (         fputs.as):00017         
0004 3440             (         fputs.as):00018         loop                pshs      u                   start of this segment
0006 108EFFFF         (         fputs.as):00019                             ldy       #-1                 size of this seg.
                      (         fputs.as):00020         
000A 3121             (         fputs.as):00021         l1                  leay      1,y                 count size
000C E6C0             (         fputs.as):00022                             ldb       ,u+                 check for null/cr
000E 2706             (         fputs.as):00023                             beq       doit                null=do last seg.
0010 C10D             (         fputs.as):00024                             cmpb      #$0d                cr=do this seg.
0012 26F6             (         fputs.as):00025                             bne       l1
0014 3121             (         fputs.as):00026                             leay      1,y                 count CR as one of the ones to print
                      (         fputs.as):00027         
0016 3510             (         fputs.as):00028         doit                puls      x                   get start of this segment
0018 103F00           (         fputs.as):00029                             os9       I$WritLn
001B 2504             (         fputs.as):00030                             bcs       exit
001D 6D5F             (         fputs.as):00031                             tst       -1,u                at end?
001F 26E3             (         fputs.as):00032                             bne       loop
                      (         fputs.as):00033         
0021 35F2             (         fputs.as):00034         exit                puls      a,x,y,u,pc          return with status in CC,error code in B
                      (         fputs.as):00035         
                      (         fputs.as):00036                             endsect

Symbol Table:
[ sG] doit                             0016 (.text)
[ sG] exit                             0021 (.text)
[ sG] FPUTS                            0000 (.text)
[ sG] l1                               000A (.text)
[ sG] loop                             0004 (.text)
[ScG] NOS9MAJ                          0000
[ScG] NOS9MIN                          0000
[ScG] NOS9VER                          0000
