                      (         fputc.as):00001         ;;; FPUTC
                      (         fputc.as):00002         ;;;
                      (         fputc.as):00003         ;;; Prints one character to a device.
                      (         fputc.as):00004         ;;;
                      (         fputc.as):00005         ;;; Entry:  A = The path to print to.
                      (         fputc.as):00006         ;;;         B = The character to print.
                      (         fputc.as):00007         ;;;
                      (         fputc.as):00008         ;;; Error:  B = A non-zero error code.
                      (         fputc.as):00009         ;;;        CC = Carry flag set to indicate error.
                      (         fputc.as):00010         
                      (         fputc.as):00011                             section   .text
                      (         fputc.as):00012         
0000 3434             (         fputc.as):00013         FPUTC:              pshs      b,x,y
0002 108E0001         (         fputc.as):00014                             ldy       #1                  number of char to print
0006 1F41             (         fputc.as):00015                             tfr       s,x                 point x at char to print
0008 103F00           (         fputc.as):00016                             os9       I$WritLn
000B 3261             (         fputc.as):00017                             leas      1,s                 don't care about char anymore (B now = error)
000D 35B0             (         fputc.as):00018                             puls      x,y,pc
                      (         fputc.as):00019         
                      (         fputc.as):00020                             endsect
                      (         fputc.as):00021         

Symbol Table:
[ sG] FPUTC                            0000 (.text)
[ScG] NOS9MAJ                          0000
[ScG] NOS9MIN                          0000
[ScG] NOS9VER                          0000
