                      (        ftoeof.as):00001         ;;; FTOEOF
                      (        ftoeof.as):00002         ;;;
                      (        ftoeof.as):00003         ;;; Seek to end of file.
                      (        ftoeof.as):00004         ;;;
                      (        ftoeof.as):00005         ;;; Entry:  A = The path to print to.
                      (        ftoeof.as):00006         ;;;
                      (        ftoeof.as):00007         ;;; Error:  B = A non-zero error code.
                      (        ftoeof.as):00008         ;;;        CC = Carry flag set to indicate error.
                      (        ftoeof.as):00009         
                      (        ftoeof.as):00010                             section   .text
                      (        ftoeof.as):00011         
0000 3450             (        ftoeof.as):00012         FTOEOF:             pshs      x,u
0002 C600             (        ftoeof.as):00013                             ldb       #SS.Size            first get filesize
0004 103F00           (        ftoeof.as):00014                             os9       I$GetStt
0007 2503             (        ftoeof.as):00015                             bcs       exit
0009 103F00           (        ftoeof.as):00016                             os9       I$Seek              seek to end of file
000C 35D0             (        ftoeof.as):00017         exit:               puls      x,u,pc
                      (        ftoeof.as):00018         
                      (        ftoeof.as):00019                             endsect

Symbol Table:
[ sG] exit                             000C (.text)
[ sG] FTOEOF                           0000 (.text)
[ScG] NOS9MAJ                          0000
[ScG] NOS9MIN                          0000
[ScG] NOS9VER                          0000
