                      (        ftrans.as):00001         ;;; FTRANS
                      (        ftrans.as):00002         ;;;
                      (        ftrans.as):00003         ;;; Transfer data between fpaths.
                      (        ftrans.as):00004         ;;;
                      (        ftrans.as):00005         ;;; Entry:  A = The source path.
                      (        ftrans.as):00006         ;;;         B = The destination path.
                      (        ftrans.as):00007         ;;;         X = The address of the buffer to transfer.
                      (        ftrans.as):00008         ;;;         Y = The number of bytes to transfer.
                      (        ftrans.as):00009         ;;;         U = The buffer size.
                      (        ftrans.as):00010         ;;;
                      (        ftrans.as):00011         ;;; Error:  B = A non-zero error code.
                      (        ftrans.as):00012         ;;;        CC = Carry flag set to indicate error.
                      (        ftrans.as):00013         
                      (        ftrans.as):00014         * This sets up a stack frame used for variable references.
                      (        ftrans.as):00015         
                      (        ftrans.as):00016                             section   .data
                      (        ftrans.as):00017         
0000                  (        ftrans.as):00018         count               rmb       2                   number of bytes to transfer (2nd Y)
0002                  (        ftrans.as):00019         inpath              rmb       1                   source file (A)
0003                  (        ftrans.as):00020         Breg                rmb       1                   copy of B register
     0003             (        ftrans.as):00021         outpath             equ       Breg                dest file
0004                  (        ftrans.as):00022         buffer              rmb       2                   buffer memory (X)
0006                  (        ftrans.as):00023                             rmb       2                   copy of Y
0008                  (        ftrans.as):00024         bufsize             rmb       2                   buffer size (U)
                      (        ftrans.as):00025         
                      (        ftrans.as):00026                             endsect
                      (        ftrans.as):00027         
                      (        ftrans.as):00028                             section   .text
                      (        ftrans.as):00029         
0000 3476             (        ftrans.as):00030         FTRANS:             pshs      a,b,x,y,u
0002 3420             (        ftrans.as):00031                             pshs      y
                      (        ftrans.as):00032         
0004 10AEE90000       (        ftrans.as):00033         loop                ldy       count,s             bytes left to send
0009 2730             (        ftrans.as):00034                             beq       exit                all done?
                      (        ftrans.as):00035         
000B A6E90000         (        ftrans.as):00036                             lda       inpath,s            source file
000F AEE90000         (        ftrans.as):00037                             ldx       buffer,s            buffer area
0013 10ACE90000       (        ftrans.as):00038                             cmpy      bufsize,s           is remainder > buffer size
0018 2505             (        ftrans.as):00039                             blo       get                 no, get all of remainder
001A 10AEE90000       (        ftrans.as):00040                             ldy       bufsize,s           use buffer size
                      (        ftrans.as):00041         
001F 103F00           (        ftrans.as):00042         get                 os9       I$Read              get data
0022 251A             (        ftrans.as):00043                             bcs       error
0024 A6E90000         (        ftrans.as):00044                             lda       outpath,s
0028 103F00           (        ftrans.as):00045                             os9       I$Write
002B 2511             (        ftrans.as):00046                             bcs       error
                      (        ftrans.as):00047         
002D 3420             (        ftrans.as):00048                             pshs      y                   number of bytes got/sent
002F ECE90000         (        ftrans.as):00049                             ldd       count+2,s           adjust count remaining
0033 A3E1             (        ftrans.as):00050                             subd      ,s++
0035 EDE90000         (        ftrans.as):00051                             std       count,s
0039 20C9             (        ftrans.as):00052                             bra       loop
                      (        ftrans.as):00053         
003B 4F               (        ftrans.as):00054         exit                clra                          no error
003C 2005             (        ftrans.as):00055                             bra       exit2
                      (        ftrans.as):00056         
003E 43               (        ftrans.as):00057         error               coma                          signal error
003F E7E90000         (        ftrans.as):00058                             stb       Breg,s              set B
                      (        ftrans.as):00059         
0043 3520             (        ftrans.as):00060         exit2               puls      y
0045 35F6             (        ftrans.as):00061                             puls      a,b,x,y,u,pc
                      (        ftrans.as):00062         
                      (        ftrans.as):00063                             endsect

Symbol Table:
[ sG] Breg                             0003 (.data)
[ sG] buffer                           0004 (.data)
[ sG] bufsize                          0008 (.data)
[ sG] count                            0000 (.data)
[ sG] error                            003E (.text)
[ sG] exit                             003B (.text)
[ sG] exit2                            0043 (.text)
[ sG] FTRANS                           0000 (.text)
[ sG] get                              001F (.text)
[ sG] inpath                           0002 (.data)
[ sG] loop                             0004 (.text)
[ScG] NOS9MAJ                          0000
[ScG] NOS9MIN                          0000
[ScG] NOS9VER                          0000
[ sG] outpath                          0003 (.data)
