                      (          getc.as):00001         ;;; GETC
                      (          getc.as):00002         ;;;
                      (          getc.as):00003         ;;; Read a character from the standard input.
                      (          getc.as):00004         ;;
                      (          getc.as):00005         ;;; Other modules needed: FGETC
                      (          getc.as):00006         ;;;
                      (          getc.as):00007         ;;; Entry:  None.
                      (          getc.as):00008         ;;;
                      (          getc.as):00009         ;;; Exit:   A = The character read from the standard input.
                      (          getc.as):00010         ;;;
                      (          getc.as):00011         ;;; Error:  B = A non-zero error code.
                      (          getc.as):00012         ;;;        CC = Carry flag set to indicate error.
                      (          getc.as):00013         
                      (          getc.as):00014                             section   .text
                      (          getc.as):00015         
0000 4F               (          getc.as):00016         GETC:               clra                          std in
0001 160000           (          getc.as):00017                             lbra      FGETC
                      (          getc.as):00018         
                      (          getc.as):00019                             endsect
                      (          getc.as):00020         

Symbol Table:
[ sG] GETC                             0000 (.text)
[ScG] NOS9MAJ                          0000
[ScG] NOS9MIN                          0000
[ScG] NOS9VER                          0000
