                      (          gets.as):00001         ;;; GETS
                      (          gets.as):00002         ;;;
                      (          gets.as):00003         ;;; Read a string from the standard input.
                      (          gets.as):00004         ;;
                      (          gets.as):00005         ;;; Other modules needed: GETS
                      (          gets.as):00006         ;;;
                      (          gets.as):00007         ;;; Entry:  X = The buffer that holds the string.
                      (          gets.as):00008         ;;;         Y = The maximum buffer size minus 1 (for the null character).
                      (          gets.as):00009         ;;;
                      (          gets.as):00010         ;;; Error:  B = A non-zero error code.
                      (          gets.as):00011         ;;;        CC = Carry flag set to indicate error.
                      (          gets.as):00012         
                      (          gets.as):00013                             section   .text
                      (          gets.as):00014         
0000 3402             (          gets.as):00015         GETS:               pshs      a
0002 4F               (          gets.as):00016                             clra                          std in.
0003 170000           (          gets.as):00017                             lbsr      FGETS
0006 3582             (          gets.as):00018                             puls      a,pc
                      (          gets.as):00019         
                      (          gets.as):00020                             endsect
                      (          gets.as):00021         

Symbol Table:
[ sG] GETS                             0000 (.text)
[ScG] NOS9MAJ                          0000
[ScG] NOS9MIN                          0000
[ScG] NOS9VER                          0000
