                      (          gety.as):00001         ;;; GETY
                      (          gety.as):00002         ;;;
                      (          gety.as):00003         ;;; Read a single word from the standard input
                      (          gety.as):00004         ;;;
                      (          gety.as):00005         ;;; Entry:  None
                      (          gety.as):00006         ;;;
                      (          gety.as):00007         ;;; Exit:   Y = The read value.
                      (          gety.as):00008         ;;;
                      (          gety.as):00009         ;;; Error:  B = A non-zero error code.
                      (          gety.as):00010         ;;;        CC = Carry flag set to indicate error.
                      (          gety.as):00011         
                      (          gety.as):00012                             section   .text
                      (          gety.as):00013         
0000 3402             (          gety.as):00014         GETY:               pshs      a
0002 4F               (          gety.as):00015                             clra                          std in
0003 170000           (          gety.as):00016                             lbsr      FGETY
0006 3582             (          gety.as):00017                             puls      a,pc
                      (          gety.as):00018         
                      (          gety.as):00019                             endsect

Symbol Table:
[ sG] GETY                             0000 (.text)
[ScG] NOS9MAJ                          0000
[ScG] NOS9MIN                          0000
[ScG] NOS9VER                          0000
