                      (      ghosts90.as):00001         
                      (      ghosts90.as):00002                             nam       Ghosts
                      (      ghosts90.as):00003                             ttl       Routines to move Ghosts
                      (      ghosts90.as):00004         
                      (      ghosts90.as):00005         *     Program segment to be compiled using Level II RMA
                      (      ghosts90.as):00006         *          This is not a mainline program segment
                      (      ghosts90.as):00007         *                 Written by Larry Olson
                      (      ghosts90.as):00008         
                      (      ghosts90.as):00009                             ifp1
                      (      ghosts90.as):00010         *         use   /dd/defs/os9defs.a
                      (      ghosts90.as):00011                             endc
                      (      ghosts90.as):00012         
     00FA             (      ghosts90.as):00013         STACK               equ       250
                      (      ghosts90.as):00014         
                      (      ghosts90.as):00015                             section   bss
                      (      ghosts90.as):00016         
                      (      ghosts90.as):00017         *     Lcoal Variables
                      (      ghosts90.as):00018         
0000                  (      ghosts90.as):00019                             rmb       STACK
                      (      ghosts90.as):00020         
                      (      ghosts90.as):00021         
                      (      ghosts90.as):00022                             endsect
                      (      ghosts90.as):00023         
                      (      ghosts90.as):00024                             section   code
                      (      ghosts90.as):00025         
                      (      ghosts90.as):00026         *     Subtract 20 from ghost counter
                      (      ghosts90.as):00027         *     Then check ghost status to determine what action
                      (      ghosts90.as):00028         *     is to be preformed on ghost.
                      (      ghosts90.as):00029         
0000 B60000           (      ghosts90.as):00030         GHCHCK              lda       GCOUNT              Get ghost counter
0003 8014             (      ghosts90.as):00031                             suba      #20                 Subtract 20 from it
0005 2A02             (      ghosts90.as):00032                             bpl       CKSTAT              If =>0 then check status
0007 863C             (      ghosts90.as):00033                             lda       #60                 Reset counter to zero
0009 B70000           (      ghosts90.as):00034         CKSTAT              sta       GCOUNT              Save ghost counter
000C 30C90000         (      ghosts90.as):00035                             leax      G1OFST,U            Point to start of tables
0010 3086             (      ghosts90.as):00036                             leax      A,X                 Move to current ghost table
0012 A60A             (      ghosts90.as):00037                             lda       10,X                Get ghost status
0014 10270000         (      ghosts90.as):00038                             lbeq      MOVING              If so then move it again
0018 102B0000         (      ghosts90.as):00039                             lbmi      CAGED               Check caged status
                      (      ghosts90.as):00040         
001C 31C90000         (      ghosts90.as):00041         GHMOVE              leay      ARRAY,U             Point to start of array
0020 EC84             (      ghosts90.as):00042                             ldd       ,X                  Get ghost array offset
0022 31AB             (      ghosts90.as):00043                             leay      D,Y                 Move to that spot in array
0024 A6A4             (      ghosts90.as):00044                             lda       ,Y                  Get the byte there
0026 8501             (      ghosts90.as):00045                             bita      #1                  Check for intersection
0028 2710             (      ghosts90.as):00046                             beq       NOWALL              If = then no intersection
                      (      ghosts90.as):00047         
002A A60A             (      ghosts90.as):00048                             lda       10,X                Check status
002C 8101             (      ghosts90.as):00049                             cmpa      #1                  Are we chasing pacman?
002E 2705             (      ghosts90.as):00050                             beq       NORUN
0030 170000           (      ghosts90.as):00051                             lbsr      RUN                 If not, then run
0033 2005             (      ghosts90.as):00052                             bra       NOWALL
0035 EC84             (      ghosts90.as):00053         NORUN               ldd       ,X
0037 170000           (      ghosts90.as):00054                             lbsr      HUNT                At intersection, so go hunt
                      (      ghosts90.as):00055         
                      (      ghosts90.as):00056         *      This routine is used to calc and add the offsets and
                      (      ghosts90.as):00057         *      fill the PUTBLK string, in order to move the ghosts
                      (      ghosts90.as):00058         *      Old ghost will be erased when new ghost is put on
                      (      ghosts90.as):00059         *      the screen.
                      (      ghosts90.as):00060         
003A A60E             (      ghosts90.as):00061         NOWALL              lda       14,X                Get direction flag
003C 2661             (      ghosts90.as):00062                             bne       LEFT
                      (      ghosts90.as):00063         *     Move ghost up screen
003E EC84             (      ghosts90.as):00064         UP                  ldd       ,X                  Get ghost array offset
0040 10830021         (      ghosts90.as):00065                             cmpd      #33                 At top of screen?
0044 2639             (      ghosts90.as):00066                             bne       STGH1
                      (      ghosts90.as):00067         
0046 3410             (      ghosts90.as):00068                             pshs      X                   Save X reg.
                      (      ghosts90.as):00069         
0048 8601             (      ghosts90.as):00070                             lda       #1                  Set for blank ghost
004A B70000           (      ghosts90.as):00071                             sta       PGBFN
004D CC012C           (      ghosts90.as):00072                             ldd       #300
0050 FD0000           (      ghosts90.as):00073                             std       PGXLOC
0053 CC000A           (      ghosts90.as):00074                             ldd       #10
0056 FD0000           (      ghosts90.as):00075                             std       PGYLOC
0059 170000           (      ghosts90.as):00076                             lbsr      PUTGHT
                      (      ghosts90.as):00077         
005C 3510             (      ghosts90.as):00078                             puls      X                   Restore X reg.
                      (      ghosts90.as):00079         
005E CC013D           (      ghosts90.as):00080                             ldd       #317                Set new X screen location
0061 ED02             (      ghosts90.as):00081                             std       2,X
0063 ED06             (      ghosts90.as):00082                             std       6,X
0065 FD0000           (      ghosts90.as):00083                             std       PGXLOC
0068 CC00A9           (      ghosts90.as):00084                             ldd       #169                Set new Y screen location
006B ED04             (      ghosts90.as):00085                             std       4,X
006D ED08             (      ghosts90.as):00086                             std       8,X
006F FD0000           (      ghosts90.as):00087                             std       PGYLOC
0072 CC0E6C           (      ghosts90.as):00088                             ldd       #3692               Set new array location
0075 ED84             (      ghosts90.as):00089                             std       ,X
0077 E60B             (      ghosts90.as):00090                             ldb       11,X
0079 F70000           (      ghosts90.as):00091                             stb       PGBFN
007C 16015A           (      ghosts90.as):00092                             lbra      PUTGH
                      (      ghosts90.as):00093         
007F 830045           (      ghosts90.as):00094         STGH1               subd      #69                 Move up one space in array
0082 ED84             (      ghosts90.as):00095                             std       ,X                  Save new array location
0084 EC02             (      ghosts90.as):00096                             ldd       2,X                 Get NEW scrn X location
0086 ED06             (      ghosts90.as):00097                             std       6,X                 G1XOLD = G1XNEW
0088 FD0000           (      ghosts90.as):00098                             std       PGXLOC              Put it in PUTGHT string
008B EC04             (      ghosts90.as):00099                             ldd       4,X                 Get NEW scrn Y location
008D 830003           (      ghosts90.as):00100                             subd      #3                  Move up 3 scrn lines
0090 ED04             (      ghosts90.as):00101                             std       4,X                 Save new scrn Y location
0092 ED08             (      ghosts90.as):00102                             std       8,X                 G1YOLD = G1YNEW
0094 FD0000           (      ghosts90.as):00103                             std       PGYLOC              Also put it in PUTGHS
0097 E60B             (      ghosts90.as):00104                             ldb       11,X                Get ghost buffer #
0099 F70000           (      ghosts90.as):00105                             stb       PGBFN               Put it in PUTGHS string
009C 16013A           (      ghosts90.as):00106                             lbra      PUTGH               Go put ghost back on scrn
                      (      ghosts90.as):00107         *     Move ghost left on screen
009F 4A               (      ghosts90.as):00108         LEFT                deca                          Decrement direction flag
00A0 265B             (      ghosts90.as):00109                             bne       RIGHT
00A2 EC84             (      ghosts90.as):00110                             ldd       ,X                  Get ghost array offset
                      (      ghosts90.as):00111         
00A4 108306BD         (      ghosts90.as):00112                             cmpd      #1725               Off screen to left ?
00A8 2631             (      ghosts90.as):00113                             bne       STGH2
                      (      ghosts90.as):00114         
00AA 3410             (      ghosts90.as):00115                             pshs      X                   Save X reg.
                      (      ghosts90.as):00116         
00AC 8601             (      ghosts90.as):00117                             lda       #1                  Set for blank ghost
00AE B70000           (      ghosts90.as):00118                             sta       PGBFN
00B1 CC0025           (      ghosts90.as):00119                             ldd       #37
00B4 FD0000           (      ghosts90.as):00120                             std       PGXLOC
00B7 CC0055           (      ghosts90.as):00121                             ldd       #85
00BA FD0000           (      ghosts90.as):00122                             std       PGYLOC
00BD 170000           (      ghosts90.as):00123                             lbsr      PUTGHT
                      (      ghosts90.as):00124         
00C0 3510             (      ghosts90.as):00125                             puls      X                   Restore X reg.
                      (      ghosts90.as):00126         
00C2 CC0245           (      ghosts90.as):00127                             ldd       #581
00C5 ED02             (      ghosts90.as):00128                             std       2,X
00C7 ED06             (      ghosts90.as):00129                             std       6,X
00C9 FD0000           (      ghosts90.as):00130                             std       PGXLOC
00CC CC0701           (      ghosts90.as):00131                             ldd       #1793
00CF ED84             (      ghosts90.as):00132                             std       ,X
00D1 A60B             (      ghosts90.as):00133                             lda       11,X
00D3 8B01             (      ghosts90.as):00134                             adda      #1
00D5 B70000           (      ghosts90.as):00135                             sta       PGBFN
00D8 1600FE           (      ghosts90.as):00136                             lbra      PUTGH
                      (      ghosts90.as):00137         
00DB 830001           (      ghosts90.as):00138         STGH2               subd      #1                  Move left 1 space in array
00DE ED84             (      ghosts90.as):00139                             std       ,X                  Save new array location
00E0 EC02             (      ghosts90.as):00140                             ldd       2,X                 Get NEW scrn X location
00E2 830008           (      ghosts90.as):00141                             subd      #8                  Move 8 pixels left on scrn
00E5 ED02             (      ghosts90.as):00142                             std       2,X                 Save NEW scrn X location
00E7 ED06             (      ghosts90.as):00143                             std       6,X                 G1XOLD = G1XNEW
00E9 FD0000           (      ghosts90.as):00144                             std       PGXLOC              Also put it in PUTGHT
00EC EC04             (      ghosts90.as):00145                             ldd       4,X                 Get ghost scrn Y location
00EE ED08             (      ghosts90.as):00146                             std       8,X                 G1YOLD = G1YNEW
00F0 FD0000           (      ghosts90.as):00147                             std       PGYLOC              Put it in PUTGHT string
00F3 E60B             (      ghosts90.as):00148                             ldb       11,X                Get ghost buffer #
00F5 CB01             (      ghosts90.as):00149                             addb      #1                  Add direction offset
00F7 F70000           (      ghosts90.as):00150                             stb       PGBFN               Put it in PUTGHT string
00FA 1600DC           (      ghosts90.as):00151                             lbra      PUTGH               Go put ghost back on scrn
                      (      ghosts90.as):00152         *     Move ghost right on screen
00FD 4A               (      ghosts90.as):00153         RIGHT               deca                          Decrement direction flag
00FE 2669             (      ghosts90.as):00154                             bne       DOWN
0100 EC84             (      ghosts90.as):00155                             ldd       ,X                  Get ghost array offset
                      (      ghosts90.as):00156         
0102 10830701         (      ghosts90.as):00157                             cmpd      #1793               Off screen to right ?
0106 2634             (      ghosts90.as):00158                             bne       STGH3               If not, continue
                      (      ghosts90.as):00159         
0108 3410             (      ghosts90.as):00160                             pshs      X                   Save X reg.
                      (      ghosts90.as):00161         
010A 8601             (      ghosts90.as):00162                             lda       #1                  Set for blank ghost
010C B70000           (      ghosts90.as):00163                             sta       PGBFN
010F CC0245           (      ghosts90.as):00164                             ldd       #581
0112 FD0000           (      ghosts90.as):00165                             std       PGXLOC
0115 CC0055           (      ghosts90.as):00166                             ldd       #85
0118 FD0000           (      ghosts90.as):00167                             std       PGYLOC
011B 170000           (      ghosts90.as):00168                             lbsr      PUTGHT
                      (      ghosts90.as):00169         
011E 3510             (      ghosts90.as):00170                             puls      X                   Restore X reg.
                      (      ghosts90.as):00171         
0120 CC0025           (      ghosts90.as):00172                             ldd       #37
0123 ED02             (      ghosts90.as):00173                             std       2,X
0125 830008           (      ghosts90.as):00174                             subd      #8
0128 ED06             (      ghosts90.as):00175                             std       6,X
012A FD0000           (      ghosts90.as):00176                             std       PGXLOC
012D CC06BD           (      ghosts90.as):00177                             ldd       #1725
0130 ED84             (      ghosts90.as):00178                             std       ,X
0132 A60B             (      ghosts90.as):00179                             lda       11,X
0134 8B02             (      ghosts90.as):00180                             adda      #2
0136 B70000           (      ghosts90.as):00181                             sta       PGBFN
0139 16009D           (      ghosts90.as):00182                             lbra      PUTGH
                      (      ghosts90.as):00183         
013C C30001           (      ghosts90.as):00184         STGH3               addd      #1                  Move 1 space right in array
013F ED84             (      ghosts90.as):00185                             std       ,X                  Save new array location
0141 EC06             (      ghosts90.as):00186                             ldd       6,X                 Get OLD scrn X location
0143 10A302           (      ghosts90.as):00187                             cmpd      2,X                 Compare it to NEW
0146 2705             (      ghosts90.as):00188                             beq       SKIPRT
0148 C30008           (      ghosts90.as):00189                             addd      #8                  Add 8 to it
014B ED06             (      ghosts90.as):00190                             std       6,X                 Save in OLD scrn x location
014D EC02             (      ghosts90.as):00191         SKIPRT              ldd       2,X                 Get NEW scrn X location
014F C30008           (      ghosts90.as):00192                             addd      #8                  Move 8 pixels right on scrn
0152 ED02             (      ghosts90.as):00193                             std       2,X                 Save NEW scrn X location
0154 EC06             (      ghosts90.as):00194                             ldd       6,X                 Get OLD scrn X location
0156 FD0000           (      ghosts90.as):00195                             std       PGXLOC              Also put it in PUTGHT
0159 EC04             (      ghosts90.as):00196                             ldd       4,X                 Get ghost scrn Y location
015B ED08             (      ghosts90.as):00197                             std       8,X                 G1YOLD = G1YNEW
015D FD0000           (      ghosts90.as):00198                             std       PGYLOC              Put it in PUTGHT string
0160 E60B             (      ghosts90.as):00199                             ldb       11,X                Get ghost buffer #
0162 CB02             (      ghosts90.as):00200                             addb      #2                  Add direction offset
0164 F70000           (      ghosts90.as):00201                             stb       PGBFN               Put it in PUTGHT string
0167 2070             (      ghosts90.as):00202                             bra       PUTGH               Go put ghost back on scrn
                      (      ghosts90.as):00203         *     Move ghost down on screen
0169 EC84             (      ghosts90.as):00204         DOWN                ldd       ,X                  Get ghost array offset
016B 10830E6C         (      ghosts90.as):00205                             cmpd      #3692               At bottom of screen?
016F 263D             (      ghosts90.as):00206                             bne       STGH4
                      (      ghosts90.as):00207         
0171 3410             (      ghosts90.as):00208                             pshs      X                   Save X reg.
                      (      ghosts90.as):00209         
0173 8601             (      ghosts90.as):00210                             lda       #1
0175 B70000           (      ghosts90.as):00211                             sta       PGBFN
0178 CC013D           (      ghosts90.as):00212                             ldd       #317
017B FD0000           (      ghosts90.as):00213                             std       PGXLOC
017E CC00A9           (      ghosts90.as):00214                             ldd       #169
0181 FD0000           (      ghosts90.as):00215                             std       PGYLOC
0184 170000           (      ghosts90.as):00216                             lbsr      PUTGHT
                      (      ghosts90.as):00217         
0187 3510             (      ghosts90.as):00218                             puls      X                   Restore X reg.
                      (      ghosts90.as):00219         
0189 CC012D           (      ghosts90.as):00220                             ldd       #301
018C ED02             (      ghosts90.as):00221                             std       2,X
018E ED06             (      ghosts90.as):00222                             std       6,X
0190 FD0000           (      ghosts90.as):00223                             std       PGXLOC
0193 CC0007           (      ghosts90.as):00224                             ldd       #07
0196 ED08             (      ghosts90.as):00225                             std       8,X
0198 FD0000           (      ghosts90.as):00226                             std       PGYLOC
019B C30003           (      ghosts90.as):00227                             addd      #3
019E ED04             (      ghosts90.as):00228                             std       4,X
01A0 CC0021           (      ghosts90.as):00229                             ldd       #33
01A3 ED84             (      ghosts90.as):00230                             std       ,X
01A5 E60B             (      ghosts90.as):00231                             ldb       11,X
01A7 CB03             (      ghosts90.as):00232                             addb      #3
01A9 F70000           (      ghosts90.as):00233                             stb       PGBFN
01AC 202B             (      ghosts90.as):00234                             bra       PUTGH
                      (      ghosts90.as):00235         
01AE C30045           (      ghosts90.as):00236         STGH4               addd      #69                 Move 1 line down in array
01B1 ED84             (      ghosts90.as):00237                             std       ,X                  Save new array location
01B3 EC08             (      ghosts90.as):00238                             ldd       8,X                 Get OLD Y location
01B5 10A304           (      ghosts90.as):00239                             cmpd      4,X                 Compare it to NEW Y
01B8 2705             (      ghosts90.as):00240                             beq       SKIPDN
01BA C30003           (      ghosts90.as):00241                             addd      #3                  Add 3 to it
01BD ED08             (      ghosts90.as):00242                             std       8,X                 Put result back in OLD Y
01BF EC04             (      ghosts90.as):00243         SKIPDN              ldd       4,X                 Get NEW Y location
01C1 C30003           (      ghosts90.as):00244                             addd      #3                  Add 3 to it
01C4 ED04             (      ghosts90.as):00245                             std       4,X                 Put result back in NEW Y
01C6 EC08             (      ghosts90.as):00246                             ldd       8,X                 Get OLD scrn Y location
01C8 FD0000           (      ghosts90.as):00247                             std       PGYLOC              Also put it in PUTGHT
01CB EC02             (      ghosts90.as):00248                             ldd       2,X                 Get ghost scrn X location
01CD ED06             (      ghosts90.as):00249                             std       6,X                 G1XOLD = G1XNEW
01CF FD0000           (      ghosts90.as):00250                             std       PGXLOC              Put it in PUTGHT string
01D2 E60B             (      ghosts90.as):00251                             ldb       11,X                Get ghost buffer #
01D4 CB03             (      ghosts90.as):00252                             addb      #3                  Add direction offset
01D6 F70000           (      ghosts90.as):00253                             stb       PGBFN               Put it in PUTGHT string
                      (      ghosts90.as):00254         
                      (      ghosts90.as):00255         *     Before we put ghost back on screen we first
                      (      ghosts90.as):00256         *     check to see if we got pacman, if so, set flag
                      (      ghosts90.as):00257         *     put any dots back on screen that were erased
                      (      ghosts90.as):00258         *     by the ghost when it moved
                      (      ghosts90.as):00259         
01D9 EC02             (      ghosts90.as):00260         PUTGH               ldd       2,X                 Get ghost scrn X location
01DB C30014           (      ghosts90.as):00261                             addd      #20
01DE 10B30000         (      ghosts90.as):00262                             cmpd      PXNEW               Compare to left side of pman
01E2 2F37             (      ghosts90.as):00263                             ble       GOLOOK
01E4 FC0000           (      ghosts90.as):00264                             ldd       PXNEW               Get pacman scrn X location
01E7 C30016           (      ghosts90.as):00265                             addd      #22
01EA 10A302           (      ghosts90.as):00266                             cmpd      2,X                 Compare to left side of ghost
01ED 2F2C             (      ghosts90.as):00267                             ble       GOLOOK
01EF EC04             (      ghosts90.as):00268                             ldd       4,X                 Get ghost scrn Y location
01F1 C3000A           (      ghosts90.as):00269                             addd      #10
01F4 10B30000         (      ghosts90.as):00270                             cmpd      PYNEW               Compare to top of pacman
01F8 2F21             (      ghosts90.as):00271                             ble       GOLOOK
01FA FC0000           (      ghosts90.as):00272                             ldd       PYNEW               Get pacman scrn Y location
01FD C3000A           (      ghosts90.as):00273                             addd      #10
0200 10A304           (      ghosts90.as):00274                             cmpd      4,X                 Compare to top of ghost
0203 2F16             (      ghosts90.as):00275                             ble       GOLOOK
                      (      ghosts90.as):00276         
0205 8601             (      ghosts90.as):00277                             lda       #1
0207 B70000           (      ghosts90.as):00278                             sta       HITFLG              Set HIT FLAG
020A E60A             (      ghosts90.as):00279                             ldb       10,X                Check status
020C C101             (      ghosts90.as):00280                             cmpb      #1
020E 270B             (      ghosts90.as):00281                             beq       GOLOOK
0210 86FF             (      ghosts90.as):00282                             lda       #-1
0212 B70000           (      ghosts90.as):00283                             sta       HITFLG
0215 B60000           (      ghosts90.as):00284                             lda       GCOUNT
0218 B70000           (      ghosts90.as):00285                             sta       GHTHIT
                      (      ghosts90.as):00286         
021B EC84             (      ghosts90.as):00287         GOLOOK              ldd       ,X
021D 10830021         (      ghosts90.as):00288                             cmpd      #33
0221 2F22             (      ghosts90.as):00289                             ble       SKIPDT
0223 10830E6C         (      ghosts90.as):00290                             cmpd      #3692
0227 2C1C             (      ghosts90.as):00291                             bge       SKIPDT
0229 8D1E             (      ghosts90.as):00292                             bsr       LOOK                Go look for dots to restore
022B 8100             (      ghosts90.as):00293                             cmpa      #0                  A will be >0 if dot found
022D 2716             (      ghosts90.as):00294                             beq       SKIPDT              Branch if no dot to put back
022F B70000           (      ghosts90.as):00295                             sta       PDBFN               Put dot buff# in PUTDOT
                      (      ghosts90.as):00296         
                      (      ghosts90.as):00297         *     Put both dot(or pill) and ghost
                      (      ghosts90.as):00298         *     This routine will output both DOTCODE & PUTCODE
                      (      ghosts90.as):00299         
0232 30C90000         (      ghosts90.as):00300                             leax      PUTGHS,U            Point to Putghost's rmb's
0236 108E0010         (      ghosts90.as):00301                             ldy       #16                 8 for dot & 8 for ghost
023A B60000           (      ghosts90.as):00302                             lda       PATH                Set output path
023D 103F00           (      ghosts90.as):00303                             os9       I$Write             Output PUTBLK code
0240 10250000         (      ghosts90.as):00304                             lbcs      ERR1                Branch if any errors
0244 39               (      ghosts90.as):00305                             rts                           Return to MAIN
                      (      ghosts90.as):00306         
0245 170000           (      ghosts90.as):00307         SKIPDT              lbsr      PUTGHT              Go put ghost back on screen
0248 39               (      ghosts90.as):00308         MAINRT              rts                           Return to MAIN
                      (      ghosts90.as):00309         
                      (      ghosts90.as):00310         *     The following routines look for any dots to
                      (      ghosts90.as):00311         *          replace after ghosts move on.
                      (      ghosts90.as):00312         
0249 31C90000         (      ghosts90.as):00313         LOOK                leay      ARRAY,U             Point to start of array
024D A60E             (      ghosts90.as):00314                             lda       14,X                Get direction flag
024F 10270080         (      ghosts90.as):00315                             lbeq      LOOKDN              Ghost moving up, look down
0253 4A               (      ghosts90.as):00316                             deca
0254 102700F1         (      ghosts90.as):00317                             lbeq      LOOKRT              Ghost moving left, look right
0258 4A               (      ghosts90.as):00318                             deca
0259 10270140         (      ghosts90.as):00319                             lbeq      LOOKLF              Ghost moving right, look left
                      (      ghosts90.as):00320         *     Moving DOWN, so look UP
025D EC84             (      ghosts90.as):00321         LOOKUP              ldd       ,X                  Get ghost array offset
025F 830045           (      ghosts90.as):00322                             subd      #69                 Move up 1 space in array
0262 31AB             (      ghosts90.as):00323                             leay      D,Y                 Point Y reg. here
0264 E6A4             (      ghosts90.as):00324                             ldb       ,Y                  Look at byte there
0266 102B0183         (      ghosts90.as):00325                             lbmi      NODOT
026A E6A8BB           (      ghosts90.as):00326                             ldb       -69,Y               Look at byte 1 line up
026D 102B017C         (      ghosts90.as):00327                             lbmi      NODOT
0271 C101             (      ghosts90.as):00328                             cmpb      #1                  Check for intersection
0273 2F2A             (      ghosts90.as):00329                             ble       LOOKU3              Go look 3 spaces up
0275 C103             (      ghosts90.as):00330                             cmpb      #3                  Is it a power dot?
0277 2213             (      ghosts90.as):00331                             bhi       POWU2
0279 EC02             (      ghosts90.as):00332                             ldd       2,X                 Get ghost scrn X location
027B C30007           (      ghosts90.as):00333                             addd      #7                  Move right 7 pixels
027E FD0000           (      ghosts90.as):00334                             std       PDXLOC              Put result in PUTDOT
0281 EC04             (      ghosts90.as):00335                             ldd       4,X                 Get ghost scrn Y location
0283 830003           (      ghosts90.as):00336                             subd      #3                  Move 3 pixel up
0286 FD0000           (      ghosts90.as):00337                             std       PDYLOC              Put result in PUTDOT
0289 862A             (      ghosts90.as):00338                             lda       #42                 Set flag(Buff# for dot)
028B 39               (      ghosts90.as):00339                             rts                           Return to PUTGH
028C EC02             (      ghosts90.as):00340         POWU2               ldd       2,X                 Get ghost scrn X location
028E C30005           (      ghosts90.as):00341                             addd      #5
0291 FD0000           (      ghosts90.as):00342                             std       PDXLOC              Put result in PUTDOT
0294 EC04             (      ghosts90.as):00343                             ldd       4,X                 Get ghost scrn Y location
0296 830003           (      ghosts90.as):00344                             subd      #3
0299 FD0000           (      ghosts90.as):00345                             std       PDYLOC              Put result in PUTDOT
029C 8634             (      ghosts90.as):00346                             lda       #52                 Set flag(Buff# for power dot)
029E 39               (      ghosts90.as):00347                             rts                           Return to PUTGH
                      (      ghosts90.as):00348         
029F E6A9FF76         (      ghosts90.as):00349         LOOKU3              ldb       -138,Y              Get byte there
02A3 C101             (      ghosts90.as):00350                             cmpb      #1
02A5 102F0144         (      ghosts90.as):00351                             lble      NODOT
02A9 C103             (      ghosts90.as):00352                             cmpb      #3                  Is it a wall?
02AB 2213             (      ghosts90.as):00353                             bhi       POWU3
02AD EC02             (      ghosts90.as):00354                             ldd       2,X                 Get ghost scrn X location
02AF C30007           (      ghosts90.as):00355                             addd      #7                  Add offset to dot location
02B2 FD0000           (      ghosts90.as):00356                             std       PDXLOC              Put result in PUTDOT string
02B5 EC04             (      ghosts90.as):00357                             ldd       4,X                 Get ghost scrn Y location
02B7 830006           (      ghosts90.as):00358                             subd      #6                  Subtract offset
02BA FD0000           (      ghosts90.as):00359                             std       PDYLOC              Put result in PUTDOT string
02BD 8628             (      ghosts90.as):00360                             lda       #40                 Set flag (Also Buff #)
02BF 39               (      ghosts90.as):00361                             rts
                      (      ghosts90.as):00362         
02C0 EC02             (      ghosts90.as):00363         POWU3               ldd       2,X                 Get ghost scrn X location
02C2 C30005           (      ghosts90.as):00364                             addd      #5                  Add offset to dot location
02C5 FD0000           (      ghosts90.as):00365                             std       PDXLOC              Put result in PUTDOT string
02C8 EC04             (      ghosts90.as):00366                             ldd       4,X                 Get ghost scrn Y location
02CA 830006           (      ghosts90.as):00367                             subd      #6                  Subtract offset
02CD FD0000           (      ghosts90.as):00368                             std       PDYLOC              Put result in PUTDOT string
02D0 8632             (      ghosts90.as):00369                             lda       #50                 Set flag (Also Buff #)
02D2 39               (      ghosts90.as):00370                             rts
                      (      ghosts90.as):00371         
                      (      ghosts90.as):00372         *    The following routines are not commented because
                      (      ghosts90.as):00373         *    they are all identical to the LOOKUP routines
                      (      ghosts90.as):00374         *    except for the use of different buffer numbers
                      (      ghosts90.as):00375         *    and different offset values.
                      (      ghosts90.as):00376         *
                      (      ghosts90.as):00377         *   Moving UP, so look down
                      (      ghosts90.as):00378         
02D3 EC84             (      ghosts90.as):00379         LOOKDN              ldd       ,X
02D5 C30045           (      ghosts90.as):00380                             addd      #69
02D8 31AB             (      ghosts90.as):00381                             leay      D,Y
02DA E6A4             (      ghosts90.as):00382                             ldb       ,Y
02DC 102B010D         (      ghosts90.as):00383                             lbmi      NODOT
02E0 E6A845           (      ghosts90.as):00384                             ldb       69,Y
02E3 102B0106         (      ghosts90.as):00385                             lbmi      NODOT
02E7 C101             (      ghosts90.as):00386                             cmpb      #1
02E9 2F2A             (      ghosts90.as):00387                             ble       LOOKD3
02EB C103             (      ghosts90.as):00388                             cmpb      #3
02ED 2213             (      ghosts90.as):00389                             bhi       POWD2
02EF EC02             (      ghosts90.as):00390                             ldd       2,X
02F1 C30007           (      ghosts90.as):00391                             addd      #7
02F4 FD0000           (      ghosts90.as):00392                             std       PDXLOC
02F7 EC04             (      ghosts90.as):00393                             ldd       4,X
02F9 C30009           (      ghosts90.as):00394                             addd      #9
02FC FD0000           (      ghosts90.as):00395                             std       PDYLOC
02FF 862B             (      ghosts90.as):00396                             lda       #43
0301 39               (      ghosts90.as):00397                             rts
                      (      ghosts90.as):00398         
0302 EC02             (      ghosts90.as):00399         POWD2               ldd       2,X
0304 C30005           (      ghosts90.as):00400                             addd      #5
0307 FD0000           (      ghosts90.as):00401                             std       PDXLOC
030A EC04             (      ghosts90.as):00402                             ldd       4,X
030C C30009           (      ghosts90.as):00403                             addd      #9
030F FD0000           (      ghosts90.as):00404                             std       PDYLOC
0312 8635             (      ghosts90.as):00405                             lda       #53
0314 39               (      ghosts90.as):00406                             rts
                      (      ghosts90.as):00407         
0315 E6A9008A         (      ghosts90.as):00408         LOOKD3              ldb       138,Y
0319 C101             (      ghosts90.as):00409                             cmpb      #1
031B 102F00CE         (      ghosts90.as):00410                             lble      NODOT
031F C103             (      ghosts90.as):00411                             cmpb      #3
0321 2213             (      ghosts90.as):00412                             bhi       POWD3
0323 EC02             (      ghosts90.as):00413                             ldd       2,X
0325 C30007           (      ghosts90.as):00414                             addd      #7
0328 FD0000           (      ghosts90.as):00415                             std       PDXLOC
032B EC04             (      ghosts90.as):00416                             ldd       4,X
032D C3000C           (      ghosts90.as):00417                             addd      #12
0330 FD0000           (      ghosts90.as):00418                             std       PDYLOC
0333 8628             (      ghosts90.as):00419                             lda       #40
0335 39               (      ghosts90.as):00420                             rts
                      (      ghosts90.as):00421         
0336 EC02             (      ghosts90.as):00422         POWD3               ldd       2,X
0338 C30005           (      ghosts90.as):00423                             addd      #5
033B FD0000           (      ghosts90.as):00424                             std       PDXLOC
033E EC04             (      ghosts90.as):00425                             ldd       4,X
0340 C3000C           (      ghosts90.as):00426                             addd      #12
0343 FD0000           (      ghosts90.as):00427                             std       PDYLOC
0346 8632             (      ghosts90.as):00428                             lda       #50
0348 39               (      ghosts90.as):00429                             rts
                      (      ghosts90.as):00430         
                      (      ghosts90.as):00431         *    Moving LEFT, so look right
                      (      ghosts90.as):00432         
0349 EC84             (      ghosts90.as):00433         LOOKRT              ldd       ,X
034B 31AB             (      ghosts90.as):00434                             leay      D,Y
034D E621             (      ghosts90.as):00435                             ldb       1,Y
034F 102B009A         (      ghosts90.as):00436                             lbmi      NODOT
0353 E622             (      ghosts90.as):00437                             ldb       2,Y
0355 C101             (      ghosts90.as):00438                             cmpb      #1
0357 102F0092         (      ghosts90.as):00439                             lble      NODOT
035B C103             (      ghosts90.as):00440                             cmpb      #3
035D 2213             (      ghosts90.as):00441                             bhi       POWR2
035F EC02             (      ghosts90.as):00442                             ldd       2,X
0361 C30017           (      ghosts90.as):00443                             addd      #23
0364 FD0000           (      ghosts90.as):00444                             std       PDXLOC
0367 EC04             (      ghosts90.as):00445                             ldd       4,X
0369 C30003           (      ghosts90.as):00446                             addd      #3
036C FD0000           (      ghosts90.as):00447                             std       PDYLOC
036F 8628             (      ghosts90.as):00448                             lda       #40
0371 39               (      ghosts90.as):00449                             rts
                      (      ghosts90.as):00450         
0372 C106             (      ghosts90.as):00451         POWR2               cmpb      #6
0374 2713             (      ghosts90.as):00452                             beq       BONR2
0376 EC02             (      ghosts90.as):00453                             ldd       2,X
0378 C30015           (      ghosts90.as):00454                             addd      #21
037B FD0000           (      ghosts90.as):00455                             std       PDXLOC
037E EC04             (      ghosts90.as):00456                             ldd       4,X
0380 C30003           (      ghosts90.as):00457                             addd      #3
0383 FD0000           (      ghosts90.as):00458                             std       PDYLOC
0386 8632             (      ghosts90.as):00459                             lda       #50
0388 39               (      ghosts90.as):00460                             rts
                      (      ghosts90.as):00461         
0389 EC02             (      ghosts90.as):00462         BONR2               ldd       2,X
038B C3000F           (      ghosts90.as):00463                             addd      #15
038E FD0000           (      ghosts90.as):00464                             std       PDXLOC
0391 EC04             (      ghosts90.as):00465                             ldd       4,X
0393 C30001           (      ghosts90.as):00466                             addd      #1
0396 FD0000           (      ghosts90.as):00467                             std       PDYLOC
0399 B60000           (      ghosts90.as):00468                             lda       BONBUF
039C 39               (      ghosts90.as):00469                             rts
                      (      ghosts90.as):00470         
                      (      ghosts90.as):00471         *    Moving RIGHT, so look left
                      (      ghosts90.as):00472         
039D EC84             (      ghosts90.as):00473         LOOKLF              ldd       ,X
039F 31AB             (      ghosts90.as):00474                             leay      D,Y
03A1 E63F             (      ghosts90.as):00475                             ldb       -1,Y
03A3 2B48             (      ghosts90.as):00476                             bmi       NODOT
03A5 E63E             (      ghosts90.as):00477                             ldb       -2,Y
03A7 C101             (      ghosts90.as):00478                             cmpb      #1
03A9 2F42             (      ghosts90.as):00479                             ble       NODOT
03AB C103             (      ghosts90.as):00480                             cmpb      #3
03AD 2213             (      ghosts90.as):00481                             bhi       POWL2
03AF EC02             (      ghosts90.as):00482                             ldd       2,X
03B1 830009           (      ghosts90.as):00483                             subd      #9
03B4 FD0000           (      ghosts90.as):00484                             std       PDXLOC
03B7 EC04             (      ghosts90.as):00485                             ldd       4,X
03B9 C30003           (      ghosts90.as):00486                             addd      #3
03BC FD0000           (      ghosts90.as):00487                             std       PDYLOC
03BF 8628             (      ghosts90.as):00488                             lda       #40
03C1 39               (      ghosts90.as):00489                             rts
                      (      ghosts90.as):00490         
03C2 C106             (      ghosts90.as):00491         POWL2               cmpb      #6
03C4 2713             (      ghosts90.as):00492                             beq       BONL2
03C6 EC02             (      ghosts90.as):00493                             ldd       2,X
03C8 83000B           (      ghosts90.as):00494                             subd      #11
03CB FD0000           (      ghosts90.as):00495                             std       PDXLOC
03CE EC04             (      ghosts90.as):00496                             ldd       4,X
03D0 C30003           (      ghosts90.as):00497                             addd      #3
03D3 FD0000           (      ghosts90.as):00498                             std       PDYLOC
03D6 8632             (      ghosts90.as):00499                             lda       #50
03D8 39               (      ghosts90.as):00500                             rts
                      (      ghosts90.as):00501         
03D9 EC02             (      ghosts90.as):00502         BONL2               ldd       2,X
03DB 830011           (      ghosts90.as):00503                             subd      #17
03DE FD0000           (      ghosts90.as):00504                             std       PDXLOC
03E1 EC04             (      ghosts90.as):00505                             ldd       4,X
03E3 C30001           (      ghosts90.as):00506                             addd      #1
03E6 FD0000           (      ghosts90.as):00507                             std       PDYLOC
03E9 B60000           (      ghosts90.as):00508                             lda       BONBUF
03EC 39               (      ghosts90.as):00509                             rts
                      (      ghosts90.as):00510         
                      (      ghosts90.as):00511         *    This is the common exit for all the LOOK
                      (      ghosts90.as):00512         *    routines if no dot was found to replace.
                      (      ghosts90.as):00513         *    Clearing the A reg. is a flag for the
                      (      ghosts90.as):00514         *    PUTGH routine to let it know that no dot
                      (      ghosts90.as):00515         *    needs to be put back on the screen
                      (      ghosts90.as):00516         
03ED 4F               (      ghosts90.as):00517         NODOT               clra                          Clear flag
03EE 39               (      ghosts90.as):00518                             rts
                      (      ghosts90.as):00519         
                      (      ghosts90.as):00520         
                      (      ghosts90.as):00521                             endsect
                      (      ghosts90.as):00522         
                      (      ghosts90.as):00523         

Symbol Table:
[ sG] BONL2                            03D9 (code)
[ sG] BONR2                            0389 (code)
[ sG] CKSTAT                           0009 (code)
[ sG] DOWN                             0169 (code)
[ sG] GHCHCK                           0000 (code)
[ sG] GHMOVE                           001C (code)
[ sG] GOLOOK                           021B (code)
[ sG] LEFT                             009F (code)
[ sG] LOOK                             0249 (code)
[ sG] LOOKD3                           0315 (code)
[ sG] LOOKDN                           02D3 (code)
[ sG] LOOKLF                           039D (code)
[ sG] LOOKRT                           0349 (code)
[ sG] LOOKU3                           029F (code)
[ sG] LOOKUP                           025D (code)
[ sG] MAINRT                           0248 (code)
[ sG] NODOT                            03ED (code)
[ sG] NORUN                            0035 (code)
[ScG] NOS9MAJ                          0003
[ScG] NOS9MIN                          0000
[ScG] NOS9VER                          0003
[ sG] NOWALL                           003A (code)
[ sG] POWD2                            0302 (code)
[ sG] POWD3                            0336 (code)
[ sG] POWL2                            03C2 (code)
[ sG] POWR2                            0372 (code)
[ sG] POWU2                            028C (code)
[ sG] POWU3                            02C0 (code)
[ sG] PUTGH                            01D9 (code)
[ sG] RIGHT                            00FD (code)
[ sG] SKIPDN                           01BF (code)
[ sG] SKIPDT                           0245 (code)
[ sG] SKIPRT                           014D (code)
[ cG] STACK                            00FA
[ sG] STGH1                            007F (code)
[ sG] STGH2                            00DB (code)
[ sG] STGH3                            013C (code)
[ sG] STGH4                            01AE (code)
[ sG] UP                               003E (code)
