                      (vel1/cmds/grep.as):00001         ***********************************************************************
                      (vel1/cmds/grep.as):00002         * grep - Pattern matching utility
                      (vel1/cmds/grep.as):00003         *
                      (vel1/cmds/grep.as):00004         * Usage:  grep <-i> <-n> "pattern" [file]
                      (vel1/cmds/grep.as):00005         * Options:
                      (vel1/cmds/grep.as):00006         *    -i  case insensitive match
                      (vel1/cmds/grep.as):00007         *    -n  show line number with match
                      (vel1/cmds/grep.as):00008         *
                      (vel1/cmds/grep.as):00009         * Edt/Rev  YYYY/MM/DD  Modified by
                      (vel1/cmds/grep.as):00010         * Comment
                      (vel1/cmds/grep.as):00011         * ------------------------------------------------------------------
                      (vel1/cmds/grep.as):00012         *  01/01   1991/??/??  Boisy Gene Pitre
                      (vel1/cmds/grep.as):00013         * Created.
                      (vel1/cmds/grep.as):00014         
     00FE             (vel1/cmds/grep.as):00015         maxlinelen          equ       254
                      (vel1/cmds/grep.as):00016         
                      (vel1/cmds/grep.as):00017                             section   bss
0000                  (vel1/cmds/grep.as):00018         maskbyte            rmb       1                   byte used for masking case
0001                  (vel1/cmds/grep.as):00019         path                rmb       1                   path of file (or standard input)
0002                  (vel1/cmds/grep.as):00020         pattlen             rmb       1                   size of pattern
0003                  (vel1/cmds/grep.as):00021         tmpval              rmb       1                   temporary byte
0004                  (vel1/cmds/grep.as):00022         startpos            rmb       1                   the position in the line we start our search at
0005                  (vel1/cmds/grep.as):00023         stoppos             rmb       1                   the position in the line we end our search at
0006                  (vel1/cmds/grep.as):00024         counter             rmb       1                   counter for pattern size
0007                  (vel1/cmds/grep.as):00025         linesiz             rmb       1                   size of input line
0008                  (vel1/cmds/grep.as):00026         pattern             rmb       80                  line buffer
0058                  (vel1/cmds/grep.as):00027         numflag             rmb       1                   print line numbers if set
0059                  (vel1/cmds/grep.as):00028         linecnt             rmb       3                   up to 999999 lines
005C                  (vel1/cmds/grep.as):00029         linestr             rmb       7                   buffer for 6-digit number+space
0063                  (vel1/cmds/grep.as):00030         line                rmb       maxlinelen+1        line buffer
0162                  (vel1/cmds/grep.as):00031         stack               rmb       200
022A                  (vel1/cmds/grep.as):00032         params              rmb       200
                      (vel1/cmds/grep.as):00033                             endsect
                      (vel1/cmds/grep.as):00034                             
                      (vel1/cmds/grep.as):00035                             section   code
                      (vel1/cmds/grep.as):00036         
0000 0F00             (vel1/cmds/grep.as):00037         __start             clr       <path               clear path (assume standard input)
0002 0F00             (vel1/cmds/grep.as):00038                             clr       <numflag
0004 0F00             (vel1/cmds/grep.as):00039                             clr       <linecnt
0006 0F00             (vel1/cmds/grep.as):00040                             clr       <linecnt+1
0008 0F00             (vel1/cmds/grep.as):00041                             clr       <linecnt+2
000A 0F00             (vel1/cmds/grep.as):00042                             clr       <maskbyte           assume no case masking
                      (vel1/cmds/grep.as):00043         
000C A680             (vel1/cmds/grep.as):00044         Parse               lda       ,x+                 get char off cmd line
000E 8100             (vel1/cmds/grep.as):00045                             cmpa      #C$SPAC             is it a space?
0010 27FA             (vel1/cmds/grep.as):00046                             beq       Parse               yep, get next char
0012 8100             (vel1/cmds/grep.as):00047                             cmpa      #C$CR               is it a CR?
0014 273D             (vel1/cmds/grep.as):00048                             beq       Done                yep, premature, we're done
0016 812D             (vel1/cmds/grep.as):00049                             cmpa      #'-                 is it a dash?
0018 2706             (vel1/cmds/grep.as):00050                             beq       Parse2              yeah, go to option handler
001A 8122             (vel1/cmds/grep.as):00051                             cmpa      #'"                 is it a quote?
001C 2718             (vel1/cmds/grep.as):00052                             beq       GetStr              yep, go to pattern handler
001E 2033             (vel1/cmds/grep.as):00053                             bra       Done                else wrong usage, we're done
                      (vel1/cmds/grep.as):00054         
0020 A680             (vel1/cmds/grep.as):00055         Parse2              lda       ,x+                 get char after dash
0022 84DF             (vel1/cmds/grep.as):00056                             anda      #$DF                and mask it
0024 814E             (vel1/cmds/grep.as):00057                             cmpa      #'N                 is it an N for line numbers?
0026 2604             (vel1/cmds/grep.as):00058                             bne       Parse3              nope, try I
0028 9700             (vel1/cmds/grep.as):00059                             sta       <numflag            set the line numbers flag
002A 20E0             (vel1/cmds/grep.as):00060                             bra       Parse               and resume parsing
002C 8149             (vel1/cmds/grep.as):00061         Parse3              cmpa      #'I                 is it a I for case insensitivity?
002E 2623             (vel1/cmds/grep.as):00062                             bne       Done                nope, bad option, we're done
0030 8620             (vel1/cmds/grep.as):00063                             lda       #%00100000          assume masking
0032 9700             (vel1/cmds/grep.as):00064                             sta       <maskbyte           else clear the mask byte
0034 20D6             (vel1/cmds/grep.as):00065                             bra       Parse               and go back to parsing routine
                      (vel1/cmds/grep.as):00066         
0036 31C800           (vel1/cmds/grep.as):00067         GetStr              leay      <pattern,u          point to pattern buffer
0039 0F00             (vel1/cmds/grep.as):00068                             clr       <pattlen            and clear the size variable
                      (vel1/cmds/grep.as):00069         
003B A680             (vel1/cmds/grep.as):00070         Store               lda       ,x+                 get char
003D 8122             (vel1/cmds/grep.as):00071                             cmpa      #'"                 is it the ending quote?
003F 2716             (vel1/cmds/grep.as):00072                             beq       ChckFile            yep, see if a file was specified
0041 8100             (vel1/cmds/grep.as):00073                             cmpa      #C$CR               is it a CR?
0043 270E             (vel1/cmds/grep.as):00074                             beq       Done                yep, in middle of quote! we're done
0045 9A00             (vel1/cmds/grep.as):00075                             ora       <maskbyte           else mask char
0047 A7A0             (vel1/cmds/grep.as):00076                             sta       ,y+                 and save it in buffer
0049 0C00             (vel1/cmds/grep.as):00077                             inc       <pattlen            increment the size by one
004B 20EE             (vel1/cmds/grep.as):00078                             bra       Store               and get the next char
                      (vel1/cmds/grep.as):00079         
004D C100             (vel1/cmds/grep.as):00080         EOF                 cmpb      #E$EOF              is error an end-of-file?
004F 2603             (vel1/cmds/grep.as):00081                             bne       Error               nope, other error
0051 2000             (vel1/cmds/grep.as):00082                             bra       Done                else we're done
                      (vel1/cmds/grep.as):00083                             
0053 5F               (vel1/cmds/grep.as):00084         Done                clrb                          clear error register
0054 103F00           (vel1/cmds/grep.as):00085         Error               os9       F$Exit              and exit!
                      (vel1/cmds/grep.as):00086         
0057 A684             (vel1/cmds/grep.as):00087         ChckFile            lda       ,x                  get char
0059 8100             (vel1/cmds/grep.as):00088                             cmpa      #C$CR               is it a CR?
005B 2711             (vel1/cmds/grep.as):00089                             beq       ReadIn              yep, we'll use StdIn
005D 8100             (vel1/cmds/grep.as):00090                             cmpa      #C$SPAC             is it a space?
005F 2604             (vel1/cmds/grep.as):00091                             bne       GetFile             nope, its a filename char
0061 3001             (vel1/cmds/grep.as):00092                             leax      1,x                 else increment X
0063 20F2             (vel1/cmds/grep.as):00093                             bra       ChckFile            and get the next char
                      (vel1/cmds/grep.as):00094         
0065 8600             (vel1/cmds/grep.as):00095         GetFile             lda       #READ.              open for read
0067 103F00           (vel1/cmds/grep.as):00096                             os9       I$Open
006A 25E8             (vel1/cmds/grep.as):00097                             bcs       Error
006C 9700             (vel1/cmds/grep.as):00098                             sta       <path               and save the path
                      (vel1/cmds/grep.as):00099         
006E 108E00FE         (vel1/cmds/grep.as):00100         ReadIn              ldy       #maxlinelen         maximum characters to read
0072 30C800           (vel1/cmds/grep.as):00101                             leax      <line,u             point X to line buffer
0075 9600             (vel1/cmds/grep.as):00102                             lda       <path               load A with path number
0077 170000           (vel1/cmds/grep.as):00103                             lbsr      FGETS_NOCR
007A 25D1             (vel1/cmds/grep.as):00104                             bcs       EOF                 if error, check for EOF
007C 1F20             (vel1/cmds/grep.as):00105                             tfr       y,d                 transfer read size into D (we only care about B)
007E D000             (vel1/cmds/grep.as):00106                             subb      <pattlen            subtract pattern length from length of line just read in
0080 2BEC             (vel1/cmds/grep.as):00107                             bmi       ReadIn              if negative, line is longer than pattern
0082 D700             (vel1/cmds/grep.as):00108                             stb       <stoppos            else B is the end position of our search
0084 0F00             (vel1/cmds/grep.as):00109                             clr       <startpos           clear the starting pos
                      (vel1/cmds/grep.as):00110                             
                      (vel1/cmds/grep.as):00111         * count lines in BCD, 6-digit version (3 bytes)
0086 9600             (vel1/cmds/grep.as):00112                             lda       <linecnt+2
0088 4C               (vel1/cmds/grep.as):00113                             inca
0089 19               (vel1/cmds/grep.as):00114                             daa
008A 9700             (vel1/cmds/grep.as):00115                             sta       <linecnt+2
008C 240C             (vel1/cmds/grep.as):00116                             bcc       Match
008E 9900             (vel1/cmds/grep.as):00117                             adca      <linecnt+1
0090 19               (vel1/cmds/grep.as):00118                             daa
0091 9700             (vel1/cmds/grep.as):00119                             sta       <linecnt+1
0093 2405             (vel1/cmds/grep.as):00120                             bcc       Match
0095 9900             (vel1/cmds/grep.as):00121                             adca      <linecnt
0097 19               (vel1/cmds/grep.as):00122                             daa
0098 9700             (vel1/cmds/grep.as):00123                             sta       <linecnt
                      (vel1/cmds/grep.as):00124         
                      (vel1/cmds/grep.as):00125         * Comparison
                      (vel1/cmds/grep.as):00126         * X = the line to search
                      (vel1/cmds/grep.as):00127         * startpos,u = position in line to start our search
                      (vel1/cmds/grep.as):00128         * stoppos,u = position in line to stop our search
                      (vel1/cmds/grep.as):00129         * pattlen,u = the length of our search pattern
009A 9600             (vel1/cmds/grep.as):00130         Match               lda       <startpos           get the start position
009C 9100             (vel1/cmds/grep.as):00131                             cmpa      <stoppos            is it at or past the stop position?
009E 2ECE             (vel1/cmds/grep.as):00132                             bgt       ReadIn              if so, we're done
00A0 0C00             (vel1/cmds/grep.as):00133                             inc       <startpos           increment for next time
00A2 D600             (vel1/cmds/grep.as):00134                             ldb       <pattlen            load B with pattern size
00A4 D700             (vel1/cmds/grep.as):00135                             stb       <tmpval             save it as temporary
00A6 31C800           (vel1/cmds/grep.as):00136                             leay      <pattern,u          point Y to pattern
00A9 E686             (vel1/cmds/grep.as):00137         l@                  ldb       a,x                 else load A with char at X (line)
00AB DA00             (vel1/cmds/grep.as):00138                             orb       <maskbyte           mask it
00AD 3404             (vel1/cmds/grep.as):00139                             pshs      b                   save it on the stack
00AF E6A0             (vel1/cmds/grep.as):00140                             ldb       ,y+                 load A with char at Y (pattern)
00B1 E1E0             (vel1/cmds/grep.as):00141                             cmpb      ,s+                 compare it with saved byte
00B3 26E5             (vel1/cmds/grep.as):00142                             bne       Match               not the same, start over
00B5 4C               (vel1/cmds/grep.as):00143                             inca                          increment A as index into next char to compare
00B6 0A00             (vel1/cmds/grep.as):00144                             dec       <tmpval             decrement pattern length
00B8 26EF             (vel1/cmds/grep.as):00145                             bne       l@                  continue if we have more pattern to match
                      (vel1/cmds/grep.as):00146                             
00BA 0D00             (vel1/cmds/grep.as):00147         doline              tst       <numflag
00BC 2610             (vel1/cmds/grep.as):00148                             bne       bcdtoasc
                      (vel1/cmds/grep.as):00149         
00BE 30C800           (vel1/cmds/grep.as):00150         PrnLine             leax      <line,u             point to line buffer
00C1                  (vel1/cmds/grep.as):00151         PrnLine2
00C1 170000           (vel1/cmds/grep.as):00152                             lbsr      PUTS                print the string
00C4 170000           (vel1/cmds/grep.as):00153                             lbsr      PUTCR               put a CR
00C7 1025FF89         (vel1/cmds/grep.as):00154                             lbcs      Error               exit if error
00CB 16FFA0           (vel1/cmds/grep.as):00155                             lbra      ReadIn              else get next line
                      (vel1/cmds/grep.as):00156         
00CE                  (vel1/cmds/grep.as):00157         bcdtoasc
00CE 31C800           (vel1/cmds/grep.as):00158                             leay      <linestr,u
00D1 D600             (vel1/cmds/grep.as):00159                             ldb       <linecnt
00D3 8D17             (vel1/cmds/grep.as):00160                             bsr       btod                convert all 6 digits
00D5 D600             (vel1/cmds/grep.as):00161                             ldb       <linecnt+1
00D7 8D13             (vel1/cmds/grep.as):00162                             bsr       btod
00D9 D600             (vel1/cmds/grep.as):00163                             ldb       <linecnt+2
00DB 8D0F             (vel1/cmds/grep.as):00164                             bsr       btod
00DD 6FA4             (vel1/cmds/grep.as):00165                             clr       ,y
00DF 30C800           (vel1/cmds/grep.as):00166                             leax      <linestr+1,u        but print only last 5
                      (vel1/cmds/grep.as):00167         * to print 6 digits change previous line to leax linestr,u
00E2 170000           (vel1/cmds/grep.as):00168                             lbsr      PUTS                print the number
00E5 C63A             (vel1/cmds/grep.as):00169                             ldb       #':
00E7 170000           (vel1/cmds/grep.as):00170                             lbsr      PUTC
00EA 20D2             (vel1/cmds/grep.as):00171                             bra       PrnLine
                      (vel1/cmds/grep.as):00172         
00EC 3404             (vel1/cmds/grep.as):00173         btod                pshs      b
00EE 54               (vel1/cmds/grep.as):00174                             lsrb
00EF 54               (vel1/cmds/grep.as):00175                             lsrb
00F0 54               (vel1/cmds/grep.as):00176                             lsrb
00F1 54               (vel1/cmds/grep.as):00177                             lsrb
00F2 8D02             (vel1/cmds/grep.as):00178                             bsr       btod2
00F4 3504             (vel1/cmds/grep.as):00179                             puls      b
00F6 C40F             (vel1/cmds/grep.as):00180         btod2               andb      #$0F
00F8 CB30             (vel1/cmds/grep.as):00181                             addb      #'0
00FA E7A0             (vel1/cmds/grep.as):00182                             stb       ,y+
00FC 39               (vel1/cmds/grep.as):00183                             rts
                      (vel1/cmds/grep.as):00184                             
                      (vel1/cmds/grep.as):00185                             endsection

Symbol Table:
[ sG] __start                          0000 (code)
[ sG] bcdtoasc                         00CE (code)
[ sG] btod                             00EC (code)
[ sG] btod2                            00F6 (code)
[ sG] ChckFile                         0057 (code)
[ScG] coco3                            0001
[ sG] counter                          0006 (bss)
[ sG] doline                           00BA (code)
[ sG] Done                             0053 (code)
[ sG] EOF                              004D (code)
[ sG] Error                            0054 (code)
[ sG] GetFile                          0065 (code)
[ sG] GetStr                           0036 (code)
[ScG] H6309                            0001
[ sL] l@                               00A9 (code)
[ sG] line                             0063 (bss)
[ sG] linecnt                          0059 (bss)
[ sG] linesiz                          0007 (bss)
[ sG] linestr                          005C (bss)
[ sG] maskbyte                         0000 (bss)
[ sG] Match                            009A (code)
[ cG] maxlinelen                       00FE
[ScG] NOS9MAJ                          0003
[ScG] NOS9MIN                          0000
[ScG] NOS9VER                          0003
[ sG] numflag                          0058 (bss)
[ sG] params                           022A (bss)
[ sG] Parse                            000C (code)
[ sG] Parse2                           0020 (code)
[ sG] Parse3                           002C (code)
[ sG] path                             0001 (bss)
[ sG] pattern                          0008 (bss)
[ sG] pattlen                          0002 (bss)
[ sG] PrnLine                          00BE (code)
[ sG] PrnLine2                         00C1 (code)
[ sG] ReadIn                           006E (code)
[ sG] stack                            0162 (bss)
[ sG] startpos                         0004 (bss)
[ sG] stoppos                          0005 (bss)
[ sG] Store                            003B (code)
[ sG] tmpval                           0003 (bss)
