                      (       hex_bin.as):00001         ;;; HEX_BIN
                      (       hex_bin.as):00002         ;;;
                      (       hex_bin.as):00003         ;;; Hexadecimal string to binary conversion.
                      (       hex_bin.as):00004         ;;;
                      (       hex_bin.as):00005         ;;; Other modules needed: TO_UPPER, IS_TERMIN, IS_XDIGIT
                      (       hex_bin.as):00006         ;;;
                      (       hex_bin.as):00007         ;;; Entry:  X = The address of a hexadecimal string termianted by a space, comma, carriage return, or null.
                      (       hex_bin.as):00008         ;;;
                      (       hex_bin.as):00009         ;;; Exit:   D = The binary value.
                      (       hex_bin.as):00010         ;;;         Y = The terminator or error character position.
                      (       hex_bin.as):00011         ;;;
                      (       hex_bin.as):00012         ;;; Error:  B = A non-zero error code.
                      (       hex_bin.as):00013         ;;;        CC = Carry flag set to indicate error (too large, non-numeric).
                      (       hex_bin.as):00014         
                      (       hex_bin.as):00015                             section   .text
                      (       hex_bin.as):00016         
0000 4F               (       hex_bin.as):00017         HEX_BIN:            clra                          init number
0001 5F               (       hex_bin.as):00018                             clrb
0002 3416             (       hex_bin.as):00019                             pshs      d,x
0004 1F02             (       hex_bin.as):00020                             tfr       d,y                 digit counter
                      (       hex_bin.as):00021         
0006 E680             (       hex_bin.as):00022         loop                ldb       ,x+                 get next digit
0008 170000           (       hex_bin.as):00023                             lbsr      TO_UPPER            convert to uppercase
000B 170000           (       hex_bin.as):00024                             lbsr      IS_TERMIN           end of string?
000E 2725             (       hex_bin.as):00025                             beq       exit                yes, go home
0010 170000           (       hex_bin.as):00026                             lbsr      IS_XDIGIT           make sure it's valid digit
0013 2626             (       hex_bin.as):00027                             bne       error               not 0..9, a..f
0015 C139             (       hex_bin.as):00028                             cmpb      #'9                 convert to binary value
0017 2302             (       hex_bin.as):00029                             bls       notAtoF
0019 C007             (       hex_bin.as):00030                             subb      #7                  fix a..f
001B C030             (       hex_bin.as):00031         notAtoF             subb      #'0                 convert to binary 0..15
                      (       hex_bin.as):00032         
                      (       hex_bin.as):00033         * now shift the digit to bits 7..4
                      (       hex_bin.as):00034         
001D 58               (       hex_bin.as):00035                             lslb
001E 58               (       hex_bin.as):00036                             lslb
001F 58               (       hex_bin.as):00037                             lslb
0020 58               (       hex_bin.as):00038                             lslb
                      (       hex_bin.as):00039         
                      (       hex_bin.as):00040         * now shift the value in to the result
                      (       hex_bin.as):00041         
0021 8604             (       hex_bin.as):00042                             lda       #4                  number of bits
0023 58               (       hex_bin.as):00043         l1                  lslb                          digit bit to carry
0024 6961             (       hex_bin.as):00044                             rol       1,s                 carry bit to result
0026 6960             (       hex_bin.as):00045                             rol       0,s
0028 4A               (       hex_bin.as):00046                             deca                          done 4?
0029 26F8             (       hex_bin.as):00047                             bne       l1                  no, loop
                      (       hex_bin.as):00048         
002B 3121             (       hex_bin.as):00049                             leay      1,y                 number of digits done
002D 108C0004         (       hex_bin.as):00050                             cmpy      #4
0031 2208             (       hex_bin.as):00051                             bhi       error               more than 4
0033 20D1             (       hex_bin.as):00052                             bra       loop                keep going
                      (       hex_bin.as):00053         
                      (       hex_bin.as):00054         
0035 5F               (       hex_bin.as):00055         exit                clrb                          clear carry=no error
0036 10AF7E           (       hex_bin.as):00056                             sty       -2,s                test y (count)
0039 2606             (       hex_bin.as):00057                             bne       done                no digits?
                      (       hex_bin.as):00058         
003B 6F60             (       hex_bin.as):00059         error               clr       0,s
003D 6F61             (       hex_bin.as):00060                             clr       1,s
003F 1A01             (       hex_bin.as):00061                             orcc      #1                  set carry
                      (       hex_bin.as):00062         
0041 311F             (       hex_bin.as):00063         done                leay      -1,x                terminator/error pos
0043 3596             (       hex_bin.as):00064                             puls      d,x,pc
                      (       hex_bin.as):00065         
                      (       hex_bin.as):00066                             endsect
                      (       hex_bin.as):00067         
                      (       hex_bin.as):00068         

Symbol Table:
[ sG] done                             0041 (.text)
[ sG] error                            003B (.text)
[ sG] exit                             0035 (.text)
[ sG] HEX_BIN                          0000 (.text)
[ sG] l1                               0023 (.text)
[ sG] loop                             0006 (.text)
[ScG] NOS9MAJ                          0000
[ScG] NOS9MIN                          0000
[ScG] NOS9VER                          0000
[ sG] notAtoF                          001B (.text)
