                      (      is_alnum.as):00001         ;;; IS_ALNUM
                      (      is_alnum.as):00002         ;;;
                      (      is_alnum.as):00003         ;;; Test if a character is alphanumeric.
                      (      is_alnum.as):00004         ;;;
                      (      is_alnum.as):00005         ;;; Entry:  B = The character to test.
                      (      is_alnum.as):00006         ;;;
                      (      is_alnum.as):00007         ;;; Exit:  CC = Zero is 1 if the character is alphanumeric; otherwise, 0.
                      (      is_alnum.as):00008         ;;;
                      (      is_alnum.as):00009         
                      (      is_alnum.as):00010                             section   .text
                      (      is_alnum.as):00011         
0000 170000           (      is_alnum.as):00012         IS_ALNUM:           lbsr      IS_ALPHA
0003 2703             (      is_alnum.as):00013                             beq       yes                 upper/lowercase letters are alphanumeric
0005 170000           (      is_alnum.as):00014                             lbsr      IS_DIGIT            last chance to set flags.
                      (      is_alnum.as):00015         
0008 39               (      is_alnum.as):00016         yes                 rts
                      (      is_alnum.as):00017         
                      (      is_alnum.as):00018         
                      (      is_alnum.as):00019                             endsect
                      (      is_alnum.as):00020         

Symbol Table:
[ sG] IS_ALNUM                         0000 (.text)
[ScG] NOS9MAJ                          0000
[ScG] NOS9MIN                          0000
[ScG] NOS9VER                          0000
[ sG] yes                              0008 (.text)
