                      (      is_lower.as):00001         ;;; IS_LOWER
                      (      is_lower.as):00002         ;;;
                      (      is_lower.as):00003         ;;; Test if a character is a lowercase letter from a-z.
                      (      is_lower.as):00004         ;;;
                      (      is_lower.as):00005         ;;; Entry:  B = The character to test.
                      (      is_lower.as):00006         ;;;
                      (      is_lower.as):00007         ;;; Exit:  CC = Zero is 1 if the character is a lowercase letter; otherwise, 0.
                      (      is_lower.as):00008         ;;;
                      (      is_lower.as):00009         
                      (      is_lower.as):00010                             section   .text
                      (      is_lower.as):00011         
                      (      is_lower.as):00012         
0000 C161             (      is_lower.as):00013         IS_LOWER:           cmpb      #'a
0002 2506             (      is_lower.as):00014                             blo       no                  not lowercase, zero cleared
0004 C17A             (      is_lower.as):00015                             cmpb      #'z                 if equal, zero set
0006 2202             (      is_lower.as):00016                             bhi       no                  not lowc, zero cleared
0008 1A04             (      is_lower.as):00017                             orcc      #%00000100          set zero
                      (      is_lower.as):00018         
000A 39               (      is_lower.as):00019         no                  rts
                      (      is_lower.as):00020         
                      (      is_lower.as):00021                             endsect
                      (      is_lower.as):00022         

Symbol Table:
[ sG] IS_LOWER                         0000 (.text)
[ sG] no                               000A (.text)
[ScG] NOS9MAJ                          0000
[ScG] NOS9MIN                          0000
[ScG] NOS9VER                          0000
