                      (     is_termin.as):00001         ;;; IS_TERMIN
                      (     is_termin.as):00002         ;;;
                      (     is_termin.as):00003         ;;; Test if a character is a valid string terminator.
                      (     is_termin.as):00004         ;;;
                      (     is_termin.as):00005         ;;; Entry:  B = The character to test.
                      (     is_termin.as):00006         ;;;
                      (     is_termin.as):00007         ;;; Exit:  CC = Zero is 1 if the character is a valid string terminator; otherwise, 0.
                      (     is_termin.as):00008         ;;;
                      (     is_termin.as):00009         ;;; Valid string terminators are space, carriage return, comma, and null.
                      (     is_termin.as):00010         
                      (     is_termin.as):00011                             section   .text
                      (     is_termin.as):00012         
0000 5D               (     is_termin.as):00013         IS_TERMIN:          tstb                          null?
0001 270A             (     is_termin.as):00014                             beq       exit
0003 C120             (     is_termin.as):00015                             cmpb      #$20                space
0005 2706             (     is_termin.as):00016                             beq       exit
0007 C10D             (     is_termin.as):00017                             cmpb      #$0d                carriage return
0009 2702             (     is_termin.as):00018                             beq       exit
000B C12C             (     is_termin.as):00019                             cmpb      #',                 comma?
                      (     is_termin.as):00020         
000D 39               (     is_termin.as):00021         exit                rts
                      (     is_termin.as):00022         
                      (     is_termin.as):00023                             endsect
                      (     is_termin.as):00024         

Symbol Table:
[ sG] exit                             000D (.text)
[ sG] IS_TERMIN                        0000 (.text)
[ScG] NOS9MAJ                          0000
[ScG] NOS9MIN                          0000
[ScG] NOS9VER                          0000
