                      (isolatin1font.asm):00001         ********************************************************************
                      (isolatin1font.asm):00002         * isolatin1font - ISO Latn 1 Font Set
                      (isolatin1font.asm):00003         *
                      (isolatin1font.asm):00004         * Edt/Rev  YYYY/MM/DD  Modified by
                      (isolatin1font.asm):00005         * Comment
                      (isolatin1font.asm):00006         * ------------------------------------------------------------------
                      (isolatin1font.asm):00007         *          2003/11/26  Boisy G. Pitre
                      (isolatin1font.asm):00008         * Made into source form.
                      (isolatin1font.asm):00009         
                      (isolatin1font.asm):00010                             nam       isolatin1font
                      (isolatin1font.asm):00011                             ttl       ISO Latn 1 Font Set
                      (isolatin1font.asm):00012         
                      (isolatin1font.asm):00013                             org       0
                      (isolatin1font.asm):00014         
0000 1B2B             (isolatin1font.asm):00015         L0000               fcb       $1B,$2B
0002 C8               (isolatin1font.asm):00016                             fcb       $C8                 group #
0003 3F               (isolatin1font.asm):00017                             fcb       $3F                 buffer #
0004 05               (isolatin1font.asm):00018                             fcb       $05                 style 640x192x2
0005 0008             (isolatin1font.asm):00019                             fdb       $0008               xsize
0007 0008             (isolatin1font.asm):00020                             fdb       $0008               ysize
0009 0700             (isolatin1font.asm):00021                             fdb       $0700               bytes
                      (isolatin1font.asm):00022         
000B 201038043C       (isolatin1font.asm):00023         L0008               fcb       $20,$10,$38,$04,$3C ... .8.<
0010 443C00081038043C (isolatin1font.asm):00024         L0010               fcb       $44,$3C,$00,$08,$10,$38,$04,$3C D<...8.<
0018 443C00102838043C (isolatin1font.asm):00025         L0018               fcb       $44,$3C,$00,$10,$28,$38,$04,$3C D<..(8.<
0020 443C00205438043C (isolatin1font.asm):00026         L0020               fcb       $44,$3C,$00,$20,$54,$38,$04,$3C D<. T8.<
0028 443C00440038043C (isolatin1font.asm):00027         L0028               fcb       $44,$3C,$00,$44,$00,$38,$04,$3C D<.D.8.<
0030 443C00100038043C (isolatin1font.asm):00028         L0030               fcb       $44,$3C,$00,$10,$00,$38,$04,$3C D<...8.<
0038 443C000000EC127E (isolatin1font.asm):00029         L0038               fcb       $44,$3C,$00,$00,$00,$EC,$12,$7E D<...l.~
0040 907E000000384440 (isolatin1font.asm):00030         L0040               fcb       $90,$7E,$00,$00,$00,$38,$44,$40 .~...8D@
0048 443810201038447C (isolatin1font.asm):00031         L0048               fcb       $44,$38,$10,$20,$10,$38,$44,$7C D8. .8D|
0050 403800081038447C (isolatin1font.asm):00032         L0050               fcb       $40,$38,$00,$08,$10,$38,$44,$7C @8...8D|
0058 403800102838447C (isolatin1font.asm):00033         L0058               fcb       $40,$38,$00,$10,$28,$38,$44,$7C @8..(8D|
0060 403800440038447C (isolatin1font.asm):00034         L0060               fcb       $40,$38,$00,$44,$00,$38,$44,$7C @8.D.8D|
0068 4038002010003010 (isolatin1font.asm):00035         L0068               fcb       $40,$38,$00,$20,$10,$00,$30,$10 @8. ..0.
0070 1038000810003010 (isolatin1font.asm):00036         L0070               fcb       $10,$38,$00,$08,$10,$00,$30,$10 .8....0.
0078 1038001028003010 (isolatin1font.asm):00037         L0078               fcb       $10,$38,$00,$10,$28,$00,$30,$10 .8..(.0.
0080 1038004400301010 (isolatin1font.asm):00038         L0080               fcb       $10,$38,$00,$44,$00,$30,$10,$10 .8.D.0..
0088 103800E41828047C (isolatin1font.asm):00039         L0088               fcb       $10,$38,$00,$E4,$18,$28,$04,$7C .8.d.(.|
0090 8484782054085C64 (isolatin1font.asm):00040         L0090               fcb       $84,$84,$78,$20,$54,$08,$5C,$64 ..x T.\d
0098 4444002010384444 (isolatin1font.asm):00041         L0098               fcb       $44,$44,$00,$20,$10,$38,$44,$44 DD. .8DD
00A0 4438000810384444 (isolatin1font.asm):00042         L00A0               fcb       $44,$38,$00,$08,$10,$38,$44,$44 D8...8DD
00A8 4438001028384444 (isolatin1font.asm):00043         L00A8               fcb       $44,$38,$00,$10,$28,$38,$44,$44 D8..(8DD
00B0 4438002054083844 (isolatin1font.asm):00044         L00B0               fcb       $44,$38,$00,$20,$54,$08,$38,$44 D8. T.8D
00B8 4438004400384444 (isolatin1font.asm):00045         L00B8               fcb       $44,$38,$00,$44,$00,$38,$44,$44 D8.D.8DD
00C0 4438000010007C00 (isolatin1font.asm):00046         L00C0               fcb       $44,$38,$00,$00,$10,$00,$7C,$00 D8....|.
00C8 10000000023C4C54 (isolatin1font.asm):00047         L00C8               fcb       $10,$00,$00,$00,$02,$3C,$4C,$54 .....<LT
00D0 6478802010444444 (isolatin1font.asm):00048         L00D0               fcb       $64,$78,$80,$20,$10,$44,$44,$44 dx. .DDD
00D8 4C34000810444444 (isolatin1font.asm):00049         L00D8               fcb       $4C,$34,$00,$08,$10,$44,$44,$44 L4...DDD
00E0 4C34001028004444 (isolatin1font.asm):00050         L00E0               fcb       $4C,$34,$00,$10,$28,$00,$44,$44 L4..(.DD
00E8 4C34004400444444 (isolatin1font.asm):00051         L00E8               fcb       $4C,$34,$00,$44,$00,$44,$44,$44 L4.D.DDD
00F0 4C34000810444444 (isolatin1font.asm):00052         L00F0               fcb       $4C,$34,$00,$08,$10,$44,$44,$44 L4...DDD
00F8 3C04384040784444 (isolatin1font.asm):00053         L00F8               fcb       $3C,$04,$38,$40,$40,$78,$44,$44 <.8@@xDD
0100 7840404400444444 (isolatin1font.asm):00054         L0100               fcb       $78,$40,$40,$44,$00,$44,$44,$44 x@@D.DDD
0108 3C04380000000000 (isolatin1font.asm):00055         L0108               fcb       $3C,$04,$38,$00,$00,$00,$00,$00 <.8.....
0110 0000001010101010 (isolatin1font.asm):00056         L0110               fcb       $00,$00,$00,$10,$10,$10,$10,$10 ........
0118 0010002828280000 (isolatin1font.asm):00057         L0118               fcb       $00,$10,$00,$28,$28,$28,$00,$00 ...(((..
0120 00000028287C287C (isolatin1font.asm):00058         L0120               fcb       $00,$00,$00,$28,$28,$7C,$28,$7C ...((|(|
0128 282800103C503814 (isolatin1font.asm):00059         L0128               fcb       $28,$28,$00,$10,$3C,$50,$38,$14 ((..<P8.
0130 7810006064081020 (isolatin1font.asm):00060         L0130               fcb       $78,$10,$00,$60,$64,$08,$10,$20 x..`d..
0138 4C0C002050502054 (isolatin1font.asm):00061         L0138               fcb       $4C,$0C,$00,$20,$50,$50,$20,$54 L.. PP T
0140 4834001010200000 (isolatin1font.asm):00062         L0140               fcb       $48,$34,$00,$10,$10,$20,$00,$00 H4... ..
0148 0000000810202020 (isolatin1font.asm):00063         L0148               fcb       $00,$00,$00,$08,$10,$20,$20,$20 .....
0150 1008002010080808 (isolatin1font.asm):00064         L0150               fcb       $10,$08,$00,$20,$10,$08,$08,$08 ... ....
0158 1020000010543838 (isolatin1font.asm):00065         L0158               fcb       $10,$20,$00,$00,$10,$54,$38,$38 . ...T88
0160 5410000010107C10 (isolatin1font.asm):00066         L0160               fcb       $54,$10,$00,$00,$10,$10,$7C,$10 T.....|.
0168 1000000000000000 (isolatin1font.asm):00067         L0168               fcb       $10,$00,$00,$00,$00,$00,$00,$00 ........
0170 1010200000007C00 (isolatin1font.asm):00068         L0170               fcb       $10,$10,$20,$00,$00,$00,$7C,$00 .. ...|.
0178 0000000000000000 (isolatin1font.asm):00069         L0178               fcb       $00,$00,$00,$00,$00,$00,$00,$00 ........
0180 0010000004081020 (isolatin1font.asm):00070         L0180               fcb       $00,$10,$00,$00,$04,$08,$10,$20 .......
0188 40000038444C5464 (isolatin1font.asm):00071         L0188               fcb       $40,$00,$00,$38,$44,$4C,$54,$64 @..8DLTd
0190 4438001030101010 (isolatin1font.asm):00072         L0190               fcb       $44,$38,$00,$10,$30,$10,$10,$10 D8..0...
0198 1038003844043840 (isolatin1font.asm):00073         L0198               fcb       $10,$38,$00,$38,$44,$04,$38,$40 .8.8D.8@
01A0 407C003844040804 (isolatin1font.asm):00074         L01A0               fcb       $40,$7C,$00,$38,$44,$04,$08,$04 @|.8D...
01A8 443800081828487C (isolatin1font.asm):00075         L01A8               fcb       $44,$38,$00,$08,$18,$28,$48,$7C D8...(H|
01B0 0808007C40780404 (isolatin1font.asm):00076         L01B0               fcb       $08,$08,$00,$7C,$40,$78,$04,$04 ...|@x..
01B8 4438003840407844 (isolatin1font.asm):00077         L01B8               fcb       $44,$38,$00,$38,$40,$40,$78,$44 D8.8@@xD
01C0 4438007C04081020 (isolatin1font.asm):00078         L01C0               fcb       $44,$38,$00,$7C,$04,$08,$10,$20 D8.|...
01C8 4040003844443844 (isolatin1font.asm):00079         L01C8               fcb       $40,$40,$00,$38,$44,$44,$38,$44 @@.8DD8D
01D0 4438003844443804 (isolatin1font.asm):00080         L01D0               fcb       $44,$38,$00,$38,$44,$44,$38,$04 D8.8DD8.
01D8 0438000000100000 (isolatin1font.asm):00081         L01D8               fcb       $04,$38,$00,$00,$00,$10,$00,$00 .8......
01E0 1000000000100000 (isolatin1font.asm):00082         L01E0               fcb       $10,$00,$00,$00,$00,$10,$00,$00 ........
01E8 1010200810204020 (isolatin1font.asm):00083         L01E8               fcb       $10,$10,$20,$08,$10,$20,$40,$20 .. .. @
01F0 10080000007C007C (isolatin1font.asm):00084         L01F0               fcb       $10,$08,$00,$00,$00,$7C,$00,$7C .....|.|
01F8 0000002010080408 (isolatin1font.asm):00085         L01F8               fcb       $00,$00,$00,$20,$10,$08,$04,$08 ... ....
0200 1020003844040810 (isolatin1font.asm):00086         L0200               fcb       $10,$20,$00,$38,$44,$04,$08,$10 . .8D...
0208 001000384404344C (isolatin1font.asm):00087         L0208               fcb       $00,$10,$00,$38,$44,$04,$34,$4C ...8D.4L
0210 4C3800102844447C (isolatin1font.asm):00088         L0210               fcb       $4C,$38,$00,$10,$28,$44,$44,$7C L8..(DD|
0218 4444007824243824 (isolatin1font.asm):00089         L0218               fcb       $44,$44,$00,$78,$24,$24,$38,$24 DD.x$$8$
0220 2478003844404040 (isolatin1font.asm):00090         L0220               fcb       $24,$78,$00,$38,$44,$40,$40,$40 $x.8D@@@
0228 4438007824242424 (isolatin1font.asm):00091         L0228               fcb       $44,$38,$00,$78,$24,$24,$24,$24 D8.x$$$$
0230 2478007C40407040 (isolatin1font.asm):00092         L0230               fcb       $24,$78,$00,$7C,$40,$40,$70,$40 $x.|@@p@
0238 407C007C40407040 (isolatin1font.asm):00093         L0238               fcb       $40,$7C,$00,$7C,$40,$40,$70,$40 @|.|@@p@
0240 404000384440404C (isolatin1font.asm):00094         L0240               fcb       $40,$40,$00,$38,$44,$40,$40,$4C @@.8D@@L
0248 4438004444447C44 (isolatin1font.asm):00095         L0248               fcb       $44,$38,$00,$44,$44,$44,$7C,$44 D8.DDD|D
0250 4444003810101010 (isolatin1font.asm):00096         L0250               fcb       $44,$44,$00,$38,$10,$10,$10,$10 DD.8....
0258 1038000404040404 (isolatin1font.asm):00097         L0258               fcb       $10,$38,$00,$04,$04,$04,$04,$04 .8......
0260 4438004448506050 (isolatin1font.asm):00098         L0260               fcb       $44,$38,$00,$44,$48,$50,$60,$50 D8.DHP`P
0268 4844004040404040 (isolatin1font.asm):00099         L0268               fcb       $48,$44,$00,$40,$40,$40,$40,$40 HD.@@@@@
0270 407C00446C545444 (isolatin1font.asm):00100         L0270               fcb       $40,$7C,$00,$44,$6C,$54,$54,$44 @|.DlTTD
0278 444400444464544C (isolatin1font.asm):00101         L0278               fcb       $44,$44,$00,$44,$44,$64,$54,$4C DD.DDdTL
0280 4444003844444444 (isolatin1font.asm):00102         L0280               fcb       $44,$44,$00,$38,$44,$44,$44,$44 DD.8DDDD
0288 4438007844447840 (isolatin1font.asm):00103         L0288               fcb       $44,$38,$00,$78,$44,$44,$78,$40 D8.xDDx@
0290 4040003844444454 (isolatin1font.asm):00104         L0290               fcb       $40,$40,$00,$38,$44,$44,$44,$54 @@.8DDDT
0298 4834007844447850 (isolatin1font.asm):00105         L0298               fcb       $48,$34,$00,$78,$44,$44,$78,$50 H4.xDDxP
02A0 4844003844403804 (isolatin1font.asm):00106         L02A0               fcb       $48,$44,$00,$38,$44,$40,$38,$04 HD.8D@8.
02A8 4438007C10101010 (isolatin1font.asm):00107         L02A8               fcb       $44,$38,$00,$7C,$10,$10,$10,$10 D8.|....
02B0 1010004444444444 (isolatin1font.asm):00108         L02B0               fcb       $10,$10,$00,$44,$44,$44,$44,$44 ...DDDDD
02B8 4438004444442828 (isolatin1font.asm):00109         L02B8               fcb       $44,$38,$00,$44,$44,$44,$28,$28 D8.DDD((
02C0 1010004444444454 (isolatin1font.asm):00110         L02C0               fcb       $10,$10,$00,$44,$44,$44,$44,$54 ...DDDDT
02C8 6C44004444281028 (isolatin1font.asm):00111         L02C8               fcb       $6C,$44,$00,$44,$44,$28,$10,$28 lD.DD(.(
02D0 4444004444281010 (isolatin1font.asm):00112         L02D0               fcb       $44,$44,$00,$44,$44,$28,$10,$10 DD.DD(..
02D8 1010007C04081020 (isolatin1font.asm):00113         L02D8               fcb       $10,$10,$00,$7C,$04,$08,$10,$20 ...|...
02E0 407C003820202020 (isolatin1font.asm):00114         L02E0               fcb       $40,$7C,$00,$38,$20,$20,$20,$20 @|.8
02E8 2038000040201008 (isolatin1font.asm):00115         L02E8               fcb       $20,$38,$00,$00,$40,$20,$10,$08 8..@ ..
02F0 0400003808080808 (isolatin1font.asm):00116         L02F0               fcb       $04,$00,$00,$38,$08,$08,$08,$08 ...8....
02F8 0838001028440000 (isolatin1font.asm):00117         L02F8               fcb       $08,$38,$00,$10,$28,$44,$00,$00 .8..(D..
0300 0000000000000000 (isolatin1font.asm):00118         L0300               fcb       $00,$00,$00,$00,$00,$00,$00,$00 ........
0308 007C002020100000 (isolatin1font.asm):00119         L0308               fcb       $00,$7C,$00,$20,$20,$10,$00,$00 .|.  ...
0310 000000000038043C (isolatin1font.asm):00120         L0310               fcb       $00,$00,$00,$00,$00,$38,$04,$3C .....8.<
0318 443C004040586444 (isolatin1font.asm):00121         L0318               fcb       $44,$3C,$00,$40,$40,$58,$64,$44 D<.@@XdD
0320 6458000000384440 (isolatin1font.asm):00122         L0320               fcb       $64,$58,$00,$00,$00,$38,$44,$40 dX...8D@
0328 4438000404344C44 (isolatin1font.asm):00123         L0328               fcb       $44,$38,$00,$04,$04,$34,$4C,$44 D8...4LD
0330 4C3400000038447C (isolatin1font.asm):00124         L0330               fcb       $4C,$34,$00,$00,$00,$38,$44,$7C L4...8D|
0338 4038000814103810 (isolatin1font.asm):00125         L0338               fcb       $40,$38,$00,$08,$14,$10,$38,$10 @8....8.
0340 1010000000344C4C (isolatin1font.asm):00126         L0340               fcb       $10,$10,$00,$00,$00,$34,$4C,$4C .....4LL
0348 3404384040586444 (isolatin1font.asm):00127         L0348               fcb       $34,$04,$38,$40,$40,$58,$64,$44 4.8@@XdD
0350 4444000010003010 (isolatin1font.asm):00128         L0350               fcb       $44,$44,$00,$00,$10,$00,$30,$10 DD....0.
0358 1038000004000404 (isolatin1font.asm):00129         L0358               fcb       $10,$38,$00,$00,$04,$00,$04,$04 .8......
0360 0444384040485060 (isolatin1font.asm):00130         L0360               fcb       $04,$44,$38,$40,$40,$48,$50,$60 .D8@@HP`
0368 5048003010101010 (isolatin1font.asm):00131         L0368               fcb       $50,$48,$00,$30,$10,$10,$10,$10 PH.0....
0370 1038000000685454 (isolatin1font.asm):00132         L0370               fcb       $10,$38,$00,$00,$00,$68,$54,$54 .8...hTT
0378 5454000000586444 (isolatin1font.asm):00133         L0378               fcb       $54,$54,$00,$00,$00,$58,$64,$44 TT...XdD
0380 4444000000384444 (isolatin1font.asm):00134         L0380               fcb       $44,$44,$00,$00,$00,$38,$44,$44 DD...8DD
0388 4438000000784444 (isolatin1font.asm):00135         L0388               fcb       $44,$38,$00,$00,$00,$78,$44,$44 D8...xDD
0390 78404000003C4444 (isolatin1font.asm):00136         L0390               fcb       $78,$40,$40,$00,$00,$3C,$44,$44 x@@..<DD
0398 3C04040000586440 (isolatin1font.asm):00137         L0398               fcb       $3C,$04,$04,$00,$00,$58,$64,$40 <....Xd@
03A0 40400000003C4038 (isolatin1font.asm):00138         L03A0               fcb       $40,$40,$00,$00,$00,$3C,$40,$38 @@...<@8
03A8 0478002020702020 (isolatin1font.asm):00139         L03A8               fcb       $04,$78,$00,$20,$20,$70,$20,$20 .x.  p
03B0 2418000000444444 (isolatin1font.asm):00140         L03B0               fcb       $24,$18,$00,$00,$00,$44,$44,$44 $....DDD
03B8 4C34000000444444 (isolatin1font.asm):00141         L03B8               fcb       $4C,$34,$00,$00,$00,$44,$44,$44 L4...DDD
03C0 2810000000445454 (isolatin1font.asm):00142         L03C0               fcb       $28,$10,$00,$00,$00,$44,$54,$54 (....DTT
03C8 2828000000442810 (isolatin1font.asm):00143         L03C8               fcb       $28,$28,$00,$00,$00,$44,$28,$10 ((...D(.
03D0 2844000000444444 (isolatin1font.asm):00144         L03D0               fcb       $28,$44,$00,$00,$00,$44,$44,$44 (D...DDD
03D8 3C043800007C0810 (isolatin1font.asm):00145         L03D8               fcb       $3C,$04,$38,$00,$00,$7C,$08,$10 <.8..|..
03E0 207C000810102010 (isolatin1font.asm):00146         L03E0               fcb       $20,$7C,$00,$08,$10,$10,$20,$10 |.... .
03E8 1008001010101010 (isolatin1font.asm):00147         L03E8               fcb       $10,$08,$00,$10,$10,$10,$10,$10 ........
03F0 1010002010100810 (isolatin1font.asm):00148         L03F0               fcb       $10,$10,$00,$20,$10,$10,$08,$10 ... ....
03F8 1020002054080000 (isolatin1font.asm):00149         L03F8               fcb       $10,$20,$00,$20,$54,$08,$00,$00 . . T...
0400 0000000000000000 (isolatin1font.asm):00150         L0400               fcb       $00,$00,$00,$00,$00,$00,$00,$00 ........
0408 0000000000000000 (isolatin1font.asm):00151         L0408               fcb       $00,$00,$00,$00,$00,$00,$00,$00 ........
0410 0000000000000000 (isolatin1font.asm):00152         L0410               fcb       $00,$00,$00,$00,$00,$00,$00,$00 ........
0418 0000000000000000 (isolatin1font.asm):00153         L0418               fcb       $00,$00,$00,$00,$00,$00,$00,$00 ........
0420 0000000000000000 (isolatin1font.asm):00154         L0420               fcb       $00,$00,$00,$00,$00,$00,$00,$00 ........
0428 0000000000000000 (isolatin1font.asm):00155         L0428               fcb       $00,$00,$00,$00,$00,$00,$00,$00 ........
0430 0000000000000000 (isolatin1font.asm):00156         L0430               fcb       $00,$00,$00,$00,$00,$00,$00,$00 ........
0438 0000000000000000 (isolatin1font.asm):00157         L0438               fcb       $00,$00,$00,$00,$00,$00,$00,$00 ........
0440 0000000000000000 (isolatin1font.asm):00158         L0440               fcb       $00,$00,$00,$00,$00,$00,$00,$00 ........
0448 0000000000000000 (isolatin1font.asm):00159         L0448               fcb       $00,$00,$00,$00,$00,$00,$00,$00 ........
0450 0000000000000000 (isolatin1font.asm):00160         L0450               fcb       $00,$00,$00,$00,$00,$00,$00,$00 ........
0458 0000000000000000 (isolatin1font.asm):00161         L0458               fcb       $00,$00,$00,$00,$00,$00,$00,$00 ........
0460 0000000000000000 (isolatin1font.asm):00162         L0460               fcb       $00,$00,$00,$00,$00,$00,$00,$00 ........
0468 0000000000000000 (isolatin1font.asm):00163         L0468               fcb       $00,$00,$00,$00,$00,$00,$00,$00 ........
0470 0000000000000000 (isolatin1font.asm):00164         L0470               fcb       $00,$00,$00,$00,$00,$00,$00,$00 ........
0478 0000000000000000 (isolatin1font.asm):00165         L0478               fcb       $00,$00,$00,$00,$00,$00,$00,$00 ........
0480 0000000000000000 (isolatin1font.asm):00166         L0480               fcb       $00,$00,$00,$00,$00,$00,$00,$00 ........
0488 0000000000000000 (isolatin1font.asm):00167         L0488               fcb       $00,$00,$00,$00,$00,$00,$00,$00 ........
0490 0000000000000000 (isolatin1font.asm):00168         L0490               fcb       $00,$00,$00,$00,$00,$00,$00,$00 ........
0498 0000000000000000 (isolatin1font.asm):00169         L0498               fcb       $00,$00,$00,$00,$00,$00,$00,$00 ........
04A0 0000000000000000 (isolatin1font.asm):00170         L04A0               fcb       $00,$00,$00,$00,$00,$00,$00,$00 ........
04A8 0000000000000000 (isolatin1font.asm):00171         L04A8               fcb       $00,$00,$00,$00,$00,$00,$00,$00 ........
04B0 0000000000000000 (isolatin1font.asm):00172         L04B0               fcb       $00,$00,$00,$00,$00,$00,$00,$00 ........
04B8 0000000000000000 (isolatin1font.asm):00173         L04B8               fcb       $00,$00,$00,$00,$00,$00,$00,$00 ........
04C0 0000000000000000 (isolatin1font.asm):00174         L04C0               fcb       $00,$00,$00,$00,$00,$00,$00,$00 ........
04C8 0000000000000000 (isolatin1font.asm):00175         L04C8               fcb       $00,$00,$00,$00,$00,$00,$00,$00 ........
04D0 0000000000000000 (isolatin1font.asm):00176         L04D0               fcb       $00,$00,$00,$00,$00,$00,$00,$00 ........
04D8 0000000000000000 (isolatin1font.asm):00177         L04D8               fcb       $00,$00,$00,$00,$00,$00,$00,$00 ........
04E0 0000000000000000 (isolatin1font.asm):00178         L04E0               fcb       $00,$00,$00,$00,$00,$00,$00,$00 ........
04E8 0000000000000000 (isolatin1font.asm):00179         L04E8               fcb       $00,$00,$00,$00,$00,$00,$00,$00 ........
04F0 0000000000000000 (isolatin1font.asm):00180         L04F0               fcb       $00,$00,$00,$00,$00,$00,$00,$00 ........
04F8 0000000000000000 (isolatin1font.asm):00181         L04F8               fcb       $00,$00,$00,$00,$00,$00,$00,$00 ........
0500 0000000000000000 (isolatin1font.asm):00182         L0500               fcb       $00,$00,$00,$00,$00,$00,$00,$00 ........
0508 0000000000000000 (isolatin1font.asm):00183         L0508               fcb       $00,$00,$00,$00,$00,$00,$00,$00 ........
0510 0000001000101010 (isolatin1font.asm):00184         L0510               fcb       $00,$00,$00,$10,$00,$10,$10,$10 ........
0518 101000081C20201C (isolatin1font.asm):00185         L0518               fcb       $10,$10,$00,$08,$1C,$20,$20,$1C .....  .
0520 0800000814103810 (isolatin1font.asm):00186         L0520               fcb       $08,$00,$00,$08,$14,$10,$38,$10 ......8.
0528 503C0000827C4444 (isolatin1font.asm):00187         L0528               fcb       $50,$3C,$00,$00,$82,$7C,$44,$44 P<...|DD
0530 447C824444287C10 (isolatin1font.asm):00188         L0530               fcb       $44,$7C,$82,$44,$44,$28,$7C,$10 D|.DD(|.
0538 7C10101010100010 (isolatin1font.asm):00189         L0538               fcb       $7C,$10,$10,$10,$10,$10,$00,$10 |.......
0540 1010003840384438 (isolatin1font.asm):00190         L0540               fcb       $10,$10,$00,$38,$40,$38,$44,$38 ...8@8D8
0548 0438004400000000 (isolatin1font.asm):00191         L0548               fcb       $04,$38,$00,$44,$00,$00,$00,$00 .8.D....
0550 0000007E819D919D (isolatin1font.asm):00192         L0550               fcb       $00,$00,$00,$7E,$81,$9D,$91,$9D ...~....
0558 817E0038043C443C (isolatin1font.asm):00193         L0558               fcb       $81,$7E,$00,$38,$04,$3C,$44,$3C .~.8.<D<
0560 0000000024489048 (isolatin1font.asm):00194         L0560               fcb       $00,$00,$00,$00,$24,$48,$90,$48 ....$H.H
0568 2400000000007E02 (isolatin1font.asm):00195         L0568               fcb       $24,$00,$00,$00,$00,$00,$7E,$02 $.....~.
0570 0200000000007C00 (isolatin1font.asm):00196         L0570               fcb       $02,$00,$00,$00,$00,$00,$7C,$00 ......|.
0578 0000007E81B9A5B9 (isolatin1font.asm):00197         L0578               fcb       $00,$00,$00,$7E,$81,$B9,$A5,$B9 ...~.9%9
0580 A5817EFF00000000 (isolatin1font.asm):00198         L0580               fcb       $A5,$81,$7E,$FF,$00,$00,$00,$00 %.~.....
0588 0000001028100000 (isolatin1font.asm):00199         L0588               fcb       $00,$00,$00,$10,$28,$10,$00,$00 ....(...
0590 00000010107C1010 (isolatin1font.asm):00200         L0590               fcb       $00,$00,$00,$10,$10,$7C,$10,$10 .....|..
0598 007C001C360C183E (isolatin1font.asm):00201         L0598               fcb       $00,$7C,$00,$1C,$36,$0C,$18,$3E .|..6..>
05A0 000000380C380C38 (isolatin1font.asm):00202         L05A0               fcb       $00,$00,$00,$38,$0C,$38,$0C,$38 ...8.8.8
05A8 0000001020000000 (isolatin1font.asm):00203         L05A8               fcb       $00,$00,$00,$10,$20,$00,$00,$00 .... ...
05B0 000000000044444C (isolatin1font.asm):00204         L05B0               fcb       $00,$00,$00,$00,$00,$44,$44,$4C .....DDL
05B8 7440407EF2F27212 (isolatin1font.asm):00205         L05B8               fcb       $74,$40,$40,$7E,$F2,$F2,$72,$12 t@@~rrr.
05C0 1212120000001000 (isolatin1font.asm):00206         L05C0               fcb       $12,$12,$12,$00,$00,$00,$10,$00 ........
05C8 0000000000000000 (isolatin1font.asm):00207         L05C8               fcb       $00,$00,$00,$00,$00,$00,$00,$00 ........
05D0 0202041838181818 (isolatin1font.asm):00208         L05D0               fcb       $02,$02,$04,$18,$38,$18,$18,$18 ....8...
05D8 0000001028100000 (isolatin1font.asm):00209         L05D8               fcb       $00,$00,$00,$10,$28,$10,$00,$00 ....(...
05E0 0000000090482448 (isolatin1font.asm):00210         L05E0               fcb       $00,$00,$00,$00,$90,$48,$24,$48 .....H$H
05E8 90000040C2444816 (isolatin1font.asm):00211         L05E8               fcb       $90,$00,$00,$40,$C2,$44,$48,$16 ...@BDH.
05F0 2A4F0240C2444816 (isolatin1font.asm):00212         L05F0               fcb       $2A,$4F,$02,$40,$C2,$44,$48,$16 *O.@BDH.
05F8 21460FC022C428D6 (isolatin1font.asm):00213         L05F8               fcb       $21,$46,$0F,$C0,$22,$C4,$28,$D6 !F.@"D(V
0600 2A4F021000100804 (isolatin1font.asm):00214         L0600               fcb       $2A,$4F,$02,$10,$00,$10,$08,$04 *O......
0608 443800201028447C (isolatin1font.asm):00215         L0608               fcb       $44,$38,$00,$20,$10,$28,$44,$7C D8. .(D|
0610 444400081028447C (isolatin1font.asm):00216         L0610               fcb       $44,$44,$00,$08,$10,$28,$44,$7C DD...(D|
0618 4444002050007088 (isolatin1font.asm):00217         L0618               fcb       $44,$44,$00,$20,$50,$00,$70,$88 DD. P.p.
0620 F888002054083844 (isolatin1font.asm):00218         L0620               fcb       $F8,$88,$00,$20,$54,$08,$38,$44 x.. T.8D
0628 7C4400441028447C (isolatin1font.asm):00219         L0628               fcb       $7C,$44,$00,$44,$10,$28,$44,$7C |D.D.(D|
0630 4444001028103844 (isolatin1font.asm):00220         L0630               fcb       $44,$44,$00,$10,$28,$10,$38,$44 DD..(.8D
0638 7C44007E9090FC90 (isolatin1font.asm):00221         L0638               fcb       $7C,$44,$00,$7E,$90,$90,$FC,$90 |D.~....
0640 909E003844404040 (isolatin1font.asm):00222         L0640               fcb       $90,$9E,$00,$38,$44,$40,$40,$40 ...8D@@@
0648 44381020107C4070 (isolatin1font.asm):00223         L0648               fcb       $44,$38,$10,$20,$10,$7C,$40,$70 D8. .|@p
0650 407C0008107C4070 (isolatin1font.asm):00224         L0650               fcb       $40,$7C,$00,$08,$10,$7C,$40,$70 @|...|@p
0658 407C0010287C4070 (isolatin1font.asm):00225         L0658               fcb       $40,$7C,$00,$10,$28,$7C,$40,$70 @|..(|@p
0660 407C0044007C4070 (isolatin1font.asm):00226         L0660               fcb       $40,$7C,$00,$44,$00,$7C,$40,$70 @|.D.|@p
0668 407C0020107C1010 (isolatin1font.asm):00227         L0668               fcb       $40,$7C,$00,$20,$10,$7C,$10,$10 @|. .|..
0670 107C0008107C1010 (isolatin1font.asm):00228         L0670               fcb       $10,$7C,$00,$08,$10,$7C,$10,$10 .|...|..
0678 107C0010287C1010 (isolatin1font.asm):00229         L0678               fcb       $10,$7C,$00,$10,$28,$7C,$10,$10 .|..(|..
0680 107C0044007C1010 (isolatin1font.asm):00230         L0680               fcb       $10,$7C,$00,$44,$00,$7C,$10,$10 .|.D.|..
0688 107C00FC4242F242 (isolatin1font.asm):00231         L0688               fcb       $10,$7C,$00,$FC,$42,$42,$F2,$42 .|..BBrB
0690 42FC002054086252 (isolatin1font.asm):00232         L0690               fcb       $42,$FC,$00,$20,$54,$08,$62,$52 B.. T.bR
0698 5A4A462010384444 (isolatin1font.asm):00233         L0698               fcb       $5A,$4A,$46,$20,$10,$38,$44,$44 ZJF .8DD
06A0 4444380810384444 (isolatin1font.asm):00234         L06A0               fcb       $44,$44,$38,$08,$10,$38,$44,$44 DD8..8DD
06A8 4444381028384444 (isolatin1font.asm):00235         L06A8               fcb       $44,$44,$38,$10,$28,$38,$44,$44 DD8.(8DD
06B0 4444382054384444 (isolatin1font.asm):00236         L06B0               fcb       $44,$44,$38,$20,$54,$38,$44,$44 DD8 T8DD
06B8 4444384400384444 (isolatin1font.asm):00237         L06B8               fcb       $44,$44,$38,$44,$00,$38,$44,$44 DD8D.8DD
06C0 4444380044281028 (isolatin1font.asm):00238         L06C0               fcb       $44,$44,$38,$00,$44,$28,$10,$28 DD8.D(.(
06C8 440000023C4C5454 (isolatin1font.asm):00239         L06C8               fcb       $44,$00,$00,$02,$3C,$4C,$54,$54 D...<LTT
06D0 6478802010444444 (isolatin1font.asm):00240         L06D0               fcb       $64,$78,$80,$20,$10,$44,$44,$44 dx. .DDD
06D8 4438000810444444 (isolatin1font.asm):00241         L06D8               fcb       $44,$38,$00,$08,$10,$44,$44,$44 D8...DDD
06E0 4438001028004444 (isolatin1font.asm):00242         L06E0               fcb       $44,$38,$00,$10,$28,$00,$44,$44 D8..(.DD
06E8 4444384400444444 (isolatin1font.asm):00243         L06E8               fcb       $44,$44,$38,$44,$00,$44,$44,$44 DD8D.DDD
06F0 4438000810444438 (isolatin1font.asm):00244         L06F0               fcb       $44,$38,$00,$08,$10,$44,$44,$38 D8...DD8
06F8 10101038101E111E (isolatin1font.asm):00245         L06F8               fcb       $10,$10,$10,$38,$10,$1E,$11,$1E ...8....
0700 1038000018243824 (isolatin1font.asm):00246         L0700               fcb       $10,$38,$00,$00,$18,$24,$38,$24 .8...$8$
0708 243840           (isolatin1font.asm):00247         L0708               fcb       $24,$38,$40         $8@

Symbol Table:
[ G] L0000                            0000
[ G] L0008                            000B
[ G] L0010                            0010
[ G] L0018                            0018
[ G] L0020                            0020
[ G] L0028                            0028
[ G] L0030                            0030
[ G] L0038                            0038
[ G] L0040                            0040
[ G] L0048                            0048
[ G] L0050                            0050
[ G] L0058                            0058
[ G] L0060                            0060
[ G] L0068                            0068
[ G] L0070                            0070
[ G] L0078                            0078
[ G] L0080                            0080
[ G] L0088                            0088
[ G] L0090                            0090
[ G] L0098                            0098
[ G] L00A0                            00A0
[ G] L00A8                            00A8
[ G] L00B0                            00B0
[ G] L00B8                            00B8
[ G] L00C0                            00C0
[ G] L00C8                            00C8
[ G] L00D0                            00D0
[ G] L00D8                            00D8
[ G] L00E0                            00E0
[ G] L00E8                            00E8
[ G] L00F0                            00F0
[ G] L00F8                            00F8
[ G] L0100                            0100
[ G] L0108                            0108
[ G] L0110                            0110
[ G] L0118                            0118
[ G] L0120                            0120
[ G] L0128                            0128
[ G] L0130                            0130
[ G] L0138                            0138
[ G] L0140                            0140
[ G] L0148                            0148
[ G] L0150                            0150
[ G] L0158                            0158
[ G] L0160                            0160
[ G] L0168                            0168
[ G] L0170                            0170
[ G] L0178                            0178
[ G] L0180                            0180
[ G] L0188                            0188
[ G] L0190                            0190
[ G] L0198                            0198
[ G] L01A0                            01A0
[ G] L01A8                            01A8
[ G] L01B0                            01B0
[ G] L01B8                            01B8
[ G] L01C0                            01C0
[ G] L01C8                            01C8
[ G] L01D0                            01D0
[ G] L01D8                            01D8
[ G] L01E0                            01E0
[ G] L01E8                            01E8
[ G] L01F0                            01F0
[ G] L01F8                            01F8
[ G] L0200                            0200
[ G] L0208                            0208
[ G] L0210                            0210
[ G] L0218                            0218
[ G] L0220                            0220
[ G] L0228                            0228
[ G] L0230                            0230
[ G] L0238                            0238
[ G] L0240                            0240
[ G] L0248                            0248
[ G] L0250                            0250
[ G] L0258                            0258
[ G] L0260                            0260
[ G] L0268                            0268
[ G] L0270                            0270
[ G] L0278                            0278
[ G] L0280                            0280
[ G] L0288                            0288
[ G] L0290                            0290
[ G] L0298                            0298
[ G] L02A0                            02A0
[ G] L02A8                            02A8
[ G] L02B0                            02B0
[ G] L02B8                            02B8
[ G] L02C0                            02C0
[ G] L02C8                            02C8
[ G] L02D0                            02D0
[ G] L02D8                            02D8
[ G] L02E0                            02E0
[ G] L02E8                            02E8
[ G] L02F0                            02F0
[ G] L02F8                            02F8
[ G] L0300                            0300
[ G] L0308                            0308
[ G] L0310                            0310
[ G] L0318                            0318
[ G] L0320                            0320
[ G] L0328                            0328
[ G] L0330                            0330
[ G] L0338                            0338
[ G] L0340                            0340
[ G] L0348                            0348
[ G] L0350                            0350
[ G] L0358                            0358
[ G] L0360                            0360
[ G] L0368                            0368
[ G] L0370                            0370
[ G] L0378                            0378
[ G] L0380                            0380
[ G] L0388                            0388
[ G] L0390                            0390
[ G] L0398                            0398
[ G] L03A0                            03A0
[ G] L03A8                            03A8
[ G] L03B0                            03B0
[ G] L03B8                            03B8
[ G] L03C0                            03C0
[ G] L03C8                            03C8
[ G] L03D0                            03D0
[ G] L03D8                            03D8
[ G] L03E0                            03E0
[ G] L03E8                            03E8
[ G] L03F0                            03F0
[ G] L03F8                            03F8
[ G] L0400                            0400
[ G] L0408                            0408
[ G] L0410                            0410
[ G] L0418                            0418
[ G] L0420                            0420
[ G] L0428                            0428
[ G] L0430                            0430
[ G] L0438                            0438
[ G] L0440                            0440
[ G] L0448                            0448
[ G] L0450                            0450
[ G] L0458                            0458
[ G] L0460                            0460
[ G] L0468                            0468
[ G] L0470                            0470
[ G] L0478                            0478
[ G] L0480                            0480
[ G] L0488                            0488
[ G] L0490                            0490
[ G] L0498                            0498
[ G] L04A0                            04A0
[ G] L04A8                            04A8
[ G] L04B0                            04B0
[ G] L04B8                            04B8
[ G] L04C0                            04C0
[ G] L04C8                            04C8
[ G] L04D0                            04D0
[ G] L04D8                            04D8
[ G] L04E0                            04E0
[ G] L04E8                            04E8
[ G] L04F0                            04F0
[ G] L04F8                            04F8
[ G] L0500                            0500
[ G] L0508                            0508
[ G] L0510                            0510
[ G] L0518                            0518
[ G] L0520                            0520
[ G] L0528                            0528
[ G] L0530                            0530
[ G] L0538                            0538
[ G] L0540                            0540
[ G] L0548                            0548
[ G] L0550                            0550
[ G] L0558                            0558
[ G] L0560                            0560
[ G] L0568                            0568
[ G] L0570                            0570
[ G] L0578                            0578
[ G] L0580                            0580
[ G] L0588                            0588
[ G] L0590                            0590
[ G] L0598                            0598
[ G] L05A0                            05A0
[ G] L05A8                            05A8
[ G] L05B0                            05B0
[ G] L05B8                            05B8
[ G] L05C0                            05C0
[ G] L05C8                            05C8
[ G] L05D0                            05D0
[ G] L05D8                            05D8
[ G] L05E0                            05E0
[ G] L05E8                            05E8
[ G] L05F0                            05F0
[ G] L05F8                            05F8
[ G] L0600                            0600
[ G] L0608                            0608
[ G] L0610                            0610
[ G] L0618                            0618
[ G] L0620                            0620
[ G] L0628                            0628
[ G] L0630                            0630
[ G] L0638                            0638
[ G] L0640                            0640
[ G] L0648                            0648
[ G] L0650                            0650
[ G] L0658                            0658
[ G] L0660                            0660
[ G] L0668                            0668
[ G] L0670                            0670
[ G] L0678                            0678
[ G] L0680                            0680
[ G] L0688                            0688
[ G] L0690                            0690
[ G] L0698                            0698
[ G] L06A0                            06A0
[ G] L06A8                            06A8
[ G] L06B0                            06B0
[ G] L06B8                            06B8
[ G] L06C0                            06C0
[ G] L06C8                            06C8
[ G] L06D0                            06D0
[ G] L06D8                            06D8
[ G] L06E0                            06E0
[ G] L06E8                            06E8
[ G] L06F0                            06F0
[ G] L06F8                            06F8
[ G] L0700                            0700
[ G] L0708                            0708
[SG] NOS9MAJ                          0003
[SG] NOS9MIN                          0000
[SG] NOS9VER                          0003
