                      (/cmds/megaread.as):00001         ***********************************************************************
                      (/cmds/megaread.as):00002         * MegaRead - Disk Performance Utility
                      (/cmds/megaread.as):00003         *
                      (/cmds/megaread.as):00004         * Modified from an original program by Caveh Jalali
                      (/cmds/megaread.as):00005         * Edt/Rev  YYYY/MM/DD  Modified by
                      (/cmds/megaread.as):00006         * Comment
                      (/cmds/megaread.as):00007         * ------------------------------------------------------------------
                      (/cmds/megaread.as):00008         *  01/01   1987/05/30  Bruce Isted (CIS PPN 76625,2273)
                      (/cmds/megaread.as):00009         * Released to the public domain
                      (/cmds/megaread.as):00010         *
                      (/cmds/megaread.as):00011         *  01/00   2004/04/22  Boisy G. Pitre
                      (/cmds/megaread.as):00012         * Ported to NitrOS-9 style, no error on exit
                      (/cmds/megaread.as):00013         *
                      (/cmds/megaread.as):00014         *  01/01   2004/04/22  Rodney V. Hamilton
                      (/cmds/megaread.as):00015         * Added EOF check for floppy
                      (/cmds/megaread.as):00016         *
                      (/cmds/megaread.as):00017         *  01/02   2009/03/14  Bob Devries
                      (/cmds/megaread.as):00018         * Added functionality to read a number of 1K blocks as specified on the command line.
                      (/cmds/megaread.as):00019         * Command line is now: megaread #####
                      (/cmds/megaread.as):00020         * where ##### is the number of 1K blocks to read; default 1024
                      (/cmds/megaread.as):00021         *
                      (/cmds/megaread.as):00022         *  01/02   2010/05/22  Boisy G. Pitre
                      (/cmds/megaread.as):00023         * Made source more configurable in terms of read chunk size and total read count
                      (/cmds/megaread.as):00024         
     0400             (/cmds/megaread.as):00025         ChunkSz             equ       1024
     0400             (/cmds/megaread.as):00026         ChnkCnt             equ       1024^2/ChunkSz      1024^2 is 1 megabyte (modify as desired)
                      (/cmds/megaread.as):00027         
                      (/cmds/megaread.as):00028                             section   bss
0000                  (/cmds/megaread.as):00029         StartTm             rmb       6
0006                  (/cmds/megaread.as):00030         EndTm               rmb       6
000C                  (/cmds/megaread.as):00031         KiloBuff            rmb       ChunkSz
040C                  (/cmds/megaread.as):00032                             rmb       200                 stack space
                      (/cmds/megaread.as):00033                             endsection
                      (/cmds/megaread.as):00034                             
                      (/cmds/megaread.as):00035                             section   code
0000 170000           (/cmds/megaread.as):00036         __start             lbsr      DEC_BIN
0003 3406             (/cmds/megaread.as):00037                             pshs      d
                      (/cmds/megaread.as):00038         
                      (/cmds/megaread.as):00039         * capture start time
0005 30C90000         (/cmds/megaread.as):00040                             leax      StartTm,u
0009 103F00           (/cmds/megaread.as):00041                             os9       F$Time
000C 31C90000         (/cmds/megaread.as):00042                             leay      KiloBuff,u
0010 170000           (/cmds/megaread.as):00043                             lbsr      DATESTR
0013 1F21             (/cmds/megaread.as):00044                             tfr       y,x
0015 170000           (/cmds/megaread.as):00045                             lbsr      PUTS
0018 170000           (/cmds/megaread.as):00046                             lbsr      PUTCR
001B 8E0400           (/cmds/megaread.as):00047                             ldx       #ChnkCnt            seed X with count value to read target size
001E 3506             (/cmds/megaread.as):00048                             puls      d
0020 10830000         (/cmds/megaread.as):00049                             cmpd      #0                  is command line number given?
0024 2702             (/cmds/megaread.as):00050                             beq       loop                no, so use default (in X)
0026 1F01             (/cmds/megaread.as):00051                             tfr       d,x                 yes, use it
0028 3410             (/cmds/megaread.as):00052         loop                pshs      x                   save counter
002A 30C90000         (/cmds/megaread.as):00053                             leax      KiloBuff,u          point (X) to buffer
002E 108E0400         (/cmds/megaread.as):00054                             ldy       #ChunkSz            read predetermined chunk
0032 4F               (/cmds/megaread.as):00055                             clra                          std input
0033 103F00           (/cmds/megaread.as):00056                             os9       I$Read
0036 2508             (/cmds/megaread.as):00057                             bcs       eofchk
0038 3510             (/cmds/megaread.as):00058                             puls      x                   recover counter
003A 301F             (/cmds/megaread.as):00059                             leax      -1,x                done yet?
003C 26EA             (/cmds/megaread.as):00060                             bne       loop                no, go get another chunk
003E 2004             (/cmds/megaread.as):00061                             bra       fini                yes, exit
0040 C100             (/cmds/megaread.as):00062         eofchk              cmpb      #E$EOF              end of media?
0042 2617             (/cmds/megaread.as):00063                             bne       exit                no, a real error
                      (/cmds/megaread.as):00064         
                      (/cmds/megaread.as):00065         * capture end time
0044                  (/cmds/megaread.as):00066         fini
0044 30C90000         (/cmds/megaread.as):00067                             leax      EndTm,u
0048 103F00           (/cmds/megaread.as):00068                             os9       F$Time
004B 31C90000         (/cmds/megaread.as):00069                             leay      KiloBuff,u
004F 170000           (/cmds/megaread.as):00070                             lbsr      DATESTR
0052 1F21             (/cmds/megaread.as):00071                             tfr       y,x
0054 170000           (/cmds/megaread.as):00072                             lbsr      PUTS
0057 170000           (/cmds/megaread.as):00073                             lbsr      PUTCR
                      (/cmds/megaread.as):00074         
                      (/cmds/megaread.as):00075         * calculate difference and report
                      (/cmds/megaread.as):00076         
005A 5F               (/cmds/megaread.as):00077                             clrb
005B 103F00           (/cmds/megaread.as):00078         exit                os9       F$Exit
                      (/cmds/megaread.as):00079         
                      (/cmds/megaread.as):00080                             endsection
                      (/cmds/megaread.as):00081         

Symbol Table:
[ sG] __start                          0000 (code)
[ cG] ChnkCnt                          0400
[ cG] ChunkSz                          0400
[ sG] EndTm                            0006 (bss)
[ sG] eofchk                           0040 (code)
[ sG] exit                             005B (code)
[ sG] fini                             0044 (code)
[ sG] KiloBuff                         000C (bss)
[ sG] loop                             0028 (code)
[ScG] mecb                             0001
[ScG] NOS9MAJ                          0003
[ScG] NOS9MIN                          0000
[ScG] NOS9VER                          0003
[ sG] StartTm                          0000 (bss)
