                      (       memmove.as):00001         ;;; MEMMOVE
                      (       memmove.as):00002         ;;;
                      (       memmove.as):00003         ;;; Moves memory, and handles overlaps.
                      (       memmove.as):00004         ;;;
                      (       memmove.as):00005         ;;; Entry:  D = The number of bytes to move.
                      (       memmove.as):00006         ;;;         B = The source address.
                      (       memmove.as):00007         ;;;         X = The destination address.
                      (       memmove.as):00008         ;;;
                      (       memmove.as):00009         ;;; All registers except CC are preserved.
                      (       memmove.as):00010         
                      (       memmove.as):00011                             section   .text
                      (       memmove.as):00012         
0000 3476             (       memmove.as):00013         MEMMOVE:            pshs      d,x,y,u
0002 ED7E             (       memmove.as):00014                             std       -2,s                test u
0004 2739             (       memmove.as):00015                             beq       exit                zero count, exit
0006 1F23             (       memmove.as):00016                             tfr       y,u                 use u for dest
0008 1F02             (       memmove.as):00017                             tfr       d,y                 count in y
000A 11A362           (       memmove.as):00018                             cmpu      2,s                 compare dest. to source (x)
000D 2730             (       memmove.as):00019                             beq       exit                same, no need to move
000F 2216             (       memmove.as):00020                             bhi       down                u>x
                      (       memmove.as):00021         
0011 C501             (       memmove.as):00022         up                  bitb      #1                  see if odd number to move
0013 2708             (       memmove.as):00023                             beq       up1
0015 A680             (       memmove.as):00024                             lda       ,x+                 move odd byte
0017 A7C0             (       memmove.as):00025                             sta       ,u+
0019 313F             (       memmove.as):00026                             leay      -1,y                could be only one
001B 2722             (       memmove.as):00027                             beq       exit
                      (       memmove.as):00028         
001D EC81             (       memmove.as):00029         up1                 ldd       ,x++                move 2 bytes
001F EDC1             (       memmove.as):00030                             std       ,u++
0021 313E             (       memmove.as):00031                             leay      -2,y                count down
0023 26F8             (       memmove.as):00032                             bne       up1
0025 2018             (       memmove.as):00033                             bra       exit
                      (       memmove.as):00034         
0027 33CB             (       memmove.as):00035         down                leau      d,u                 u=dest end (count in D)
0029 308B             (       memmove.as):00036                             leax      d,x                 x=source end
                      (       memmove.as):00037         
002B C501             (       memmove.as):00038                             bitb      #1
002D 2708             (       memmove.as):00039                             beq       down2
002F A682             (       memmove.as):00040                             lda       ,-x                 move odd byte
0031 A7C2             (       memmove.as):00041                             sta       ,-u
0033 313F             (       memmove.as):00042                             leay      -1,y                could be only one to do
0035 2708             (       memmove.as):00043                             beq       exit
                      (       memmove.as):00044         
0037 EC83             (       memmove.as):00045         down2               ldd       ,--x                get 2 bytes
0039 EDC3             (       memmove.as):00046                             std       ,--u                move them
003B 313E             (       memmove.as):00047                             leay      -2,y                count down
003D 26F8             (       memmove.as):00048                             bne       down2
                      (       memmove.as):00049         
003F 35F6             (       memmove.as):00050         exit                puls      d,x,y,u,pc
                      (       memmove.as):00051         
                      (       memmove.as):00052                             endsect

Symbol Table:
[ sG] down                             0027 (.text)
[ sG] down2                            0037 (.text)
[ sG] exit                             003F (.text)
[ sG] MEMMOVE                          0000 (.text)
[ScG] NOS9MAJ                          0000
[ScG] NOS9MIN                          0000
[ScG] NOS9VER                          0000
[ sG] up                               0011 (.text)
[ sG] up1                              001D (.text)
