                      (        memset.as):00001         ;;; MEMSET
                      (        memset.as):00002         ;;;
                      (        memset.as):00003         ;;; Sets memory to a specific value.
                      (        memset.as):00004         ;;;
                      (        memset.as):00005         ;;; Entry:  B = The value to set.
                      (        memset.as):00006         ;;;         X = The start address.
                      (        memset.as):00007         ;;;         Y = The number of bytes to set.
                      (        memset.as):00008         ;;;
                      (        memset.as):00009         ;;; All registers except CC are preserved.
                      (        memset.as):00010         
                      (        memset.as):00011                             section   .text
                      (        memset.as):00012         
0000 3430             (        memset.as):00013         MEMSET:             pshs      x,y
                      (        memset.as):00014         
0002 E780             (        memset.as):00015         loop:               stb       ,x+
0004 313F             (        memset.as):00016                             leay      -1,y                dec count
0006 26FA             (        memset.as):00017                             bne       loop                till zero
                      (        memset.as):00018         
0008 35B0             (        memset.as):00019                             puls      x,y,pc
                      (        memset.as):00020         
                      (        memset.as):00021                             endsect

Symbol Table:
[ sG] loop                             0002 (.text)
[ sG] MEMSET                           0000 (.text)
[ScG] NOS9MAJ                          0000
[ScG] NOS9MIN                          0000
[ScG] NOS9VER                          0000
