                      (     mod8.sbr.asm):00001         
0000 87CD108A000D2181 (     mod8.sbr.asm):00002         L0000               fcb       $87,$CD,$10,$8A,$00,$0D,$21,$81 .M....!.
0008 8200163CD56D6F64 (     mod8.sbr.asm):00003         L0008               fcb       $82,$00,$16,$3C,$D5,$6D,$6F,$64 ...<Umod
0010 382E7362F2013476 (     mod8.sbr.asm):00004         L0010               fcb       $38,$2E,$73,$62,$F2,$01,$34,$76 8.sbr.4v
0018 10DF0A0F0D0F0E0F (     mod8.sbr.asm):00005         L0018               fcb       $10,$DF,$0A,$0F,$0D,$0F,$0E,$0F ._......
0020 138600170C1A170C (     mod8.sbr.asm):00006         L0020               fcb       $13,$86,$00,$17,$0C,$1A,$17,$0C ........
0028 31308D0065860417 (     mod8.sbr.asm):00007         L0028               fcb       $31,$30,$8D,$00,$65,$86,$04,$17 10..e...
0030 0FC4C6014F1F01D6 (     mod8.sbr.asm):00008         L0030               fcb       $0F,$C4,$C6,$01,$4F,$1F,$01,$D6 .DF.O..V
0038 321F028601C68E10 (     mod8.sbr.asm):00009         L0038               fcb       $32,$1F,$02,$86,$01,$C6,$8E,$10 2....F..
0040 3F8E10251030170B (     mod8.sbr.asm):00010         L0040               fcb       $3F,$8E,$10,$25,$10,$30,$17,$0B ?..%.0..
0048 28170CB5170CF917 (     mod8.sbr.asm):00011         L0048               fcb       $28,$17,$0C,$B5,$17,$0C,$F9,$17 (..5..y.
0050 0D7A170C19308D00 (     mod8.sbr.asm):00012         L0050               fcb       $0D,$7A,$17,$0C,$19,$30,$8D,$00 .z...0..
0058 3D8604170F98327F (     mod8.sbr.asm):00013         L0058               fcb       $3D,$86,$04,$17,$0F,$98,$32,$7F =.....2
0060 308D00258601103F (     mod8.sbr.asm):00014         L0060               fcb       $30,$8D,$00,$25,$86,$01,$10,$3F 0..%...?
0068 8410251009A7E49E (     mod8.sbr.asm):00015         L0068               fcb       $84,$10,$25,$10,$09,$A7,$E4,$9E ..%..'d.
0070 00308868108E26C6 (     mod8.sbr.asm):00016         L0070               fcb       $00,$30,$88,$68,$10,$8E,$26,$C6 .0.h..&F
0078 103F8910250FF7A6 (     mod8.sbr.asm):00017         L0078               fcb       $10,$3F,$89,$10,$25,$0F,$F7,$A6 .?..%.w&
0080 E4103F8F0C271600 (     mod8.sbr.asm):00018         L0080               fcb       $E4,$10,$3F,$8F,$0C,$27,$16,$00 d.?..'..
0088 116D6F64372E6C69 (     mod8.sbr.asm):00019         L0088               fcb       $11,$6D,$6F,$64,$37,$2E,$6C,$69 .mod7.li
0090 620D000000000009 (     mod8.sbr.asm):00020         L0090               fcb       $62,$0D,$00,$00,$00,$00,$00,$09 b.......
0098 203F170003160FDC (     mod8.sbr.asm):00021         L0098               fcb       $20,$3F,$17,$00,$03,$16,$0F,$DC ?.....\
00A0 34763279DE001707 (     mod8.sbr.asm):00022         L00A0               fcb       $34,$76,$32,$79,$DE,$00,$17,$07 4v2y^...
00A8 BA308D031F170EF7 (     mod8.sbr.asm):00023         L00A8               fcb       $BA,$30,$8D,$03,$1F,$17,$0E,$F7 :0.....w
00B0 8E00209F238E003B (     mod8.sbr.asm):00024         L00B0               fcb       $8E,$00,$20,$9F,$23,$8E,$00,$3B .. .#..;
00B8 9F258E0048108E00 (     mod8.sbr.asm):00025         L00B8               fcb       $9F,$25,$8E,$00,$48,$10,$8E,$00 .%..H...
00C0 01170AC08E003F9F (     mod8.sbr.asm):00026         L00C0               fcb       $01,$17,$0A,$C0,$8E,$00,$3F,$9F ...@..?.
00C8 250D581027009630 (     mod8.sbr.asm):00027         L00C8               fcb       $25,$0D,$58,$10,$27,$00,$96,$30 %.X.'..0
00D0 8D0313170ED1DC33 (     mod8.sbr.asm):00028         L00D0               fcb       $8D,$03,$13,$17,$0E,$D1,$DC,$33 .....Q\3
00D8 8303E8DD33308D03 (     mod8.sbr.asm):00029         L00D8               fcb       $83,$03,$E8,$DD,$33,$30,$8D,$03 ..h]30..
00E0 17170EC396588102 (     mod8.sbr.asm):00030         L00E0               fcb       $17,$17,$0E,$C3,$96,$58,$81,$02 ...C.X..
00E8 222D308D031E170E (     mod8.sbr.asm):00031         L00E8               fcb       $22,$2D,$30,$8D,$03,$1E,$17,$0E "-0.....
00F0 B630C904C4D64681 (     mod8.sbr.asm):00032         L00F0               fcb       $B6,$30,$C9,$04,$C4,$D6,$46,$81 60I.DVF.
00F8 012702D647860E3D (     mod8.sbr.asm):00033         L00F8               fcb       $01,$27,$02,$D6,$47,$86,$0E,$3D .'.VG..=
0100 308B170EBE862E17 (     mod8.sbr.asm):00034         L0100               fcb       $30,$8B,$17,$0E,$BE,$86,$2E,$17 0...>...
0108 0D05160080860D17 (     mod8.sbr.asm):00035         L0108               fcb       $0D,$05,$16,$00,$80,$86,$0D,$17 ........
0110 0CFD860A170CF881 (     mod8.sbr.asm):00036         L0110               fcb       $0C,$FD,$86,$0A,$17,$0C,$F8,$81 ......x.
0118 032609308D030817 (     mod8.sbr.asm):00037         L0118               fcb       $03,$26,$09,$30,$8D,$03,$08,$17 .&.0....
0120 0E85206981042609 (     mod8.sbr.asm):00038         L0120               fcb       $0E,$85,$20,$69,$81,$04,$26,$09 .. i..&.
0128 308D030D170E7820 (     mod8.sbr.asm):00039         L0128               fcb       $30,$8D,$03,$0D,$17,$0E,$78,$20 0.....x
0130 5C81052609308D03 (     mod8.sbr.asm):00040         L0130               fcb       $5C,$81,$05,$26,$09,$30,$8D,$03 \..&.0..
0138 17170E6B204F8106 (     mod8.sbr.asm):00041         L0138               fcb       $17,$17,$0E,$6B,$20,$4F,$81,$06 ...k O..
0140 2609308D0319170E (     mod8.sbr.asm):00042         L0140               fcb       $26,$09,$30,$8D,$03,$19,$17,$0E &.0.....
0148 5E20428107260930 (     mod8.sbr.asm):00043         L0148               fcb       $5E,$20,$42,$81,$07,$26,$09,$30 ^ B..&.0
0150 8D031B170E512035 (     mod8.sbr.asm):00044         L0150               fcb       $8D,$03,$1B,$17,$0E,$51,$20,$35 .....Q 5
0158 81082631308D0321 (     mod8.sbr.asm):00045         L0158               fcb       $81,$08,$26,$31,$30,$8D,$03,$21 ..&10..!
0160 170E442028308D03 (     mod8.sbr.asm):00046         L0160               fcb       $17,$0E,$44,$20,$28,$30,$8D,$03 ..D (0..
0168 31170E3B30C86896 (     mod8.sbr.asm):00047         L0168               fcb       $31,$17,$0E,$3B,$30,$C8,$68,$96 1..;0Hh.
0170 35C6143D308BE688 (     mod8.sbr.asm):00048         L0170               fcb       $35,$C6,$14,$3D,$30,$8B,$E6,$88 5F.=0.f.
0178 135830C9018AEC85 (     mod8.sbr.asm):00049         L0178               fcb       $13,$58,$30,$C9,$01,$8A,$EC,$85 .X0I..l.
0180 9340ED65DC33C30B (     mod8.sbr.asm):00050         L0180               fcb       $93,$40,$ED,$65,$DC,$33,$C3,$0B .@me\3C.
0188 B8A365DD330D5810 (     mod8.sbr.asm):00051         L0188               fcb       $B8,$A3,$65,$DD,$33,$0D,$58,$10 8#e]3.X.
0190 2600FC30C93BF75F (     mod8.sbr.asm):00052         L0190               fcb       $26,$00,$FC,$30,$C9,$3B,$F7,$5F &..0I;w_
0198 86806F61A1852202 (     mod8.sbr.asm):00053         L0198               fcb       $86,$80,$6F,$61,$A1,$85,$22,$02 ..oa!.".
01A0 6C615CC13C23F55F (     mod8.sbr.asm):00054         L01A0               fcb       $6C,$61,$5C,$C1,$3C,$23,$F5,$5F la\A<#u_
01A8 6F626F636F64109E (     mod8.sbr.asm):00055         L01A8               fcb       $6F,$62,$6F,$63,$6F,$64,$10,$9E obocod..
01B0 33A685271C818024 (     mod8.sbr.asm):00056         L01B0               fcb       $33,$A6,$85,$27,$1C,$81,$80,$24 3&.'...$
01B8 056C6231A89C8180 (     mod8.sbr.asm):00057         L01B8               fcb       $05,$6C,$62,$31,$A8,$9C,$81,$80 .lb1(...
01C0 26056C6331A89C81 (     mod8.sbr.asm):00058         L01C0               fcb       $26,$05,$6C,$63,$31,$A8,$9C,$81 &.lc1(..
01C8 8023066C6431A900 (     mod8.sbr.asm):00059         L01C8               fcb       $80,$23,$06,$6C,$64,$31,$A9,$00 .#.ld1).
01D0 FA5CC13C23DB109F (     mod8.sbr.asm):00060         L01D0               fcb       $FA,$5C,$C1,$3C,$23,$DB,$10,$9F z\A<#[..
01D8 3386029716308D02 (     mod8.sbr.asm):00061         L01D8               fcb       $33,$86,$02,$97,$16,$30,$8D,$02 3....0..
01E0 EA170DC3E6614F17 (     mod8.sbr.asm):00062         L01E0               fcb       $EA,$17,$0D,$C3,$E6,$61,$4F,$17 j..CfaO.
01E8 081C308D02E5170D (     mod8.sbr.asm):00063         L01E8               fcb       $08,$1C,$30,$8D,$02,$E5,$17,$0D ..0..e..
01F0 B6C1012705867317 (     mod8.sbr.asm):00064         L01F0               fcb       $B6,$C1,$01,$27,$05,$86,$73,$17 6A.'..s.
01F8 0C15863A170C1030 (     mod8.sbr.asm):00065         L01F8               fcb       $0C,$15,$86,$3A,$17,$0C,$10,$30 ...:...0
0200 8D02DC170DA1E664 (     mod8.sbr.asm):00066         L0200               fcb       $8D,$02,$DC,$17,$0D,$A1,$E6,$64 ..\..!fd
0208 27064F1707F82007 (     mod8.sbr.asm):00067         L0208               fcb       $27,$06,$4F,$17,$07,$F8,$20,$07 '.O..x .
0210 308D02DA170D9030 (     mod8.sbr.asm):00068         L0210               fcb       $30,$8D,$02,$DA,$17,$0D,$90,$30 0..Z...0
0218 8D02B8170D89C101 (     mod8.sbr.asm):00069         L0218               fcb       $8D,$02,$B8,$17,$0D,$89,$C1,$01 ..8...A.
0220 27058673170BE830 (     mod8.sbr.asm):00070         L0220               fcb       $27,$05,$86,$73,$17,$0B,$E8,$30 '..s..h0
0228 8D02C6170D79308D (     mod8.sbr.asm):00071         L0228               fcb       $8D,$02,$C6,$17,$0D,$79,$30,$8D ..F..y0.
0230 02CB170D72E66327 (     mod8.sbr.asm):00072         L0230               fcb       $02,$CB,$17,$0D,$72,$E6,$63,$27 .K..rfc'
0238 064F1707C9200730 (     mod8.sbr.asm):00073         L0238               fcb       $06,$4F,$17,$07,$C9,$20,$07,$30 .O..I .0
0240 8D02AB170D61308D (     mod8.sbr.asm):00074         L0240               fcb       $8D,$02,$AB,$17,$0D,$61,$30,$8D ..+..a0.
0248 0289170D5AC10127 (     mod8.sbr.asm):00075         L0248               fcb       $02,$89,$17,$0D,$5A,$C1,$01,$27 ....ZA.'
0250 058673170BB9862E (     mod8.sbr.asm):00076         L0250               fcb       $05,$86,$73,$17,$0B,$B9,$86,$2E ..s..9..
0258 170BB4308D028017 (     mod8.sbr.asm):00077         L0258               fcb       $17,$0B,$B4,$30,$8D,$02,$80,$17 ..40....
0260 0D45E66227064F17 (     mod8.sbr.asm):00078         L0260               fcb       $0D,$45,$E6,$62,$27,$06,$4F,$17 .Efb'.O.
0268 079C2007308D027E (     mod8.sbr.asm):00079         L0268               fcb       $07,$9C,$20,$07,$30,$8D,$02,$7E .. .0..~
0270 170D34308D025C17 (     mod8.sbr.asm):00080         L0270               fcb       $17,$0D,$34,$30,$8D,$02,$5C,$17 ..40..\.
0278 0D2DC10127058673 (     mod8.sbr.asm):00081         L0278               fcb       $0D,$2D,$C1,$01,$27,$05,$86,$73 .-A.'..s
0280 170B8C308D028517 (     mod8.sbr.asm):00082         L0280               fcb       $17,$0B,$8C,$30,$8D,$02,$85,$17 ...0....
0288 0D1D860A170B8086 (     mod8.sbr.asm):00083         L0288               fcb       $0D,$1D,$86,$0A,$17,$0B,$80,$86 ........
0290 059716308D028317 (     mod8.sbr.asm):00084         L0290               fcb       $05,$97,$16,$30,$8D,$02,$83,$17 ...0....
0298 0D0D30C8689635C6 (     mod8.sbr.asm):00085         L0298               fcb       $0D,$0D,$30,$C8,$68,$96,$35,$C6 ..0Hh.5F
02A0 143D308BEC881117 (     mod8.sbr.asm):00086         L02A0               fcb       $14,$3D,$30,$8B,$EC,$88,$11,$17 .=0.l...
02A8 075C308D0285170C (     mod8.sbr.asm):00087         L02A8               fcb       $07,$5C,$30,$8D,$02,$85,$17,$0C .\0.....
02B0 F6DC332A0A862D17 (     mod8.sbr.asm):00088         L02B0               fcb       $F6,$DC,$33,$2A,$0A,$86,$2D,$17 v\3*..-.
02B8 0B55CC0000933317 (     mod8.sbr.asm):00089         L02B8               fcb       $0B,$55,$CC,$00,$00,$93,$33,$17 .UL...3.
02C0 074430C8689635C6 (     mod8.sbr.asm):00090         L02C0               fcb       $07,$44,$30,$C8,$68,$96,$35,$C6 .D0Hh.5F
02C8 143D308BEC8811D3 (     mod8.sbr.asm):00091         L02C8               fcb       $14,$3D,$30,$8B,$EC,$88,$11,$D3 .=0.l..S
02D0 33DD331083A70F25 (     mod8.sbr.asm):00092         L02D0               fcb       $33,$DD,$33,$10,$83,$A7,$0F,$25 3]3..'.%
02D8 0B1083D6D82205CC (     mod8.sbr.asm):00093         L02D8               fcb       $0B,$10,$83,$D6,$D8,$22,$05,$CC ...VX".L
02E0 A70FDD331083D6D8 (     mod8.sbr.asm):00094         L02E0               fcb       $A7,$0F,$DD,$33,$10,$83,$D6,$D8 '.]3..VX
02E8 2505CC0000DD3330 (     mod8.sbr.asm):00095         L02E8               fcb       $25,$05,$CC,$00,$00,$DD,$33,$30 %.L..]30
02F0 8D0259170CB11707 (     mod8.sbr.asm):00096         L02F0               fcb       $8D,$02,$59,$17,$0C,$B1,$17,$07 ..Y..1..
02F8 0D30C8689635C614 (     mod8.sbr.asm):00097         L02F8               fcb       $0D,$30,$C8,$68,$96,$35,$C6,$14 .0Hh.5F.
0300 3D308BDC33ED8811 (     mod8.sbr.asm):00098         L0300               fcb       $3D,$30,$8B,$DC,$33,$ED,$88,$11 =0.\3m..
0308 DC334456DD339E33 (     mod8.sbr.asm):00099         L0308               fcb       $DC,$33,$44,$56,$DD,$33,$9E,$33 \3DV]3.3
0310 4F8C03E8252B4C8C (     mod8.sbr.asm):00100         L0310               fcb       $4F,$8C,$03,$E8,$25,$2B,$4C,$8C O..h%+L.
0318 09C425254C8C1388 (     mod8.sbr.asm):00101         L0318               fcb       $09,$C4,$25,$25,$4C,$8C,$13,$88 .D%%L...
0320 251F4C8C1D4C2519 (     mod8.sbr.asm):00102         L0320               fcb       $25,$1F,$4C,$8C,$1D,$4C,$25,$19 %.L..L%.
0328 4C8C271025134C8C (     mod8.sbr.asm):00103         L0328               fcb       $4C,$8C,$27,$10,$25,$13,$4C,$8C L.'.%.L.
0330 30D4250D4C8C3A98 (     mod8.sbr.asm):00104         L0330               fcb       $30,$D4,$25,$0D,$4C,$8C,$3A,$98 0T%.L.:.
0338 25074C8C445C2501 (     mod8.sbr.asm):00105         L0338               fcb       $25,$07,$4C,$8C,$44,$5C,$25,$01 %.L.D\%.
0340 4CA7E4308D021F17 (     mod8.sbr.asm):00106         L0340               fcb       $4C,$A7,$E4,$30,$8D,$02,$1F,$17 L'd0....
0348 0C5D30C9019CC60D (     mod8.sbr.asm):00107         L0348               fcb       $0C,$5D,$30,$C9,$01,$9C,$C6,$0D .]0I..F.
0350 3D308B170C5130C8 (     mod8.sbr.asm):00108         L0350               fcb       $3D,$30,$8B,$17,$0C,$51,$30,$C8 =0...Q0H
0358 689635C6143D308B (     mod8.sbr.asm):00109         L0358               fcb       $68,$96,$35,$C6,$14,$3D,$30,$8B h.5F.=0.
0360 A6E4A788130D5826 (     mod8.sbr.asm):00110         L0360               fcb       $A6,$E4,$A7,$88,$13,$0D,$58,$26 &d'...X&
0368 1B6D642717308D02 (     mod8.sbr.asm):00111         L0368               fcb       $1B,$6D,$64,$27,$17,$30,$8D,$02 .md'.0..
0370 0D170C331705A427 (     mod8.sbr.asm):00112         L0370               fcb       $0D,$17,$0C,$33,$17,$05,$A4,$27 ...3..$'
0378 FB8172274817022B (     mod8.sbr.asm):00113         L0378               fcb       $FB,$81,$72,$27,$48,$17,$02,$2B ..r'H..+
0380 81722741860A170A (     mod8.sbr.asm):00114         L0380               fcb       $81,$72,$27,$41,$86,$0A,$17,$0A .r'A....
0388 86170A8386031708 (     mod8.sbr.asm):00115         L0388               fcb       $86,$17,$0A,$83,$86,$03,$17,$08 ........
0390 AF86001709D2308D (     mod8.sbr.asm):00116         L0390               fcb       $AF,$86,$00,$17,$09,$D2,$30,$8D /....R0.
0398 0201170C0A17057B (     mod8.sbr.asm):00117         L0398               fcb       $02,$01,$17,$0C,$0A,$17,$05,$7B .......{
03A0 817227218E000A10 (     mod8.sbr.asm):00118         L03A0               fcb       $81,$72,$27,$21,$8E,$00,$0A,$10 .r'!....
03A8 3F0A86031709B930 (     mod8.sbr.asm):00119         L03A8               fcb       $3F,$0A,$86,$03,$17,$09,$B9,$30 ?.....90
03B0 8D01E8170BF11705 (     mod8.sbr.asm):00120         L03B0               fcb       $8D,$01,$E8,$17,$0B,$F1,$17,$05 ..h..q..
03B8 62817227088E000A (     mod8.sbr.asm):00121         L03B8               fcb       $62,$81,$72,$27,$08,$8E,$00,$0A b.r'....
03C0 103F0A20CC170399 (     mod8.sbr.asm):00122         L03C0               fcb       $10,$3F,$0A,$20,$CC,$17,$03,$99 .?. L...
03C8 326735F60C050006 (     mod8.sbr.asm):00123         L03C8               fcb       $32,$67,$35,$F6,$0C,$05,$00,$06 2g5v....
03D0 0F4D495353494F4E (     mod8.sbr.asm):00124         L03D0               fcb       $0F,$4D,$49,$53,$53,$49,$4F,$4E .MISSION
03D8 205354414E44494E (     mod8.sbr.asm):00125         L03D8               fcb       $20,$53,$54,$41,$4E,$44,$49,$4E STANDIN
03E0 47533A0D0A045041 (     mod8.sbr.asm):00126         L03E0               fcb       $47,$53,$3A,$0D,$0A,$04,$50,$41 GS:...PA
03E8 5449454E54204953 (     mod8.sbr.asm):00127         L03E8               fcb       $54,$49,$45,$4E,$54,$20,$49,$53 TIENT IS
03F0 20444541440D0A04 (     mod8.sbr.asm):00128         L03F0               fcb       $20,$44,$45,$41,$44,$0D,$0A,$04 DEAD...
03F8 4361757365206F66 (     mod8.sbr.asm):00129         L03F8               fcb       $43,$61,$75,$73,$65,$20,$6F,$66 Cause of
0400 2064656174682077 (     mod8.sbr.asm):00130         L0400               fcb       $20,$64,$65,$61,$74,$68,$20,$77 death w
0408 61732004616E2061 (     mod8.sbr.asm):00131         L0408               fcb       $61,$73,$20,$04,$61,$6E,$20,$61 as .an a
0410 6C6C65726769630D (     mod8.sbr.asm):00132         L0410               fcb       $6C,$6C,$65,$72,$67,$69,$63,$0D llergic.
0418 0A20726561637469 (     mod8.sbr.asm):00133         L0418               fcb       $0A,$20,$72,$65,$61,$63,$74,$69 . reacti
0420 6F6E20746F200463 (     mod8.sbr.asm):00134         L0420               fcb       $6F,$6E,$20,$74,$6F,$20,$04,$63 on to .c
0428 6172646961632061 (     mod8.sbr.asm):00135         L0428               fcb       $61,$72,$64,$69,$61,$63,$20,$61 ardiac a
0430 72726573742E0D0A (     mod8.sbr.asm):00136         L0430               fcb       $72,$72,$65,$73,$74,$2E,$0D,$0A rrest...
0438 0463657265627261 (     mod8.sbr.asm):00137         L0438               fcb       $04,$63,$65,$72,$65,$62,$72,$61 .cerebra
0440 6C2068656D6F7272 (     mod8.sbr.asm):00138         L0440               fcb       $6C,$20,$68,$65,$6D,$6F,$72,$72 l hemorr
0448 686167652E0D0A04 (     mod8.sbr.asm):00139         L0448               fcb       $68,$61,$67,$65,$2E,$0D,$0A,$04 hage....
0450 6F7574206F662074 (     mod8.sbr.asm):00140         L0450               fcb       $6F,$75,$74,$20,$6F,$66,$20,$74 out of t
0458 696D652E0D0A046F (     mod8.sbr.asm):00141         L0458               fcb       $69,$6D,$65,$2E,$0D,$0A,$04,$6F ime....o
0460 7574206F66206675 (     mod8.sbr.asm):00142         L0460               fcb       $75,$74,$20,$6F,$66,$20,$66,$75 ut of fu
0468 656C2E0D0A047072 (     mod8.sbr.asm):00143         L0468               fcb       $65,$6C,$2E,$0D,$0A,$04,$70,$72 el....pr
0470 6F62652064657374 (     mod8.sbr.asm):00144         L0470               fcb       $6F,$62,$65,$20,$64,$65,$73,$74 obe dest
0478 726F7965642E0D0A (     mod8.sbr.asm):00145         L0478               fcb       $72,$6F,$79,$65,$64,$2E,$0D,$0A royed...
0480 0470687973696369 (     mod8.sbr.asm):00146         L0480               fcb       $04,$70,$68,$79,$73,$69,$63,$69 .physici
0488 616E206D616C7072 (     mod8.sbr.asm):00147         L0488               fcb       $61,$6E,$20,$6D,$61,$6C,$70,$72 an malpr
0490 6163746963652E0D (     mod8.sbr.asm):00148         L0490               fcb       $61,$63,$74,$69,$63,$65,$2E,$0D actice..
0498 0A04434F4E475241 (     mod8.sbr.asm):00149         L0498               fcb       $0A,$04,$43,$4F,$4E,$47,$52,$41 ..CONGRA
04A0 54554C4154494F4E (     mod8.sbr.asm):00150         L04A0               fcb       $54,$55,$4C,$41,$54,$49,$4F,$4E TULATION
04A8 532120594F550D0A (     mod8.sbr.asm):00151         L04A8               fcb       $53,$21,$20,$59,$4F,$55,$0D,$0A S! YOU..
04B0 4841564520534156 (     mod8.sbr.asm):00152         L04B0               fcb       $48,$41,$56,$45,$20,$53,$41,$56 HAVE SAV
04B8 4544205448452050 (     mod8.sbr.asm):00153         L04B8               fcb       $45,$44,$20,$54,$48,$45,$20,$50 ED THE P
04C0 415449454E542E0D (     mod8.sbr.asm):00154         L04C0               fcb       $41,$54,$49,$45,$4E,$54,$2E,$0D ATIENT..
04C8 0A0A044F7574206F (     mod8.sbr.asm):00155         L04C8               fcb       $0A,$0A,$04,$4F,$75,$74,$20,$6F ...Out o
04D0 662004206865616C (     mod8.sbr.asm):00156         L04D0               fcb       $66,$20,$04,$20,$68,$65,$61,$6C f . heal
04D8 746820746970040D (     mod8.sbr.asm):00157         L04D8               fcb       $74,$68,$20,$74,$69,$70,$04,$0D th tip..
04E0 0A20596F75206D61 (     mod8.sbr.asm):00158         L04E0               fcb       $0A,$20,$59,$6F,$75,$20,$6D,$61 . You ma
04E8 726B656420046E6F (     mod8.sbr.asm):00159         L04E8               fcb       $72,$6B,$65,$64,$20,$04,$6E,$6F rked .no
04F0 0420636F72726563 (     mod8.sbr.asm):00160         L04F0               fcb       $04,$20,$63,$6F,$72,$72,$65,$63 . correc
04F8 746C792E040D0A20 (     mod8.sbr.asm):00161         L04F8               fcb       $74,$6C,$79,$2E,$04,$0D,$0A,$20 tly....
0500 596F75206D697373 (     mod8.sbr.asm):00162         L0500               fcb       $59,$6F,$75,$20,$6D,$69,$73,$73 You miss
0508 6564200420696E63 (     mod8.sbr.asm):00163         L0508               fcb       $65,$64,$20,$04,$20,$69,$6E,$63 ed . inc
0510 6F72726563746C79 (     mod8.sbr.asm):00164         L0510               fcb       $6F,$72,$72,$65,$63,$74,$6C,$79 orrectly
0518 2E040D0A596F7572 (     mod8.sbr.asm):00165         L0518               fcb       $2E,$04,$0D,$0A,$59,$6F,$75,$72 ....Your
0520 2073636F72652073 (     mod8.sbr.asm):00166         L0520               fcb       $20,$73,$63,$6F,$72,$65,$20,$73 score s
0528 7461727465642061 (     mod8.sbr.asm):00167         L0528               fcb       $74,$61,$72,$74,$65,$64,$20,$61 tarted a
0530 7320040D0A596F75 (     mod8.sbr.asm):00168         L0530               fcb       $73,$20,$04,$0D,$0A,$59,$6F,$75 s ...You
0538 722073636F726520 (     mod8.sbr.asm):00169         L0538               fcb       $72,$20,$73,$63,$6F,$72,$65,$20 r score
0540 6368616E67656420 (     mod8.sbr.asm):00170         L0540               fcb       $63,$68,$61,$6E,$67,$65,$64,$20 changed
0548 627920040D0A466F (     mod8.sbr.asm):00171         L0548               fcb       $62,$79,$20,$04,$0D,$0A,$46,$6F by ...Fo
0550 7220612063757272 (     mod8.sbr.asm):00172         L0550               fcb       $72,$20,$61,$20,$63,$75,$72,$72 r a curr
0558 656E742073636F72 (     mod8.sbr.asm):00173         L0558               fcb       $65,$6E,$74,$20,$73,$63,$6F,$72 ent scor
0560 65206F6620040D0A (     mod8.sbr.asm):00174         L0560               fcb       $65,$20,$6F,$66,$20,$04,$0D,$0A e of ...
0568 0A596F757220736B (     mod8.sbr.asm):00175         L0568               fcb       $0A,$59,$6F,$75,$72,$20,$73,$6B .Your sk
0570 696C6C206C657665 (     mod8.sbr.asm):00176         L0570               fcb       $69,$6C,$6C,$20,$6C,$65,$76,$65 ill leve
0578 6C20697320040D0A (     mod8.sbr.asm):00177         L0578               fcb       $6C,$20,$69,$73,$20,$04,$0D,$0A l is ...
0580 0A50726573732061 (     mod8.sbr.asm):00178         L0580               fcb       $0A,$50,$72,$65,$73,$73,$20,$61 .Press a
0588 206B657920666F72 (     mod8.sbr.asm):00179         L0588               fcb       $20,$6B,$65,$79,$20,$66,$6F,$72 key for
0590 206E657874207061 (     mod8.sbr.asm):00180         L0590               fcb       $20,$6E,$65,$78,$74,$20,$70,$61 next pa
0598 6765040D454E4420 (     mod8.sbr.asm):00181         L0598               fcb       $67,$65,$04,$0D,$45,$4E,$44,$20 ge..END
05A0 4F46204D49535349 (     mod8.sbr.asm):00182         L05A0               fcb       $4F,$46,$20,$4D,$49,$53,$53,$49 OF MISSI
05A8 4F4E04347632776F (     mod8.sbr.asm):00183         L05A8               fcb       $4F,$4E,$04,$34,$76,$32,$77,$6F ON.4v2wo
05B0 696F68DE00860017 (     mod8.sbr.asm):00184         L05B0               fcb       $69,$6F,$68,$DE,$00,$86,$00,$17 ioh^....
05B8 07AE86031706816F (     mod8.sbr.asm):00185         L05B8               fcb       $07,$AE,$86,$03,$17,$06,$81,$6F .......o
05C0 6630C93BF7E666A6 (     mod8.sbr.asm):00186         L05C0               fcb       $66,$30,$C9,$3B,$F7,$E6,$66,$A6 f0I;wff&
05C8 858180102300C7EC (     mod8.sbr.asm):00187         L05C8               fcb       $85,$81,$80,$10,$23,$00,$C7,$EC ....#.Gl
05D0 C93C4BED62E6C93C (     mod8.sbr.asm):00188         L05D0               fcb       $C9,$3C,$4B,$ED,$62,$E6,$C9,$3C I<KmbfI<
05D8 4A4FED64A666C64A (     mod8.sbr.asm):00189         L05D8               fcb       $4A,$4F,$ED,$64,$A6,$66,$C6,$4A JOmd&fFJ
05E0 3DE364EDE4EC62EB (     mod8.sbr.asm):00190         L05E0               fcb       $3D,$E3,$64,$ED,$E4,$EC,$62,$EB =cdmdlbk
05E8 E489001F01A66110 (     mod8.sbr.asm):00191         L05E8               fcb       $E4,$89,$00,$1F,$01,$A6,$61,$10 d....&a.
05F0 8E004A33C9379C17 (     mod8.sbr.asm):00192         L05F0               fcb       $8E,$00,$4A,$33,$C9,$37,$9C,$17 ..J3I7..
05F8 0523DE006F6730C9 (     mod8.sbr.asm):00193         L05F8               fcb       $05,$23,$DE,$00,$6F,$67,$30,$C9 .#^.og0I
0600 3BF7E666A685E667 (     mod8.sbr.asm):00194         L0600               fcb       $3B,$F7,$E6,$66,$A6,$85,$E6,$67 ;wff&.fg
0608 5A2B034420FA8401 (     mod8.sbr.asm):00195         L0608               fcb       $5A,$2B,$03,$44,$20,$FA,$84,$01 Z+.D z..
0610 277A30C937CEE667 (     mod8.sbr.asm):00196         L0610               fcb       $27,$7A,$30,$C9,$37,$CE,$E6,$67 'z0I7Nfg
0618 58EC851E89E364ED (     mod8.sbr.asm):00197         L0618               fcb       $58,$EC,$85,$1E,$89,$E3,$64,$ED Xl...cdm
0620 E4EC62EBE489001F (     mod8.sbr.asm):00198         L0620               fcb       $E4,$EC,$62,$EB,$E4,$89,$00,$1F dlbkd...
0628 0133C93896A667C6 (     mod8.sbr.asm):00199         L0628               fcb       $01,$33,$C9,$38,$96,$A6,$67,$C6 .3I8.&gF
0630 AD3D33CBA661108E (     mod8.sbr.asm):00200         L0630               fcb       $AD,$3D,$33,$CB,$A6,$61,$10,$8E -=3K&a..
0638 00AD1704E0DE006D (     mod8.sbr.asm):00201         L0638               fcb       $00,$AD,$17,$04,$E0,$DE,$00,$6D .-..`^.m
0640 682714308D005D17 (     mod8.sbr.asm):00202         L0640               fcb       $68,$27,$14,$30,$8D,$00,$5D,$17 h'.0..].
0648 095D1702CE27FB81 (     mod8.sbr.asm):00203         L0648               fcb       $09,$5D,$17,$02,$CE,$27,$FB,$81 .]..N'..
0650 722604A769204986 (     mod8.sbr.asm):00204         L0650               fcb       $72,$26,$04,$A7,$69,$20,$49,$86 r&.'i I.
0658 01A768170724308D (     mod8.sbr.asm):00205         L0658               fcb       $01,$A7,$68,$17,$07,$24,$30,$8D .'h..$0.
0660 006017094230C937 (     mod8.sbr.asm):00206         L0660               fcb       $00,$60,$17,$09,$42,$30,$C9,$37 .`..B0I7
0668 9C170957863A1707 (     mod8.sbr.asm):00207         L0668               fcb       $9C,$17,$09,$57,$86,$3A,$17,$07 ...W.:..
0670 9E860D170799860A (     mod8.sbr.asm):00208         L0670               fcb       $9E,$86,$0D,$17,$07,$99,$86,$0A ........
0678 17079417079130C9 (     mod8.sbr.asm):00209         L0678               fcb       $17,$07,$94,$17,$07,$91,$30,$C9 ......0I
0680 3896A667C6AD3D30 (     mod8.sbr.asm):00210         L0680               fcb       $38,$96,$A6,$67,$C6,$AD,$3D,$30 8.&gF-=0
0688 8B1700776C67A667 (     mod8.sbr.asm):00211         L0688               fcb       $8B,$17,$00,$77,$6C,$67,$A6,$67 ...wlg&g
0690 81031023FF686C66 (     mod8.sbr.asm):00212         L0690               fcb       $81,$03,$10,$23,$FF,$68,$6C,$66 ...#.hlf
0698 A666813C1023FF21 (     mod8.sbr.asm):00213         L0698               fcb       $A6,$66,$81,$3C,$10,$23,$FF,$21 &f.<.#.!
06A0 326935F60D0A0A50 (     mod8.sbr.asm):00214         L06A0               fcb       $32,$69,$35,$F6,$0D,$0A,$0A,$50 2i5v...P
06A8 726573732061206B (     mod8.sbr.asm):00215         L06A8               fcb       $72,$65,$73,$73,$20,$61,$20,$6B ress a k
06B0 657920666F72206E (     mod8.sbr.asm):00216         L06B0               fcb       $65,$79,$20,$66,$6F,$72,$20,$6E ey for n
06B8 6578742070616765 (     mod8.sbr.asm):00217         L06B8               fcb       $65,$78,$74,$20,$70,$61,$67,$65 ext page
06C0 2E040C596F757220 (     mod8.sbr.asm):00218         L06C0               fcb       $2E,$04,$0C,$59,$6F,$75,$72,$20 ...Your
06C8 7265636F6D6D656E (     mod8.sbr.asm):00219         L06C8               fcb       $72,$65,$63,$6F,$6D,$6D,$65,$6E recommen
06D0 646564206865616C (     mod8.sbr.asm):00220         L06D0               fcb       $64,$65,$64,$20,$68,$65,$61,$6C ded heal
06D8 7468206164766963 (     mod8.sbr.asm):00221         L06D8               fcb       $74,$68,$20,$61,$64,$76,$69,$63 th advic
06E0 6520666F72207072 (     mod8.sbr.asm):00222         L06E0               fcb       $65,$20,$66,$6F,$72,$20,$70,$72 e for pr
06E8 6576656E74696F6E (     mod8.sbr.asm):00223         L06E8               fcb       $65,$76,$65,$6E,$74,$69,$6F,$6E evention
06F0 206F6620696E6665 (     mod8.sbr.asm):00224         L06F0               fcb       $20,$6F,$66,$20,$69,$6E,$66,$65 of infe
06F8 6374696F6E206279 (     mod8.sbr.asm):00225         L06F8               fcb       $63,$74,$69,$6F,$6E,$20,$62,$79 ction by
0700 0D0A043476A68481 (     mod8.sbr.asm):00226         L0700               fcb       $0D,$0A,$04,$34,$76,$A6,$84,$81 ...4v&..
0708 FF271BA680818A27 (     mod8.sbr.asm):00227         L0708               fcb       $FF,$27,$1B,$A6,$80,$81,$8A,$27 .'.&...'
0710 0981FF27111706F7 (     mod8.sbr.asm):00228         L0710               fcb       $09,$81,$FF,$27,$11,$17,$06,$F7 ...'...w
0718 20F1860D1706F086 (     mod8.sbr.asm):00229         L0718               fcb       $20,$F1,$86,$0D,$17,$06,$F0,$86 q....p.
0720 0A1706EB20E535F6 (     mod8.sbr.asm):00230         L0720               fcb       $0A,$17,$06,$EB,$20,$E5,$35,$F6 ...k e5v
0728 34766FE2338430C4 (     mod8.sbr.asm):00231         L0728               fcb       $34,$76,$6F,$E2,$33,$84,$30,$C4 4vob3.0D
0730 E6E43A3ACC00A0A3 (     mod8.sbr.asm):00232         L0730               fcb       $E6,$E4,$3A,$3A,$CC,$00,$A0,$A3 fd::L. #
0738 84DD23E6E44FE365 (     mod8.sbr.asm):00233         L0738               fcb       $84,$DD,$23,$E6,$E4,$4F,$E3,$65 .]#fdOce
0740 DD2530C4E6E43A3A (     mod8.sbr.asm):00234         L0740               fcb       $DD,$25,$30,$C4,$E6,$E4,$3A,$3A ]%0Dfd::
0748 EC8458491F01108E (     mod8.sbr.asm):00235         L0748               fcb       $EC,$84,$58,$49,$1F,$01,$10,$8E l.XI....
0750 000117042F6CE4A6 (     mod8.sbr.asm):00236         L0750               fcb       $00,$01,$17,$04,$2F,$6C,$E4,$A6 ..../ld&
0758 E4A16126D1326135 (     mod8.sbr.asm):00237         L0758               fcb       $E4,$A1,$61,$26,$D1,$32,$61,$35 d!a&Q2a5
0760 F63476327F860397 (     mod8.sbr.asm):00238         L0760               fcb       $F6,$34,$76,$32,$7F,$86,$03,$97 v4v2...
0768 1686001705FA8603 (     mod8.sbr.asm):00239         L0768               fcb       $16,$86,$00,$17,$05,$FA,$86,$03 .....z..
0770 1704CD17060C308D (     mod8.sbr.asm):00240         L0770               fcb       $17,$04,$CD,$17,$06,$0C,$30,$8D ..M...0.
0778 006917082A308DF9 (     mod8.sbr.asm):00241         L0778               fcb       $00,$69,$17,$08,$2A,$30,$8D,$F9 .i..*0.y
0780 088602103F84251B (     mod8.sbr.asm):00242         L0780               fcb       $08,$86,$02,$10,$3F,$84,$25,$1B ....?.%.
0788 A7E49E0030886810 (     mod8.sbr.asm):00243         L0788               fcb       $A7,$E4,$9E,$00,$30,$88,$68,$10 'd..0.h.
0790 8E00C8103F8A250B (     mod8.sbr.asm):00244         L0790               fcb       $8E,$00,$C8,$10,$3F,$8A,$25,$0B ..H.?.%.
0798 A6E46FE4103F8F25 (     mod8.sbr.asm):00245         L0798               fcb       $A6,$E4,$6F,$E4,$10,$3F,$8F,$25 &dod.?.%
07A0 022039A6E4E7E44D (     mod8.sbr.asm):00246         L07A0               fcb       $02,$20,$39,$A6,$E4,$E7,$E4,$4D . 9&dgdM
07A8 2703103F8F1705D2 (     mod8.sbr.asm):00247         L07A8               fcb       $27,$03,$10,$3F,$8F,$17,$05,$D2 '..?...R
07B0 860717023E308D00 (     mod8.sbr.asm):00248         L07B0               fcb       $86,$07,$17,$02,$3E,$30,$8D,$00 ....>0..
07B8 481707EB4FE6E417 (     mod8.sbr.asm):00249         L07B8               fcb       $48,$17,$07,$EB,$4F,$E6,$E4,$17 H..kOfd.
07C0 0244308D00711707 (     mod8.sbr.asm):00250         L07C0               fcb       $02,$44,$30,$8D,$00,$71,$17,$07 .D0..q..
07C8 DE17014F27FB8161 (     mod8.sbr.asm):00251         L07C8               fcb       $DE,$17,$01,$4F,$27,$FB,$81,$61 ^..O'..a
07D0 270A8174279D8172 (     mod8.sbr.asm):00252         L07D0               fcb       $27,$0A,$81,$74,$27,$9D,$81,$72 '..t'..r
07D8 270220D132611705 (     mod8.sbr.asm):00253         L07D8               fcb       $27,$02,$20,$D1,$32,$61,$17,$05 '. Q2a..
07E0 A135F60C55706461 (     mod8.sbr.asm):00254         L07E0               fcb       $A1,$35,$F6,$0C,$55,$70,$64,$61 !5v.Upda
07E8 74696E6720506879 (     mod8.sbr.asm):00255         L07E8               fcb       $74,$69,$6E,$67,$20,$50,$68,$79 ting Phy
07F0 73696369616E2052 (     mod8.sbr.asm):00256         L07F0               fcb       $73,$69,$63,$69,$61,$6E,$20,$52 sician R
07F8 6F737465722E2E2E (     mod8.sbr.asm):00257         L07F8               fcb       $6F,$73,$74,$65,$72,$2E,$2E,$2E oster...
0800 040C43616E277420 (     mod8.sbr.asm):00258         L0800               fcb       $04,$0C,$43,$61,$6E,$27,$74,$20 ..Can't
0808 7570646174652074 (     mod8.sbr.asm):00259         L0808               fcb       $75,$70,$64,$61,$74,$65,$20,$74 update t
0810 6865205068797369 (     mod8.sbr.asm):00260         L0810               fcb       $68,$65,$20,$50,$68,$79,$73,$69 he Physi
0818 6369616E20526F73 (     mod8.sbr.asm):00261         L0818               fcb       $63,$69,$61,$6E,$20,$52,$6F,$73 cian Ros
0820 7465722C0D0A0A05 (     mod8.sbr.asm):00262         L0820               fcb       $74,$65,$72,$2C,$0D,$0A,$0A,$05 ter,....
0828 024572726F72206E (     mod8.sbr.asm):00263         L0828               fcb       $02,$45,$72,$72,$6F,$72,$20,$6E .Error n
0830 756D626572200421 (     mod8.sbr.asm):00264         L0830               fcb       $75,$6D,$62,$65,$72,$20,$04,$21 umber .!
0838 0D0A0A0500507265 (     mod8.sbr.asm):00265         L0838               fcb       $0D,$0A,$0A,$05,$00,$50,$72,$65 .....Pre
0840 7373202241222074 (     mod8.sbr.asm):00266         L0840               fcb       $73,$73,$20,$22,$41,$22,$20,$74 ss "A" t
0848 6F2061626F72742C (     mod8.sbr.asm):00267         L0848               fcb       $6F,$20,$61,$62,$6F,$72,$74,$2C o abort,
0850 2022542220746F20 (     mod8.sbr.asm):00268         L0850               fcb       $20,$22,$54,$22,$20,$74,$6F,$20 "T" to
0858 7472792061676169 (     mod8.sbr.asm):00269         L0858               fcb       $74,$72,$79,$20,$61,$67,$61,$69 try agai
0860 6E2E0434760F2730 (     mod8.sbr.asm):00270         L0860               fcb       $6E,$2E,$04,$34,$76,$0F,$27,$30 n..4v.'0
0868 8D00071707390C27 (     mod8.sbr.asm):00271         L0868               fcb       $8D,$00,$07,$17,$07,$39,$0C,$27 .....9.'
0870 35F60700B8050306 (     mod8.sbr.asm):00272         L0870               fcb       $35,$F6,$07,$00,$B8,$05,$03,$06 5v..8...
0878 0220202020202020 (     mod8.sbr.asm):00273         L0878               fcb       $02,$20,$20,$20,$20,$20,$20,$20 .
0880 52203D2052657374 (     mod8.sbr.asm):00274         L0880               fcb       $52,$20,$3D,$20,$52,$65,$73,$74 R = Rest
0888 6172742020204252 (     mod8.sbr.asm):00275         L0888               fcb       $61,$72,$74,$20,$20,$20,$42,$52 art   BR
0890 45414B203D204578 (     mod8.sbr.asm):00276         L0890               fcb       $45,$41,$4B,$20,$3D,$20,$45,$78 EAK = Ex
0898 6974202020202020 (     mod8.sbr.asm):00277         L0898               fcb       $69,$74,$20,$20,$20,$20,$20,$20 it
08A0 2004444444442000 (     mod8.sbr.asm):00278         L08A0               fcb       $20,$04,$44,$44,$44,$44,$20,$00 .DDDD .
08A8 840F8B303934766F (     mod8.sbr.asm):00279         L08A8               fcb       $84,$0F,$8B,$30,$39,$34,$76,$6F ...094vo
08B0 E26D632A09CC0000 (     mod8.sbr.asm):00280         L08B0               fcb       $E2,$6D,$63,$2A,$09,$CC,$00,$00 bmc*.L..
08B8 A363ED636CE46D65 (     mod8.sbr.asm):00281         L08B8               fcb       $A3,$63,$ED,$63,$6C,$E4,$6D,$65 #cmcldme
08C0 2A09CC0000A365ED (     mod8.sbr.asm):00282         L08C0               fcb       $2A,$09,$CC,$00,$00,$A3,$65,$ED *.L..#em
08C8 656AE4AE6310AE65 (     mod8.sbr.asm):00283         L08C8               fcb       $65,$6A,$E4,$AE,$63,$10,$AE,$65 ejd.c..e
08D0 8D12AF6310AF656D (     mod8.sbr.asm):00284         L08D0               fcb       $8D,$12,$AF,$63,$10,$AF,$65,$6D ../c./em
08D8 E02707CC0000A364 (     mod8.sbr.asm):00285         L08D8               fcb       $E0,$27,$07,$CC,$00,$00,$A3,$64 `'.L..#d
08E0 ED6435F634503426 (     mod8.sbr.asm):00286         L08E0               fcb       $ED,$64,$35,$F6,$34,$50,$34,$26 md5v4P4&
08E8 8E0010CC00006865 (     mod8.sbr.asm):00287         L08E8               fcb       $8E,$00,$10,$CC,$00,$00,$68,$65 ...L..he
08F0 6964594910A36225 (     mod8.sbr.asm):00288         L08F0               fcb       $69,$64,$59,$49,$10,$A3,$62,$25 idYI.#b%
08F8 04A3626C65301F26 (     mod8.sbr.asm):00289         L08F8               fcb       $04,$A3,$62,$6C,$65,$30,$1F,$26 .#ble0.&
0900 EDED6235F6D70E16 (     mod8.sbr.asm):00290         L0900               fcb       $ED,$ED,$62,$35,$F6,$D7,$0E,$16 mmb5vW..
0908 0772444444442000 (     mod8.sbr.asm):00291         L0908               fcb       $07,$72,$44,$44,$44,$44,$20,$00 .rDDDD .
0910 840F8B3081392302 (     mod8.sbr.asm):00292         L0910               fcb       $84,$0F,$8B,$30,$81,$39,$23,$02 ...0.9#.
0918 8B073934740D1310 (     mod8.sbr.asm):00293         L0918               fcb       $8B,$07,$39,$34,$74,$0D,$13,$10 ..94t...
0920 2607594FC601103F (     mod8.sbr.asm):00294         L0920               fcb       $26,$07,$59,$4F,$C6,$01,$10,$3F &.YOF..?
0928 8D24034F35F44F6F (     mod8.sbr.asm):00295         L0928               fcb       $8D,$24,$03,$4F,$35,$F4,$4F,$6F .$.O5tOo
0930 E21F41108E000110 (     mod8.sbr.asm):00296         L0930               fcb       $E2,$1F,$41,$10,$8E,$00,$01,$10 b.A.....
0938 3F892404861BA7E4 (     mod8.sbr.asm):00297         L0938               fcb       $3F,$89,$24,$04,$86,$1B,$A7,$E4 ?.$...'d
0940 A6E481ED270481CD (     mod8.sbr.asm):00298         L0940               fcb       $A6,$E4,$81,$ED,$27,$04,$81,$CD &d.m'..M
0948 261D0C20D620C102 (     mod8.sbr.asm):00299         L0948               fcb       $26,$1D,$0C,$20,$D6,$20,$C1,$02 &.. V A.
0950 23030F205F4F1F01 (     mod8.sbr.asm):00300         L0950               fcb       $23,$03,$0F,$20,$5F,$4F,$1F,$01 #.. _O..
0958 9614C692103F8E10 (     mod8.sbr.asm):00301         L0958               fcb       $96,$14,$C6,$92,$10,$3F,$8E,$10 ..F..?..
0960 25FFA26FE4200C81 (     mod8.sbr.asm):00302         L0960               fcb       $25,$FF,$A2,$6F,$E4,$20,$0C,$81 %."od ..
0968 412508815A22048A (     mod8.sbr.asm):00303         L0968               fcb       $41,$25,$08,$81,$5A,$22,$04,$8A A%..Z"..
0970 20A7E4A6E035F434 (     mod8.sbr.asm):00304         L0970               fcb       $20,$A7,$E4,$A6,$E0,$35,$F4,$34 'd&`5t4
0978 704F5F35F034766F (     mod8.sbr.asm):00305         L0978               fcb       $70,$4F,$5F,$35,$F0,$34,$76,$6F pO_5p4vo
0980 E26D632A09CC0000 (     mod8.sbr.asm):00306         L0980               fcb       $E2,$6D,$63,$2A,$09,$CC,$00,$00 bmc*.L..
0988 A363ED636CE46D65 (     mod8.sbr.asm):00307         L0988               fcb       $A3,$63,$ED,$63,$6C,$E4,$6D,$65 #cmcldme
0990 2A09CC0000A365ED (     mod8.sbr.asm):00308         L0990               fcb       $2A,$09,$CC,$00,$00,$A3,$65,$ED *.L..#em
0998 656AE4AE6310AE65 (     mod8.sbr.asm):00309         L0998               fcb       $65,$6A,$E4,$AE,$63,$10,$AE,$65 ejd.c..e
09A0 8D1BAF6310AF656D (     mod8.sbr.asm):00310         L09A0               fcb       $8D,$1B,$AF,$63,$10,$AF,$65,$6D ../c./em
09A8 E02710CC0000A364 (     mod8.sbr.asm):00311         L09A8               fcb       $E0,$27,$10,$CC,$00,$00,$A3,$64 `'.L..#d
09B0 ED64CC0000E263A2 (     mod8.sbr.asm):00312         L09B0               fcb       $ED,$64,$CC,$00,$00,$E2,$63,$A2 mdL..bc"
09B8 62ED6235F6347634 (     mod8.sbr.asm):00313         L09B8               fcb       $62,$ED,$62,$35,$F6,$34,$76,$34 bmb5v4v4
09C0 308E0000AF6610AF (     mod8.sbr.asm):00314         L09C0               fcb       $30,$8E,$00,$00,$AF,$66,$10,$AF 0.../f./
09C8 68A661E6633DED68 (     mod8.sbr.asm):00315         L09C8               fcb       $68,$A6,$61,$E6,$63,$3D,$ED,$68 h&afc=mh
09D0 A6E4E6633DE367ED (     mod8.sbr.asm):00316         L09D0               fcb       $A6,$E4,$E6,$63,$3D,$E3,$67,$ED &dfc=cgm
09D8 67A661E6623DE367 (     mod8.sbr.asm):00317         L09D8               fcb       $67,$A6,$61,$E6,$62,$3D,$E3,$67 g&afb=cg
09E0 24026C66ED67A6E4 (     mod8.sbr.asm):00318         L09E0               fcb       $24,$02,$6C,$66,$ED,$67,$A6,$E4 $.lfmg&d
09E8 E6623DE366ED6632 (     mod8.sbr.asm):00319         L09E8               fcb       $E6,$62,$3D,$E3,$66,$ED,$66,$32 fb=cfmf2
09F0 6435F63476860130 (     mod8.sbr.asm):00320         L09F0               fcb       $64,$35,$F6,$34,$76,$86,$01,$30 d5v4v..0
09F8 E4108E0001103F8A (     mod8.sbr.asm):00321         L09F8               fcb       $E4,$10,$8E,$00,$01,$10,$3F,$8A d.....?.
0A00 1025FF0135F63476 (     mod8.sbr.asm):00322         L0A00               fcb       $10,$25,$FF,$01,$35,$F6,$34,$76 .%..5v4v
0A08 3406CC00013406CC (     mod8.sbr.asm):00323         L0A08               fcb       $34,$06,$CC,$00,$01,$34,$06,$CC 4.L..4.L
0A10 000034063406EC66 (     mod8.sbr.asm):00324         L0A10               fcb       $00,$00,$34,$06,$34,$06,$EC,$66 ..4.4.lf
0A18 2732646666672415 (     mod8.sbr.asm):00325         L0A18               fcb       $27,$32,$64,$66,$66,$67,$24,$15 '2dffg$.
0A20 A662AB6519A762A6 (     mod8.sbr.asm):00326         L0A20               fcb       $A6,$62,$AB,$65,$19,$A7,$62,$A6 &b+e.'b&
0A28 61A96419A761A6E4 (     mod8.sbr.asm):00327         L0A28               fcb       $61,$A9,$64,$19,$A7,$61,$A6,$E4 a)d.'a&d
0A30 A96319A7E4A665AB (     mod8.sbr.asm):00328         L0A30               fcb       $A9,$63,$19,$A7,$E4,$A6,$65,$AB )c.'d&e+
0A38 6519A765A664A964 (     mod8.sbr.asm):00329         L0A38               fcb       $65,$19,$A7,$65,$A6,$64,$A9,$64 e.'e&d)d
0A40 19A764A663A96319 (     mod8.sbr.asm):00330         L0A40               fcb       $19,$A7,$64,$A6,$63,$A9,$63,$19 .'d&c)c.
0A48 A76320CA30E4D616 (     mod8.sbr.asm):00331         L0A48               fcb       $A7,$63,$20,$CA,$30,$E4,$D6,$16 'c J0dV.
0A50 2734C10522375A54 (     mod8.sbr.asm):00332         L0A50               fcb       $27,$34,$C1,$05,$22,$37,$5A,$54 '4A."7ZT
0A58 50CB023AD616C501 (     mod8.sbr.asm):00333         L0A58               fcb       $50,$CB,$02,$3A,$D6,$16,$C5,$01 PK.:V.E.
0A60 2611A68417FE3B81 (     mod8.sbr.asm):00334         L0A60               fcb       $26,$11,$A6,$84,$17,$FE,$3B,$81 &.&...;.
0A68 30262E5A27188620 (     mod8.sbr.asm):00335         L0A68               fcb       $30,$26,$2E,$5A,$27,$18,$86,$20 0&.Z'..
0A70 17039CA68017FE30 (     mod8.sbr.asm):00336         L0A70               fcb       $17,$03,$9C,$A6,$80,$17,$FE,$30 ...&...0
0A78 813026285A270786 (     mod8.sbr.asm):00337         L0A78               fcb       $81,$30,$26,$28,$5A,$27,$07,$86 .0&(Z'..
0A80 2017038B20DC8630 (     mod8.sbr.asm):00338         L0A80               fcb       $20,$17,$03,$8B,$20,$DC,$86,$30 ... \.0
0A88 1703842024862AC6 (     mod8.sbr.asm):00339         L0A88               fcb       $17,$03,$84,$20,$24,$86,$2A,$C6 ... $.*F
0A90 0517037B5A26FA20 (     mod8.sbr.asm):00340         L0A90               fcb       $05,$17,$03,$7B,$5A,$26,$FA,$20 ...{Z&z
0A98 181703735A2712A6 (     mod8.sbr.asm):00341         L0A98               fcb       $18,$17,$03,$73,$5A,$27,$12,$A6 ...sZ'.&
0AA0 8017FE041703685A (     mod8.sbr.asm):00342         L0AA0               fcb       $80,$17,$FE,$04,$17,$03,$68,$5A ......hZ
0AA8 2707A68417FDF320 (     mod8.sbr.asm):00343         L0AA8               fcb       $27,$07,$A6,$84,$17,$FD,$F3,$20 '.&...s
0AB0 E8326835F634061F (     mod8.sbr.asm):00344         L0AB0               fcb       $E8,$32,$68,$35,$F6,$34,$06,$1F h2h5v4..
0AB8 8986205A2B051703 (     mod8.sbr.asm):00345         L0AB8               fcb       $89,$86,$20,$5A,$2B,$05,$17,$03 .. Z+...
0AC0 4E20F835863402A6 (     mod8.sbr.asm):00346         L0AC0               fcb       $4E,$20,$F8,$35,$86,$34,$02,$A6 N x5.4.&
0AC8 808104270517FF23 (     mod8.sbr.asm):00347         L0AC8               fcb       $80,$81,$04,$27,$05,$17,$FF,$23 ...'...#
0AD0 20F53582347686FF (     mod8.sbr.asm):00348         L0AD0               fcb       $20,$F5,$35,$82,$34,$76,$86,$FF u5.4v..
0AD8 34029E00308818E6 (     mod8.sbr.asm):00349         L0AD8               fcb       $34,$02,$9E,$00,$30,$88,$18,$E6 4...0..f
0AE0 8456565656E88458 (     mod8.sbr.asm):00350         L0AE0               fcb       $84,$56,$56,$56,$56,$E8,$84,$58 .VVVVh.X
0AE8 583404E68458E884 (     mod8.sbr.asm):00351         L0AE8               fcb       $58,$34,$04,$E6,$84,$58,$E8,$84 X4.f.Xh.
0AF0 E8E0586902690169 (     mod8.sbr.asm):00352         L0AF0               fcb       $E8,$E0,$58,$69,$02,$69,$01,$69 h`Xi.i.i
0AF8 84A684AA01AA0226 (     mod8.sbr.asm):00353         L0AF8               fcb       $84,$A6,$84,$AA,$01,$AA,$02,$26 .&.*.*.&
0B00 0886FFA784A701A7 (     mod8.sbr.asm):00354         L0B00               fcb       $08,$86,$FF,$A7,$84,$A7,$01,$A7 ...'.'.'
0B08 02A602A4E4A16123 (     mod8.sbr.asm):00355         L0B08               fcb       $02,$A6,$02,$A4,$E4,$A1,$61,$23 .&.$d!a#
0B10 0464E420CAA76197 (     mod8.sbr.asm):00356         L0B10               fcb       $04,$64,$E4,$20,$CA,$A7,$61,$97 .dd J'a.
0B18 17326135F6347696 (     mod8.sbr.asm):00357         L0B18               fcb       $17,$32,$61,$35,$F6,$34,$76,$96 .2a5v4v.
0B20 15E6E4AE62170010 (     mod8.sbr.asm):00358         L0B20               fcb       $15,$E6,$E4,$AE,$62,$17,$00,$10 .fd.b...
0B28 9615AE6610AE6410 (     mod8.sbr.asm):00359         L0B28               fcb       $96,$15,$AE,$66,$10,$AE,$64,$10 ...f..d.
0B30 3F891025FDCF35F6 (     mod8.sbr.asm):00360         L0B30               fcb       $3F,$89,$10,$25,$FD,$CF,$35,$F6 ?..%.O5v
0B38 34764FE6621F01A6 (     mod8.sbr.asm):00361         L0B38               fcb       $34,$76,$4F,$E6,$62,$1F,$01,$A6 4vOfb..&
0B40 63E6611F03A6E410 (     mod8.sbr.asm):00362         L0B40               fcb       $63,$E6,$61,$1F,$03,$A6,$E4,$10 cfa..&d.
0B48 3F881025FDB735F6 (     mod8.sbr.asm):00363         L0B48               fcb       $3F,$88,$10,$25,$FD,$B7,$35,$F6 ?..%.75v
0B50 3466A18026FC5A26 (     mod8.sbr.asm):00364         L0B50               fcb       $34,$66,$A1,$80,$26,$FC,$5A,$26 4f!.&.Z&
0B58 F935E634741F894F (     mod8.sbr.asm):00365         L0B58               fcb       $F9,$35,$E6,$34,$74,$1F,$89,$4F y5f4t..O
0B60 6D842604300120F8 (     mod8.sbr.asm):00366         L0B60               fcb       $6D,$84,$26,$04,$30,$01,$20,$F8 m.&.0. x
0B68 E18027034C20F135 (     mod8.sbr.asm):00367         L0B68               fcb       $E1,$80,$27,$03,$4C,$20,$F1,$35 a.'.L q5
0B70 F43476CCBBBB9E30 (     mod8.sbr.asm):00368         L0B70               fcb       $F4,$34,$76,$CC,$BB,$BB,$9E,$30 t4vL;;.0
0B78 108E1E00ED81313F (     mod8.sbr.asm):00369         L0B78               fcb       $10,$8E,$1E,$00,$ED,$81,$31,$3F ....m.1?
0B80 26FA35F634763430 (     mod8.sbr.asm):00370         L0B80               fcb       $26,$FA,$35,$F6,$34,$76,$34,$30 &z5v4v40
0B88 9E308650D6263D30 (     mod8.sbr.asm):00371         L0B88               fcb       $9E,$30,$86,$50,$D6,$26,$3D,$30 .0.PV&=0
0B90 8BDC23445644563A (     mod8.sbr.asm):00372         L0B90               fcb       $8B,$DC,$23,$44,$56,$44,$56,$3A .\#DVDV:
0B98 96248403270A8101 (     mod8.sbr.asm):00373         L0B98               fcb       $96,$24,$84,$03,$27,$0A,$81,$01 .$..'...
0BA0 272A8102274A206C (     mod8.sbr.asm):00374         L0BA0               fcb       $27,$2A,$81,$02,$27,$4A,$20,$6C '*..'J l
0BA8 3410E665A684843F (     mod8.sbr.asm):00375         L0BA8               fcb       $34,$10,$E6,$65,$A6,$84,$84,$3F 4.fe&..?
0BB0 A784962984C0AA84 (     mod8.sbr.asm):00376         L0BB0               fcb       $A7,$84,$96,$29,$84,$C0,$AA,$84 '..).@*.
0BB8 A7843088505A26EC (     mod8.sbr.asm):00377         L0BB8               fcb       $A7,$84,$30,$88,$50,$5A,$26,$EC '.0.PZ&l
0BC0 351010AEE4313F10 (     mod8.sbr.asm):00378         L0BC0               fcb       $35,$10,$10,$AE,$E4,$31,$3F,$10 5...d1?.
0BC8 AFE427703410E665 (     mod8.sbr.asm):00379         L0BC8               fcb       $AF,$E4,$27,$70,$34,$10,$E6,$65 /d'p4.fe
0BD0 A68484CFA7849629 (     mod8.sbr.asm):00380         L0BD0               fcb       $A6,$84,$84,$CF,$A7,$84,$96,$29 &..O'..)
0BD8 8430AA84A7843088 (     mod8.sbr.asm):00381         L0BD8               fcb       $84,$30,$AA,$84,$A7,$84,$30,$88 .0*.'.0.
0BE0 505A26EC351010AE (     mod8.sbr.asm):00382         L0BE0               fcb       $50,$5A,$26,$EC,$35,$10,$10,$AE PZ&l5...
0BE8 E4313F10AFE4274C (     mod8.sbr.asm):00383         L0BE8               fcb       $E4,$31,$3F,$10,$AF,$E4,$27,$4C d1?./d'L
0BF0 3410E665A68484F3 (     mod8.sbr.asm):00384         L0BF0               fcb       $34,$10,$E6,$65,$A6,$84,$84,$F3 4.fe&..s
0BF8 A7849629840CAA84 (     mod8.sbr.asm):00385         L0BF8               fcb       $A7,$84,$96,$29,$84,$0C,$AA,$84 '..)..*.
0C00 A7843088505A26EC (     mod8.sbr.asm):00386         L0C00               fcb       $A7,$84,$30,$88,$50,$5A,$26,$EC '.0.PZ&l
0C08 351010AEE4313F10 (     mod8.sbr.asm):00387         L0C08               fcb       $35,$10,$10,$AE,$E4,$31,$3F,$10 5...d1?.
0C10 AFE427283410E665 (     mod8.sbr.asm):00388         L0C10               fcb       $AF,$E4,$27,$28,$34,$10,$E6,$65 /d'(4.fe
0C18 A68484FCA7849629 (     mod8.sbr.asm):00389         L0C18               fcb       $A6,$84,$84,$FC,$A7,$84,$96,$29 &...'..)
0C20 8403AA84A7843088 (     mod8.sbr.asm):00390         L0C20               fcb       $84,$03,$AA,$84,$A7,$84,$30,$88 ..*.'.0.
0C28 505A26EC35103001 (     mod8.sbr.asm):00391         L0C28               fcb       $50,$5A,$26,$EC,$35,$10,$30,$01 PZ&l5.0.
0C30 10AEE4313F10AFE4 (     mod8.sbr.asm):00392         L0C30               fcb       $10,$AE,$E4,$31,$3F,$10,$AF,$E4 ..d1?./d
0C38 1026FF6C326435F6 (     mod8.sbr.asm):00393         L0C38               fcb       $10,$26,$FF,$6C,$32,$64,$35,$F6 .&.l2d5v
0C40 3402484834024848 (     mod8.sbr.asm):00394         L0C40               fcb       $34,$02,$48,$48,$34,$02,$48,$48 4.HH4.HH
0C48 340248483402AAE0 (     mod8.sbr.asm):00395         L0C48               fcb       $34,$02,$48,$48,$34,$02,$AA,$E0 4.HH4.*`
0C50 AAE0AAE0AAE49728 (     mod8.sbr.asm):00396         L0C50               fcb       $AA,$E0,$AA,$E0,$AA,$E4,$97,$28 *`*`*d.(
0C58 358234769628D628 (     mod8.sbr.asm):00397         L0C58               fcb       $35,$82,$34,$76,$96,$28,$D6,$28 5.4v.(V(
0C60 9E30108E1E00ED81 (     mod8.sbr.asm):00398         L0C60               fcb       $9E,$30,$10,$8E,$1E,$00,$ED,$81 .0....m.
0C68 313F26FA35F63476 (     mod8.sbr.asm):00399         L0C68               fcb       $31,$3F,$26,$FA,$35,$F6,$34,$76 1?&z5v4v
0C70 86011700F3308D00 (     mod8.sbr.asm):00400         L0C70               fcb       $86,$01,$17,$00,$F3,$30,$8D,$00 ....s0..
0C78 1C862D108E000017 (     mod8.sbr.asm):00401         L0C78               fcb       $1C,$86,$2D,$10,$8E,$00,$00,$17 ..-.....
0C80 FAA686BB9729308D (     mod8.sbr.asm):00402         L0C80               fcb       $FA,$A6,$86,$BB,$97,$29,$30,$8D z&.;.)0.
0C88 00658609108E0006 (     mod8.sbr.asm):00403         L0C88               fcb       $00,$65,$86,$09,$10,$8E,$00,$06 .e......
0C90 17FA9535F6000C00 (     mod8.sbr.asm):00404         L0C90               fcb       $17,$FA,$95,$35,$F6,$00,$0C,$00 .z.5v...
0C98 0C000D0010001000 (     mod8.sbr.asm):00405         L0C98               fcb       $0C,$00,$0D,$00,$10,$00,$10,$00 ........
0CA0 1200120012001400 (     mod8.sbr.asm):00406         L0CA0               fcb       $12,$00,$12,$00,$12,$00,$14,$00 ........
0CA8 1400140017001700 (     mod8.sbr.asm):00407         L0CA8               fcb       $14,$00,$14,$00,$17,$00,$17,$00 ........
0CB0 1800180019001900 (     mod8.sbr.asm):00408         L0CB0               fcb       $18,$00,$18,$00,$19,$00,$19,$00 ........
0CB8 1B001D0021002400 (     mod8.sbr.asm):00409         L0CB8               fcb       $1B,$00,$1D,$00,$21,$00,$24,$00 ....!.$.
0CC0 2800700072007400 (     mod8.sbr.asm):00410         L0CC0               fcb       $28,$00,$70,$00,$72,$00,$74,$00 (.p.r.t.
0CC8 7500770078007800 (     mod8.sbr.asm):00411         L0CC8               fcb       $75,$00,$77,$00,$78,$00,$78,$00 u.w.x.x.
0CD0 7900790079007900 (     mod8.sbr.asm):00412         L0CD0               fcb       $79,$00,$79,$00,$79,$00,$79,$00 y.y.y.y.
0CD8 7900790079007900 (     mod8.sbr.asm):00413         L0CD8               fcb       $79,$00,$79,$00,$79,$00,$79,$00 y.y.y.y.
0CE0 7900790079007900 (     mod8.sbr.asm):00414         L0CE0               fcb       $79,$00,$79,$00,$79,$00,$79,$00 y.y.y.y.
0CE8 7900790079007900 (     mod8.sbr.asm):00415         L0CE8               fcb       $79,$00,$79,$00,$79,$00,$79,$00 y.y.y.y.
0CF0 0200040006000700 (     mod8.sbr.asm):00416         L0CF0               fcb       $02,$00,$04,$00,$06,$00,$07,$00 ........
0CF8 0700070006000400 (     mod8.sbr.asm):00417         L0CF8               fcb       $07,$00,$07,$00,$06,$00,$04,$00 ........
0D00 02347686AB34029E (     mod8.sbr.asm):00418         L0D00               fcb       $02,$34,$76,$86,$AB,$34,$02,$9E .4v.+4..
0D08 303089069333884A (     mod8.sbr.asm):00419         L0D08               fcb       $30,$30,$89,$06,$93,$33,$88,$4A 00...3.J
0D10 108EAAAACCAAAA36 (     mod8.sbr.asm):00420         L0D10               fcb       $10,$8E,$AA,$AA,$CC,$AA,$AA,$36 ..**L**6
0D18 2636263626362636 (     mod8.sbr.asm):00421         L0D18               fcb       $26,$36,$26,$36,$26,$36,$26,$36 &6&6&6&6
0D20 2636263626362636 (     mod8.sbr.asm):00422         L0D20               fcb       $26,$36,$26,$36,$26,$36,$26,$36 &6&6&6&6
0D28 2636263626362636 (     mod8.sbr.asm):00423         L0D28               fcb       $26,$36,$26,$36,$26,$36,$26,$36 &6&6&6&6
0D30 2636263626362636 (     mod8.sbr.asm):00424         L0D30               fcb       $26,$36,$26,$36,$26,$36,$26,$36 &6&6&6&6
0D38 2636263606308850 (     mod8.sbr.asm):00425         L0D38               fcb       $26,$36,$26,$36,$06,$30,$88,$50 &6&6.0.P
0D40 6AE426C9326135F6 (     mod8.sbr.asm):00426         L0D40               fcb       $6A,$E4,$26,$C9,$32,$61,$35,$F6 jd&I2a5v
0D48 3476860217001930 (     mod8.sbr.asm):00427         L0D48               fcb       $34,$76,$86,$02,$17,$00,$19,$30 4v.....0
0D50 8D000B8605108E00 (     mod8.sbr.asm):00428         L0D50               fcb       $8D,$00,$0B,$86,$05,$10,$8E,$00 ........
0D58 1017F9CC35F6008F (     mod8.sbr.asm):00429         L0D58               fcb       $10,$17,$F9,$CC,$35,$F6,$00,$8F ..yL5v..
0D60 0091009200930093 (     mod8.sbr.asm):00430         L0D60               fcb       $00,$91,$00,$92,$00,$93,$00,$93 ........
0D68 3402484834024848 (     mod8.sbr.asm):00431         L0D68               fcb       $34,$02,$48,$48,$34,$02,$48,$48 4.HH4.HH
0D70 340248483402AAE0 (     mod8.sbr.asm):00432         L0D70               fcb       $34,$02,$48,$48,$34,$02,$AA,$E0 4.HH4.*`
0D78 AAE0AAE0AAE49729 (     mod8.sbr.asm):00433         L0D78               fcb       $AA,$E0,$AA,$E0,$AA,$E4,$97,$29 *`*`*d.)
0D80 3582347686873402 (     mod8.sbr.asm):00434         L0D80               fcb       $35,$82,$34,$76,$86,$87,$34,$02 5.4v..4.
0D88 9E3030890F563388 (     mod8.sbr.asm):00435         L0D88               fcb       $9E,$30,$30,$89,$0F,$56,$33,$88 .00..V3.
0D90 47CCAAAA36063602 (     mod8.sbr.asm):00436         L0D90               fcb       $47,$CC,$AA,$AA,$36,$06,$36,$02 GL**6.6.
0D98 108EFFFFCCFFFF36 (     mod8.sbr.asm):00437         L0D98               fcb       $10,$8E,$FF,$FF,$CC,$FF,$FF,$36 ....L..6
0DA0 2636263626362636 (     mod8.sbr.asm):00438         L0DA0               fcb       $26,$36,$26,$36,$26,$36,$26,$36 &6&6&6&6
0DA8 2636263626362636 (     mod8.sbr.asm):00439         L0DA8               fcb       $26,$36,$26,$36,$26,$36,$26,$36 &6&6&6&6
0DB0 2636263626362636 (     mod8.sbr.asm):00440         L0DB0               fcb       $26,$36,$26,$36,$26,$36,$26,$36 &6&6&6&6
0DB8 2636263626362636 (     mod8.sbr.asm):00441         L0DB8               fcb       $26,$36,$26,$36,$26,$36,$26,$36 &6&6&6&6
0DC0 263088506AE426C6 (     mod8.sbr.asm):00442         L0DC0               fcb       $26,$30,$88,$50,$6A,$E4,$26,$C6 &0.Pjd&F
0DC8 326135F63476869B (     mod8.sbr.asm):00443         L0DC8               fcb       $32,$61,$35,$F6,$34,$76,$86,$9B 2a5v4v..
0DD0 34029E3030890B96 (     mod8.sbr.asm):00444         L0DD0               fcb       $34,$02,$9E,$30,$30,$89,$0B,$96 4..00...
0DD8 338844108EFFFFCC (     mod8.sbr.asm):00445         L0DD8               fcb       $33,$88,$44,$10,$8E,$FF,$FF,$CC 3.D....L
0DE0 FFFF362636263626 (     mod8.sbr.asm):00446         L0DE0               fcb       $FF,$FF,$36,$26,$36,$26,$36,$26 ..6&6&6&
0DE8 3626362636263626 (     mod8.sbr.asm):00447         L0DE8               fcb       $36,$26,$36,$26,$36,$26,$36,$26 6&6&6&6&
0DF0 3626362636263626 (     mod8.sbr.asm):00448         L0DF0               fcb       $36,$26,$36,$26,$36,$26,$36,$26 6&6&6&6&
0DF8 3626362636263626 (     mod8.sbr.asm):00449         L0DF8               fcb       $36,$26,$36,$26,$36,$26,$36,$26 6&6&6&6&
0E00 362636263088506A (     mod8.sbr.asm):00450         L0E00               fcb       $36,$26,$36,$26,$30,$88,$50,$6A 6&6&0.Pj
0E08 E426CD326135F634 (     mod8.sbr.asm):00451         L0E08               fcb       $E4,$26,$CD,$32,$61,$35,$F6,$34 d&M2a5v4
0E10 763402D62A102600 (     mod8.sbr.asm):00452         L0E10               fcb       $76,$34,$02,$D6,$2A,$10,$26,$00 v4.V*.&.
0E18 CC847FA7E4802010 (     mod8.sbr.asm):00453         L0E18               fcb       $CC,$84,$7F,$A7,$E4,$80,$20,$10 L.'d. .
0E20 2B011C9E2E308907 (     mod8.sbr.asm):00454         L0E20               fcb       $2B,$01,$1C,$9E,$2E,$30,$89,$07 +....0..
0E28 80C60E3D308BDE30 (     mod8.sbr.asm):00455         L0E28               fcb       $80,$C6,$0E,$3D,$30,$8B,$DE,$30 .F.=0.^0
0E30 0D27260E8650D625 (     mod8.sbr.asm):00456         L0E30               fcb       $0D,$27,$26,$0E,$86,$50,$D6,$25 .'&..PV%
0E38 3D33CBD6235433C5 (     mod8.sbr.asm):00457         L0E38               fcb       $3D,$33,$CB,$D6,$23,$54,$33,$C5 =3KV#T3E
0E40 200F8650D6263D33 (     mod8.sbr.asm):00458         L0E40               fcb       $20,$0F,$86,$50,$D6,$26,$3D,$33 ..PV&=3
0E48 CBDC234456445633 (     mod8.sbr.asm):00459         L0E48               fcb       $CB,$DC,$23,$44,$56,$44,$56,$33 K\#DVDV3
0E50 CBA6E48167270C81 (     mod8.sbr.asm):00460         L0E50               fcb       $CB,$A6,$E4,$81,$67,$27,$0C,$81 K&d.g'..
0E58 7027088171270481 (     mod8.sbr.asm):00461         L0E58               fcb       $70,$27,$08,$81,$71,$27,$04,$81 p'..q'..
0E60 79260D9628A7C40D (     mod8.sbr.asm):00462         L0E60               fcb       $79,$26,$0D,$96,$28,$A7,$C4,$0D y&..('D.
0E68 272602A74133C850 (     mod8.sbr.asm):00463         L0E68               fcb       $27,$26,$02,$A7,$41,$33,$C8,$50 '&.'A3HP
0E70 108E00070D27261F (     mod8.sbr.asm):00464         L0E70               fcb       $10,$8E,$00,$07,$0D,$27,$26,$1F .....'&.
0E78 EC8443539428D428 (     mod8.sbr.asm):00465         L0E78               fcb       $EC,$84,$43,$53,$94,$28,$D4,$28 l.CS.(T(
0E80 EDC4EC819429D429 (     mod8.sbr.asm):00466         L0E80               fcb       $ED,$C4,$EC,$81,$94,$29,$D4,$29 mDl..)T)
0E88 AAC4EA41EDC433C8 (     mod8.sbr.asm):00467         L0E88               fcb       $AA,$C4,$EA,$41,$ED,$C4,$33,$C8 *DjAmD3H
0E90 50313F26E3201BEC (     mod8.sbr.asm):00468         L0E90               fcb       $50,$31,$3F,$26,$E3,$20,$1B,$EC P1?&c .l
0E98 8117014134024394 (     mod8.sbr.asm):00469         L0E98               fcb       $81,$17,$01,$41,$34,$02,$43,$94 ...A4.C.
0EA0 28A7C435029429AA (     mod8.sbr.asm):00470         L0EA0               fcb       $28,$A7,$C4,$35,$02,$94,$29,$AA ('D5..)*
0EA8 C4A7C433C850313F (     mod8.sbr.asm):00471         L0EA8               fcb       $C4,$A7,$C4,$33,$C8,$50,$31,$3F D'D3HP1?
0EB0 26E5A6E481672716 (     mod8.sbr.asm):00472         L0EB0               fcb       $26,$E5,$A6,$E4,$81,$67,$27,$16 &e&d.g'.
0EB8 817027128171270E (     mod8.sbr.asm):00473         L0EB8               fcb       $81,$70,$27,$12,$81,$71,$27,$0E .p'..q'.
0EC0 8179270A9628A7C4 (     mod8.sbr.asm):00474         L0EC0               fcb       $81,$79,$27,$0A,$96,$28,$A7,$C4 .y'..('D
0EC8 0D272602A7410D27 (     mod8.sbr.asm):00475         L0EC8               fcb       $0D,$27,$26,$02,$A7,$41,$0D,$27 .'&.'A.'
0ED0 260996238B049723 (     mod8.sbr.asm):00476         L0ED0               fcb       $26,$09,$96,$23,$8B,$04,$97,$23 &..#...#
0ED8 1600C8DC23C30004 (     mod8.sbr.asm):00477         L0ED8               fcb       $16,$00,$C8,$DC,$23,$C3,$00,$04 ..H\#C..
0EE0 DD231600BEC50127 (     mod8.sbr.asm):00478         L0EE0               fcb       $DD,$23,$16,$00,$BE,$C5,$01,$27 ]#..>E.'
0EE8 080F2A17FE7A1600 (     mod8.sbr.asm):00479         L0EE8               fcb       $08,$0F,$2A,$17,$FE,$7A,$16,$00 ..*..z..
0EF0 B2C50227080F2A17 (     mod8.sbr.asm):00480         L0EF0               fcb       $B2,$C5,$02,$27,$08,$0F,$2A,$17 2E.'..*.
0EF8 FD461600A6C50427 (     mod8.sbr.asm):00481         L0EF8               fcb       $FD,$46,$16,$00,$A6,$C5,$04,$27 .F..&E.'
0F00 0F9723C6080D2726 (     mod8.sbr.asm):00482         L0F00               fcb       $0F,$97,$23,$C6,$08,$0D,$27,$26 ..#F..'&
0F08 02C610D72A160093 (     mod8.sbr.asm):00483         L0F08               fcb       $02,$C6,$10,$D7,$2A,$16,$00,$93 .F.W*...
0F10 C50827099724C610 (     mod8.sbr.asm):00484         L0F10               fcb       $C5,$08,$27,$09,$97,$24,$C6,$10 E.'..$F.
0F18 D72A160086C51027 (     mod8.sbr.asm):00485         L0F18               fcb       $D7,$2A,$16,$00,$86,$C5,$10,$27 W*...E.'
0F20 0E9725C6200D2726 (     mod8.sbr.asm):00486         L0F20               fcb       $0E,$97,$25,$C6,$20,$0D,$27,$26 ..%F .'&
0F28 015FD72A160074C5 (     mod8.sbr.asm):00487         L0F28               fcb       $01,$5F,$D7,$2A,$16,$00,$74,$C5 ._W*..tE
0F30 20270797260F2A16 (     mod8.sbr.asm):00488         L0F30               fcb       $20,$27,$07,$97,$26,$0F,$2A,$16 '..&.*.
0F38 00690F2A160064A6 (     mod8.sbr.asm):00489         L0F38               fcb       $00,$69,$0F,$2A,$16,$00,$64,$A6 .i.*..d&
0F40 E4810D260F0D2726 (     mod8.sbr.asm):00490         L0F40               fcb       $E4,$81,$0D,$26,$0F,$0D,$27,$26 d..&..'&
0F48 040F232056CC0020 (     mod8.sbr.asm):00491         L0F48               fcb       $04,$0F,$23,$20,$56,$CC,$00,$20 ..# VL.
0F50 DD23204F810A2615 (     mod8.sbr.asm):00492         L0F50               fcb       $DD,$23,$20,$4F,$81,$0A,$26,$15 ]# O..&.
0F58 0D27260896258B08 (     mod8.sbr.asm):00493         L0F58               fcb       $0D,$27,$26,$08,$96,$25,$8B,$08 .'&..%..
0F60 9725203FDC25C300 (     mod8.sbr.asm):00494         L0F60               fcb       $97,$25,$20,$3F,$DC,$25,$C3,$00 .% ?\%C.
0F68 08DD252036810526 (     mod8.sbr.asm):00495         L0F68               fcb       $08,$DD,$25,$20,$36,$81,$05,$26 .]% 6..&
0F70 06C601D72A202C81 (     mod8.sbr.asm):00496         L0F70               fcb       $06,$C6,$01,$D7,$2A,$20,$2C,$81 .F.W* ,.
0F78 062606C602D72A20 (     mod8.sbr.asm):00497         L0F78               fcb       $06,$26,$06,$C6,$02,$D7,$2A,$20 .&.F.W*
0F80 2281072606C604D7 (     mod8.sbr.asm):00498         L0F80               fcb       $22,$81,$07,$26,$06,$C6,$04,$D7 "..&.F.W
0F88 2A2018810C26140D (     mod8.sbr.asm):00499         L0F88               fcb       $2A,$20,$18,$81,$0C,$26,$14,$0D * ...&..
0F90 2726060F230F2520 (     mod8.sbr.asm):00500         L0F90               fcb       $27,$26,$06,$0F,$23,$0F,$25,$20 '&..#.%
0F98 0ACC0020DD23CC00 (     mod8.sbr.asm):00501         L0F98               fcb       $0A,$CC,$00,$20,$DD,$23,$CC,$00 .L. ]#L.
0FA0 31DD25326135F634 (     mod8.sbr.asm):00502         L0FA0               fcb       $31,$DD,$25,$32,$61,$35,$F6,$34 1]%2a5v4
0FA8 76A6800D2A260D81 (     mod8.sbr.asm):00503         L0FA8               fcb       $76,$A6,$80,$0D,$2A,$26,$0D,$81 v&..*&..
0FB0 04270E81FF270A4D (     mod8.sbr.asm):00504         L0FB0               fcb       $04,$27,$0E,$81,$FF,$27,$0A,$4D .'...'.M
0FB8 2602862017FE5020 (     mod8.sbr.asm):00505         L0FB8               fcb       $26,$02,$86,$20,$17,$FE,$50,$20 &.. ..P
0FC0 E835F63476A6800D (     mod8.sbr.asm):00506         L0FC0               fcb       $E8,$35,$F6,$34,$76,$A6,$80,$0D h5v4v&..
0FC8 2A260B8104270C81 (     mod8.sbr.asm):00507         L0FC8               fcb       $2A,$26,$0B,$81,$04,$27,$0C,$81 *&...'..
0FD0 FF27084D27EF17FE (     mod8.sbr.asm):00508         L0FD0               fcb       $FF,$27,$08,$4D,$27,$EF,$17,$FE .'.M'o..
0FD8 3620EA35F634766F (     mod8.sbr.asm):00509         L0FD8               fcb       $36,$20,$EA,$35,$F6,$34,$76,$6F 6 j5v4vo
0FE0 E48E0004584969E4 (     mod8.sbr.asm):00510         L0FE0               fcb       $E4,$8E,$00,$04,$58,$49,$69,$E4 d...XIid
0FE8 584969E458495849 (     mod8.sbr.asm):00511         L0FE8               fcb       $58,$49,$69,$E4,$58,$49,$58,$49 XIidXIXI
0FF0 301F26F035F63476 (     mod8.sbr.asm):00512         L0FF0               fcb       $30,$1F,$26,$F0,$35,$F6,$34,$76 0.&p5v4v
0FF8 5F861B17F9F58631 (     mod8.sbr.asm):00513         L0FF8               fcb       $5F,$86,$1B,$17,$F9,$F5,$86,$31 _...yu.1
1000 17F9F01F9817F9EB (     mod8.sbr.asm):00514         L1000               fcb       $17,$F9,$F0,$1F,$98,$17,$F9,$EB .yp...yk
1008 A68517F9E65CE1E4 (     mod8.sbr.asm):00515         L1008               fcb       $A6,$85,$17,$F9,$E6,$5C,$E1,$E4 &..yf\ad
1010 26E735F63476327C (     mod8.sbr.asm):00516         L1010               fcb       $26,$E7,$35,$F6,$34,$76,$32,$7C &g5v4v2|
1018 5D27048D2C202686 (     mod8.sbr.asm):00517         L1018               fcb       $5D,$27,$04,$8D,$2C,$20,$26,$86 ]'.., &.
1020 3FA7E4EC664456E7 (     mod8.sbr.asm):00518         L1020               fcb       $3F,$A7,$E4,$EC,$66,$44,$56,$E7 ?'dlfDVg
1028 61E6644F58495849 (     mod8.sbr.asm):00519         L1028               fcb       $61,$E6,$64,$4F,$58,$49,$58,$49 afdOXIXI
1030 58494353C31000ED (     mod8.sbr.asm):00520         L1030               fcb       $58,$49,$43,$53,$C3,$10,$00,$ED XICSC..m
1038 628601C698AEE410 (     mod8.sbr.asm):00521         L1038               fcb       $62,$86,$01,$C6,$98,$AE,$E4,$10 b..F..d.
1040 AE62103F8E326435 (     mod8.sbr.asm):00522         L1040               fcb       $AE,$62,$10,$3F,$8E,$32,$64,$35 .b.?.2d5
1048 F63476327C863FA7 (     mod8.sbr.asm):00523         L1048               fcb       $F6,$34,$76,$32,$7C,$86,$3F,$A7 v4v2|.?'
1050 E46F6186FF17FA7C (     mod8.sbr.asm):00524         L1050               fcb       $E4,$6F,$61,$86,$FF,$17,$FA,$7C doa...z|
1058 D618840FED628601 (     mod8.sbr.asm):00525         L1058               fcb       $D6,$18,$84,$0F,$ED,$62,$86,$01 V...mb..
1060 C698AEE410AE6210 (     mod8.sbr.asm):00526         L1060               fcb       $C6,$98,$AE,$E4,$10,$AE,$62,$10 F..d..b.
1068 3F8EA6E4A069A7E4 (     mod8.sbr.asm):00527         L1068               fcb       $3F,$8E,$A6,$E4,$A0,$69,$A7,$E4 ?.&d i'd
1070 2EE1326435F6D70E (     mod8.sbr.asm):00528         L1070               fcb       $2E,$E1,$32,$64,$35,$F6,$D7,$0E .a2d5vW.
1078 0C0D200220008601 (     mod8.sbr.asm):00529         L1078               fcb       $0C,$0D,$20,$02,$20,$00,$86,$01 .. . ...
1080 975A10DE0A35F692 (     mod8.sbr.asm):00530         L1080               fcb       $97,$5A,$10,$DE,$0A,$35,$F6,$92 .Z.^.5v.
1088 9D30             (     mod8.sbr.asm):00531         L1088               fcb       $9D,$30             .0

Symbol Table:
[ G] L0000                            0000
[ G] L0008                            0008
[ G] L0010                            0010
[ G] L0018                            0018
[ G] L0020                            0020
[ G] L0028                            0028
[ G] L0030                            0030
[ G] L0038                            0038
[ G] L0040                            0040
[ G] L0048                            0048
[ G] L0050                            0050
[ G] L0058                            0058
[ G] L0060                            0060
[ G] L0068                            0068
[ G] L0070                            0070
[ G] L0078                            0078
[ G] L0080                            0080
[ G] L0088                            0088
[ G] L0090                            0090
[ G] L0098                            0098
[ G] L00A0                            00A0
[ G] L00A8                            00A8
[ G] L00B0                            00B0
[ G] L00B8                            00B8
[ G] L00C0                            00C0
[ G] L00C8                            00C8
[ G] L00D0                            00D0
[ G] L00D8                            00D8
[ G] L00E0                            00E0
[ G] L00E8                            00E8
[ G] L00F0                            00F0
[ G] L00F8                            00F8
[ G] L0100                            0100
[ G] L0108                            0108
[ G] L0110                            0110
[ G] L0118                            0118
[ G] L0120                            0120
[ G] L0128                            0128
[ G] L0130                            0130
[ G] L0138                            0138
[ G] L0140                            0140
[ G] L0148                            0148
[ G] L0150                            0150
[ G] L0158                            0158
[ G] L0160                            0160
[ G] L0168                            0168
[ G] L0170                            0170
[ G] L0178                            0178
[ G] L0180                            0180
[ G] L0188                            0188
[ G] L0190                            0190
[ G] L0198                            0198
[ G] L01A0                            01A0
[ G] L01A8                            01A8
[ G] L01B0                            01B0
[ G] L01B8                            01B8
[ G] L01C0                            01C0
[ G] L01C8                            01C8
[ G] L01D0                            01D0
[ G] L01D8                            01D8
[ G] L01E0                            01E0
[ G] L01E8                            01E8
[ G] L01F0                            01F0
[ G] L01F8                            01F8
[ G] L0200                            0200
[ G] L0208                            0208
[ G] L0210                            0210
[ G] L0218                            0218
[ G] L0220                            0220
[ G] L0228                            0228
[ G] L0230                            0230
[ G] L0238                            0238
[ G] L0240                            0240
[ G] L0248                            0248
[ G] L0250                            0250
[ G] L0258                            0258
[ G] L0260                            0260
[ G] L0268                            0268
[ G] L0270                            0270
[ G] L0278                            0278
[ G] L0280                            0280
[ G] L0288                            0288
[ G] L0290                            0290
[ G] L0298                            0298
[ G] L02A0                            02A0
[ G] L02A8                            02A8
[ G] L02B0                            02B0
[ G] L02B8                            02B8
[ G] L02C0                            02C0
[ G] L02C8                            02C8
[ G] L02D0                            02D0
[ G] L02D8                            02D8
[ G] L02E0                            02E0
[ G] L02E8                            02E8
[ G] L02F0                            02F0
[ G] L02F8                            02F8
[ G] L0300                            0300
[ G] L0308                            0308
[ G] L0310                            0310
[ G] L0318                            0318
[ G] L0320                            0320
[ G] L0328                            0328
[ G] L0330                            0330
[ G] L0338                            0338
[ G] L0340                            0340
[ G] L0348                            0348
[ G] L0350                            0350
[ G] L0358                            0358
[ G] L0360                            0360
[ G] L0368                            0368
[ G] L0370                            0370
[ G] L0378                            0378
[ G] L0380                            0380
[ G] L0388                            0388
[ G] L0390                            0390
[ G] L0398                            0398
[ G] L03A0                            03A0
[ G] L03A8                            03A8
[ G] L03B0                            03B0
[ G] L03B8                            03B8
[ G] L03C0                            03C0
[ G] L03C8                            03C8
[ G] L03D0                            03D0
[ G] L03D8                            03D8
[ G] L03E0                            03E0
[ G] L03E8                            03E8
[ G] L03F0                            03F0
[ G] L03F8                            03F8
[ G] L0400                            0400
[ G] L0408                            0408
[ G] L0410                            0410
[ G] L0418                            0418
[ G] L0420                            0420
[ G] L0428                            0428
[ G] L0430                            0430
[ G] L0438                            0438
[ G] L0440                            0440
[ G] L0448                            0448
[ G] L0450                            0450
[ G] L0458                            0458
[ G] L0460                            0460
[ G] L0468                            0468
[ G] L0470                            0470
[ G] L0478                            0478
[ G] L0480                            0480
[ G] L0488                            0488
[ G] L0490                            0490
[ G] L0498                            0498
[ G] L04A0                            04A0
[ G] L04A8                            04A8
[ G] L04B0                            04B0
[ G] L04B8                            04B8
[ G] L04C0                            04C0
[ G] L04C8                            04C8
[ G] L04D0                            04D0
[ G] L04D8                            04D8
[ G] L04E0                            04E0
[ G] L04E8                            04E8
[ G] L04F0                            04F0
[ G] L04F8                            04F8
[ G] L0500                            0500
[ G] L0508                            0508
[ G] L0510                            0510
[ G] L0518                            0518
[ G] L0520                            0520
[ G] L0528                            0528
[ G] L0530                            0530
[ G] L0538                            0538
[ G] L0540                            0540
[ G] L0548                            0548
[ G] L0550                            0550
[ G] L0558                            0558
[ G] L0560                            0560
[ G] L0568                            0568
[ G] L0570                            0570
[ G] L0578                            0578
[ G] L0580                            0580
[ G] L0588                            0588
[ G] L0590                            0590
[ G] L0598                            0598
[ G] L05A0                            05A0
[ G] L05A8                            05A8
[ G] L05B0                            05B0
[ G] L05B8                            05B8
[ G] L05C0                            05C0
[ G] L05C8                            05C8
[ G] L05D0                            05D0
[ G] L05D8                            05D8
[ G] L05E0                            05E0
[ G] L05E8                            05E8
[ G] L05F0                            05F0
[ G] L05F8                            05F8
[ G] L0600                            0600
[ G] L0608                            0608
[ G] L0610                            0610
[ G] L0618                            0618
[ G] L0620                            0620
[ G] L0628                            0628
[ G] L0630                            0630
[ G] L0638                            0638
[ G] L0640                            0640
[ G] L0648                            0648
[ G] L0650                            0650
[ G] L0658                            0658
[ G] L0660                            0660
[ G] L0668                            0668
[ G] L0670                            0670
[ G] L0678                            0678
[ G] L0680                            0680
[ G] L0688                            0688
[ G] L0690                            0690
[ G] L0698                            0698
[ G] L06A0                            06A0
[ G] L06A8                            06A8
[ G] L06B0                            06B0
[ G] L06B8                            06B8
[ G] L06C0                            06C0
[ G] L06C8                            06C8
[ G] L06D0                            06D0
[ G] L06D8                            06D8
[ G] L06E0                            06E0
[ G] L06E8                            06E8
[ G] L06F0                            06F0
[ G] L06F8                            06F8
[ G] L0700                            0700
[ G] L0708                            0708
[ G] L0710                            0710
[ G] L0718                            0718
[ G] L0720                            0720
[ G] L0728                            0728
[ G] L0730                            0730
[ G] L0738                            0738
[ G] L0740                            0740
[ G] L0748                            0748
[ G] L0750                            0750
[ G] L0758                            0758
[ G] L0760                            0760
[ G] L0768                            0768
[ G] L0770                            0770
[ G] L0778                            0778
[ G] L0780                            0780
[ G] L0788                            0788
[ G] L0790                            0790
[ G] L0798                            0798
[ G] L07A0                            07A0
[ G] L07A8                            07A8
[ G] L07B0                            07B0
[ G] L07B8                            07B8
[ G] L07C0                            07C0
[ G] L07C8                            07C8
[ G] L07D0                            07D0
[ G] L07D8                            07D8
[ G] L07E0                            07E0
[ G] L07E8                            07E8
[ G] L07F0                            07F0
[ G] L07F8                            07F8
[ G] L0800                            0800
[ G] L0808                            0808
[ G] L0810                            0810
[ G] L0818                            0818
[ G] L0820                            0820
[ G] L0828                            0828
[ G] L0830                            0830
[ G] L0838                            0838
[ G] L0840                            0840
[ G] L0848                            0848
[ G] L0850                            0850
[ G] L0858                            0858
[ G] L0860                            0860
[ G] L0868                            0868
[ G] L0870                            0870
[ G] L0878                            0878
[ G] L0880                            0880
[ G] L0888                            0888
[ G] L0890                            0890
[ G] L0898                            0898
[ G] L08A0                            08A0
[ G] L08A8                            08A8
[ G] L08B0                            08B0
[ G] L08B8                            08B8
[ G] L08C0                            08C0
[ G] L08C8                            08C8
[ G] L08D0                            08D0
[ G] L08D8                            08D8
[ G] L08E0                            08E0
[ G] L08E8                            08E8
[ G] L08F0                            08F0
[ G] L08F8                            08F8
[ G] L0900                            0900
[ G] L0908                            0908
[ G] L0910                            0910
[ G] L0918                            0918
[ G] L0920                            0920
[ G] L0928                            0928
[ G] L0930                            0930
[ G] L0938                            0938
[ G] L0940                            0940
[ G] L0948                            0948
[ G] L0950                            0950
[ G] L0958                            0958
[ G] L0960                            0960
[ G] L0968                            0968
[ G] L0970                            0970
[ G] L0978                            0978
[ G] L0980                            0980
[ G] L0988                            0988
[ G] L0990                            0990
[ G] L0998                            0998
[ G] L09A0                            09A0
[ G] L09A8                            09A8
[ G] L09B0                            09B0
[ G] L09B8                            09B8
[ G] L09C0                            09C0
[ G] L09C8                            09C8
[ G] L09D0                            09D0
[ G] L09D8                            09D8
[ G] L09E0                            09E0
[ G] L09E8                            09E8
[ G] L09F0                            09F0
[ G] L09F8                            09F8
[ G] L0A00                            0A00
[ G] L0A08                            0A08
[ G] L0A10                            0A10
[ G] L0A18                            0A18
[ G] L0A20                            0A20
[ G] L0A28                            0A28
[ G] L0A30                            0A30
[ G] L0A38                            0A38
[ G] L0A40                            0A40
[ G] L0A48                            0A48
[ G] L0A50                            0A50
[ G] L0A58                            0A58
[ G] L0A60                            0A60
[ G] L0A68                            0A68
[ G] L0A70                            0A70
[ G] L0A78                            0A78
[ G] L0A80                            0A80
[ G] L0A88                            0A88
[ G] L0A90                            0A90
[ G] L0A98                            0A98
[ G] L0AA0                            0AA0
[ G] L0AA8                            0AA8
[ G] L0AB0                            0AB0
[ G] L0AB8                            0AB8
[ G] L0AC0                            0AC0
[ G] L0AC8                            0AC8
[ G] L0AD0                            0AD0
[ G] L0AD8                            0AD8
[ G] L0AE0                            0AE0
[ G] L0AE8                            0AE8
[ G] L0AF0                            0AF0
[ G] L0AF8                            0AF8
[ G] L0B00                            0B00
[ G] L0B08                            0B08
[ G] L0B10                            0B10
[ G] L0B18                            0B18
[ G] L0B20                            0B20
[ G] L0B28                            0B28
[ G] L0B30                            0B30
[ G] L0B38                            0B38
[ G] L0B40                            0B40
[ G] L0B48                            0B48
[ G] L0B50                            0B50
[ G] L0B58                            0B58
[ G] L0B60                            0B60
[ G] L0B68                            0B68
[ G] L0B70                            0B70
[ G] L0B78                            0B78
[ G] L0B80                            0B80
[ G] L0B88                            0B88
[ G] L0B90                            0B90
[ G] L0B98                            0B98
[ G] L0BA0                            0BA0
[ G] L0BA8                            0BA8
[ G] L0BB0                            0BB0
[ G] L0BB8                            0BB8
[ G] L0BC0                            0BC0
[ G] L0BC8                            0BC8
[ G] L0BD0                            0BD0
[ G] L0BD8                            0BD8
[ G] L0BE0                            0BE0
[ G] L0BE8                            0BE8
[ G] L0BF0                            0BF0
[ G] L0BF8                            0BF8
[ G] L0C00                            0C00
[ G] L0C08                            0C08
[ G] L0C10                            0C10
[ G] L0C18                            0C18
[ G] L0C20                            0C20
[ G] L0C28                            0C28
[ G] L0C30                            0C30
[ G] L0C38                            0C38
[ G] L0C40                            0C40
[ G] L0C48                            0C48
[ G] L0C50                            0C50
[ G] L0C58                            0C58
[ G] L0C60                            0C60
[ G] L0C68                            0C68
[ G] L0C70                            0C70
[ G] L0C78                            0C78
[ G] L0C80                            0C80
[ G] L0C88                            0C88
[ G] L0C90                            0C90
[ G] L0C98                            0C98
[ G] L0CA0                            0CA0
[ G] L0CA8                            0CA8
[ G] L0CB0                            0CB0
[ G] L0CB8                            0CB8
[ G] L0CC0                            0CC0
[ G] L0CC8                            0CC8
[ G] L0CD0                            0CD0
[ G] L0CD8                            0CD8
[ G] L0CE0                            0CE0
[ G] L0CE8                            0CE8
[ G] L0CF0                            0CF0
[ G] L0CF8                            0CF8
[ G] L0D00                            0D00
[ G] L0D08                            0D08
[ G] L0D10                            0D10
[ G] L0D18                            0D18
[ G] L0D20                            0D20
[ G] L0D28                            0D28
[ G] L0D30                            0D30
[ G] L0D38                            0D38
[ G] L0D40                            0D40
[ G] L0D48                            0D48
[ G] L0D50                            0D50
[ G] L0D58                            0D58
[ G] L0D60                            0D60
[ G] L0D68                            0D68
[ G] L0D70                            0D70
[ G] L0D78                            0D78
[ G] L0D80                            0D80
[ G] L0D88                            0D88
[ G] L0D90                            0D90
[ G] L0D98                            0D98
[ G] L0DA0                            0DA0
[ G] L0DA8                            0DA8
[ G] L0DB0                            0DB0
[ G] L0DB8                            0DB8
[ G] L0DC0                            0DC0
[ G] L0DC8                            0DC8
[ G] L0DD0                            0DD0
[ G] L0DD8                            0DD8
[ G] L0DE0                            0DE0
[ G] L0DE8                            0DE8
[ G] L0DF0                            0DF0
[ G] L0DF8                            0DF8
[ G] L0E00                            0E00
[ G] L0E08                            0E08
[ G] L0E10                            0E10
[ G] L0E18                            0E18
[ G] L0E20                            0E20
[ G] L0E28                            0E28
[ G] L0E30                            0E30
[ G] L0E38                            0E38
[ G] L0E40                            0E40
[ G] L0E48                            0E48
[ G] L0E50                            0E50
[ G] L0E58                            0E58
[ G] L0E60                            0E60
[ G] L0E68                            0E68
[ G] L0E70                            0E70
[ G] L0E78                            0E78
[ G] L0E80                            0E80
[ G] L0E88                            0E88
[ G] L0E90                            0E90
[ G] L0E98                            0E98
[ G] L0EA0                            0EA0
[ G] L0EA8                            0EA8
[ G] L0EB0                            0EB0
[ G] L0EB8                            0EB8
[ G] L0EC0                            0EC0
[ G] L0EC8                            0EC8
[ G] L0ED0                            0ED0
[ G] L0ED8                            0ED8
[ G] L0EE0                            0EE0
[ G] L0EE8                            0EE8
[ G] L0EF0                            0EF0
[ G] L0EF8                            0EF8
[ G] L0F00                            0F00
[ G] L0F08                            0F08
[ G] L0F10                            0F10
[ G] L0F18                            0F18
[ G] L0F20                            0F20
[ G] L0F28                            0F28
[ G] L0F30                            0F30
[ G] L0F38                            0F38
[ G] L0F40                            0F40
[ G] L0F48                            0F48
[ G] L0F50                            0F50
[ G] L0F58                            0F58
[ G] L0F60                            0F60
[ G] L0F68                            0F68
[ G] L0F70                            0F70
[ G] L0F78                            0F78
[ G] L0F80                            0F80
[ G] L0F88                            0F88
[ G] L0F90                            0F90
[ G] L0F98                            0F98
[ G] L0FA0                            0FA0
[ G] L0FA8                            0FA8
[ G] L0FB0                            0FB0
[ G] L0FB8                            0FB8
[ G] L0FC0                            0FC0
[ G] L0FC8                            0FC8
[ G] L0FD0                            0FD0
[ G] L0FD8                            0FD8
[ G] L0FE0                            0FE0
[ G] L0FE8                            0FE8
[ G] L0FF0                            0FF0
[ G] L0FF8                            0FF8
[ G] L1000                            1000
[ G] L1008                            1008
[ G] L1010                            1010
[ G] L1018                            1018
[ G] L1020                            1020
[ G] L1028                            1028
[ G] L1030                            1030
[ G] L1038                            1038
[ G] L1040                            1040
[ G] L1048                            1048
[ G] L1050                            1050
[ G] L1058                            1058
[ G] L1060                            1060
[ G] L1068                            1068
[ G] L1070                            1070
[ G] L1078                            1078
[ G] L1080                            1080
[ G] L1088                            1088
[SG] NOS9MAJ                          0003
[SG] NOS9MIN                          0000
[SG] NOS9VER                          0003
