                      (cmds/modpatch.asm):00001         
0000 87CD0B77000D1181 (cmds/modpatch.asm):00002         L0000               fcb       $87,$CD,$0B,$77,$00,$0D,$11,$81 .M.w....
0008 54001F050D6D6F64 (cmds/modpatch.asm):00003         L0008               fcb       $54,$00,$1F,$05,$0D,$6D,$6F,$64 T....mod
0010 70617463E804A6A0 (cmds/modpatch.asm):00004         L0010               fcb       $70,$61,$74,$63,$E8,$04,$A6,$A0 patch.&
0018 A7C0301F26F83934 (cmds/modpatch.asm):00005         L0018               fcb       $A7,$C0,$30,$1F,$26,$F8,$39,$34 '@0.&x94
0020 2034404F5FA7C05A (cmds/modpatch.asm):00006         L0020               fcb       $20,$34,$40,$4F,$5F,$A7,$C0,$5A 4@O_'@Z
0028 26FBAEE433843089 (cmds/modpatch.asm):00007         L0028               fcb       $26,$FB,$AE,$E4,$33,$84,$30,$89 &..d3.0.
0030 018D3410318D0A5A (cmds/modpatch.asm):00008         L0030               fcb       $01,$8D,$34,$10,$31,$8D,$0A,$5A ..4.1..Z
0038 AEA127048DD8EE62 (cmds/modpatch.asm):00009         L0038               fcb       $AE,$A1,$27,$04,$8D,$D8,$EE,$62 .!'..Xnb
0040 33C90087AEA12703 (cmds/modpatch.asm):00010         L0040               fcb       $33,$C9,$00,$87,$AE,$A1,$27,$03 3I...!'.
0048 8DCC4F11A3E42704 (cmds/modpatch.asm):00011         L0048               fcb       $8D,$CC,$4F,$11,$A3,$E4,$27,$04 .LO.#d'.
0050 A7C020F7EE62ECA1 (cmds/modpatch.asm):00012         L0050               fcb       $A7,$C0,$20,$F7,$EE,$62,$EC,$A1 '@ wnbl!
0058 2707308DFFA21701 (cmds/modpatch.asm):00013         L0058               fcb       $27,$07,$30,$8D,$FF,$A2,$17,$01 '.0.."..
0060 03ECA1270530C417 (cmds/modpatch.asm):00014         L0060               fcb       $03,$EC,$A1,$27,$05,$30,$C4,$17 .l!'.0D.
0068 00FA32643510AFC9 (cmds/modpatch.asm):00015         L0068               fcb       $00,$FA,$32,$64,$35,$10,$AF,$C9 .z2d5./I
0070 017D10AFC9013DCC (cmds/modpatch.asm):00016         L0070               fcb       $01,$7D,$10,$AF,$C9,$01,$3D,$CC .}./I.=L
0078 0001EDC9017931C9 (cmds/modpatch.asm):00017         L0078               fcb       $00,$01,$ED,$C9,$01,$79,$31,$C9 ..mI.y1I
0080 013F30E4A680E6C9 (cmds/modpatch.asm):00018         L0080               fcb       $01,$3F,$30,$E4,$A6,$80,$E6,$C9 .?0d&.fI
0088 017AC11D2754810D (cmds/modpatch.asm):00019         L0088               fcb       $01,$7A,$C1,$1D,$27,$54,$81,$0D .zA.'T..
0090 275081202704812C (cmds/modpatch.asm):00020         L0090               fcb       $27,$50,$81,$20,$27,$04,$81,$2C 'P. '..,
0098 2604A68020F08122 (cmds/modpatch.asm):00021         L0098               fcb       $26,$04,$A6,$80,$20,$F0,$81,$22 &.&. p."
00A0 27048127261EAFA1 (cmds/modpatch.asm):00022         L00A0               fcb       $27,$04,$81,$27,$26,$1E,$AF,$A1 '..'&./!
00A8 6CC9017A3402A680 (cmds/modpatch.asm):00023         L00A8               fcb       $6C,$C9,$01,$7A,$34,$02,$A6,$80 lI.z4.&.
00B0 810D2704A1E426F6 (cmds/modpatch.asm):00024         L00B0               fcb       $81,$0D,$27,$04,$A1,$E4,$26,$F6 ..'.!d&v
00B8 35046F1F810D2722 (cmds/modpatch.asm):00025         L00B8               fcb       $35,$04,$6F,$1F,$81,$0D,$27,$22 5.o...'"
00C0 A68020C2301FAFA1 (cmds/modpatch.asm):00026         L00C0               fcb       $A6,$80,$20,$C2,$30,$1F,$AF,$A1 &. B0./!
00C8 30016CC9017A810D (cmds/modpatch.asm):00027         L00C8               fcb       $30,$01,$6C,$C9,$01,$7A,$81,$0D 0.lI.z..
00D0 270C81202708812C (cmds/modpatch.asm):00028         L00D0               fcb       $27,$0C,$81,$20,$27,$08,$81,$2C '.. '..,
00D8 2704A68020F06F1F (cmds/modpatch.asm):00029         L00D8               fcb       $27,$04,$A6,$80,$20,$F0,$6F,$1F '.&. po.
00E0 20A430C9013D3410 (cmds/modpatch.asm):00030         L00E0               fcb       $20,$A4,$30,$C9,$01,$3D,$34,$10 $0I.=4.
00E8 ECC90179340631C4 (cmds/modpatch.asm):00031         L00E8               fcb       $EC,$C9,$01,$79,$34,$06,$31,$C4 lI.y4.1D
00F0 8D0A1700896FE26F (cmds/modpatch.asm):00032         L00F0               fcb       $8D,$0A,$17,$00,$89,$6F,$E2,$6F .....obo
00F8 E217098930A9018D (cmds/modpatch.asm):00033         L00F8               fcb       $E2,$17,$09,$89,$30,$A9,$01,$8D b...0)..
0100 AFA9018710EFA901 (cmds/modpatch.asm):00034         L0100               fcb       $AF,$A9,$01,$87,$10,$EF,$A9,$01 /)...o).
0108 7B10EFA90189CCFF (cmds/modpatch.asm):00035         L0108               fcb       $7B,$10,$EF,$A9,$01,$89,$CC,$FF {.o)..L.
0110 8230EBACA9018924 (cmds/modpatch.asm):00036         L0110               fcb       $82,$30,$EB,$AC,$A9,$01,$89,$24 .0k,)..$
0118 0AACA90187251EAF (cmds/modpatch.asm):00037         L0118               fcb       $0A,$AC,$A9,$01,$87,$25,$1E,$AF .,)..%./
0120 A90189392A2A2A2A (cmds/modpatch.asm):00038         L0120               fcb       $A9,$01,$89,$39,$2A,$2A,$2A,$2A )..9****
0128 20535441434B204F (cmds/modpatch.asm):00039         L0128               fcb       $20,$53,$54,$41,$43,$4B,$20,$4F STACK O
0130 564552464C4F5720 (cmds/modpatch.asm):00040         L0130               fcb       $56,$45,$52,$46,$4C,$4F,$57,$20 VERFLOW
0138 2A2A2A2A0D308CE4 (cmds/modpatch.asm):00041         L0138               fcb       $2A,$2A,$2A,$2A,$0D,$30,$8C,$E4 ****.0.d
0140 C6CF34048602108E (cmds/modpatch.asm):00042         L0140               fcb       $C6,$CF,$34,$04,$86,$02,$10,$8E FO4.....
0148 0064103F8C6FE217 (cmds/modpatch.asm):00043         L0148               fcb       $00,$64,$10,$3F,$8C,$6F,$E2,$17 .d.?.ob.
0150 0939ECA9017BA3A9 (cmds/modpatch.asm):00044         L0150               fcb       $09,$39,$EC,$A9,$01,$7B,$A3,$A9 .9l).{#)
0158 018939ECA90189A3 (cmds/modpatch.asm):00045         L0158               fcb       $01,$89,$39,$EC,$A9,$01,$89,$A3 ..9l)..#
0160 A9018739341030AB (cmds/modpatch.asm):00046         L0160               fcb       $A9,$01,$87,$39,$34,$10,$30,$AB )..94.0+
0168 308B3410ECA130CB (cmds/modpatch.asm):00047         L0168               fcb       $30,$8B,$34,$10,$EC,$A1,$30,$CB 0.4.l!0K
0170 EC84E362ED8410AC (cmds/modpatch.asm):00048         L0170               fcb       $EC,$84,$E3,$62,$ED,$84,$10,$AC l.cbm..,
0178 E426F13264393440 (cmds/modpatch.asm):00049         L0178               fcb       $E4,$26,$F1,$32,$64,$39,$34,$40 d&q2d94@
0180 CCFFB617FF8B4F5F (cmds/modpatch.asm):00050         L0180               fcb       $CC,$FF,$B6,$17,$FF,$8B,$4F,$5F L.6...O_
0188 DD09D716CC0001D7 (cmds/modpatch.asm):00051         L0188               fcb       $DD,$09,$D7,$16,$CC,$00,$01,$D7 ].W.L..W
0190 18D7174F5FDD0DEC (cmds/modpatch.asm):00052         L0190               fcb       $18,$D7,$17,$4F,$5F,$DD,$0D,$EC .W.O_].l
0198 64102600981702BA (cmds/modpatch.asm):00053         L0198               fcb       $64,$10,$26,$00,$98,$17,$02,$BA d.&....:
01A0 160092AE663002AF (cmds/modpatch.asm):00054         L01A0               fcb       $16,$00,$92,$AE,$66,$30,$02,$AF ....f0./
01A8 66E694C12D102600 (cmds/modpatch.asm):00055         L01A8               fcb       $66,$E6,$94,$C1,$2D,$10,$26,$00 ff.A-.&.
01B0 62ECF806204EE6B9 (cmds/modpatch.asm):00056         L01B0               fcb       $62,$EC,$F8,$06,$20,$4E,$E6,$B9 blx. Nf9
01B8 00121D3406170625 (cmds/modpatch.asm):00057         L01B8               fcb       $00,$12,$1D,$34,$06,$17,$06,$25 ...4...%
01C0 32621F012026CC00 (cmds/modpatch.asm):00058         L01C0               fcb       $32,$62,$1F,$01,$20,$26,$CC,$00 2b.. &L.
01C8 01D71620354F5FD7 (cmds/modpatch.asm):00059         L01C8               fcb       $01,$D7,$16,$20,$35,$4F,$5F,$D7 .W. 5O_W
01D0 17202F4F5FD71820 (cmds/modpatch.asm):00060         L01D0               fcb       $17,$20,$2F,$4F,$5F,$D7,$18,$20 . /O_W.
01D8 2917027E308D056A (cmds/modpatch.asm):00061         L01D8               fcb       $29,$17,$02,$7E,$30,$8D,$05,$6A )..~0..j
01E0 3410170385326217 (cmds/modpatch.asm):00062         L01E0               fcb       $34,$10,$17,$03,$85,$32,$62,$17 4....2b.
01E8 027020168C005327 (cmds/modpatch.asm):00063         L01E8               fcb       $02,$70,$20,$16,$8C,$00,$53,$27 .p ...S'
01F0 D58C005727D78C00 (cmds/modpatch.asm):00064         L01F0               fcb       $D5,$8C,$00,$57,$27,$D7,$8C,$00 U..W'W..
01F8 4327D88C003F27D9 (cmds/modpatch.asm):00065         L01F8               fcb       $43,$27,$D8,$8C,$00,$3F,$27,$D9 C'X..?'Y
0200 20DADC12C30001DD (cmds/modpatch.asm):00066         L0200               fcb       $20,$DA,$DC,$12,$C3,$00,$01,$DD Z\.C..]
0208 12E6B900121026FF (cmds/modpatch.asm):00067         L0208               fcb       $12,$E6,$B9,$00,$12,$10,$26,$FF .f9...&.
0210 A52022CC00013406 (cmds/modpatch.asm):00068         L0210               fcb       $A5,$20,$22,$CC,$00,$01,$34,$06 % "L..4.
0218 ECF80834061706BD (cmds/modpatch.asm):00069         L0218               fcb       $EC,$F8,$08,$34,$06,$17,$06,$BD lx.4...=
0220 3264DD031083FFFF (cmds/modpatch.asm):00070         L0220               fcb       $32,$64,$DD,$03,$10,$83,$FF,$FF 2d].....
0228 260B308D05363410 (cmds/modpatch.asm):00071         L0228               fcb       $26,$0B,$30,$8D,$05,$36,$34,$10 &.0..64.
0230 1703003262EC64C3 (cmds/modpatch.asm):00072         L0230               fcb       $17,$03,$00,$32,$62,$EC,$64,$C3 ...2bldC
0238 FFFFED641026FF63 (cmds/modpatch.asm):00073         L0238               fcb       $FF,$FF,$ED,$64,$10,$26,$FF,$63 ..md.&.c
0240 160083D6162626D6 (cmds/modpatch.asm):00074         L0240               fcb       $16,$00,$83,$D6,$16,$26,$26,$D6 ...V.&&V
0248 10C10D2610CC0002 (cmds/modpatch.asm):00075         L0248               fcb       $10,$C1,$0D,$26,$10,$CC,$00,$02 .A.&.L..
0250 340630A9000F3410 (cmds/modpatch.asm):00076         L0250               fcb       $34,$06,$30,$A9,$00,$0F,$34,$10 4.0)..4.
0258 170322200ECC0002 (cmds/modpatch.asm):00077         L0258               fcb       $17,$03,$22,$20,$0E,$CC,$00,$02 .." .L..
0260 340630A9000F3410 (cmds/modpatch.asm):00078         L0260               fcb       $34,$06,$30,$A9,$00,$0F,$34,$10 4.0)..4.
0268 1702E53264D60F1D (cmds/modpatch.asm):00079         L0268               fcb       $17,$02,$E5,$32,$64,$D6,$0F,$1D ..e2dV..
0270 340617057032621F (cmds/modpatch.asm):00080         L0270               fcb       $34,$06,$17,$05,$70,$32,$62,$1F 4...p2b.
0278 01202B1700A22046 (cmds/modpatch.asm):00081         L0278               fcb       $01,$20,$2B,$17,$00,$A2,$20,$46 . +.." F
0280 170104204117018C (cmds/modpatch.asm):00082         L0280               fcb       $17,$01,$04,$20,$41,$17,$01,$8C ... A...
0288 203C17007E203717 (cmds/modpatch.asm):00083         L0288               fcb       $20,$3C,$17,$00,$7E,$20,$37,$17 <..~ 7.
0290 008520321701F320 (cmds/modpatch.asm):00084         L0290               fcb       $00,$85,$20,$32,$17,$01,$F3,$20 .. 2..s
0298 2D30A900A1341017 (cmds/modpatch.asm):00085         L0298               fcb       $2D,$30,$A9,$00,$A1,$34,$10,$17 -0).!4..
02A0 02C8326220208C00 (cmds/modpatch.asm):00086         L02A0               fcb       $02,$C8,$32,$62,$20,$20,$8C,$00 .H2b  ..
02A8 4C27D08C004327D0 (cmds/modpatch.asm):00087         L02A8               fcb       $4C,$27,$D0,$8C,$00,$43,$27,$D0 L'P..C'P
02B0 8C005627D08C004D (cmds/modpatch.asm):00088         L02B0               fcb       $8C,$00,$56,$27,$D0,$8C,$00,$4D ..V'P..M
02B8 27D08C005527D08C (cmds/modpatch.asm):00089         L02B8               fcb       $27,$D0,$8C,$00,$55,$27,$D0,$8C 'P..U'P.
02C0 002A27D020D3CC00 (cmds/modpatch.asm):00090         L02C0               fcb       $00,$2A,$27,$D0,$20,$D3,$CC,$00 .*'P SL.
02C8 02340630A9000F34 (cmds/modpatch.asm):00091         L02C8               fcb       $02,$34,$06,$30,$A9,$00,$0F,$34 .4.0)..4
02D0 10DC033406170681 (cmds/modpatch.asm):00092         L02D0               fcb       $10,$DC,$03,$34,$06,$17,$06,$81 .\.4....
02D8 3266DD0BDC0B102E (cmds/modpatch.asm):00093         L02D8               fcb       $32,$66,$DD,$0B,$DC,$0B,$10,$2E 2f].\...
02E0 FF61DC0B1083FFFF (cmds/modpatch.asm):00094         L02E0               fcb       $FF,$61,$DC,$0B,$10,$83,$FF,$FF .a\.....
02E8 260B308D04983410 (cmds/modpatch.asm):00095         L02E8               fcb       $26,$0B,$30,$8D,$04,$98,$34,$10 &.0...4.
02F0 1702403262DC0927 (cmds/modpatch.asm):00096         L02F0               fcb       $17,$02,$40,$32,$62,$DC,$09,$27 ..@2b\.'
02F8 028D1CDC0D102702 (cmds/modpatch.asm):00097         L02F8               fcb       $02,$8D,$1C,$DC,$0D,$10,$27,$02 ...\..'.
0300 4DDC0D3406170763 (cmds/modpatch.asm):00098         L0300               fcb       $4D,$DC,$0D,$34,$06,$17,$07,$63 M\.4...c
0308 160241CC0001DD09 (cmds/modpatch.asm):00099         L0308               fcb       $16,$02,$41,$CC,$00,$01,$DD,$09 ..AL..].
0310 1FA9D7111A50394F (cmds/modpatch.asm):00100         L0310               fcb       $1F,$A9,$D7,$11,$1A,$50,$39,$4F .)W..P9O
0318 5FDD09D6111F9A39 (cmds/modpatch.asm):00101         L0318               fcb       $5F,$DD,$09,$D6,$11,$1F,$9A,$39 _].V...9
0320 3440CCFFB617FDE9 (cmds/modpatch.asm):00102         L0320               fcb       $34,$40,$CC,$FF,$B6,$17,$FD,$E9 4@L.6..i
0328 DC0D2709DC0D3406 (cmds/modpatch.asm):00103         L0328               fcb       $DC,$0D,$27,$09,$DC,$0D,$34,$06 \.'.\.4.
0330 1707383262CC001D (cmds/modpatch.asm):00104         L0330               fcb       $17,$07,$38,$32,$62,$CC,$00,$1D ..82bL..
0338 340630A9001A3410 (cmds/modpatch.asm):00105         L0338               fcb       $34,$06,$30,$A9,$00,$1A,$34,$10 4.0)..4.
0340 DC03340617062032 (cmds/modpatch.asm):00106         L0340               fcb       $DC,$03,$34,$06,$17,$06,$20,$32 \.4... 2
0348 66DD0B102F01FFD6 (cmds/modpatch.asm):00107         L0348               fcb       $66,$DD,$0B,$10,$2F,$01,$FF,$D6 f]../..V
0350 16260B30A9001A34 (cmds/modpatch.asm):00108         L0350               fcb       $16,$26,$0B,$30,$A9,$00,$1A,$34 .&.0)..4
0358 1017020E32624F5F (cmds/modpatch.asm):00109         L0358               fcb       $10,$17,$02,$0E,$32,$62,$4F,$5F ....2bO_
0360 34064F5F340630A9 (cmds/modpatch.asm):00110         L0360               fcb       $34,$06,$4F,$5F,$34,$06,$30,$A9 4.O_4.0)
0368 001A34101706D032 (cmds/modpatch.asm):00111         L0368               fcb       $00,$1A,$34,$10,$17,$06,$D0,$32 ..4...P2
0370 66DD0D1083FFFF10 (cmds/modpatch.asm):00112         L0370               fcb       $66,$DD,$0D,$10,$83,$FF,$FF,$10 f]......
0378 2601D3308D042834 (cmds/modpatch.asm):00113         L0378               fcb       $26,$01,$D3,$30,$8D,$04,$28,$34 &.S0..(4
0380 101701AF1601C534 (cmds/modpatch.asm):00114         L0380               fcb       $10,$17,$01,$AF,$16,$01,$C5,$34 .../..E4
0388 40CCFFB417FD8232 (cmds/modpatch.asm):00115         L0388               fcb       $40,$CC,$FF,$B4,$17,$FD,$82,$32 @L.4...2
0390 7ECC0050340630A9 (cmds/modpatch.asm):00116         L0390               fcb       $7E,$CC,$00,$50,$34,$06,$30,$A9 ~L.P4.0)
0398 00373410DC033406 (cmds/modpatch.asm):00117         L0398               fcb       $00,$37,$34,$10,$DC,$03,$34,$06 .74.\.4.
03A0 1705C43266DD0B10 (cmds/modpatch.asm):00118         L03A0               fcb       $17,$05,$C4,$32,$66,$DD,$0B,$10 ..D2f]..
03A8 2F01A1D616260B30 (cmds/modpatch.asm):00119         L03A8               fcb       $2F,$01,$A1,$D6,$16,$26,$0B,$30 /.!V.&.0
03B0 A9003734101701B2 (cmds/modpatch.asm):00120         L03B0               fcb       $A9,$00,$37,$34,$10,$17,$01,$B2 ).74...2
03B8 326230A90037AFE4 (cmds/modpatch.asm):00121         L03B8               fcb       $32,$62,$30,$A9,$00,$37,$AF,$E4 2b0).7/d
03C0 30E434101700F132 (cmds/modpatch.asm):00122         L03C0               fcb       $30,$E4,$34,$10,$17,$00,$F1,$32 0d4...q2
03C8 62DD0130E4341017 (cmds/modpatch.asm):00123         L03C8               fcb       $62,$DD,$01,$30,$E4,$34,$10,$17 b].0d4..
03D0 00E63262DD0530E4 (cmds/modpatch.asm):00124         L03D0               fcb       $00,$E6,$32,$62,$DD,$05,$30,$E4 .f2b].0d
03D8 34101700DB3262DD (cmds/modpatch.asm):00125         L03D8               fcb       $34,$10,$17,$00,$DB,$32,$62,$DD 4...[2b]
03E0 07DC0DD301DD14E6 (cmds/modpatch.asm):00126         L03E0               fcb       $07,$DC,$0D,$D3,$01,$DD,$14,$E6 .\.S.].f
03E8 B90014D719D6194F (cmds/modpatch.asm):00127         L03E8               fcb       $B9,$00,$14,$D7,$19,$D6,$19,$4F 9..W.V.O
03F0 5D109305270FD617 (cmds/modpatch.asm):00128         L03F0               fcb       $5D,$10,$93,$05,$27,$0F,$D6,$17 ]...'.V.
03F8 270B308D03CA3410 (cmds/modpatch.asm):00129         L03F8               fcb       $27,$0B,$30,$8D,$03,$CA,$34,$10 '.0..J4.
0400 1701673262D61810 (cmds/modpatch.asm):00130         L0400               fcb       $17,$01,$67,$32,$62,$D6,$18,$10 ..g2bV..
0408 270141DC07E7B900 (cmds/modpatch.asm):00131         L0408               fcb       $27,$01,$41,$DC,$07,$E7,$B9,$00 '.A\.g9.
0410 141601383440CCFF (cmds/modpatch.asm):00132         L0410               fcb       $14,$16,$01,$38,$34,$40,$CC,$FF ...84@L.
0418 B617FCF59E0DEC02 (cmds/modpatch.asm):00133         L0418               fcb       $B6,$17,$FC,$F5,$9E,$0D,$EC,$02 6..u..l.
0420 C3FFFDDD01DC0DD3 (cmds/modpatch.asm):00134         L0420               fcb       $C3,$FF,$FD,$DD,$01,$DC,$0D,$D3 C..].\.S
0428 011F03CC00FFE742 (cmds/modpatch.asm):00135         L0428               fcb       $01,$1F,$03,$CC,$00,$FF,$E7,$42 ...L..gB
0430 E741E7C43440DC01 (cmds/modpatch.asm):00136         L0430               fcb       $E7,$41,$E7,$C4,$34,$40,$DC,$01 gAgD4@\.
0438 3406DC0D34061705 (cmds/modpatch.asm):00137         L0438               fcb       $34,$06,$DC,$0D,$34,$06,$17,$05 4.\.4...
0440 D83266E6C41D4353 (cmds/modpatch.asm):00138         L0440               fcb       $D8,$32,$66,$E6,$C4,$1D,$43,$53 X2ffD.CS
0448 E7C4E6411D4353E7 (cmds/modpatch.asm):00139         L0448               fcb       $E7,$C4,$E6,$41,$1D,$43,$53,$E7 gDfA.CSg
0450 41E6421D4353E742 (cmds/modpatch.asm):00140         L0450               fcb       $41,$E6,$42,$1D,$43,$53,$E7,$42 AfB.CSgB
0458 35C03440CCFFB817 (cmds/modpatch.asm):00141         L0458               fcb       $35,$C0,$34,$40,$CC,$FF,$B8,$17 5@4@L.8.
0460 FCAF327E33A90087 (cmds/modpatch.asm):00142         L0460               fcb       $FC,$AF,$32,$7E,$33,$A9,$00,$87 ./2~3)..
0468 30A900A1AFE42009 (cmds/modpatch.asm):00143         L0468               fcb       $30,$A9,$00,$A1,$AF,$E4,$20,$09 0).!/d .
0470 ECC134061700F332 (cmds/modpatch.asm):00144         L0470               fcb       $EC,$C1,$34,$06,$17,$00,$F3,$32 lA4...s2
0478 6211A3E425F24F5F (cmds/modpatch.asm):00145         L0478               fcb       $62,$11,$A3,$E4,$25,$F2,$4F,$5F b.#d%rO_
0480 3406170600326216 (cmds/modpatch.asm):00146         L0480               fcb       $34,$06,$17,$06,$00,$32,$62,$16 4....2b.
0488 00C23440CCFFB617 (cmds/modpatch.asm):00147         L0488               fcb       $00,$C2,$34,$40,$CC,$FF,$B6,$17 .B4@L.6.
0490 FC7FCC0050340630 (cmds/modpatch.asm):00148         L0490               fcb       $FC,$7F,$CC,$00,$50,$34,$06,$30 .L.P4.0
0498 A900373410DC0334 (cmds/modpatch.asm):00149         L0498               fcb       $A9,$00,$37,$34,$10,$DC,$03,$34 ).74.\.4
04A0 061704C33266D616 (cmds/modpatch.asm):00150         L04A0               fcb       $06,$17,$04,$C3,$32,$66,$D6,$16 ...C2fV.
04A8 102600A230A90037 (cmds/modpatch.asm):00151         L04A8               fcb       $10,$26,$00,$A2,$30,$A9,$00,$37 .&."0).7
04B0 34101700B5160094 (cmds/modpatch.asm):00152         L04B0               fcb       $34,$10,$17,$00,$B5,$16,$00,$94 4...5...
04B8 3440CCFFB617FC51 (cmds/modpatch.asm):00153         L04B8               fcb       $34,$40,$CC,$FF,$B6,$17,$FC,$51 4@L.6..Q
04C0 327EEEF8064F5FED (cmds/modpatch.asm):00154         L04C0               fcb       $32,$7E,$EE,$F8,$06,$4F,$5F,$ED 2~nx.O_m
04C8 E420023341E6C41D (cmds/modpatch.asm):00155         L04C8               fcb       $E4,$20,$02,$33,$41,$E6,$C4,$1D d .3AfD.
04D0 30A900BD308BE684 (cmds/modpatch.asm):00156         L04D0               fcb       $30,$A9,$00,$BD,$30,$8B,$E6,$84 0).=0.f.
04D8 4FC44027EE2039EC (cmds/modpatch.asm):00157         L04D8               fcb       $4F,$C4,$40,$27,$EE,$20,$39,$EC OD@'n 9l
04E0 E43406CC00041703 (cmds/modpatch.asm):00158         L04E0               fcb       $E4,$34,$06,$CC,$00,$04,$17,$03 d4.L....
04E8 D9EDE43406E6C41D (cmds/modpatch.asm):00159         L04E8               fcb       $D9,$ED,$E4,$34,$06,$E6,$C4,$1D Ymd4.fD.
04F0 30A900BD308BE684 (cmds/modpatch.asm):00160         L04F0               fcb       $30,$A9,$00,$BD,$30,$8B,$E6,$84 0).=0.f.
04F8 4FC4082708E6C41D (cmds/modpatch.asm):00161         L04F8               fcb       $4F,$C4,$08,$27,$08,$E6,$C4,$1D OD.'.fD.
0500 C3FFD0200DE6C41D (cmds/modpatch.asm):00162         L0500               fcb       $C3,$FF,$D0,$20,$0D,$E6,$C4,$1D C.P .fD.
0508 34061702D83262C3 (cmds/modpatch.asm):00163         L0508               fcb       $34,$06,$17,$02,$D8,$32,$62,$C3 4...X2bC
0510 FFC9E3E1EDE43341 (cmds/modpatch.asm):00164         L0510               fcb       $FF,$C9,$E3,$E1,$ED,$E4,$33,$41 .Icamd3A
0518 E6C41D30A900BD30 (cmds/modpatch.asm):00165         L0518               fcb       $E6,$C4,$1D,$30,$A9,$00,$BD,$30 fD.0).=0
0520 8BE6844FC44026B7 (cmds/modpatch.asm):00166         L0520               fcb       $8B,$E6,$84,$4F,$C4,$40,$26,$B7 .f.OD@&7
0528 33411F30EDF806EC (cmds/modpatch.asm):00167         L0528               fcb       $33,$41,$1F,$30,$ED,$F8,$06,$EC 3A.0mx.l
0530 E420193440CCFFBA (cmds/modpatch.asm):00168         L0530               fcb       $E4,$20,$19,$34,$40,$CC,$FF,$BA d .4@L.:
0538 17FBD6EE6434408D (cmds/modpatch.asm):00169         L0538               fcb       $17,$FB,$D6,$EE,$64,$34,$40,$8D ..Vnd4@.
0540 293262ECA9018B34 (cmds/modpatch.asm):00170         L0540               fcb       $29,$32,$62,$EC,$A9,$01,$8B,$34 )2bl)..4
0548 06170539326235C0 (cmds/modpatch.asm):00171         L0548               fcb       $06,$17,$05,$39,$32,$62,$35,$C0 ...92b5@
0550 3440CCFFB617FBB9 (cmds/modpatch.asm):00172         L0550               fcb       $34,$40,$CC,$FF,$B6,$17,$FB,$B9 4@L.6..9
0558 EE64EC6634063440 (cmds/modpatch.asm):00173         L0558               fcb       $EE,$64,$EC,$66,$34,$06,$34,$40 ndlf4.4@
0560 CC00023406170415 (cmds/modpatch.asm):00174         L0560               fcb       $CC,$00,$02,$34,$06,$17,$04,$15 L..4....
0568 202B3440CCFFB617 (cmds/modpatch.asm):00175         L0568               fcb       $20,$2B,$34,$40,$CC,$FF,$B6,$17 +4@L.6.
0570 FB9FEE6434401702 (cmds/modpatch.asm):00176         L0570               fcb       $FB,$9F,$EE,$64,$34,$40,$17,$02 ..nd4@..
0578 9FEDE4200E3440CC (cmds/modpatch.asm):00177         L0578               fcb       $9F,$ED,$E4,$20,$0E,$34,$40,$CC .md .4@L
0580 FFB617FB8CEE64EC (cmds/modpatch.asm):00178         L0580               fcb       $FF,$B6,$17,$FB,$8C,$EE,$64,$EC .6...ndl
0588 6634063440CC0002 (cmds/modpatch.asm):00179         L0588               fcb       $66,$34,$06,$34,$40,$CC,$00,$02 f4.4@L..
0590 34061703F8326635 (cmds/modpatch.asm):00180         L0590               fcb       $34,$06,$17,$03,$F8,$32,$66,$35 4...x2f5
0598 C04D6F6450617463 (cmds/modpatch.asm):00181         L0598               fcb       $C0,$4D,$6F,$64,$50,$61,$74,$63 @ModPatc
05A0 68203C66696C656E (cmds/modpatch.asm):00182         L05A0               fcb       $68,$20,$3C,$66,$69,$6C,$65,$6E h <filen
05A8 616D653E205B6F70 (cmds/modpatch.asm):00183         L05A8               fcb       $61,$6D,$65,$3E,$20,$5B,$6F,$70 ame> [op
05B0 74735D0D00557361 (cmds/modpatch.asm):00184         L05B0               fcb       $74,$73,$5D,$0D,$00,$55,$73,$61 ts]..Usa
05B8 67653A2020506174 (cmds/modpatch.asm):00185         L05B8               fcb       $67,$65,$3A,$20,$20,$50,$61,$74 ge:  Pat
05C0 6368206D6F64756C (cmds/modpatch.asm):00186         L05C0               fcb       $63,$68,$20,$6D,$6F,$64,$75,$6C ch modul
05C8 657320696E205241 (cmds/modpatch.asm):00187         L05C8               fcb       $65,$73,$20,$69,$6E,$20,$52,$41 es in RA
05D0 4D0D004F70747320 (cmds/modpatch.asm):00188         L05D0               fcb       $4D,$0D,$00,$4F,$70,$74,$73,$20 M..Opts
05D8 3A20202D73203D20 (cmds/modpatch.asm):00189         L05D8               fcb       $3A,$20,$20,$2D,$73,$20,$3D,$20 :  -s =
05E0 73696C656E74206D (cmds/modpatch.asm):00190         L05E0               fcb       $73,$69,$6C,$65,$6E,$74,$20,$6D silent m
05E8 6F64650D00202020 (cmds/modpatch.asm):00191         L05E8               fcb       $6F,$64,$65,$0D,$00,$20,$20,$20 ode..
05F0 20202020202D7720 (cmds/modpatch.asm):00192         L05F0               fcb       $20,$20,$20,$20,$20,$2D,$77,$20 -w
05F8 3D20737570707265 (cmds/modpatch.asm):00193         L05F8               fcb       $3D,$20,$73,$75,$70,$70,$72,$65 = suppre
0600 7373207761726E69 (cmds/modpatch.asm):00194         L0600               fcb       $73,$73,$20,$77,$61,$72,$6E,$69 ss warni
0608 6E67730D00202020 (cmds/modpatch.asm):00195         L0608               fcb       $6E,$67,$73,$0D,$00,$20,$20,$20 ngs..
0610 20202020202D6320 (cmds/modpatch.asm):00196         L0610               fcb       $20,$20,$20,$20,$20,$2D,$63,$20 -c
0618 3D20636F6D706172 (cmds/modpatch.asm):00197         L0618               fcb       $3D,$20,$63,$6F,$6D,$70,$61,$72 = compar
0620 65206F6E6C792C20 (cmds/modpatch.asm):00198         L0620               fcb       $65,$20,$6F,$6E,$6C,$79,$2C,$20 e only,
0628 6E6F206368616E67 (cmds/modpatch.asm):00199         L0628               fcb       $6E,$6F,$20,$63,$68,$61,$6E,$67 no chang
0630 650D002020202020 (cmds/modpatch.asm):00200         L0630               fcb       $65,$0D,$00,$20,$20,$20,$20,$20 e..
0638 2020202D3F203D20 (cmds/modpatch.asm):00201         L0638               fcb       $20,$20,$20,$2D,$3F,$20,$3D,$20 -? =
0640 68656C700D00436D (cmds/modpatch.asm):00202         L0640               fcb       $68,$65,$6C,$70,$0D,$00,$43,$6D help..Cm
0648 6473203A20204C20 (cmds/modpatch.asm):00203         L0648               fcb       $64,$73,$20,$3A,$20,$20,$4C,$20 ds :  L
0650 6D6F646E616D6520 (cmds/modpatch.asm):00204         L0650               fcb       $6D,$6F,$64,$6E,$61,$6D,$65,$20 modname
0658 202D206C696E6B20 (cmds/modpatch.asm):00205         L0658               fcb       $20,$2D,$20,$6C,$69,$6E,$6B,$20 - link
0660 746F206D6F64756C (cmds/modpatch.asm):00206         L0660               fcb       $74,$6F,$20,$6D,$6F,$64,$75,$6C to modul
0668 650D002020202020 (cmds/modpatch.asm):00207         L0668               fcb       $65,$0D,$00,$20,$20,$20,$20,$20 e..
0670 20202043206F6666 (cmds/modpatch.asm):00208         L0670               fcb       $20,$20,$20,$43,$20,$6F,$66,$66 C off
0678 206F62797465206E (cmds/modpatch.asm):00209         L0678               fcb       $20,$6F,$62,$79,$74,$65,$20,$6E obyte n
0680 62797465202D2063 (cmds/modpatch.asm):00210         L0680               fcb       $62,$79,$74,$65,$20,$2D,$20,$63 byte - c
0688 68616E6765206F62 (cmds/modpatch.asm):00211         L0688               fcb       $68,$61,$6E,$67,$65,$20,$6F,$62 hange ob
0690 7974652061740D00 (cmds/modpatch.asm):00212         L0690               fcb       $79,$74,$65,$20,$61,$74,$0D,$00 yte at..
0698 2020202020202020 (cmds/modpatch.asm):00213         L0698               fcb       $20,$20,$20,$20,$20,$20,$20,$20
06A0 2020202020202020 (cmds/modpatch.asm):00214         L06A0               fcb       $20,$20,$20,$20,$20,$20,$20,$20
06A8 2020202020202020 (cmds/modpatch.asm):00215         L06A8               fcb       $20,$20,$20,$20,$20,$20,$20,$20
06B0 202020206F666620 (cmds/modpatch.asm):00216         L06B0               fcb       $20,$20,$20,$20,$6F,$66,$66,$20 off
06B8 746F206E62797465 (cmds/modpatch.asm):00217         L06B8               fcb       $74,$6F,$20,$6E,$62,$79,$74,$65 to nbyte
06C0 0D00202020202020 (cmds/modpatch.asm):00218         L06C0               fcb       $0D,$00,$20,$20,$20,$20,$20,$20 ..
06C8 202056202D207665 (cmds/modpatch.asm):00219         L06C8               fcb       $20,$20,$56,$20,$2D,$20,$76,$65 V - ve
06D0 72696679206D6F64 (cmds/modpatch.asm):00220         L06D0               fcb       $72,$69,$66,$79,$20,$6D,$6F,$64 rify mod
06D8 756C65204352430D (cmds/modpatch.asm):00221         L06D8               fcb       $75,$6C,$65,$20,$43,$52,$43,$0D ule CRC.
06E0 0020202020202020 (cmds/modpatch.asm):00222         L06E0               fcb       $00,$20,$20,$20,$20,$20,$20,$20 .
06E8 204D202D204D6173 (cmds/modpatch.asm):00223         L06E8               fcb       $20,$4D,$20,$2D,$20,$4D,$61,$73 M - Mas
06F0 6B20495251732028 (cmds/modpatch.asm):00224         L06F0               fcb       $6B,$20,$49,$52,$51,$73,$20,$28 k IRQs (
06F8 746F207061746368 (cmds/modpatch.asm):00225         L06F8               fcb       $74,$6F,$20,$70,$61,$74,$63,$68 to patch
0700 2049525120736572 (cmds/modpatch.asm):00226         L0700               fcb       $20,$49,$52,$51,$20,$73,$65,$72 IRQ ser
0708 7669636520726F75 (cmds/modpatch.asm):00227         L0708               fcb       $76,$69,$63,$65,$20,$72,$6F,$75 vice rou
0710 74696E650D002020 (cmds/modpatch.asm):00228         L0710               fcb       $74,$69,$6E,$65,$0D,$00,$20,$20 tine..
0718 2020202020205520 (cmds/modpatch.asm):00229         L0718               fcb       $20,$20,$20,$20,$20,$20,$55,$20 U
0720 2D20556E4D61736B (cmds/modpatch.asm):00230         L0720               fcb       $2D,$20,$55,$6E,$4D,$61,$73,$6B - UnMask
0728 20495251730D0020 (cmds/modpatch.asm):00231         L0728               fcb       $20,$49,$52,$51,$73,$0D,$00,$20 IRQs..
0730 202020202020202A (cmds/modpatch.asm):00232         L0730               fcb       $20,$20,$20,$20,$20,$20,$20,$2A *
0738 202D20436F6D6D65 (cmds/modpatch.asm):00233         L0738               fcb       $20,$2D,$20,$43,$6F,$6D,$6D,$65 - Comme
0740 6E74204C696E650D (cmds/modpatch.asm):00234         L0740               fcb       $6E,$74,$20,$4C,$69,$6E,$65,$0D nt Line.
0748 0D006D6F64706174 (cmds/modpatch.asm):00235         L0748               fcb       $0D,$00,$6D,$6F,$64,$70,$61,$74 ..modpat
0750 63683A20756E6B6E (cmds/modpatch.asm):00236         L0750               fcb       $63,$68,$3A,$20,$75,$6E,$6B,$6E ch: unkn
0758 6F776E206F707469 (cmds/modpatch.asm):00237         L0758               fcb       $6F,$77,$6E,$20,$6F,$70,$74,$69 own opti
0760 6F6E0D006D6F6470 (cmds/modpatch.asm):00238         L0760               fcb       $6F,$6E,$0D,$00,$6D,$6F,$64,$70 on..modp
0768 617463683A206361 (cmds/modpatch.asm):00239         L0768               fcb       $61,$74,$63,$68,$3A,$20,$63,$61 atch: ca
0770 6E2774206F70656E (cmds/modpatch.asm):00240         L0770               fcb       $6E,$27,$74,$20,$6F,$70,$65,$6E n't open
0778 20696E7075742066 (cmds/modpatch.asm):00241         L0778               fcb       $20,$69,$6E,$70,$75,$74,$20,$66 input f
0780 696C650D0D006D6F (cmds/modpatch.asm):00242         L0780               fcb       $69,$6C,$65,$0D,$0D,$00,$6D,$6F ile...mo
0788 6470617463683A20 (cmds/modpatch.asm):00243         L0788               fcb       $64,$70,$61,$74,$63,$68,$3A,$20 dpatch:
0790 696E707574206669 (cmds/modpatch.asm):00244         L0790               fcb       $69,$6E,$70,$75,$74,$20,$66,$69 input fi
0798 6C65207265616420 (cmds/modpatch.asm):00245         L0798               fcb       $6C,$65,$20,$72,$65,$61,$64,$20 le read
07A0 6572726F720D006D (cmds/modpatch.asm):00246         L07A0               fcb       $65,$72,$72,$6F,$72,$0D,$00,$6D error..m
07A8 6F6470617463683A (cmds/modpatch.asm):00247         L07A8               fcb       $6F,$64,$70,$61,$74,$63,$68,$3A odpatch:
07B0 2063616E2774206C (cmds/modpatch.asm):00248         L07B0               fcb       $20,$63,$61,$6E,$27,$74,$20,$6C can't l
07B8 696E6B20746F206D (cmds/modpatch.asm):00249         L07B8               fcb       $69,$6E,$6B,$20,$74,$6F,$20,$6D ink to m
07C0 6F64756C650D0D00 (cmds/modpatch.asm):00250         L07C0               fcb       $6F,$64,$75,$6C,$65,$0D,$0D,$00 odule...
07C8 2A2A2A2062797465 (cmds/modpatch.asm):00251         L07C8               fcb       $2A,$2A,$2A,$20,$62,$79,$74,$65 *** byte
07D0 20646F6573206E6F (cmds/modpatch.asm):00252         L07D0               fcb       $20,$64,$6F,$65,$73,$20,$6E,$6F does no
07D8 74206D6174636820 (cmds/modpatch.asm):00253         L07D8               fcb       $74,$20,$6D,$61,$74,$63,$68,$20 t match
07E0 2A2A2A0D003440EC (cmds/modpatch.asm):00254         L07E0               fcb       $2A,$2A,$2A,$0D,$00,$34,$40,$EC ***..4@l
07E8 6430A900BD308BE6 (cmds/modpatch.asm):00255         L07E8               fcb       $64,$30,$A9,$00,$BD,$30,$8B,$E6 d0).=0.f
07F0 844FC404271EEC64 (cmds/modpatch.asm):00256         L07F0               fcb       $84,$4F,$C4,$04,$27,$1E,$EC,$64 .OD.'.ld
07F8 4FC4DF20193440EC (cmds/modpatch.asm):00257         L07F8               fcb       $4F,$C4,$DF,$20,$19,$34,$40,$EC OD_ .4@l
0800 6430A900BD308BE6 (cmds/modpatch.asm):00258         L0800               fcb       $64,$30,$A9,$00,$BD,$30,$8B,$E6 d0).=0.f
0808 844FC4022706EC64 (cmds/modpatch.asm):00259         L0808               fcb       $84,$4F,$C4,$02,$27,$06,$EC,$64 .OD.'.ld
0810 CA202002EC6435C0 (cmds/modpatch.asm):00260         L0810               fcb       $CA,$20,$20,$02,$EC,$64,$35,$C0 J  .ld5@
0818 3440EE64E6C026FC (cmds/modpatch.asm):00261         L0818               fcb       $34,$40,$EE,$64,$E6,$C0,$26,$FC 4@ndf@&.
0820 1F30A364C3FFFF35 (cmds/modpatch.asm):00262         L0820               fcb       $1F,$30,$A3,$64,$C3,$FF,$FF,$35 .0#dC..5
0828 C03440EE66327EEC (cmds/modpatch.asm):00263         L0828               fcb       $C0,$34,$40,$EE,$66,$32,$7E,$EC @4@nf2~l
0830 66EDE4E6C0AEE430 (cmds/modpatch.asm):00264         L0830               fcb       $66,$ED,$E4,$E6,$C0,$AE,$E4,$30 fmdf@.d0
0838 01AFE4E71F26F420 (cmds/modpatch.asm):00265         L0838               fcb       $01,$AF,$E4,$E7,$1F,$26,$F4,$20 ./dg.&t
0840 273440EE66327EEC (cmds/modpatch.asm):00266         L0840               fcb       $27,$34,$40,$EE,$66,$32,$7E,$EC '4@nf2~l
0848 66EDE4AEE43001AF (cmds/modpatch.asm):00267         L0848               fcb       $66,$ED,$E4,$AE,$E4,$30,$01,$AF fmd.d0./
0850 E4E61F26F6ECE4C3 (cmds/modpatch.asm):00268         L0850               fcb       $E4,$E6,$1F,$26,$F6,$EC,$E4,$C3 df.&vldC
0858 FFFFEDE4E6C0AEE4 (cmds/modpatch.asm):00269         L0858               fcb       $FF,$FF,$ED,$E4,$E6,$C0,$AE,$E4 ..mdf@.d
0860 3001AFE4E71F26F4 (cmds/modpatch.asm):00270         L0860               fcb       $30,$01,$AF,$E4,$E7,$1F,$26,$F4 0./dg.&t
0868 EC66326235C03440 (cmds/modpatch.asm):00271         L0868               fcb       $EC,$66,$32,$62,$35,$C0,$34,$40 lf2b5@4@
0870 EE642010AE663001 (cmds/modpatch.asm):00272         L0870               fcb       $EE,$64,$20,$10,$AE,$66,$30,$01 nd ..f0.
0878 AF66E61F26044F5F (cmds/modpatch.asm):00273         L0878               fcb       $AF,$66,$E6,$1F,$26,$04,$4F,$5F /ff.&.O_
0880 35C03341E6C41D34 (cmds/modpatch.asm):00274         L0880               fcb       $35,$C0,$33,$41,$E6,$C4,$1D,$34 5@3AfD.4
0888 06E6F8081D10A3E1 (cmds/modpatch.asm):00275         L0888               fcb       $06,$E6,$F8,$08,$1D,$10,$A3,$E1 .fx...#a
0890 27E2E6F8061D3406 (cmds/modpatch.asm):00276         L0890               fcb       $27,$E2,$E6,$F8,$06,$1D,$34,$06 'bfx..4.
0898 E6C41DA3E135C05D (cmds/modpatch.asm):00277         L0898               fcb       $E6,$C4,$1D,$A3,$E1,$35,$C0,$5D fD.#a5@]
08A0 2713676266635A26 (cmds/modpatch.asm):00278         L08A0               fcb       $27,$13,$67,$62,$66,$63,$5A,$26 '.gbfcZ&
08A8 F9200A5D27076462 (cmds/modpatch.asm):00279         L08A8               fcb       $F9,$20,$0A,$5D,$27,$07,$64,$62 y .]'.db
08B0 66635A26F9EC6234 (cmds/modpatch.asm):00280         L08B0               fcb       $66,$63,$5A,$26,$F9,$EC,$62,$34 fcZ&ylb4
08B8 06EC62ED64ECE432 (cmds/modpatch.asm):00281         L08B8               fcb       $06,$EC,$62,$ED,$64,$EC,$E4,$32 .lbmdld2
08C0 64395D27F0686369 (cmds/modpatch.asm):00282         L08C0               fcb       $64,$39,$5D,$27,$F0,$68,$63,$69 d9]'phci
08C8 625A26F920E7AE62 (cmds/modpatch.asm):00283         L08C8               fcb       $62,$5A,$26,$F9,$20,$E7,$AE,$62 bZ&y g.b
08D0 A665103F84250310 (cmds/modpatch.asm):00284         L08D0               fcb       $A6,$65,$10,$3F,$84,$25,$03,$10 &e.?.%..
08D8 3F8F1601A3AE62A6 (cmds/modpatch.asm):00285         L08D8               fcb       $3F,$8F,$16,$01,$A3,$AE,$62,$A6 ?...#.b&
08E0 65103F841025018F (cmds/modpatch.asm):00286         L08E0               fcb       $65,$10,$3F,$84,$10,$25,$01,$8F e.?..%..
08E8 1F894F39A663103F (cmds/modpatch.asm):00287         L08E8               fcb       $1F,$89,$4F,$39,$A6,$63,$10,$3F ..O9&c.?
08F0 8F16018CAE62E665 (cmds/modpatch.asm):00288         L08F0               fcb       $8F,$16,$01,$8C,$AE,$62,$E6,$65 .....bfe
08F8 103F85160182AE62 (cmds/modpatch.asm):00289         L08F8               fcb       $10,$3F,$85,$16,$01,$82,$AE,$62 .?.....b
0900 A6651F89C424CA0B (cmds/modpatch.asm):00290         L0900               fcb       $A6,$65,$1F,$89,$C4,$24,$CA,$0B &e..D$J.
0908 103F8325041F894F (cmds/modpatch.asm):00291         L0908               fcb       $10,$3F,$83,$25,$04,$1F,$89,$4F .?.%...O
0910 39C1DA10260160A6 (cmds/modpatch.asm):00292         L0910               fcb       $39,$C1,$DA,$10,$26,$01,$60,$A6 9AZ.&.`&
0918 6585801026015884 (cmds/modpatch.asm):00293         L0918               fcb       $65,$85,$80,$10,$26,$01,$58,$84 e...&.X.
0920 07AE62103F841025 (cmds/modpatch.asm):00294         L0920               fcb       $07,$AE,$62,$10,$3F,$84,$10,$25 ..b.?..%
0928 014D34428E000033 (cmds/modpatch.asm):00295         L0928               fcb       $01,$4D,$34,$42,$8E,$00,$00,$33 .M4B...3
0930 84C602103F8E3542 (cmds/modpatch.asm):00296         L0930               fcb       $84,$C6,$02,$10,$3F,$8E,$35,$42 .F..?.5B
0938 24D33404103F8F35 (cmds/modpatch.asm):00297         L0938               fcb       $24,$D3,$34,$04,$10,$3F,$8F,$35 $S4..?.5
0940 04160133AE62103F (cmds/modpatch.asm):00298         L0940               fcb       $04,$16,$01,$33,$AE,$62,$10,$3F ...3.b.?
0948 87160134A663103F (cmds/modpatch.asm):00299         L0948               fcb       $87,$16,$01,$34,$A6,$63,$10,$3F ...4&c.?
0950 82102501221F894F (cmds/modpatch.asm):00300         L0950               fcb       $82,$10,$25,$01,$22,$1F,$89,$4F ..%."..O
0958 393420A665AE6610 (cmds/modpatch.asm):00301         L0958               fcb       $39,$34,$20,$A6,$65,$AE,$66,$10 94 &e.f.
0960 AE68103F89200C34 (cmds/modpatch.asm):00302         L0960               fcb       $AE,$68,$10,$3F,$89,$20,$0C,$34 .h.?. .4
0968 20A665AE6610AE68 (cmds/modpatch.asm):00303         L0968               fcb       $20,$A6,$65,$AE,$66,$10,$AE,$68 &e.f..h
0970 103F8B242DC1D326 (cmds/modpatch.asm):00304         L0970               fcb       $10,$3F,$8B,$24,$2D,$C1,$D3,$26 .?.$-AS&
0978 244F5F35A0342010 (cmds/modpatch.asm):00305         L0978               fcb       $24,$4F,$5F,$35,$A0,$34,$20,$10 $O_5 4 .
0980 AE68271EA665AE66 (cmds/modpatch.asm):00306         L0980               fcb       $AE,$68,$27,$1E,$A6,$65,$AE,$66 .h'.&e.f
0988 103F8A200E342010 (cmds/modpatch.asm):00307         L0988               fcb       $10,$3F,$8A,$20,$0E,$34,$20,$10 .?. .4 .
0990 AE68270EA665AE66 (cmds/modpatch.asm):00308         L0990               fcb       $AE,$68,$27,$0E,$A6,$65,$AE,$66 .h'.&e.f
0998 103F8C2405352016 (cmds/modpatch.asm):00309         L0998               fcb       $10,$3F,$8C,$24,$05,$35,$20,$16 .?.$.5 .
09A0 00D51F2035A03440 (cmds/modpatch.asm):00310         L09A0               fcb       $00,$D5,$1F,$20,$35,$A0,$34,$40 .U. 5 4@
09A8 EC6A2608CE00008E (cmds/modpatch.asm):00311         L09A8               fcb       $EC,$6A,$26,$08,$CE,$00,$00,$8E lj&.N...
09B0 0000203410830001 (cmds/modpatch.asm):00312         L09B0               fcb       $00,$00,$20,$34,$10,$83,$00,$01 .. 4....
09B8 2725108300022714 (cmds/modpatch.asm):00313         L09B8               fcb       $27,$25,$10,$83,$00,$02,$27,$14 '%....'.
09C0 C6F74FEDA9018BCC (cmds/modpatch.asm):00314         L09C0               fcb       $C6,$F7,$4F,$ED,$A9,$01,$8B,$CC FwOm)..L
09C8 FFFF30A9017FED84 (cmds/modpatch.asm):00315         L09C8               fcb       $FF,$FF,$30,$A9,$01,$7F,$ED,$84 ..0).m.
09D0 ED0235C0A665C602 (cmds/modpatch.asm):00316         L09D0               fcb       $ED,$02,$35,$C0,$A6,$65,$C6,$02 m.5@&eF.
09D8 103F8D25E52009A6 (cmds/modpatch.asm):00317         L09D8               fcb       $10,$3F,$8D,$25,$E5,$20,$09,$A6 .?.%e .&
09E0 65C605103F8D25DA (cmds/modpatch.asm):00318         L09E0               fcb       $65,$C6,$05,$10,$3F,$8D,$25,$DA eF..?.%Z
09E8 1F30E368EDA90181 (cmds/modpatch.asm):00319         L09E8               fcb       $1F,$30,$E3,$68,$ED,$A9,$01,$81 .0chm)..
09F0 1F031F10E967A966 (cmds/modpatch.asm):00320         L09F0               fcb       $1F,$03,$1F,$10,$E9,$67,$A9,$66 ....ig)f
09F8 2BC81F01EDA9017F (cmds/modpatch.asm):00321         L09F8               fcb       $2B,$C8,$1F,$01,$ED,$A9,$01,$7F +H..m).
0A00 A665103F8825BB30 (cmds/modpatch.asm):00322         L0A00               fcb       $A6,$65,$10,$3F,$88,$25,$BB,$30 &e.?.%;0
0A08 A9017F35C0398E00 (cmds/modpatch.asm):00323         L0A08               fcb       $A9,$01,$7F,$35,$C0,$39,$8E,$00 ).5@9..
0A10 005F103F0A16005F (cmds/modpatch.asm):00324         L0A10               fcb       $00,$5F,$10,$3F,$0A,$16,$00,$5F ._.?..._
0A18 393460AE6610AE68 (cmds/modpatch.asm):00325         L0A18               fcb       $39,$34,$60,$AE,$66,$10,$AE,$68 94`.f..h
0A20 EE6A103F1735E0A6 (cmds/modpatch.asm):00326         L0A20               fcb       $EE,$6A,$10,$3F,$17,$35,$E0,$A6 nj.?.5`&
0A28 63E665103F0F1025 (cmds/modpatch.asm):00327         L0A28               fcb       $63,$E6,$65,$10,$3F,$0F,$10,$25 cfe.?..%
0A30 004539AE62103F0A (cmds/modpatch.asm):00328         L0A30               fcb       $00,$45,$39,$AE,$62,$10,$3F,$0A .E9.b.?.
0A38 1025003B1F103934 (cmds/modpatch.asm):00329         L0A38               fcb       $10,$25,$00,$3B,$1F,$10,$39,$34 .%.;..94
0A40 60AE66A669484848 (cmds/modpatch.asm):00330         L0A40               fcb       $60,$AE,$66,$A6,$69,$48,$48,$48 `.f&iHHH
0A48 48AA6B103F002516 (cmds/modpatch.asm):00331         L0A48               fcb       $48,$AA,$6B,$10,$3F,$00,$25,$16 H*k.?.%.
0A50 1F303560393460AE (cmds/modpatch.asm):00332         L0A50               fcb       $1F,$30,$35,$60,$39,$34,$60,$AE .05`94`.
0A58 66A66948484848AA (cmds/modpatch.asm):00333         L0A58               fcb       $66,$A6,$69,$48,$48,$48,$48,$AA f&iHHHH*
0A60 6B103F0124EA3560 (cmds/modpatch.asm):00334         L0A60               fcb       $6B,$10,$3F,$01,$24,$EA,$35,$60 k.?.$j5`
0A68 16000C3440EE6410 (cmds/modpatch.asm):00335         L0A68               fcb       $16,$00,$0C,$34,$40,$EE,$64,$10 ...4@nd.
0A70 3F0235401600094F (cmds/modpatch.asm):00336         L0A70               fcb       $3F,$02,$35,$40,$16,$00,$09,$4F ?.5@...O
0A78 EDA9018BCCFFFF39 (cmds/modpatch.asm):00337         L0A78               fcb       $ED,$A9,$01,$8B,$CC,$FF,$FF,$39 m)..L..9
0A80 25F54F5F39170008 (cmds/modpatch.asm):00338         L0A80               fcb       $25,$F5,$4F,$5F,$39,$17,$00,$08 %uO_9...
0A88 170006EC62103F06 (cmds/modpatch.asm):00339         L0A88               fcb       $17,$00,$06,$EC,$62,$10,$3F,$06 ...lb.?.
0A90 393900010000B605 (cmds/modpatch.asm):00340         L0A90               fcb       $39,$39,$00,$01,$00,$00,$B6,$05 99....6.
0A98 9905B505D305ED06 (cmds/modpatch.asm):00341         L0A98               fcb       $99,$05,$B5,$05,$D3,$05,$ED,$06 ..5.S.m.
0AA0 0D06330646066B06 (cmds/modpatch.asm):00342         L0AA0               fcb       $0D,$06,$33,$06,$46,$06,$6B,$06 ..3.F.k.
0AA8 9806C206E1071607 (cmds/modpatch.asm):00343         L0AA8               fcb       $98,$06,$C2,$06,$E1,$07,$16,$07 ..B.a...
0AB0 2F6D6F6470617463 (cmds/modpatch.asm):00344         L0AB0               fcb       $2F,$6D,$6F,$64,$70,$61,$74,$63 /modpatc
0AB8 683A20696C6C6567 (cmds/modpatch.asm):00345         L0AB8               fcb       $68,$3A,$20,$69,$6C,$6C,$65,$67 h: illeg
0AC0 616C20636F6D6D61 (cmds/modpatch.asm):00346         L0AC0               fcb       $61,$6C,$20,$63,$6F,$6D,$6D,$61 al comma
0AC8 6E640D0000010101 (cmds/modpatch.asm):00347         L0AC8               fcb       $6E,$64,$0D,$00,$00,$01,$01,$01 nd......
0AD0 0101010101011111 (cmds/modpatch.asm):00348         L0AD0               fcb       $01,$01,$01,$01,$01,$01,$11,$11 ........
0AD8 0111110101010101 (cmds/modpatch.asm):00349         L0AD8               fcb       $01,$11,$11,$01,$01,$01,$01,$01 ........
0AE0 0101010101010101 (cmds/modpatch.asm):00350         L0AE0               fcb       $01,$01,$01,$01,$01,$01,$01,$01 ........
0AE8 0101010101302020 (cmds/modpatch.asm):00351         L0AE8               fcb       $01,$01,$01,$01,$01,$30,$20,$20 .....0
0AF0 2020202020202020 (cmds/modpatch.asm):00352         L0AF0               fcb       $20,$20,$20,$20,$20,$20,$20,$20
0AF8 2020202020484848 (cmds/modpatch.asm):00353         L0AF8               fcb       $20,$20,$20,$20,$20,$48,$48,$48 HHH
0B00 4848484848484820 (cmds/modpatch.asm):00354         L0B00               fcb       $48,$48,$48,$48,$48,$48,$48,$20 HHHHHHH
0B08 2020202020204242 (cmds/modpatch.asm):00355         L0B08               fcb       $20,$20,$20,$20,$20,$20,$42,$42 BB
0B10 4242424202020202 (cmds/modpatch.asm):00356         L0B10               fcb       $42,$42,$42,$42,$02,$02,$02,$02 BBBB....
0B18 0202020202020202 (cmds/modpatch.asm):00357         L0B18               fcb       $02,$02,$02,$02,$02,$02,$02,$02 ........
0B20 0202020202020202 (cmds/modpatch.asm):00358         L0B20               fcb       $02,$02,$02,$02,$02,$02,$02,$02 ........
0B28 2020202020204444 (cmds/modpatch.asm):00359         L0B28               fcb       $20,$20,$20,$20,$20,$20,$44,$44 DD
0B30 4444444404040404 (cmds/modpatch.asm):00360         L0B30               fcb       $44,$44,$44,$44,$04,$04,$04,$04 DDDD....
0B38 0404040404040404 (cmds/modpatch.asm):00361         L0B38               fcb       $04,$04,$04,$04,$04,$04,$04,$04 ........
0B40 0404040404040404 (cmds/modpatch.asm):00362         L0B40               fcb       $04,$04,$04,$04,$04,$04,$04,$04 ........
0B48 2020202001000D00 (cmds/modpatch.asm):00363         L0B48               fcb       $20,$20,$20,$20,$01,$00,$0D,$00 ....
0B50 91008F008D008B00 (cmds/modpatch.asm):00364         L0B50               fcb       $91,$00,$8F,$00,$8D,$00,$8B,$00 ........
0B58 890087009F009D00 (cmds/modpatch.asm):00365         L0B58               fcb       $89,$00,$87,$00,$9F,$00,$9D,$00 ........
0B60 9B00990097009500 (cmds/modpatch.asm):00366         L0B60               fcb       $9B,$00,$99,$00,$97,$00,$95,$00 ........
0B68 9300006D6F647061 (cmds/modpatch.asm):00367         L0B68               fcb       $93,$00,$00,$6D,$6F,$64,$70,$61 ...modpa
0B70 74636800F3899A   (cmds/modpatch.asm):00368         L0B70               fcb       $74,$63,$68,$00,$F3,$89,$9A tch.s..

Symbol Table:
[SG] coco3                            0001
[SG] H6309                            0001
[ G] L0000                            0000
[ G] L0008                            0008
[ G] L0010                            0010
[ G] L0018                            0018
[ G] L0020                            0020
[ G] L0028                            0028
[ G] L0030                            0030
[ G] L0038                            0038
[ G] L0040                            0040
[ G] L0048                            0048
[ G] L0050                            0050
[ G] L0058                            0058
[ G] L0060                            0060
[ G] L0068                            0068
[ G] L0070                            0070
[ G] L0078                            0078
[ G] L0080                            0080
[ G] L0088                            0088
[ G] L0090                            0090
[ G] L0098                            0098
[ G] L00A0                            00A0
[ G] L00A8                            00A8
[ G] L00B0                            00B0
[ G] L00B8                            00B8
[ G] L00C0                            00C0
[ G] L00C8                            00C8
[ G] L00D0                            00D0
[ G] L00D8                            00D8
[ G] L00E0                            00E0
[ G] L00E8                            00E8
[ G] L00F0                            00F0
[ G] L00F8                            00F8
[ G] L0100                            0100
[ G] L0108                            0108
[ G] L0110                            0110
[ G] L0118                            0118
[ G] L0120                            0120
[ G] L0128                            0128
[ G] L0130                            0130
[ G] L0138                            0138
[ G] L0140                            0140
[ G] L0148                            0148
[ G] L0150                            0150
[ G] L0158                            0158
[ G] L0160                            0160
[ G] L0168                            0168
[ G] L0170                            0170
[ G] L0178                            0178
[ G] L0180                            0180
[ G] L0188                            0188
[ G] L0190                            0190
[ G] L0198                            0198
[ G] L01A0                            01A0
[ G] L01A8                            01A8
[ G] L01B0                            01B0
[ G] L01B8                            01B8
[ G] L01C0                            01C0
[ G] L01C8                            01C8
[ G] L01D0                            01D0
[ G] L01D8                            01D8
[ G] L01E0                            01E0
[ G] L01E8                            01E8
[ G] L01F0                            01F0
[ G] L01F8                            01F8
[ G] L0200                            0200
[ G] L0208                            0208
[ G] L0210                            0210
[ G] L0218                            0218
[ G] L0220                            0220
[ G] L0228                            0228
[ G] L0230                            0230
[ G] L0238                            0238
[ G] L0240                            0240
[ G] L0248                            0248
[ G] L0250                            0250
[ G] L0258                            0258
[ G] L0260                            0260
[ G] L0268                            0268
[ G] L0270                            0270
[ G] L0278                            0278
[ G] L0280                            0280
[ G] L0288                            0288
[ G] L0290                            0290
[ G] L0298                            0298
[ G] L02A0                            02A0
[ G] L02A8                            02A8
[ G] L02B0                            02B0
[ G] L02B8                            02B8
[ G] L02C0                            02C0
[ G] L02C8                            02C8
[ G] L02D0                            02D0
[ G] L02D8                            02D8
[ G] L02E0                            02E0
[ G] L02E8                            02E8
[ G] L02F0                            02F0
[ G] L02F8                            02F8
[ G] L0300                            0300
[ G] L0308                            0308
[ G] L0310                            0310
[ G] L0318                            0318
[ G] L0320                            0320
[ G] L0328                            0328
[ G] L0330                            0330
[ G] L0338                            0338
[ G] L0340                            0340
[ G] L0348                            0348
[ G] L0350                            0350
[ G] L0358                            0358
[ G] L0360                            0360
[ G] L0368                            0368
[ G] L0370                            0370
[ G] L0378                            0378
[ G] L0380                            0380
[ G] L0388                            0388
[ G] L0390                            0390
[ G] L0398                            0398
[ G] L03A0                            03A0
[ G] L03A8                            03A8
[ G] L03B0                            03B0
[ G] L03B8                            03B8
[ G] L03C0                            03C0
[ G] L03C8                            03C8
[ G] L03D0                            03D0
[ G] L03D8                            03D8
[ G] L03E0                            03E0
[ G] L03E8                            03E8
[ G] L03F0                            03F0
[ G] L03F8                            03F8
[ G] L0400                            0400
[ G] L0408                            0408
[ G] L0410                            0410
[ G] L0418                            0418
[ G] L0420                            0420
[ G] L0428                            0428
[ G] L0430                            0430
[ G] L0438                            0438
[ G] L0440                            0440
[ G] L0448                            0448
[ G] L0450                            0450
[ G] L0458                            0458
[ G] L0460                            0460
[ G] L0468                            0468
[ G] L0470                            0470
[ G] L0478                            0478
[ G] L0480                            0480
[ G] L0488                            0488
[ G] L0490                            0490
[ G] L0498                            0498
[ G] L04A0                            04A0
[ G] L04A8                            04A8
[ G] L04B0                            04B0
[ G] L04B8                            04B8
[ G] L04C0                            04C0
[ G] L04C8                            04C8
[ G] L04D0                            04D0
[ G] L04D8                            04D8
[ G] L04E0                            04E0
[ G] L04E8                            04E8
[ G] L04F0                            04F0
[ G] L04F8                            04F8
[ G] L0500                            0500
[ G] L0508                            0508
[ G] L0510                            0510
[ G] L0518                            0518
[ G] L0520                            0520
[ G] L0528                            0528
[ G] L0530                            0530
[ G] L0538                            0538
[ G] L0540                            0540
[ G] L0548                            0548
[ G] L0550                            0550
[ G] L0558                            0558
[ G] L0560                            0560
[ G] L0568                            0568
[ G] L0570                            0570
[ G] L0578                            0578
[ G] L0580                            0580
[ G] L0588                            0588
[ G] L0590                            0590
[ G] L0598                            0598
[ G] L05A0                            05A0
[ G] L05A8                            05A8
[ G] L05B0                            05B0
[ G] L05B8                            05B8
[ G] L05C0                            05C0
[ G] L05C8                            05C8
[ G] L05D0                            05D0
[ G] L05D8                            05D8
[ G] L05E0                            05E0
[ G] L05E8                            05E8
[ G] L05F0                            05F0
[ G] L05F8                            05F8
[ G] L0600                            0600
[ G] L0608                            0608
[ G] L0610                            0610
[ G] L0618                            0618
[ G] L0620                            0620
[ G] L0628                            0628
[ G] L0630                            0630
[ G] L0638                            0638
[ G] L0640                            0640
[ G] L0648                            0648
[ G] L0650                            0650
[ G] L0658                            0658
[ G] L0660                            0660
[ G] L0668                            0668
[ G] L0670                            0670
[ G] L0678                            0678
[ G] L0680                            0680
[ G] L0688                            0688
[ G] L0690                            0690
[ G] L0698                            0698
[ G] L06A0                            06A0
[ G] L06A8                            06A8
[ G] L06B0                            06B0
[ G] L06B8                            06B8
[ G] L06C0                            06C0
[ G] L06C8                            06C8
[ G] L06D0                            06D0
[ G] L06D8                            06D8
[ G] L06E0                            06E0
[ G] L06E8                            06E8
[ G] L06F0                            06F0
[ G] L06F8                            06F8
[ G] L0700                            0700
[ G] L0708                            0708
[ G] L0710                            0710
[ G] L0718                            0718
[ G] L0720                            0720
[ G] L0728                            0728
[ G] L0730                            0730
[ G] L0738                            0738
[ G] L0740                            0740
[ G] L0748                            0748
[ G] L0750                            0750
[ G] L0758                            0758
[ G] L0760                            0760
[ G] L0768                            0768
[ G] L0770                            0770
[ G] L0778                            0778
[ G] L0780                            0780
[ G] L0788                            0788
[ G] L0790                            0790
[ G] L0798                            0798
[ G] L07A0                            07A0
[ G] L07A8                            07A8
[ G] L07B0                            07B0
[ G] L07B8                            07B8
[ G] L07C0                            07C0
[ G] L07C8                            07C8
[ G] L07D0                            07D0
[ G] L07D8                            07D8
[ G] L07E0                            07E0
[ G] L07E8                            07E8
[ G] L07F0                            07F0
[ G] L07F8                            07F8
[ G] L0800                            0800
[ G] L0808                            0808
[ G] L0810                            0810
[ G] L0818                            0818
[ G] L0820                            0820
[ G] L0828                            0828
[ G] L0830                            0830
[ G] L0838                            0838
[ G] L0840                            0840
[ G] L0848                            0848
[ G] L0850                            0850
[ G] L0858                            0858
[ G] L0860                            0860
[ G] L0868                            0868
[ G] L0870                            0870
[ G] L0878                            0878
[ G] L0880                            0880
[ G] L0888                            0888
[ G] L0890                            0890
[ G] L0898                            0898
[ G] L08A0                            08A0
[ G] L08A8                            08A8
[ G] L08B0                            08B0
[ G] L08B8                            08B8
[ G] L08C0                            08C0
[ G] L08C8                            08C8
[ G] L08D0                            08D0
[ G] L08D8                            08D8
[ G] L08E0                            08E0
[ G] L08E8                            08E8
[ G] L08F0                            08F0
[ G] L08F8                            08F8
[ G] L0900                            0900
[ G] L0908                            0908
[ G] L0910                            0910
[ G] L0918                            0918
[ G] L0920                            0920
[ G] L0928                            0928
[ G] L0930                            0930
[ G] L0938                            0938
[ G] L0940                            0940
[ G] L0948                            0948
[ G] L0950                            0950
[ G] L0958                            0958
[ G] L0960                            0960
[ G] L0968                            0968
[ G] L0970                            0970
[ G] L0978                            0978
[ G] L0980                            0980
[ G] L0988                            0988
[ G] L0990                            0990
[ G] L0998                            0998
[ G] L09A0                            09A0
[ G] L09A8                            09A8
[ G] L09B0                            09B0
[ G] L09B8                            09B8
[ G] L09C0                            09C0
[ G] L09C8                            09C8
[ G] L09D0                            09D0
[ G] L09D8                            09D8
[ G] L09E0                            09E0
[ G] L09E8                            09E8
[ G] L09F0                            09F0
[ G] L09F8                            09F8
[ G] L0A00                            0A00
[ G] L0A08                            0A08
[ G] L0A10                            0A10
[ G] L0A18                            0A18
[ G] L0A20                            0A20
[ G] L0A28                            0A28
[ G] L0A30                            0A30
[ G] L0A38                            0A38
[ G] L0A40                            0A40
[ G] L0A48                            0A48
[ G] L0A50                            0A50
[ G] L0A58                            0A58
[ G] L0A60                            0A60
[ G] L0A68                            0A68
[ G] L0A70                            0A70
[ G] L0A78                            0A78
[ G] L0A80                            0A80
[ G] L0A88                            0A88
[ G] L0A90                            0A90
[ G] L0A98                            0A98
[ G] L0AA0                            0AA0
[ G] L0AA8                            0AA8
[ G] L0AB0                            0AB0
[ G] L0AB8                            0AB8
[ G] L0AC0                            0AC0
[ G] L0AC8                            0AC8
[ G] L0AD0                            0AD0
[ G] L0AD8                            0AD8
[ G] L0AE0                            0AE0
[ G] L0AE8                            0AE8
[ G] L0AF0                            0AF0
[ G] L0AF8                            0AF8
[ G] L0B00                            0B00
[ G] L0B08                            0B08
[ G] L0B10                            0B10
[ G] L0B18                            0B18
[ G] L0B20                            0B20
[ G] L0B28                            0B28
[ G] L0B30                            0B30
[ G] L0B38                            0B38
[ G] L0B40                            0B40
[ G] L0B48                            0B48
[ G] L0B50                            0B50
[ G] L0B58                            0B58
[ G] L0B60                            0B60
[ G] L0B68                            0B68
[ G] L0B70                            0B70
[SG] NOS9MAJ                          0003
[SG] NOS9MIN                          0000
[SG] NOS9VER                          0003
