                      (           net.as):00001         ********************************************************************
                      (           net.as):00002         * net - network routines
                      (           net.as):00003         *
                      (           net.as):00004         * Edt/Rev  YYYY/MM/DD  Modified by
                      (           net.as):00005         * Comment
                      (           net.as):00006         * ------------------------------------------------------------------
                      (           net.as):00007         *   1      2010/01/08  Boisy G. Pitre
                      (           net.as):00008         * Started.
                      (           net.as):00009         
                      (           net.as):00010                             section   bss
     0080             (           net.as):00011         nbufferl            equ       128
0000                  (           net.as):00012         nbuffer             rmb       nbufferl
                      (           net.as):00013                             endsect
                      (           net.as):00014         
                      (           net.as):00015                             section   code
                      (           net.as):00016         
0000 00               (           net.as):00017         space               fcb       C$SPAC
0001 2FCE             (           net.as):00018         devnam              fcs       "/N"
                      (           net.as):00019         
0003 30C90000         (           net.as):00020         getopts             leax      nbuffer,u
0007 C600             (           net.as):00021                             ldb       #SS.Opt
0009 103F00           (           net.as):00022                             os9       I$GetStt
000C 39               (           net.as):00023                             rts
                      (           net.as):00024         
000D 30C90000         (           net.as):00025         setopts             leax      nbuffer,u
0011 C600             (           net.as):00026                             ldb       #SS.Opt
0013 103F00           (           net.as):00027                             os9       I$SetStt
0016 39               (           net.as):00028                             rts
                      (           net.as):00029         
                      (           net.as):00030         * Set Echo On
                      (           net.as):00031         *
                      (           net.as):00032         * Entry: A = path to network device
                      (           net.as):00033         * Exit:
                      (           net.as):00034         *        Success: CC carry clear
                      (           net.as):00035         *        Failure: CC carry set, B = error code
0017 3412             (           net.as):00036         SetEchoOn           pshs      a,x
0019 8DE8             (           net.as):00037                             bsr       getopts
001B 2549             (           net.as):00038                             bcs       rawex
001D C601             (           net.as):00039                             ldb       #1
001F E7890000         (           net.as):00040                             stb       PD.EKO-PD.OPT,x
0023 8DE8             (           net.as):00041                             bsr       setopts
0025 3592             (           net.as):00042                             puls      a,x,pc
                      (           net.as):00043         
                      (           net.as):00044         
                      (           net.as):00045         * Set Echo Off
                      (           net.as):00046         *
                      (           net.as):00047         * Entry: A = path to network device
                      (           net.as):00048         * Exit:
                      (           net.as):00049         *        Success: CC carry clear
                      (           net.as):00050         *        Failure: CC carry set, B = error code
0027 3412             (           net.as):00051         SetEchoOff          pshs      a,x
0029 8DD8             (           net.as):00052                             bsr       getopts
002B 2539             (           net.as):00053                             bcs       rawex
002D 6F890000         (           net.as):00054                             clr       PD.EKO-PD.OPT,x
0031 8DDA             (           net.as):00055                             bsr       setopts
0033 3592             (           net.as):00056                             puls      a,x,pc
                      (           net.as):00057         
                      (           net.as):00058         
                      (           net.as):00059         * Set Auto Linefeed On
                      (           net.as):00060         *
                      (           net.as):00061         * Entry: A = path to network device
                      (           net.as):00062         * Exit:
                      (           net.as):00063         *        Success: CC carry clear
                      (           net.as):00064         *        Failure: CC carry set, B = error code
0035 3412             (           net.as):00065         SetAutoLFOn         pshs      a,x
0037 8DCA             (           net.as):00066                             bsr       getopts
0039 252B             (           net.as):00067                             bcs       rawex
003B C601             (           net.as):00068                             ldb       #1
003D E7890000         (           net.as):00069                             stb       PD.ALF-PD.OPT,x
0041 8DCA             (           net.as):00070                             bsr       setopts
0043 3592             (           net.as):00071                             puls      a,x,pc
                      (           net.as):00072         
                      (           net.as):00073         
                      (           net.as):00074         * Set Auto Linefeed Off
                      (           net.as):00075         *
                      (           net.as):00076         * Entry: A = path to network device
                      (           net.as):00077         * Exit:
                      (           net.as):00078         *        Success: CC carry clear
                      (           net.as):00079         *        Failure: CC carry set, B = error code
0045 3412             (           net.as):00080         SetAutoLFOff        pshs      a,x
0047 8DBA             (           net.as):00081                             bsr       getopts
0049 251B             (           net.as):00082                             bcs       rawex
004B 6F890000         (           net.as):00083                             clr       PD.ALF-PD.OPT,x
004F 8DBC             (           net.as):00084                             bsr       setopts
0051 3592             (           net.as):00085                             puls      a,x,pc
                      (           net.as):00086         
                      (           net.as):00087         
                      (           net.as):00088         * Put the path passed in A in raw mode
                      (           net.as):00089         *
                      (           net.as):00090         * Entry: A = path to network device
                      (           net.as):00091         *
                      (           net.as):00092         * Exit:
                      (           net.as):00093         *        Success: CC carry clear
                      (           net.as):00094         *        Failure: CC carry set, B = error code
0053 3412             (           net.as):00095         RawPath             pshs      a,x
0055 8DAC             (           net.as):00096                             bsr       getopts
0057 250D             (           net.as):00097                             bcs       rawex
0059 30890000         (           net.as):00098                             leax      PD.UPC-PD.OPT,x
005D C600             (           net.as):00099                             ldb       #PD.QUT-PD.UPC
005F 6F80             (           net.as):00100         rawloop             clr       ,x+
0061 5A               (           net.as):00101                             decb
0062 2AFB             (           net.as):00102                             bpl       rawloop
0064 8DA7             (           net.as):00103                             bsr       setopts
0066 3592             (           net.as):00104         rawex               puls      a,x,pc
                      (           net.as):00105         
                      (           net.as):00106         
                      (           net.as):00107         * Attempts to open and setup a path to the TCP server
                      (           net.as):00108         *
                      (           net.as):00109         * Exit:
                      (           net.as):00110         *        Success: A = path to network device, CC carry clear
                      (           net.as):00111         *        Failure: B = error code, CC carry set
0068 3430             (           net.as):00112         TCPOpen             pshs      x,y
006A 8600             (           net.as):00113                             lda       #UPDAT.
006C 308C92           (           net.as):00114                             leax      devnam,pcr
006F 103F00           (           net.as):00115                             os9       I$Open
0072 2504             (           net.as):00116                             bcs       openerr
0074 8DB1             (           net.as):00117                             bsr       SetEchoOff
0076 8DCD             (           net.as):00118                             bsr       SetAutoLFOff
0078                  (           net.as):00119         openerr
0078 35B0             (           net.as):00120                             puls      x,y,pc
                      (           net.as):00121         
                      (           net.as):00122         
                      (           net.as):00123         * Informs the server that we are killing a session
                      (           net.as):00124         *
                      (           net.as):00125         * Entry: A = path to network device
                      (           net.as):00126         *        Y = pointer to token string (nul terminated)
                      (           net.as):00127         *
                      (           net.as):00128         * Exit:
                      (           net.as):00129         *        Success: CC carry clear
                      (           net.as):00130         *        Failure: CC carry set, B = error code
007A 3432             (           net.as):00131         TCPKill             pshs      a,x,y
007C 308D00C6         (           net.as):00132                             leax      tcpkill,pcr
0080 108E0009         (           net.as):00133                             ldy       #tcpkilll
0084 103F00           (           net.as):00134                             os9       I$Write
0087 1025006D         (           net.as):00135                             lbcs      connectex
008B 2039             (           net.as):00136                             bra       writeport
                      (           net.as):00137         
                      (           net.as):00138         * Informs the server that we are joining a session
                      (           net.as):00139         *
                      (           net.as):00140         * Entry: A = path to network device
                      (           net.as):00141         *        Y = pointer to token string (nul terminated)
                      (           net.as):00142         *
                      (           net.as):00143         * Exit:
                      (           net.as):00144         *        Success: CC carry clear
                      (           net.as):00145         *        Failure: CC carry set, B = error code
008D 3432             (           net.as):00146         TCPJoin             pshs      a,x,y
008F 308D00AA         (           net.as):00147                             leax      tcpjoin,pcr
0093 108E0009         (           net.as):00148                             ldy       #tcpjoinl
0097 103F00           (           net.as):00149                             os9       I$Write
009A 1025005A         (           net.as):00150                             lbcs      connectex
009E 2026             (           net.as):00151                             bra       writeport
                      (           net.as):00152         
                      (           net.as):00153         * Attempts to connect to a TCP/IP host via the server
                      (           net.as):00154         *
                      (           net.as):00155         * Entry: A = path to network device
                      (           net.as):00156         *        X = pointer to host name string (nul terminated)
                      (           net.as):00157         *        Y = pointer to port string (nul terminated)
                      (           net.as):00158         *
                      (           net.as):00159         * Exit:
                      (           net.as):00160         *        Success: CC carry clear
                      (           net.as):00161         *        Failure: CC carry set, B = error code
00A0                  (           net.as):00162         TCPConnectToHost
00A0 3432             (           net.as):00163                             pshs      a,x,y
00A2 308D0080         (           net.as):00164                             leax      tcpconnect,pcr
00A6 108E000C         (           net.as):00165                             ldy       #tcpconnectl
00AA 103F00           (           net.as):00166                             os9       I$Write
00AD 2549             (           net.as):00167                             bcs       connectex
00AF AE61             (           net.as):00168                             ldx       1,s
00B1 170000           (           net.as):00169                             lbsr      STRLEN
00B4 1F02             (           net.as):00170                             tfr       d,y
00B6 A6E4             (           net.as):00171                             lda       ,s
00B8 103F00           (           net.as):00172                             os9       I$Write
                      (           net.as):00173         * write space
00BB 308DFF41         (           net.as):00174                             leax      space,pcr
00BF 108E0001         (           net.as):00175                             ldy       #1
00C3 103F00           (           net.as):00176                             os9       I$Write
                      (           net.as):00177         * write port (we worry about response later)
00C6 AE63             (           net.as):00178         writeport           ldx       3,s                 get original Y on stack
00C8 3402             (           net.as):00179                             pshs      a
00CA 170000           (           net.as):00180                             lbsr      STRLEN
00CD 1F02             (           net.as):00181                             tfr       d,y
00CF 3502             (           net.as):00182                             puls      a
00D1 103F00           (           net.as):00183                             os9       I$Write
00D4 308D0022         (           net.as):00184                             leax      acr,pcr
00D8 108E0001         (           net.as):00185                             ldy       #1
00DC 103F00           (           net.as):00186                             os9       I$WritLn
                      (           net.as):00187         
                      (           net.as):00188         * read response from server
                      (           net.as):00189         * Entry: A = path
00DF                  (           net.as):00190         readresponse
00DF 30C90000         (           net.as):00191                             leax      nbuffer,u
00E3 108E0080         (           net.as):00192                             ldy       #nbufferl
00E7 103F00           (           net.as):00193                             os9       I$ReadLn
00EA 250C             (           net.as):00194                             bcs       connectex
00EC A684             (           net.as):00195                             lda       ,x
00EE 8146             (           net.as):00196                             cmpa      #'F
00F0 2606             (           net.as):00197                             bne       connectex
                      (           net.as):00198         * failure case: read number and return it with carry set
00F2 3005             (           net.as):00199                             leax      5,x                 skip over "FAIL "
00F4 170000           (           net.as):00200                             lbsr      DEC_BIN             error will fit in B
00F7 43               (           net.as):00201                             coma                          set carry
00F8 35B2             (           net.as):00202         connectex           puls      a,x,y,pc
                      (           net.as):00203         
00FA 00               (           net.as):00204         acr                 fcb       C$CR
                      (           net.as):00205         
                      (           net.as):00206         * Requests to listen on a port
                      (           net.as):00207         *
                      (           net.as):00208         * Entry: A = path to network device
                      (           net.as):00209         *        X = pointer to parameter string (nul terminated)
                      (           net.as):00210         *
                      (           net.as):00211         * Exit:
                      (           net.as):00212         *        Success: CC carry clear
                      (           net.as):00213         *        Failure: CC carry set, B = error code
00FB 3432             (           net.as):00214         TCPListen           pshs      a,x,y
00FD 308D0031         (           net.as):00215                             leax      tcplisten,pcr
0101 108E000B         (           net.as):00216                             ldy       #tcplistenl
0105 103F00           (           net.as):00217                             os9       I$Write
0108 25EE             (           net.as):00218                             bcs       connectex
010A AE61             (           net.as):00219                             ldx       1,s
010C 170000           (           net.as):00220                             lbsr      STRLEN
010F 1F02             (           net.as):00221                             tfr       d,y
0111 A6E4             (           net.as):00222                             lda       ,s
0113 103F00           (           net.as):00223                             os9       I$Write
0116 308CE1           (           net.as):00224                             leax      acr,pcr
0119 108E0001         (           net.as):00225                             ldy       #1
011D 103F00           (           net.as):00226                             os9       I$WritLn
0120 20BD             (           net.as):00227                             bra       readresponse
                      (           net.as):00228         
                      (           net.as):00229         * Disconnects the TCP/IP host via the server
                      (           net.as):00230         *
                      (           net.as):00231         * Entry: A = path to network device
                      (           net.as):00232         *
                      (           net.as):00233         * Exit:
                      (           net.as):00234         *        Success: CC carry clear
                      (           net.as):00235         *        Failure: B = error code, CC carry set
0122 103F00           (           net.as):00236         TCPDisconnect       os9       I$Close
0125 39               (           net.as):00237                             rts
                      (           net.as):00238         
0126 74637020636F6E6E (           net.as):00239         tcpconnect          fcc       'tcp connect '
     65637420
     000C             (           net.as):00240         tcpconnectl         equ       *-tcpconnect
                      (           net.as):00241         
0132 746370206C697374 (           net.as):00242         tcplisten           fcc       'tcp listen '
     656E20
     000B             (           net.as):00243         tcplistenl          equ       *-tcplisten
                      (           net.as):00244         
013D 746370206A6F696E (           net.as):00245         tcpjoin             fcc       'tcp join '
     20
     0009             (           net.as):00246         tcpjoinl            equ       *-tcpjoin
                      (           net.as):00247         
0146 746370206B696C6C (           net.as):00248         tcpkill             fcc       'tcp kill '
     20
     0009             (           net.as):00249         tcpkilll            equ       *-tcpkill
                      (           net.as):00250         
                      (           net.as):00251                             endsect

Symbol Table:
[ sG] acr                              00FA (code)
[ sG] connectex                        00F8 (code)
[ sG] devnam                           0001 (code)
[ sG] getopts                          0003 (code)
[ sG] nbuffer                          0000 (bss)
[ cG] nbufferl                         0080
[ScG] NOS9MAJ                          0000
[ScG] NOS9MIN                          0000
[ScG] NOS9VER                          0000
[ sG] openerr                          0078 (code)
[ sG] rawex                            0066 (code)
[ sG] rawloop                          005F (code)
[ sG] RawPath                          0053 (code)
[ sG] readresponse                     00DF (code)
[ sG] SetAutoLFOff                     0045 (code)
[ sG] SetAutoLFOn                      0035 (code)
[ sG] SetEchoOff                       0027 (code)
[ sG] SetEchoOn                        0017 (code)
[ sG] setopts                          000D (code)
[ sG] space                            0000 (code)
[ sG] tcpconnect                       0126 (code)
[ cG] tcpconnectl                      000C
[ sG] TCPConnectToHost                 00A0 (code)
[ sG] TCPDisconnect                    0122 (code)
[ sG] TCPJoin                          008D (code)
[ sG] tcpjoin                          013D (code)
[ cG] tcpjoinl                         0009
[ sG] TCPKill                          007A (code)
[ sG] tcpkill                          0146 (code)
[ cG] tcpkilll                         0009
[ sG] TCPListen                        00FB (code)
[ sG] tcplisten                        0132 (code)
[ cG] tcplistenl                       000B
[ sG] TCPOpen                          0068 (code)
[ sG] writeport                        00C6 (code)
