                      (     print_hex.as):00001         ;;; PRINT_HEX
                      (     print_hex.as):00002         ;;;
                      (     print_hex.as):00003         ;;; Print a hexadecimal number to the standard output.
                      (     print_hex.as):00004         ;;;
                      (     print_hex.as):00005         ;;; Entry:  D = The value to print.
                      (     print_hex.as):00006         ;;;
                      (     print_hex.as):00007         ;;; Error:  B = A non-zero error code.
                      (     print_hex.as):00008         ;;;        CC = Carry flag set to indicate error.
                      (     print_hex.as):00009         
                      (     print_hex.as):00010                             section   .text
                      (     print_hex.as):00011         
0000 3412             (     print_hex.as):00012         PRINT_HEX:          pshs      a,x
0002 327A             (     print_hex.as):00013                             leas      -6,s                buffer
0004 1F41             (     print_hex.as):00014                             tfr       s,x
0006 170000           (     print_hex.as):00015                             lbsr      BIN_HEX             convert to hex
0009 170000           (     print_hex.as):00016                             lbsr      PUTS                print to standard out
000C 3266             (     print_hex.as):00017                             leas      6,s                 clean stack
000E 3592             (     print_hex.as):00018                             puls      a,x,pc              return with error in B
                      (     print_hex.as):00019         
                      (     print_hex.as):00020                             endsect
                      (     print_hex.as):00021         

Symbol Table:
[ScG] NOS9MAJ                          0000
[ScG] NOS9MIN                          0000
[ScG] NOS9VER                          0000
[ sG] PRINT_HEX                        0000 (.text)
