                      (     print_asc.as):00001         ;;; PRINT_ASC
                      (     print_asc.as):00002         ;;;
                      (     print_asc.as):00003         ;;; Print a binary number to the standard output.
                      (     print_asc.as):00004         ;;;
                      (     print_asc.as):00005         ;;; Entry:  D = The value to print.
                      (     print_asc.as):00006         ;;;
                      (     print_asc.as):00007         ;;; Error:  B = A non-zero error code.
                      (     print_asc.as):00008         ;;;        CC = Carry flag set to indicate error.
                      (     print_asc.as):00009         
                      (     print_asc.as):00010                             section   .text
                      (     print_asc.as):00011         
0000 3412             (     print_asc.as):00012         PRINT_ASC:          pshs      a,x
0002 32E8EE           (     print_asc.as):00013                             leas      -18,s               buffer
0005 1F41             (     print_asc.as):00014                             tfr       s,x
0007 170000           (     print_asc.as):00015                             lbsr      BIN_ASC             convert to ascii
000A 170000           (     print_asc.as):00016                             lbsr      PUTS                print to standard out
000D 32E812           (     print_asc.as):00017                             leas      18,s                clean stack
0010 3592             (     print_asc.as):00018                             puls      a,x,pc              return with error in B
                      (     print_asc.as):00019         
                      (     print_asc.as):00020                             endsect
                      (     print_asc.as):00021         

Symbol Table:
[ScG] NOS9MAJ                          0000
[ScG] NOS9MIN                          0000
[ScG] NOS9VER                          0000
[ sG] PRINT_ASC                        0000 (.text)
