                      (      ptsearch.as):00001         ;;; PTSEARCH
                      (      ptsearch.as):00002         ;;;
                      (      ptsearch.as):00003         ;;; Search for a pattern in memory.
                      (      ptsearch.as):00004         ;;;
                      (      ptsearch.as):00005         ;;; Other modules needed: COMPARE
                      (      ptsearch.as):00006         ;;;
                      (      ptsearch.as):00007         ;;; Entry:  X = The address to start searching.
                      (      ptsearch.as):00008         ;;;         U = The address to stop searching.
                      (      ptsearch.as):00009         ;;;         Y = The address of the pattern to search.
                      (      ptsearch.as):00010         ;;;         D = The length of the pattern to search.
                      (      ptsearch.as):00011         ;;;
                      (      ptsearch.as):00012         ;;; Set CASEMTCH = 0 for non-case comparison, or -1 for case comparison.
                      (      ptsearch.as):00013         ;;;
                      (      ptsearch.as):00014         ;;; Exit:   X = The address of the match, if found; otherwise unchanged.
                      (      ptsearch.as):00015         ;;;        CC = Zero bit set if there's a match; otherwize bit is clear.
                      (      ptsearch.as):00016         ;;;
                      (      ptsearch.as):00017         ;;; Registers A, B, Y, and Y are preserved.
                      (      ptsearch.as):00018         
                      (      ptsearch.as):00019                             section   .data
                      (      ptsearch.as):00020         
0000                  (      ptsearch.as):00021         pattend             rmb       2                   end of pattern in memory
0002                  (      ptsearch.as):00022         memend              rmb       2                   realend-pattern size
0004                  (      ptsearch.as):00023         patsize             rmb       2                   saved <D>
0006                  (      ptsearch.as):00024         memstrt             rmb       2                   saved <X>
0008                  (      ptsearch.as):00025         patstrt             rmb       2                   saved <Y>
000A                  (      ptsearch.as):00026         realend             rmb       2                   saved <U>
                      (      ptsearch.as):00027         
                      (      ptsearch.as):00028                             endsect
                      (      ptsearch.as):00029         
                      (      ptsearch.as):00030                             section   .text
                      (      ptsearch.as):00031         
                      (      ptsearch.as):00032         * set up stack frame for variables
                      (      ptsearch.as):00033         
0000 3476             (      ptsearch.as):00034         PTSEARCH:           pshs      d,x,y,u
0002 327C             (      ptsearch.as):00035                             leas      -4,s                room for temps
0004 1F30             (      ptsearch.as):00036                             tfr       u,d                 end of memory to check
0006 A3E90000         (      ptsearch.as):00037                             subd      patsize,s           end-pattern size
000A EDE90000         (      ptsearch.as):00038                             std       memend,s            where we stop looking
000E ECE90000         (      ptsearch.as):00039                             ldd       patstrt,s
0012 E3E90000         (      ptsearch.as):00040                             addd      patsize,s
0016 EDE90000         (      ptsearch.as):00041                             std       pattend,s
                      (      ptsearch.as):00042         
                      (      ptsearch.as):00043         * loop here looking for a match of the first characters
                      (      ptsearch.as):00044         
001A ACE90000         (      ptsearch.as):00045         inmatch             cmpx      memend,s            raeched end of memory
001E 2426             (      ptsearch.as):00046                             bhs       nomatch
0020 A680             (      ptsearch.as):00047                             lda       ,x+                 get char from memory
0022 E6A4             (      ptsearch.as):00048                             ldb       ,y                  compare to pattern
0024 170000           (      ptsearch.as):00049                             lbsr      COMPARE             compare them
0027 26F1             (      ptsearch.as):00050                             bne       inmatch             keep looking for inital match
                      (      ptsearch.as):00051         
                      (      ptsearch.as):00052         * see if rest of pattern matches
                      (      ptsearch.as):00053         
0029 1F13             (      ptsearch.as):00054         more                tfr       x,u                 save pointer
002B 3121             (      ptsearch.as):00055                             leay      1,y                 already matched that one
                      (      ptsearch.as):00056         
002D 10ACE90000       (      ptsearch.as):00057         more1               cmpy      pattend,s           all chars matched, go home happy
0032 2716             (      ptsearch.as):00058                             beq       match
0034 A680             (      ptsearch.as):00059                             lda       ,x+
0036 E6A0             (      ptsearch.as):00060                             ldb       ,y+
0038 170000           (      ptsearch.as):00061                             lbsr      COMPARE
003B 27F0             (      ptsearch.as):00062                             beq       more1               keep matching
003D 1F31             (      ptsearch.as):00063                             tfr       u,x                 match fails, backup and do more
003F 10AEE90000       (      ptsearch.as):00064                             ldy       patstrt,s           start of pattern
0044 20D4             (      ptsearch.as):00065                             bra       inmatch
                      (      ptsearch.as):00066         
                      (      ptsearch.as):00067         
0046 8601             (      ptsearch.as):00068         nomatch             lda       #1                  clear zero
0048 2007             (      ptsearch.as):00069                             bra       exit
                      (      ptsearch.as):00070         
004A 335F             (      ptsearch.as):00071         match               leau      -1,u                start of match
004C EFE90000         (      ptsearch.as):00072                             stu       memstrt,s           where pattern starts
0050 4F               (      ptsearch.as):00073                             clra                          set zero flag=found
                      (      ptsearch.as):00074         
0051 3264             (      ptsearch.as):00075         exit                leas      4,s                 clean stack
0053 35F6             (      ptsearch.as):00076                             puls      d,x,y,u,pc
                      (      ptsearch.as):00077         
                      (      ptsearch.as):00078                             endsect
                      (      ptsearch.as):00079         
                      (      ptsearch.as):00080         

Symbol Table:
[ sG] exit                             0051 (.text)
[ sG] inmatch                          001A (.text)
[ sG] match                            004A (.text)
[ sG] memend                           0002 (.data)
[ sG] memstrt                          0006 (.data)
[ sG] more                             0029 (.text)
[ sG] more1                            002D (.text)
[ sG] nomatch                          0046 (.text)
[ScG] NOS9MAJ                          0000
[ScG] NOS9MIN                          0000
[ScG] NOS9VER                          0000
[ sG] patsize                          0004 (.data)
[ sG] patstrt                          0008 (.data)
[ sG] pattend                          0000 (.data)
[ sG] PTSEARCH                         0000 (.text)
[ sG] realend                          000A (.data)
