                      (         putcr.as):00001         ;;; PUTCR
                      (         putcr.as):00002         ;;;
                      (         putcr.as):00003         ;;; Prints a carriage return to the standard output.
                      (         putcr.as):00004         ;;;
                      (         putcr.as):00005         ;;; Other modules needed: FPUTCR
                      (         putcr.as):00006         ;;;
                      (         putcr.as):00007         ;;; Entry:  None.
                      (         putcr.as):00008         ;;;
                      (         putcr.as):00009         ;;; Error:  B = A non-zero error code.
                      (         putcr.as):00010         ;;;        CC = Carry flag set to indicate error.
                      (         putcr.as):00011         
                      (         putcr.as):00012                             section   .text
                      (         putcr.as):00013         
0000 3402             (         putcr.as):00014         PUTCR:              pshs      a
0002 8601             (         putcr.as):00015                             lda       #1                  std out
0004 170000           (         putcr.as):00016                             lbsr      FPUTCR
0007 3582             (         putcr.as):00017                             puls      a,pc
                      (         putcr.as):00018         
                      (         putcr.as):00019                             endsect

Symbol Table:
[ScG] NOS9MAJ                          0000
[ScG] NOS9MIN                          0000
[ScG] NOS9VER                          0000
[ sG] PUTCR                            0000 (.text)
