                      (          putc.as):00001         ;;; PUTC
                      (          putc.as):00002         ;;;
                      (          putc.as):00003         ;;; Prints one character to the standard output.
                      (          putc.as):00004         ;;;
                      (          putc.as):00005         ;;; Other modules needed: FPUTC
                      (          putc.as):00006         ;;;
                      (          putc.as):00007         ;;; Entry:  B = The character to print.
                      (          putc.as):00008         ;;;
                      (          putc.as):00009         ;;; Error:  B = A non-zero error code.
                      (          putc.as):00010         ;;;        CC = Carry flag set to indicate error.
                      (          putc.as):00011         **********************************
                      (          putc.as):00012         
                      (          putc.as):00013                             section   .text
                      (          putc.as):00014         
0000 3402             (          putc.as):00015         PUTC:               pshs      a
0002 8601             (          putc.as):00016                             lda       #1                  stn out
0004 170000           (          putc.as):00017                             lbsr      FPUTC
0007 3582             (          putc.as):00018                             puls      a,pc
                      (          putc.as):00019         
                      (          putc.as):00020                             endsect
                      (          putc.as):00021         

Symbol Table:
[ScG] NOS9MAJ                          0000
[ScG] NOS9MIN                          0000
[ScG] NOS9VER                          0000
[ sG] PUTC                             0000 (.text)
