                      (          puts.as):00001         ;;; FPUTS
                      (          puts.as):00002         ;;;
                      (          puts.as):00003         ;;; Prints a null-terminated string to the standard output.
                      (          puts.as):00004         ;;;
                      (          puts.as):00005         ;;; Other modules needed: FPUTS
                      (          puts.as):00006         ;;;
                      (          puts.as):00007         ;;; Entry:  X = The address of the string to print.
                      (          puts.as):00008         ;;;
                      (          puts.as):00009         ;;; Error:  B = A non-zero error code.
                      (          puts.as):00010         ;;;        CC = Carry flag set to indicate error.
                      (          puts.as):00011         
                      (          puts.as):00012                             section   .text
                      (          puts.as):00013         
0000 3402             (          puts.as):00014         PUTS:               pshs      a
0002 8601             (          puts.as):00015                             lda       #1                  std out
0004 170000           (          puts.as):00016                             lbsr      FPUTS
0007 3582             (          puts.as):00017                             puls      a,pc
                      (          puts.as):00018         
                      (          puts.as):00019                             endsect
                      (          puts.as):00020         

Symbol Table:
[ScG] NOS9MAJ                          0000
[ScG] NOS9MIN                          0000
[ScG] NOS9VER                          0000
[ sG] PUTS                             0000 (.text)
