                      (      putspace.as):00001         ;;; FPUTSPACE
                      (      putspace.as):00002         ;;;
                      (      putspace.as):00003         ;;; Prints a space to the standard output.
                      (      putspace.as):00004         ;;;
                      (      putspace.as):00005         ;;; Other modules needed: FPUTSPACE
                      (      putspace.as):00006         ;;;
                      (      putspace.as):00007         ;;; Entry:  None.
                      (      putspace.as):00008         ;;;
                      (      putspace.as):00009         ;;; Error:  B = A non-zero error code.
                      (      putspace.as):00010         ;;;        CC = Carry flag set to indicate error.
                      (      putspace.as):00011         
                      (      putspace.as):00012                             section   .text
                      (      putspace.as):00013         
0000 3402             (      putspace.as):00014         PUTSPACE:           pshs      a
0002 8601             (      putspace.as):00015                             lda       #1
0004 170000           (      putspace.as):00016                             lbsr      FPUTSPACE
0007 3582             (      putspace.as):00017                             puls      a,pc
                      (      putspace.as):00018         
                      (      putspace.as):00019                             endsect

Symbol Table:
[ScG] NOS9MAJ                          0000
[ScG] NOS9MIN                          0000
[ScG] NOS9VER                          0000
[ sG] PUTSPACE                         0000 (.text)
