                      (        stile.asm):00001         
0000 87CD0226000D1181 (        stile.asm):00002         L0000               fcb       $87,$CD,$02,$26,$00,$0D,$11,$81 .M.&....
0008 0C001E89FD537469 (        stile.asm):00003         L0008               fcb       $0C,$00,$1E,$89,$FD,$53,$74,$69 .....Sti
0010 6CE501A684812026 (        stile.asm):00004         L0010               fcb       $6C,$E5,$01,$A6,$84,$81,$20,$26 le.&.. &
0018 04300120F6398DF3 (        stile.asm):00005         L0018               fcb       $04,$30,$01,$20,$F6,$39,$8D,$F3 .0. v9.s
0020 EC8410832D3F1027 (        stile.asm):00006         L0020               fcb       $EC,$84,$10,$83,$2D,$3F,$10,$27 l...-?.'
0028 00F48601103F8410 (        stile.asm):00007         L0028               fcb       $00,$F4,$86,$01,$10,$3F,$84,$10 .t...?..
0030 2500939F038E0005 (        stile.asm):00008         L0030               fcb       $25,$00,$93,$9F,$03,$8E,$00,$05 %.......
0038 108E0012103F8910 (        stile.asm):00009         L0038               fcb       $10,$8E,$00,$12,$10,$3F,$89,$10 .....?..
0040 250083AE84102601 (        stile.asm):00010         L0040               fcb       $25,$00,$83,$AE,$84,$10,$26,$01 %.....&.
0048 938E0017108E0500 (        stile.asm):00011         L0048               fcb       $93,$8E,$00,$17,$10,$8E,$05,$00 ........
0050 103F891025006F10 (        stile.asm):00012         L0050               fcb       $10,$3F,$89,$10,$25,$00,$6F,$10 .?..%.o.
0058 8E7800103F891025 (        stile.asm):00013         L0058               fcb       $8E,$78,$00,$10,$3F,$89,$10,$25 .x..?..%
0060 0064103F8FCE0017 (        stile.asm):00014         L0060               fcb       $00,$64,$10,$3F,$8F,$CE,$00,$17 .d.?.N..
0068 318D0088C62A3404 (        stile.asm):00015         L0068               fcb       $31,$8D,$00,$88,$C6,$2A,$34,$04 1...F*4.
0070 E6A017005DC61530 (        stile.asm):00016         L0070               fcb       $E6,$A0,$17,$00,$5D,$C6,$15,$30 f ..]F.0
0078 013414C60AA680A7 (        stile.asm):00017         L0078               fcb       $01,$34,$14,$C6,$0A,$A6,$80,$A7 .4.F.&.'
0080 C05A26F986DDA7C0 (        stile.asm):00018         L0080               fcb       $C0,$5A,$26,$F9,$86,$DD,$A7,$C0 @Z&y.]'@
0088 3514308900A05A26 (        stile.asm):00019         L0088               fcb       $35,$14,$30,$89,$00,$A0,$5A,$26 5.0.. Z&
0090 E86AE426DB3261CC (        stile.asm):00020         L0090               fcb       $E8,$6A,$E4,$26,$DB,$32,$61,$CC hjd&[2aL
0098 031B9E0317FF7410 (        stile.asm):00021         L0098               fcb       $03,$1B,$9E,$03,$17,$FF,$74,$10 ......t.
00A0 3F83102500208E00 (        stile.asm):00022         L00A0               fcb       $3F,$83,$10,$25,$00,$20,$8E,$00 ?..%. ..
00A8 17108E25E6103F8A (        stile.asm):00023         L00A8               fcb       $17,$10,$8E,$25,$E6,$10,$3F,$8A ...%f.?.
00B0 102500128E000810 (        stile.asm):00024         L00B0               fcb       $10,$25,$00,$12,$8E,$00,$08,$10 .%......
00B8 8E0008103F8A1025 (        stile.asm):00025         L00B8               fcb       $8E,$00,$08,$10,$3F,$8A,$10,$25 ....?..%
00C0 0004103F8F5F103F (        stile.asm):00026         L00C0               fcb       $00,$04,$10,$3F,$8F,$5F,$10,$3F ...?._.?
00C8 06CCBB0CA7805A26 (        stile.asm):00027         L00C8               fcb       $06,$CC,$BB,$0C,$A7,$80,$5A,$26 .L;.'.Z&
00D0 FB3934048E001754 (        stile.asm):00028         L00D0               fcb       $FB,$39,$34,$04,$8E,$00,$17,$54 .94....T
00D8 545454861A3D86A0 (        stile.asm):00029         L00D8               fcb       $54,$54,$54,$86,$1A,$3D,$86,$A0 TTT..=.
00E0 3D8308C0308BE6E4 (        stile.asm):00030         L00E0               fcb       $3D,$83,$08,$C0,$30,$8B,$E6,$E4 =..@0.fd
00E8 C40F860D3DC30014 (        stile.asm):00031         L00E8               fcb       $C4,$0F,$86,$0D,$3D,$C3,$00,$14 D...=C..
00F0 308B358411121321 (        stile.asm):00032         L00F0               fcb       $30,$8B,$35,$84,$11,$12,$13,$21 0.5....!
00F8 2223243132333441 (        stile.asm):00033         L00F8               fcb       $22,$23,$24,$31,$32,$33,$34,$41 "#$1234A
0100 4243445152535455 (        stile.asm):00034         L0100               fcb       $42,$43,$44,$51,$52,$53,$54,$55 BCDQRSTU
0108 5657585961626364 (        stile.asm):00035         L0108               fcb       $56,$57,$58,$59,$61,$62,$63,$64 VWXYabcd
0110 6566676869717273 (        stile.asm):00036         L0110               fcb       $65,$66,$67,$68,$69,$71,$72,$73 efghiqrs
0118 747576777879308D (        stile.asm):00037         L0118               fcb       $74,$75,$76,$77,$78,$79,$30,$8D tuvwxy0.
0120 000D108E00AD8601 (        stile.asm):00038         L0120               fcb       $00,$0D,$10,$8E,$00,$AD,$86,$01 .....-..
0128 103F8A5F103F0653 (        stile.asm):00039         L0128               fcb       $10,$3F,$8A,$5F,$10,$3F,$06,$53 .?._.?.S
0130 54696C653A205361 (        stile.asm):00040         L0130               fcb       $54,$69,$6C,$65,$3A,$20,$53,$61 Tile: Sa
0138 7665732074696C65 (        stile.asm):00041         L0138               fcb       $76,$65,$73,$20,$74,$69,$6C,$65 ves tile
0140 2064617461206669 (        stile.asm):00042         L0140               fcb       $20,$64,$61,$74,$61,$20,$66,$69 data fi
0148 6C6520666F722053 (        stile.asm):00043         L0148               fcb       $6C,$65,$20,$66,$6F,$72,$20,$53 le for S
0150 68616E676861692E (        stile.asm):00044         L0150               fcb       $68,$61,$6E,$67,$68,$61,$69,$2E hanghai.
0158 0D0A5573653A2073 (        stile.asm):00045         L0158               fcb       $0D,$0A,$55,$73,$65,$3A,$20,$73 ..Use: s
0160 74696C65203C696E (        stile.asm):00046         L0160               fcb       $74,$69,$6C,$65,$20,$3C,$69,$6E tile <in
0168 66696C653E203C6F (        stile.asm):00047         L0168               fcb       $66,$69,$6C,$65,$3E,$20,$3C,$6F file> <o
0170 757466696C653E0D (        stile.asm):00048         L0170               fcb       $75,$74,$66,$69,$6C,$65,$3E,$0D utfile>.
0178 0A2020203C696E66 (        stile.asm):00049         L0178               fcb       $0A,$20,$20,$20,$3C,$69,$6E,$66 .   <inf
0180 696C653E202D2033 (        stile.asm):00050         L0180               fcb       $69,$6C,$65,$3E,$20,$2D,$20,$33 ile> - 3
0188 3230783139322031 (        stile.asm):00051         L0188               fcb       $32,$30,$78,$31,$39,$32,$20,$31 20x192 1
0190 3620636F6C6F7220 (        stile.asm):00052         L0190               fcb       $36,$20,$63,$6F,$6C,$6F,$72,$20 6 color
0198 756E636F6D707265 (        stile.asm):00053         L0198               fcb       $75,$6E,$63,$6F,$6D,$70,$72,$65 uncompre
01A0 7373656420564546 (        stile.asm):00054         L01A0               fcb       $73,$73,$65,$64,$20,$56,$45,$46 ssed VEF
01A8 2066696C652E0D0A (        stile.asm):00055         L01A8               fcb       $20,$66,$69,$6C,$65,$2E,$0D,$0A file...
01B0 20203C6F75746669 (        stile.asm):00056         L01B0               fcb       $20,$20,$3C,$6F,$75,$74,$66,$69 <outfi
01B8 6C653E202D206461 (        stile.asm):00057         L01B8               fcb       $6C,$65,$3E,$20,$2D,$20,$64,$61 le> - da
01C0 74612066696C6520 (        stile.asm):00058         L01C0               fcb       $74,$61,$20,$66,$69,$6C,$65,$20 ta file
01C8 746F207772697465 (        stile.asm):00059         L01C8               fcb       $74,$6F,$20,$77,$72,$69,$74,$65 to write
01D0 2074696C65732074 (        stile.asm):00060         L01D0               fcb       $20,$74,$69,$6C,$65,$73,$20,$74 tiles t
01D8 6F2E0D0A308D0007 (        stile.asm):00061         L01D8               fcb       $6F,$2E,$0D,$0A,$30,$8D,$00,$07 o...0...
01E0 108E003C16FF3F53 (        stile.asm):00062         L01E0               fcb       $10,$8E,$00,$3C,$16,$FF,$3F,$53 ...<..?S
01E8 54696C653A204669 (        stile.asm):00063         L01E8               fcb       $54,$69,$6C,$65,$3A,$20,$46,$69 Tile: Fi
01F0 6C65206973204E4F (        stile.asm):00064         L01F0               fcb       $6C,$65,$20,$69,$73,$20,$4E,$4F le is NO
01F8 5420333230783139 (        stile.asm):00065         L01F8               fcb       $54,$20,$33,$32,$30,$78,$31,$39 T 320x19
0200 3220313620636F6C (        stile.asm):00066         L0200               fcb       $32,$20,$31,$36,$20,$63,$6F,$6C 2 16 col
0208 6F7220756E636F6D (        stile.asm):00067         L0208               fcb       $6F,$72,$20,$75,$6E,$63,$6F,$6D or uncom
0210 7072657373656420 (        stile.asm):00068         L0210               fcb       $70,$72,$65,$73,$73,$65,$64,$20 pressed
0218 5645462066696C65 (        stile.asm):00069         L0218               fcb       $56,$45,$46,$20,$66,$69,$6C,$65 VEF file
0220 2E0D0A3AF830     (        stile.asm):00070         L0220               fcb       $2E,$0D,$0A,$3A,$F8,$30 ...:x0

Symbol Table:
[ G] L0000                            0000
[ G] L0008                            0008
[ G] L0010                            0010
[ G] L0018                            0018
[ G] L0020                            0020
[ G] L0028                            0028
[ G] L0030                            0030
[ G] L0038                            0038
[ G] L0040                            0040
[ G] L0048                            0048
[ G] L0050                            0050
[ G] L0058                            0058
[ G] L0060                            0060
[ G] L0068                            0068
[ G] L0070                            0070
[ G] L0078                            0078
[ G] L0080                            0080
[ G] L0088                            0088
[ G] L0090                            0090
[ G] L0098                            0098
[ G] L00A0                            00A0
[ G] L00A8                            00A8
[ G] L00B0                            00B0
[ G] L00B8                            00B8
[ G] L00C0                            00C0
[ G] L00C8                            00C8
[ G] L00D0                            00D0
[ G] L00D8                            00D8
[ G] L00E0                            00E0
[ G] L00E8                            00E8
[ G] L00F0                            00F0
[ G] L00F8                            00F8
[ G] L0100                            0100
[ G] L0108                            0108
[ G] L0110                            0110
[ G] L0118                            0118
[ G] L0120                            0120
[ G] L0128                            0128
[ G] L0130                            0130
[ G] L0138                            0138
[ G] L0140                            0140
[ G] L0148                            0148
[ G] L0150                            0150
[ G] L0158                            0158
[ G] L0160                            0160
[ G] L0168                            0168
[ G] L0170                            0170
[ G] L0178                            0178
[ G] L0180                            0180
[ G] L0188                            0188
[ G] L0190                            0190
[ G] L0198                            0198
[ G] L01A0                            01A0
[ G] L01A8                            01A8
[ G] L01B0                            01B0
[ G] L01B8                            01B8
[ G] L01C0                            01C0
[ G] L01C8                            01C8
[ G] L01D0                            01D0
[ G] L01D8                            01D8
[ G] L01E0                            01E0
[ G] L01E8                            01E8
[ G] L01F0                            01F0
[ G] L01F8                            01F8
[ G] L0200                            0200
[ G] L0208                            0208
[ G] L0210                            0210
[ G] L0218                            0218
[ G] L0220                            0220
[SG] NOS9MAJ                          0003
[SG] NOS9MIN                          0000
[SG] NOS9VER                          0003
