                      (      stimestr.as):00001         ;;; STIMESTR
                      (      stimestr.as):00002         ;;;
                      (      stimestr.as):00003         ;;; Get the system time as an ASCII string.
                      (      stimestr.as):00004         ;;;
                      (      stimestr.as):00005         ;;; Other modules needed: DATESTR
                      (      stimestr.as):00006         ;;;
                      (      stimestr.as):00007         ;;; Entry:  X = The buffer for the ASCII string.
                      (      stimestr.as):00008         ;;;
                      (      stimestr.as):00009         ;;; Exit:   None.
                      (      stimestr.as):00010         ;;;
                      (      stimestr.as):00011         ;;; All registers except CC are preserved.
                      (      stimestr.as):00012         
                      (      stimestr.as):00013                             section   .text
                      (      stimestr.as):00014         
0000 3430             (      stimestr.as):00015         STIMESTR:           pshs      x,y
0002 1F12             (      stimestr.as):00016                             tfr       x,y                 ascii buffer to Y
0004 3279             (      stimestr.as):00017                             leas      -7,s                buffer for time packet
0006 1F41             (      stimestr.as):00018                             tfr       s,x
0008 103F00           (      stimestr.as):00019                             os9       F$Time              get system time
000B 170000           (      stimestr.as):00020                             lbsr      DATESTR             convert to ascii in Y buffer
000E 3267             (      stimestr.as):00021                             leas      7,s
0010 35B0             (      stimestr.as):00022                             puls      x,y,pc
                      (      stimestr.as):00023         
                      (      stimestr.as):00024                             endsect
0000                  (      stimestr.as):00025         t

Symbol Table:
[ScG] NOS9MAJ                          0000
[ScG] NOS9MIN                          0000
[ScG] NOS9VER                          0000
[ sG] STIMESTR                         0000 (.text)
[ cG] t                                0000
