                      (        strcmp.as):00001         ;;; STRCMP
                      (        strcmp.as):00002         ;;;
                      (        strcmp.as):00003         ;;; Compare two null-terminated strings.
                      (        strcmp.as):00004         ;;;
                      (        strcmp.as):00005         ;;; Other modules needed: STRNCMP, STRLEN
                      (        strcmp.as):00006         ;;;
                      (        strcmp.as):00007         ;;; Entry:  X = The address of the first string.
                      (        strcmp.as):00008         ;;;         Y = The address of the second string.
                      (        strcmp.as):00009         ;;;
                      (        strcmp.as):00010         ;;; Exit:  CC = Zero set if the strings are equal.
                      (        strcmp.as):00011         ;;;        CC = Carry set and Zero clear if the first string is greater than the second.
                      (        strcmp.as):00012         ;;;        CC = Carry set and Zero set if the first string is less than the second.
                      (        strcmp.as):00013         ;;;
                      (        strcmp.as):00014         ;;; All registers except CC are preserved.
                      (        strcmp.as):00015         ;;;
                      (        strcmp.as):00016         ;;; This routine first finds the length of both strings and passes the length of the longer one to STRNCMP.
                      (        strcmp.as):00017         
                      (        strcmp.as):00018                             section   .text
                      (        strcmp.as):00019         
0000 3406             (        strcmp.as):00020         STRCMP:             pshs      d
0002 170000           (        strcmp.as):00021                             lbsr      STRLEN              find len of str1
0005 3406             (        strcmp.as):00022                             pshs      d
0007 1E21             (        strcmp.as):00023                             exg       y,x                 find len of str2
0009 170000           (        strcmp.as):00024                             lbsr      STRLEN
000C 1E21             (        strcmp.as):00025                             exg       y,x                 restore ptrs
000E 10A3E4           (        strcmp.as):00026                             cmpd      ,s
0011 2202             (        strcmp.as):00027                             bhi       ok
0013 ECE4             (        strcmp.as):00028                             ldd       ,s                  get bigger value
                      (        strcmp.as):00029         
0015 3262             (        strcmp.as):00030         ok                  leas      2,s                 clean stack
0017 170000           (        strcmp.as):00031                             lbsr      STRNCMP             go compare
001A 3586             (        strcmp.as):00032                             puls      d,pc                go home
                      (        strcmp.as):00033         
                      (        strcmp.as):00034                             endsect
                      (        strcmp.as):00035         

Symbol Table:
[ScG] NOS9MAJ                          0000
[ScG] NOS9MIN                          0000
[ScG] NOS9VER                          0000
[ sG] ok                               0015 (.text)
[ sG] STRCMP                           0000 (.text)
