                      (        strcat.as):00001         ;;; STRCAT
                      (        strcat.as):00002         ;;;
                      (        strcat.as):00003         ;;; Concatenate two null-terminated strings
                      (        strcat.as):00004         ;;;
                      (        strcat.as):00005         ;;; Other modules needed: STRCPY, STRLEN
                      (        strcat.as):00006         ;;;
                      (        strcat.as):00007         ;;; Entry:  X = The address of the first string.
                      (        strcat.as):00008         ;;;         Y = The address of the second string.
                      (        strcat.as):00009         ;;;
                      (        strcat.as):00010         ;;; Exit:   None.
                      (        strcat.as):00011         ;;;
                      (        strcat.as):00012         ;;; All registers except CC are preserved.
                      (        strcat.as):00013         
                      (        strcat.as):00014                             section   .text
                      (        strcat.as):00015         
0000 3436             (        strcat.as):00016         STRCAT:             pshs      d,x,y
0002 1E12             (        strcat.as):00017                             exg       x,y
0004 170000           (        strcat.as):00018                             lbsr      STRLEN              find end of appended string
0007 308B             (        strcat.as):00019                             leax      d,x                 point to end of "buffer"
0009 1E12             (        strcat.as):00020                             exg       x,y
000B 170000           (        strcat.as):00021                             lbsr      STRCPY              copy string
000E 35B6             (        strcat.as):00022                             puls      d,x,y,pc
                      (        strcat.as):00023         
                      (        strcat.as):00024                             endsect
                      (        strcat.as):00025         
                      (        strcat.as):00026         

Symbol Table:
[ScG] NOS9MAJ                          0000
[ScG] NOS9MIN                          0000
[ScG] NOS9VER                          0000
[ sG] STRCAT                           0000 (.text)
