                      (        strcpy.as):00001         ;;; STRCPY
                      (        strcpy.as):00002         ;;;
                      (        strcpy.as):00003         ;;; Copy a null-terminated string.
                      (        strcpy.as):00004         ;;;
                      (        strcpy.as):00005         ;;; Other modules needed: STRNCPY
                      (        strcpy.as):00006         ;;;
                      (        strcpy.as):00007         ;;; Entry:  X = The address of the string to copy.
                      (        strcpy.as):00008         ;;;         Y = The address of the location to copy the string to.
                      (        strcpy.as):00009         ;;;
                      (        strcpy.as):00010         ;;; Exit:  None.
                      (        strcpy.as):00011         ;;;
                      (        strcpy.as):00012         ;;; All registers except CC are preserved.
                      (        strcpy.as):00013         ;;;
                      (        strcpy.as):00014         ;;; Ensure that there is room in the copy buffer.
                      (        strcpy.as):00015         
                      (        strcpy.as):00016                             section   .text
                      (        strcpy.as):00017         
0000 3406             (        strcpy.as):00018         STRCPY:             pshs      d
0002 CCFFFF           (        strcpy.as):00019                             ldd       #$ffff              pass very long value to STRNCPY
0005 170000           (        strcpy.as):00020                             lbsr      STRNCPY             move it
0008 3586             (        strcpy.as):00021                             puls      d,pc
                      (        strcpy.as):00022         
                      (        strcpy.as):00023                             endsect
                      (        strcpy.as):00024         
                      (        strcpy.as):00025         

Symbol Table:
[ScG] NOS9MAJ                          0000
[ScG] NOS9MIN                          0000
[ScG] NOS9VER                          0000
[ sG] STRCPY                           0000 (.text)
