                      (       strhcpy.as):00001         ;;; STRHCPY
                      (       strhcpy.as):00002         ;;;
                      (       strhcpy.as):00003         ;;; Copy a sign bit-terminated string.
                      (       strhcpy.as):00004         ;;;
                      (       strhcpy.as):00005         ;;; Other modules needed: STRHLEN, MEMMOVE
                      (       strhcpy.as):00006         ;;;
                      (       strhcpy.as):00007         ;;; Entry:  X = The address of the string to copy.
                      (       strhcpy.as):00008         ;;;         Y = The address of the location to copy the string to.
                      (       strhcpy.as):00009         ;;;
                      (       strhcpy.as):00010         ;;; Exit:  None.
                      (       strhcpy.as):00011         ;;;
                      (       strhcpy.as):00012         ;;; All registers except CC are preserved.
                      (       strhcpy.as):00013         ;;;
                      (       strhcpy.as):00014         ;;; Ensure that there is room in the copy buffer.
                      (       strhcpy.as):00015         ;;;
                      (       strhcpy.as):00016         ;;; This routine doesn't change the sign bit of the last character.
                      (       strhcpy.as):00017         
                      (       strhcpy.as):00018                             section   .text
                      (       strhcpy.as):00019         
0000 3406             (       strhcpy.as):00020         STRHCPY:            pshs      d
0002 170000           (       strhcpy.as):00021                             lbsr      STRHLEN             find length of string
0005 170000           (       strhcpy.as):00022                             lbsr      MEMMOVE             move it
0008 3586             (       strhcpy.as):00023                             puls      d,pc
                      (       strhcpy.as):00024         
                      (       strhcpy.as):00025                             endsect
                      (       strhcpy.as):00026         
                      (       strhcpy.as):00027         

Symbol Table:
[ScG] NOS9MAJ                          0000
[ScG] NOS9MIN                          0000
[ScG] NOS9VER                          0000
[ sG] STRHCPY                          0000 (.text)
