                      (       strhlen.as):00001         ;;; STRHLEN
                      (       strhlen.as):00002         ;;;
                      (       strhlen.as):00003         ;;; Find the length of a sign bit-terminated string.
                      (       strhlen.as):00004         ;;;
                      (       strhlen.as):00005         ;;; Entry:  X = The address of the string.
                      (       strhlen.as):00006         ;;;
                      (       strhlen.as):00007         ;;; Exit:   D = The length of the string.
                      (       strhlen.as):00008         ;;;
                      (       strhlen.as):00009         ;;; All registers except CC are preserved.
                      (       strhlen.as):00010         ;;;
                      (       strhlen.as):00011         ;;; The sign bit byte is included in the count.
                      (       strhlen.as):00012         
                      (       strhlen.as):00013                             section   .text
                      (       strhlen.as):00014         
0000 3410             (       strhlen.as):00015         STRHLEN:            pshs      x
0002 4F               (       strhlen.as):00016                             clra                          it'll be at least one byte long
0003 5F               (       strhlen.as):00017                             clrb
                      (       strhlen.as):00018         
0004 C30001           (       strhlen.as):00019         loop                addd      #1                  bump count
0007 6D80             (       strhlen.as):00020                             tst       ,x+                 end?
0009 2AF9             (       strhlen.as):00021                             bpl       loop
                      (       strhlen.as):00022         
000B 3590             (       strhlen.as):00023                             puls      x,pc
                      (       strhlen.as):00024         
                      (       strhlen.as):00025                             endsect
                      (       strhlen.as):00026         
                      (       strhlen.as):00027         

Symbol Table:
[ sG] loop                             0004 (.text)
[ScG] NOS9MAJ                          0000
[ScG] NOS9MIN                          0000
[ScG] NOS9VER                          0000
[ sG] STRHLEN                          0000 (.text)
