                      (       strncpy.as):00001         ;;; STRNCPY
                      (       strncpy.as):00002         ;;;
                      (       strncpy.as):00003         ;;; Copy a number of characters of a null-terminated string.
                      (       strncpy.as):00004         ;;;
                      (       strncpy.as):00005         ;;; Other modules needed: STRNCPY
                      (       strncpy.as):00006         ;;;
                      (       strncpy.as):00007         ;;; Entry:  D = The number of characters to copy.
                      (       strncpy.as):00008         ;;;         X = The address of the string to copy.
                      (       strncpy.as):00009         ;;;         Y = The address of the location to copy the string to.
                      (       strncpy.as):00010         ;;;
                      (       strncpy.as):00011         ;;; Exit:   D = The number of bytes copied.
                      (       strncpy.as):00012         ;;;
                      (       strncpy.as):00013         ;;; All registers except CC are preserved.
                      (       strncpy.as):00014         ;;;
                      (       strncpy.as):00015         ;;; Ensure that there is room in the copy buffer.
                      (       strncpy.as):00016         ;;;
                      (       strncpy.as):00017         ;;; If the number of characters to copy is greater than the length of
                      (       strncpy.as):00018         ;;; the string, the entire string is copied.
                      (       strncpy.as):00019         
                      (       strncpy.as):00020                             section   .text
                      (       strncpy.as):00021         
0000 3406             (       strncpy.as):00022         STRNCPY:            pshs      d                   bytes wanted to move
0002 170000           (       strncpy.as):00023                             lbsr      STRLEN              find length of string
0005 C30001           (       strncpy.as):00024                             addd      #1                  move NULL also
0008 10A3E4           (       strncpy.as):00025                             cmpd      ,s                  get smaller of passed/actual size
000B 2302             (       strncpy.as):00026                             bls       skip                use actual length
000D ECE4             (       strncpy.as):00027                             ldd       ,s                  use passed length
                      (       strncpy.as):00028         
000F 170000           (       strncpy.as):00029         skip                lbsr      MEMMOVE             move it
0012 3262             (       strncpy.as):00030                             leas      2,s
0014 39               (       strncpy.as):00031                             rts
                      (       strncpy.as):00032         
                      (       strncpy.as):00033                             endsect
                      (       strncpy.as):00034         
                      (       strncpy.as):00035         

Symbol Table:
[ScG] NOS9MAJ                          0000
[ScG] NOS9MIN                          0000
[ScG] NOS9VER                          0000
[ sG] skip                             000F (.text)
[ sG] STRNCPY                          0000 (.text)
