                      (         sub2.asm):00001         
0000 87CD1254000D2181 (         sub2.asm):00002         L0000               fcb       $87,$CD,$12,$54,$00,$0D,$21,$81 .M.T..!.
0008 5E00110000737562 (         sub2.asm):00003         L0008               fcb       $5E,$00,$11,$00,$00,$73,$75,$62 ^....sub
0010 B2308D0007EC85BE (         sub2.asm):00004         L0010               fcb       $B2,$30,$8D,$00,$07,$EC,$85,$BE 20...l.>
0018 01076E8B0CAF0D9E (         sub2.asm):00005         L0018               fcb       $01,$07,$6E,$8B,$0C,$AF,$0D,$9E ..n../..
0020 0FBA0A640AD4092F (         sub2.asm):00006         L0020               fcb       $0F,$BA,$0A,$64,$0A,$D4,$09,$2F .:.d.T./
0028 0771066406F60620 (         sub2.asm):00007         L0028               fcb       $07,$71,$06,$64,$06,$F6,$06,$20 .q.d.v.
0030 0594052C04DA04CF (         sub2.asm):00008         L0030               fcb       $05,$94,$05,$2C,$04,$DA,$04,$CF ...,.Z.O
0038 042A03E503D3033F (         sub2.asm):00009         L0038               fcb       $04,$2A,$03,$E5,$03,$D3,$03,$3F .*.e.S.?
0040 032F03AE038B02F5 (         sub2.asm):00010         L0040               fcb       $03,$2F,$03,$AE,$03,$8B,$02,$F5 ./.....u
0048 023F02B9084401D4 (         sub2.asm):00011         L0048               fcb       $02,$3F,$02,$B9,$08,$44,$01,$D4 .?.9.D.T
0050 01E501F6020E01CB (         sub2.asm):00012         L0050               fcb       $01,$E5,$01,$F6,$02,$0E,$01,$CB .e.v...K
0058 01CE022601BC01C2 (         sub2.asm):00013         L0058               fcb       $01,$CE,$02,$26,$01,$BC,$01,$C2 .N.&.<.B
0060 018801A001AB0EA6 (         sub2.asm):00014         L0060               fcb       $01,$88,$01,$A0,$01,$AB,$0E,$A6 ... .+.&
0068 005B0152FC4CEF27 (         sub2.asm):00015         L0068               fcb       $00,$5B,$01,$52,$FC,$4C,$EF,$27 .[.R.Lo'
0070 15BD72C3556E6465 (         sub2.asm):00016         L0070               fcb       $15,$BD,$72,$C3,$55,$6E,$64,$65 .=rCUnde
0078 7277617465722C20 (         sub2.asm):00017         L0078               fcb       $72,$77,$61,$74,$65,$72,$2C,$20 rwater,
0080 536972210039B64D (         sub2.asm):00018         L0080               fcb       $53,$69,$72,$21,$00,$39,$B6,$4D Sir!.96M
0088 27271EBD72C35368 (         sub2.asm):00019         L0088               fcb       $27,$27,$1E,$BD,$72,$C3,$53,$68 ''.=rCSh
0090 6F72652070617274 (         sub2.asm):00020         L0090               fcb       $6F,$72,$65,$20,$70,$61,$72,$74 ore part
0098 792063757272656E (         sub2.asm):00021         L0098               fcb       $79,$20,$63,$75,$72,$72,$65,$6E y curren
00A0 746C79206F757400 (         sub2.asm):00022         L00A0               fcb       $74,$6C,$79,$20,$6F,$75,$74,$00 tly out.
00A8 39F64CA02A21BD72 (         sub2.asm):00023         L00A8               fcb       $39,$F6,$4C,$A0,$2A,$21,$BD,$72 9vL *!=r
00B0 C34E6F2073686F72 (         sub2.asm):00024         L00B0               fcb       $C3,$4E,$6F,$20,$73,$68,$6F,$72 CNo shor
00B8 6520706172747920 (         sub2.asm):00025         L00B8               fcb       $65,$20,$70,$61,$72,$74,$79,$20 e party
00C0 746F2073656E642C (         sub2.asm):00026         L00C0               fcb       $74,$6F,$20,$73,$65,$6E,$64,$2C to send,
00C8 20536972210039F6 (         sub2.asm):00027         L00C8               fcb       $20,$53,$69,$72,$21,$00,$39,$F6 Sir!.9v
00D0 4CA22B1DBD72C349 (         sub2.asm):00028         L00D0               fcb       $4C,$A2,$2B,$1D,$BD,$72,$C3,$49 L"+.=rCI
00D8 74206973206E6F74 (         sub2.asm):00029         L00D8               fcb       $74,$20,$69,$73,$20,$6E,$6F,$74 t is not
00E0 2074696D65207965 (         sub2.asm):00030         L00E0               fcb       $20,$74,$69,$6D,$65,$20,$79,$65 time ye
00E8 742C205369722100 (         sub2.asm):00031         L00E8               fcb       $74,$2C,$20,$53,$69,$72,$21,$00 t, Sir!.
00F0 39108E4C63CE4C84 (         sub2.asm):00032         L00F0               fcb       $39,$10,$8E,$4C,$63,$CE,$4C,$84 9..LcNL.
00F8 3121BD74D981022D (         sub2.asm):00033         L00F8               fcb       $31,$21,$BD,$74,$D9,$81,$02,$2D 1!=tY..-
0100 1DBD72C34E6F7420 (         sub2.asm):00034         L0100               fcb       $1D,$BD,$72,$C3,$4E,$6F,$74,$20 .=rCNot
0108 696E20706F736974 (         sub2.asm):00035         L0108               fcb       $69,$6E,$20,$70,$6F,$73,$69,$74 in posit
0110 696F6E207965742C (         sub2.asm):00036         L0110               fcb       $69,$6F,$6E,$20,$79,$65,$74,$2C ion yet,
0118 2053697200398E4A (         sub2.asm):00037         L0118               fcb       $20,$53,$69,$72,$00,$39,$8E,$4A Sir.9.J
0120 56CE4C63EF8813FC (         sub2.asm):00038         L0120               fcb       $56,$CE,$4C,$63,$EF,$88,$13,$FC VNLco...
0128 4C84ED03FC4C86ED (         sub2.asm):00039         L0128               fcb       $4C,$84,$ED,$03,$FC,$4C,$86,$ED L.m..L.m
0130 05FC4C88ED07CC00 (         sub2.asm):00040         L0130               fcb       $05,$FC,$4C,$88,$ED,$07,$CC,$00 ..L.m.L.
0138 03BD76A4C30003ED (         sub2.asm):00041         L0138               fcb       $03,$BD,$76,$A4,$C3,$00,$03,$ED .=v$C..m
0140 016F00BD72C35365 (         sub2.asm):00042         L0140               fcb       $01,$6F,$00,$BD,$72,$C3,$53,$65 .o.=rCSe
0148 6E64696E67207368 (         sub2.asm):00043         L0148               fcb       $6E,$64,$69,$6E,$67,$20,$73,$68 nding sh
0150 6F72652070617274 (         sub2.asm):00044         L0150               fcb       $6F,$72,$65,$20,$70,$61,$72,$74 ore part
0158 792C20536972007C (         sub2.asm):00045         L0158               fcb       $79,$2C,$20,$53,$69,$72,$00,$7C y, Sir.|
0160 4D27393476F6028F (         sub2.asm):00046         L0160               fcb       $4D,$27,$39,$34,$76,$F6,$02,$8F M'94vv..
0168 7D4CA0272A8E4A56 (         sub2.asm):00047         L0168               fcb       $7D,$4C,$A0,$27,$2A,$8E,$4A,$56 }L '*.JV
0170 340486153D308B35 (         sub2.asm):00048         L0170               fcb       $34,$04,$86,$15,$3D,$30,$8B,$35 4...=0.5
0178 0486093DC34C631F (         sub2.asm):00049         L0178               fcb       $04,$86,$09,$3D,$C3,$4C,$63,$1F ...=CLc.
0180 03EF8813EC41ED03 (         sub2.asm):00050         L0180               fcb       $03,$EF,$88,$13,$EC,$41,$ED,$03 .o..lAm.
0188 EC43ED05EC45ED07 (         sub2.asm):00051         L0188               fcb       $EC,$43,$ED,$05,$EC,$45,$ED,$07 lCm.lEm.
0190 CC0003ED016F0035 (         sub2.asm):00052         L0190               fcb       $CC,$00,$03,$ED,$01,$6F,$00,$35 L..m.o.5
0198 F6B605CE2709F61E (         sub2.asm):00053         L0198               fcb       $F6,$B6,$05,$CE,$27,$09,$F6,$1E v6.N'.v.
01A0 1DC1041027000981 (         sub2.asm):00054         L01A0               fcb       $1D,$C1,$04,$10,$27,$00,$09,$81 .A..'...
01A8 04102700037C05CE (         sub2.asm):00055         L01A8               fcb       $04,$10,$27,$00,$03,$7C,$05,$CE ..'..|.N
01B0 397D05CE10270003 (         sub2.asm):00056         L01B0               fcb       $39,$7D,$05,$CE,$10,$27,$00,$03 9}.N.'..
01B8 7A05CE39B61D4310 (         sub2.asm):00057         L01B8               fcb       $7A,$05,$CE,$39,$B6,$1D,$43,$10 z.N96.C.
01C0 2700068104102600 (         sub2.asm):00058         L01C0               fcb       $27,$00,$06,$81,$04,$10,$26,$00 '.....&.
01C8 03731D8739FC4CF3 (         sub2.asm):00059         L01C8               fcb       $03,$73,$1D,$87,$39,$FC,$4C,$F3 .s..9.Ls
01D0 160FCEFC4CF5C302 (         sub2.asm):00060         L01D0               fcb       $16,$0F,$CE,$FC,$4C,$F5,$C3,$02 ..N.LuC.
01D8 D0160FC5731D86FC (         sub2.asm):00061         L01D8               fcb       $D0,$16,$0F,$C5,$73,$1D,$86,$FC P..Es...
01E0 4CF5160FD1FC4CF5 (         sub2.asm):00062         L01E0               fcb       $4C,$F5,$16,$0F,$D1,$FC,$4C,$F5 Lu..Q.Lu
01E8 B31D44170FB3B61D (         sub2.asm):00063         L01E8               fcb       $B3,$1D,$44,$17,$0F,$B3,$B6,$1D 3.D..36.
01F0 861026FFEA39FC4C (         sub2.asm):00064         L01F0               fcb       $86,$10,$26,$FF,$EA,$39,$FC,$4C ..&.j9.L
01F8 F5F31D44170FA2B6 (         sub2.asm):00065         L01F8               fcb       $F5,$F3,$1D,$44,$17,$0F,$A2,$B6 us.D.."6
0200 1D861026FFD9397F (         sub2.asm):00066         L0200               fcb       $1D,$86,$10,$26,$FF,$D9,$39,$7F ...&.Y9
0208 1D86FC4CFBB31D44 (         sub2.asm):00067         L0208               fcb       $1D,$86,$FC,$4C,$FB,$B3,$1D,$44 ...L.3.D
0210 108300002403CC05 (         sub2.asm):00068         L0210               fcb       $10,$83,$00,$00,$24,$03,$CC,$05 ....$.L.
0218 9FBD7648160F977F (         sub2.asm):00069         L0218               fcb       $9F,$BD,$76,$48,$16,$0F,$97,$7F .=vH...
0220 1D86FC4CFBF31D44 (         sub2.asm):00070         L0220               fcb       $1D,$86,$FC,$4C,$FB,$F3,$1D,$44 ...L.s.D
0228 1083059F2303CC00 (         sub2.asm):00071         L0228               fcb       $10,$83,$05,$9F,$23,$03,$CC,$00 ....#.L.
0230 00BD7648160F7FFC (         sub2.asm):00072         L0230               fcb       $00,$BD,$76,$48,$16,$0F,$7F,$FC .=vH...
0238 1D44108300041026 (         sub2.asm):00073         L0238               fcb       $1D,$44,$10,$83,$00,$04,$10,$26 .D.....&
0240 0007CC0028FD1D44 (         sub2.asm):00074         L0240               fcb       $00,$07,$CC,$00,$28,$FD,$1D,$44 ..L.(..D
0248 39CC0004FD1D4439 (         sub2.asm):00075         L0248               fcb       $39,$CC,$00,$04,$FD,$1D,$44,$39 9L....D9
0250 BD72C3426174746C (         sub2.asm):00076         L0250               fcb       $BD,$72,$C3,$42,$61,$74,$74,$6C =rCBattl
0258 652053746174696F (         sub2.asm):00077         L0258               fcb       $65,$20,$53,$74,$61,$74,$69,$6F e Statio
0260 6E732100CC3F1810 (         sub2.asm):00078         L0260               fcb       $6E,$73,$21,$00,$CC,$3F,$18,$10 ns!.L?..
0268 8E0ED8170F878E13 (         sub2.asm):00079         L0268               fcb       $8E,$0E,$D8,$17,$0F,$87,$8E,$13 ..X.....
0270 88170048BD72C342 (         sub2.asm):00080         L0270               fcb       $88,$17,$00,$48,$BD,$72,$C3,$42 ...H=rCB
0278 4154544C45205354 (         sub2.asm):00081         L0278               fcb       $41,$54,$54,$4C,$45,$20,$53,$54 ATTLE ST
0280 4154494F4E532100 (         sub2.asm):00082         L0280               fcb       $41,$54,$49,$4F,$4E,$53,$21,$00 ATIONS!.
0288 170F6A17002E170F (         sub2.asm):00083         L0288               fcb       $17,$0F,$6A,$17,$00,$2E,$17,$0F ..j.....
0290 64B61E1D81022201 (         sub2.asm):00084         L0290               fcb       $64,$B6,$1E,$1D,$81,$02,$22,$01 d6....".
0298 39BD72C352656475 (         sub2.asm):00085         L0298               fcb       $39,$BD,$72,$C3,$52,$65,$64,$75 9=rCRedu
02A0 63696E672074696D (         sub2.asm):00086         L02A0               fcb       $63,$69,$6E,$67,$20,$74,$69,$6D cing tim
02A8 6520636F6D707265 (         sub2.asm):00087         L02A8               fcb       $65,$20,$63,$6F,$6D,$70,$72,$65 e compre
02B0 7373696F6E2E0086 (         sub2.asm):00088         L02B0               fcb       $73,$73,$69,$6F,$6E,$2E,$00,$86 ssion...
02B8 0116024234768C00 (         sub2.asm):00089         L02B8               fcb       $01,$16,$02,$42,$34,$76,$8C,$00 ...B4v..
02C0 0027053D301F26FB (         sub2.asm):00090         L02C0               fcb       $00,$27,$05,$3D,$30,$1F,$26,$FB .'.=0.&.
02C8 35F6FC4CEF263686 (         sub2.asm):00091         L02C8               fcb       $35,$F6,$FC,$4C,$EF,$26,$36,$86 5v.Lo&6.
02D0 1EB74D26BD723CBD (         sub2.asm):00092         L02D0               fcb       $1E,$B7,$4D,$26,$BD,$72,$3C,$BD .7M&=r<=
02D8 72F3536D6F6B6520 (         sub2.asm):00093         L02D8               fcb       $72,$F3,$53,$6D,$6F,$6B,$65,$20 rsSmoke
02E0 73706F7474656420 (         sub2.asm):00094         L02E0               fcb       $73,$70,$6F,$74,$74,$65,$64,$20 spotted
02E8 61742000FC1D6D44 (         sub2.asm):00095         L02E8               fcb       $61,$74,$20,$00,$FC,$1D,$6D,$44 at ...mD
02F0 564456BD7304BD72 (         sub2.asm):00096         L02F0               fcb       $56,$44,$56,$BD,$73,$04,$BD,$72 VDV=s.=r
02F8 F320646567726565 (         sub2.asm):00097         L02F8               fcb       $F3,$20,$64,$65,$67,$72,$65,$65 s degree
0300 73007E722839BD72 (         sub2.asm):00098         L0300               fcb       $73,$00,$7E,$72,$28,$39,$BD,$72 s.~r(9=r
0308 C353756220506175 (         sub2.asm):00099         L0308               fcb       $C3,$53,$75,$62,$20,$50,$61,$75 CSub Pau
0310 736564202D205479 (         sub2.asm):00100         L0310               fcb       $73,$65,$64,$20,$2D,$20,$54,$79 sed - Ty
0318 7065205E5720746F (         sub2.asm):00101         L0318               fcb       $70,$65,$20,$5E,$57,$20,$74,$6F pe ^W to
0320 20526573756D6500 (         sub2.asm):00102         L0320               fcb       $20,$52,$65,$73,$75,$6D,$65,$00 Resume.
0328 170ED6811726F9BD (         sub2.asm):00103         L0328               fcb       $17,$0E,$D6,$81,$17,$26,$F9,$BD ..V..&y=
0330 72C347616D652052 (         sub2.asm):00104         L0330               fcb       $72,$C3,$47,$61,$6D,$65,$20,$52 rCGame R
0338 6573756D65640039 (         sub2.asm):00105         L0338               fcb       $65,$73,$75,$6D,$65,$64,$00,$39 esumed.9
0340 FC4CF783000A102A (         sub2.asm):00106         L0340               fcb       $FC,$4C,$F7,$83,$00,$0A,$10,$2A .Lw....*
0348 0003CC00007E7AA7 (         sub2.asm):00107         L0348               fcb       $00,$03,$CC,$00,$00,$7E,$7A,$A7 ..L..~z'
0350 7F0294B64D2C1026 (         sub2.asm):00108         L0350               fcb       $7F,$02,$94,$B6,$4D,$2C,$10,$26 ..6M,.&
0358 0024FC4CF7C3000A (         sub2.asm):00109         L0358               fcb       $00,$24,$FC,$4C,$F7,$C3,$00,$0A .$.LwC..
0360 108303E710230003 (         sub2.asm):00110         L0360               fcb       $10,$83,$03,$E7,$10,$23,$00,$03 ...g.#..
0368 CC03E7BD7AA7B64C (         sub2.asm):00111         L0368               fcb       $CC,$03,$E7,$BD,$7A,$A7,$B6,$4C L.g=z'6L
0370 CA2607FC4CEF1027 (         sub2.asm):00112         L0370               fcb       $CA,$26,$07,$FC,$4C,$EF,$10,$27 J&..Lo.'
0378 00F37F029439BD72 (         sub2.asm):00113         L0378               fcb       $00,$F3,$7F,$02,$94,$39,$BD,$72 .s..9=r
0380 C357652061726520 (         sub2.asm):00114         L0380               fcb       $C3,$57,$65,$20,$61,$72,$65,$20 CWe are
0388 7374696C6C206167 (         sub2.asm):00115         L0388               fcb       $73,$74,$69,$6C,$6C,$20,$61,$67 still ag
0390 726F756E642C2053 (         sub2.asm):00116         L0390               fcb       $72,$6F,$75,$6E,$64,$2C,$20,$53 round, S
0398 697200397D4D3726 (         sub2.asm):00117         L0398               fcb       $69,$72,$00,$39,$7D,$4D,$37,$26 ir.9}M7&
03A0 1DF64D11B64C7781 (         sub2.asm):00118         L03A0               fcb       $1D,$F6,$4D,$11,$B6,$4C,$77,$81 .vM.6Lw.
03A8 012E08C600F74D11 (         sub2.asm):00119         L03A8               fcb       $01,$2E,$08,$C6,$00,$F7,$4D,$11 ...F.wM.
03B0 160D73C10027075A (         sub2.asm):00120         L03B0               fcb       $16,$0D,$73,$C1,$00,$27,$07,$5A ..sA.'.Z
03B8 F74D11160D6839B6 (         sub2.asm):00121         L03B8               fcb       $F7,$4D,$11,$16,$0D,$68,$39,$B6 wM...h96
03C0 4D37261FF64D11B6 (         sub2.asm):00122         L03C0               fcb       $4D,$37,$26,$1F,$F6,$4D,$11,$B6 M7&.vM.6
03C8 4C7781012E09F64C (         sub2.asm):00123         L03C8               fcb       $4C,$77,$81,$01,$2E,$09,$F6,$4C Lw....vL
03D0 D4F74D11160D4F5C (         sub2.asm):00124         L03D0               fcb       $D4,$F7,$4D,$11,$16,$0D,$4F,$5C TwM...O\
03D8 F14CD42E06F74D11 (         sub2.asm):00125         L03D8               fcb       $F1,$4C,$D4,$2E,$06,$F7,$4D,$11 qLT..wM.
03E0 160D4339FC4CF983 (         sub2.asm):00126         L03E0               fcb       $16,$0D,$43,$39,$FC,$4C,$F9,$83 ..C9.Ly.
03E8 00011083FFFC102D (         sub2.asm):00127         L03E8               fcb       $00,$01,$10,$83,$FF,$FC,$10,$2D .......-
03F0 00037E7A6839B64D (         sub2.asm):00128         L03F0               fcb       $00,$03,$7E,$7A,$68,$39,$B6,$4D ..~zh96M
03F8 2C272EBD72C35765 (         sub2.asm):00129         L03F8               fcb       $2C,$27,$2E,$BD,$72,$C3,$57,$65 ,'.=rCWe
0400 2061726520737469 (         sub2.asm):00130         L0400               fcb       $20,$61,$72,$65,$20,$73,$74,$69 are sti
0408 6C6C206167726F75 (         sub2.asm):00131         L0408               fcb       $6C,$6C,$20,$61,$67,$72,$6F,$75 ll agrou
0410 6E642C2053697200 (         sub2.asm):00132         L0410               fcb       $6E,$64,$2C,$20,$53,$69,$72,$00 nd, Sir.
0418 FC4CF9C300011083 (         sub2.asm):00133         L0418               fcb       $FC,$4C,$F9,$C3,$00,$01,$10,$83 .LyC....
0420 0000102E00147E7A (         sub2.asm):00134         L0420               fcb       $00,$00,$10,$2E,$00,$14,$7E,$7A ......~z
0428 68FC4CF9C3000110 (         sub2.asm):00135         L0428               fcb       $68,$FC,$4C,$F9,$C3,$00,$01,$10 h.LyC...
0430 830015102E00037E (         sub2.asm):00136         L0430               fcb       $83,$00,$15,$10,$2E,$00,$03,$7E .......~
0438 7A68397F0294B64D (         sub2.asm):00137         L0438               fcb       $7A,$68,$39,$7F,$02,$94,$B6,$4D zh9..6M
0440 2C1026FF39FC4CEF (         sub2.asm):00138         L0440               fcb       $2C,$10,$26,$FF,$39,$FC,$4C,$EF ,.&.9.Lo
0448 264EB64CCA2664BD (         sub2.asm):00139         L0448               fcb       $26,$4E,$B6,$4C,$CA,$26,$64,$BD &N6LJ&d=
0450 72C3637261736820 (         sub2.asm):00140         L0450               fcb       $72,$C3,$63,$72,$61,$73,$68,$20 rCcrash
0458 6469766521212020 (         sub2.asm):00141         L0458               fcb       $64,$69,$76,$65,$21,$21,$20,$20 dive!!
0460 6372617368206469 (         sub2.asm):00142         L0460               fcb       $63,$72,$61,$73,$68,$20,$64,$69 crash di
0468 7665212100BD72C3 (         sub2.asm):00143         L0468               fcb       $76,$65,$21,$21,$00,$BD,$72,$C3 ve!!.=rC
0470 507265706172696E (         sub2.asm):00144         L0470               fcb       $50,$72,$65,$70,$61,$72,$69,$6E Preparin
0478 6720746F20646976 (         sub2.asm):00145         L0478               fcb       $67,$20,$74,$6F,$20,$64,$69,$76 g to div
0480 652C205369722E00 (         sub2.asm):00146         L0480               fcb       $65,$2C,$20,$53,$69,$72,$2E,$00 e, Sir..
0488 CC0064FD4CF7F64C (         sub2.asm):00147         L0488               fcb       $CC,$00,$64,$FD,$4C,$F7,$F6,$4C L.d.LwvL
0490 D8F74CCA7C029439 (         sub2.asm):00148         L0490               fcb       $D8,$F7,$4C,$CA,$7C,$02,$94,$39 XwLJ|..9
0498 BD72C37375726661 (         sub2.asm):00149         L0498               fcb       $BD,$72,$C3,$73,$75,$72,$66,$61 =rCsurfa
04A0 63652E2E2E207375 (         sub2.asm):00150         L04A0               fcb       $63,$65,$2E,$2E,$2E,$20,$73,$75 ce... su
04A8 72666163652E2E2E (         sub2.asm):00151         L04A8               fcb       $72,$66,$61,$63,$65,$2E,$2E,$2E rface...
04B0 00201DBD72C34361 (         sub2.asm):00152         L04B0               fcb       $00,$20,$1D,$BD,$72,$C3,$43,$61 . .=rCCa
04B8 6E63656C696E6720 (         sub2.asm):00153         L04B8               fcb       $6E,$63,$65,$6C,$69,$6E,$67,$20 nceling
04C0 6372617368206469 (         sub2.asm):00154         L04C0               fcb       $63,$72,$61,$73,$68,$20,$64,$69 crash di
04C8 76652C2053697200 (         sub2.asm):00155         L04C8               fcb       $76,$65,$2C,$20,$53,$69,$72,$00 ve, Sir.
04D0 CC0000FD4CF7BD7A (         sub2.asm):00156         L04D0               fcb       $CC,$00,$00,$FD,$4C,$F7,$BD,$7A L...Lw=z
04D8 A77F4CCA7F029439 (         sub2.asm):00157         L04D8               fcb       $A7,$7F,$4C,$CA,$7F,$02,$94,$39 'LJ..9
04E0 B61E1D1026000139 (         sub2.asm):00158         L04E0               fcb       $B6,$1E,$1D,$10,$26,$00,$01,$39 6...&..9
04E8 4A2013B61E1D7D4D (         sub2.asm):00159         L04E8               fcb       $4A,$20,$13,$B6,$1E,$1D,$7D,$4D J .6..}M
04F0 2527058102260639 (         sub2.asm):00160         L04F0               fcb       $25,$27,$05,$81,$02,$26,$06,$39 %'...&.9
04F8 81042601394CB71E (         sub2.asm):00161         L04F8               fcb       $81,$04,$26,$01,$39,$4C,$B7,$1E ..&.9L7.
0500 1D340248308D001C (         sub2.asm):00162         L0500               fcb       $1D,$34,$02,$48,$30,$8D,$00,$1C .4.H0...
0508 AE86BF1E1E308D00 (         sub2.asm):00163         L0508               fcb       $AE,$86,$BF,$1E,$1E,$30,$8D,$00 ..?..0..
0510 1DAE86BF1E203502 (         sub2.asm):00164         L0510               fcb       $1D,$AE,$86,$BF,$1E,$20,$35,$02 ...?. 5.
0518 308D001CA686B71E (         sub2.asm):00165         L0518               fcb       $30,$8D,$00,$1C,$A6,$86,$B7,$1E 0...&.7.
0520 22160C4400010005 (         sub2.asm):00166         L0520               fcb       $22,$16,$0C,$44,$00,$01,$00,$05 "..D....
0528 001E006409600001 (         sub2.asm):00167         L0528               fcb       $00,$1E,$00,$64,$09,$60,$00,$01 ...d.`..
0530 0005001E02583840 (         sub2.asm):00168         L0530               fcb       $00,$05,$00,$1E,$02,$58,$38,$40 .....X8@
0538 0101061C1CB64D22 (         sub2.asm):00169         L0538               fcb       $01,$01,$06,$1C,$1C,$B6,$4D,$22 .....6M"
0540 261ABD72C3576520 (         sub2.asm):00170         L0540               fcb       $26,$1A,$BD,$72,$C3,$57,$65,$20 &.=rCWe
0548 68617665206E6F20 (         sub2.asm):00171         L0548               fcb       $68,$61,$76,$65,$20,$6E,$6F,$20 have no
0550 6D696E65732C2053 (         sub2.asm):00172         L0550               fcb       $6D,$69,$6E,$65,$73,$2C,$20,$53 mines, S
0558 69720039BD72C34D (         sub2.asm):00173         L0558               fcb       $69,$72,$00,$39,$BD,$72,$C3,$4D ir.9=rCM
0560 696E65206465706C (         sub2.asm):00174         L0560               fcb       $69,$6E,$65,$20,$64,$65,$70,$6C ine depl
0568 6F7965642C205369 (         sub2.asm):00175         L0568               fcb       $6F,$79,$65,$64,$2C,$20,$53,$69 oyed, Si
0570 7200F64D225AF74D (         sub2.asm):00176         L0570               fcb       $72,$00,$F6,$4D,$22,$5A,$F7,$4D r.vM"ZwM
0578 228E4C7CB64C806C (         sub2.asm):00177         L0578               fcb       $22,$8E,$4C,$7C,$B6,$4C,$80,$6C ".L|6L.l
0580 8686153D8E4AFE30 (         sub2.asm):00178         L0580               fcb       $86,$86,$15,$3D,$8E,$4A,$FE,$30 ...=.J.0
0588 8BB64C84A703FC4C (         sub2.asm):00179         L0588               fcb       $8B,$B6,$4C,$84,$A7,$03,$FC,$4C .6L.'..L
0590 85ED04F64C87E706 (         sub2.asm):00180         L0590               fcb       $85,$ED,$04,$F6,$4C,$87,$E7,$06 .m.vL.g.
0598 FC4C88ED076F00C6 (         sub2.asm):00181         L0598               fcb       $FC,$4C,$88,$ED,$07,$6F,$00,$C6 .L.m.o.F
05A0 1EE7881039B64D0F (         sub2.asm):00182         L05A0               fcb       $1E,$E7,$88,$10,$39,$B6,$4D,$0F .g..96M.
05A8 2722BD72C3547261 (         sub2.asm):00183         L05A8               fcb       $27,$22,$BD,$72,$C3,$54,$72,$61 '"=rCTra
05B0 6E7366657220616C (         sub2.asm):00184         L05B0               fcb       $6E,$73,$66,$65,$72,$20,$61,$6C nsfer al
05B8 726561647920696E (         sub2.asm):00185         L05B8               fcb       $72,$65,$61,$64,$79,$20,$69,$6E ready in
05C0 2070726F67726573 (         sub2.asm):00186         L05C0               fcb       $20,$70,$72,$6F,$67,$72,$65,$73 progres
05C8 73210039F602914F (         sub2.asm):00187         L05C8               fcb       $73,$21,$00,$39,$F6,$02,$91,$4F s!.9v..O
05D0 1F02A6A94CFF2617 (         sub2.asm):00188         L05D0               fcb       $1F,$02,$A6,$A9,$4C,$FF,$26,$17 ..&)L.&.
05D8 BD72C34E6F20746F (         sub2.asm):00189         L05D8               fcb       $BD,$72,$C3,$4E,$6F,$20,$74,$6F =rCNo to
05E0 727065646F657320 (         sub2.asm):00190         L05E0               fcb       $72,$70,$65,$64,$6F,$65,$73,$20 rpedoes
05E8 6C6566742100396A (         sub2.asm):00191         L05E8               fcb       $6C,$65,$66,$74,$21,$00,$39,$6A left!.9j
05F0 A94CFFA1A94D0122 (         sub2.asm):00192         L05F0               fcb       $A9,$4C,$FF,$A1,$A9,$4D,$01,$22 )L.!)M."
05F8 046AA94D015CC401 (         sub2.asm):00193         L05F8               fcb       $04,$6A,$A9,$4D,$01,$5C,$C4,$01 .j)M.\D.
0600 F74D10B61E24B74D (         sub2.asm):00194         L0600               fcb       $F7,$4D,$10,$B6,$1E,$24,$B7,$4D wM.6.$7M
0608 0FBD72C353746172 (         sub2.asm):00195         L0608               fcb       $0F,$BD,$72,$C3,$53,$74,$61,$72 .=rCStar
0610 74696E6720746F72 (         sub2.asm):00196         L0610               fcb       $74,$69,$6E,$67,$20,$74,$6F,$72 ting tor
0618 7065646F20747261 (         sub2.asm):00197         L0618               fcb       $70,$65,$64,$6F,$20,$74,$72,$61 pedo tra
0620 6E736665722C2053 (         sub2.asm):00198         L0620               fcb       $6E,$73,$66,$65,$72,$2C,$20,$53 nsfer, S
0628 697200BD78437E78 (         sub2.asm):00199         L0628               fcb       $69,$72,$00,$BD,$78,$43,$7E,$78 ir.=xC~x
0630 66B64CDA2724734D (         sub2.asm):00200         L0630               fcb       $66,$B6,$4C,$DA,$27,$24,$73,$4D f6LZ'$sM
0638 2BB64D2B261DBD72 (         sub2.asm):00201         L0638               fcb       $2B,$B6,$4D,$2B,$26,$1D,$BD,$72 +6M+&.=r
0640 C35368757474696E (         sub2.asm):00202         L0640               fcb       $C3,$53,$68,$75,$74,$74,$69,$6E CShuttin
0648 6720646F776E2072 (         sub2.asm):00203         L0648               fcb       $67,$20,$64,$6F,$77,$6E,$20,$72 g down r
0650 616461722C205369 (         sub2.asm):00204         L0650               fcb       $61,$64,$61,$72,$2C,$20,$53,$69 adar, Si
0658 720039BD72C35475 (         sub2.asm):00205         L0658               fcb       $72,$00,$39,$BD,$72,$C3,$54,$75 r.9=rCTu
0660 726E696E67207261 (         sub2.asm):00206         L0660               fcb       $72,$6E,$69,$6E,$67,$20,$72,$61 rning ra
0668 646172206F6E2C20 (         sub2.asm):00207         L0668               fcb       $64,$61,$72,$20,$6F,$6E,$2C,$20 dar on,
0670 5369720039B64D28 (         sub2.asm):00208         L0670               fcb       $53,$69,$72,$00,$39,$B6,$4D,$28 Sir.96M(
0678 263BBD72C34D7573 (         sub2.asm):00209         L0678               fcb       $26,$3B,$BD,$72,$C3,$4D,$75,$73 &;=rCMus
0680 742062652072756E (         sub2.asm):00210         L0680               fcb       $74,$20,$62,$65,$20,$72,$75,$6E t be run
0688 6E696E67206F6E20 (         sub2.asm):00211         L0688               fcb       $6E,$69,$6E,$67,$20,$6F,$6E,$20 ning on
0690 64696573656C7320 (         sub2.asm):00212         L0690               fcb       $64,$69,$65,$73,$65,$6C,$73,$20 diesels
0698 746F00BD72C36368 (         sub2.asm):00213         L0698               fcb       $74,$6F,$00,$BD,$72,$C3,$63,$68 to.=rCch
06A0 6172676520626174 (         sub2.asm):00214         L06A0               fcb       $61,$72,$67,$65,$20,$62,$61,$74 arge bat
06A8 7465726965732C20 (         sub2.asm):00215         L06A8               fcb       $74,$65,$72,$69,$65,$73,$2C,$20 teries,
06B0 5369720039CC3263 (         sub2.asm):00216         L06B0               fcb       $53,$69,$72,$00,$39,$CC,$32,$63 Sir.9L2c
06B8 1700AF734D29B64D (         sub2.asm):00217         L06B8               fcb       $17,$00,$AF,$73,$4D,$29,$B6,$4D ../sM)6M
06C0 292621BD72C34469 (         sub2.asm):00218         L06C0               fcb       $29,$26,$21,$BD,$72,$C3,$44,$69 )&!=rCDi
06C8 73656E676167696E (         sub2.asm):00219         L06C8               fcb       $73,$65,$6E,$67,$61,$67,$69,$6E sengagin
06D0 6720626174746572 (         sub2.asm):00220         L06D0               fcb       $67,$20,$62,$61,$74,$74,$65,$72 g batter
06D8 7920636861726769 (         sub2.asm):00221         L06D8               fcb       $79,$20,$63,$68,$61,$72,$67,$69 y chargi
06E0 6E670039BD72C345 (         sub2.asm):00222         L06E0               fcb       $6E,$67,$00,$39,$BD,$72,$C3,$45 ng.9=rCE
06E8 6E676167696E6720 (         sub2.asm):00223         L06E8               fcb       $6E,$67,$61,$67,$69,$6E,$67,$20 ngaging
06F0 6261747465727920 (         sub2.asm):00224         L06F0               fcb       $62,$61,$74,$74,$65,$72,$79,$20 battery
06F8 6368617267696E67 (         sub2.asm):00225         L06F8               fcb       $63,$68,$61,$72,$67,$69,$6E,$67 charging
0700 2C205369720039CC (         sub2.asm):00226         L0700               fcb       $2C,$20,$53,$69,$72,$00,$39,$CC , Sir.9L
0708 376317005D734D2A (         sub2.asm):00227         L0708               fcb       $37,$63,$17,$00,$5D,$73,$4D,$2A 7c..]sM*
0710 B64D2A262EBD72C3 (         sub2.asm):00228         L0710               fcb       $B6,$4D,$2A,$26,$2E,$BD,$72,$C3 6M*&.=rC
0718 5374616E64696E67 (         sub2.asm):00229         L0718               fcb       $53,$74,$61,$6E,$64,$69,$6E,$67 Standing
0720 20646F776E206672 (         sub2.asm):00230         L0720               fcb       $20,$64,$6F,$77,$6E,$20,$66,$72 down fr
0728 6F6D2073696C656E (         sub2.asm):00231         L0728               fcb       $6F,$6D,$20,$73,$69,$6C,$65,$6E om silen
0730 7400BD72C372756E (         sub2.asm):00232         L0730               fcb       $74,$00,$BD,$72,$C3,$72,$75,$6E t.=rCrun
0738 6E696E672C205369 (         sub2.asm):00233         L0738               fcb       $6E,$69,$6E,$67,$2C,$20,$53,$69 ning, Si
0740 720039BD72C35269 (         sub2.asm):00234         L0740               fcb       $72,$00,$39,$BD,$72,$C3,$52,$69 r.9=rCRi
0748 6767696E67207369 (         sub2.asm):00235         L0748               fcb       $67,$67,$69,$6E,$67,$20,$73,$69 gging si
0750 6C656E742072756E (         sub2.asm):00236         L0750               fcb       $6C,$65,$6E,$74,$20,$72,$75,$6E lent run
0758 6E696E672C205369 (         sub2.asm):00237         L0758               fcb       $6E,$69,$6E,$67,$2C,$20,$53,$69 ning, Si
0760 7200B64D28102600 (         sub2.asm):00238         L0760               fcb       $72,$00,$B6,$4D,$28,$10,$26,$00 r.6M(.&.
0768 19393476F31D8B1F (         sub2.asm):00239         L0768               fcb       $19,$39,$34,$76,$F3,$1D,$8B,$1F .94vs...
0770 018609C60C63805A (         sub2.asm):00240         L0770               fcb       $01,$86,$09,$C6,$0C,$63,$80,$5A ...F.c.Z
0778 26FB3088444A26F3 (         sub2.asm):00241         L0778               fcb       $26,$FB,$30,$88,$44,$4A,$26,$F3 &.0.DJ&s
0780 35F6FC4CEF2715BD (         sub2.asm):00242         L0780               fcb       $35,$F6,$FC,$4C,$EF,$27,$15,$BD 5v.Lo'.=
0788 72C3556E64657277 (         sub2.asm):00243         L0788               fcb       $72,$C3,$55,$6E,$64,$65,$72,$77 rCUnderw
0790 617465722C205369 (         sub2.asm):00244         L0790               fcb       $61,$74,$65,$72,$2C,$20,$53,$69 ater, Si
0798 72210039734D28B6 (         sub2.asm):00245         L0798               fcb       $72,$21,$00,$39,$73,$4D,$28,$B6 r!.9sM(6
07A0 4D28272CBD72C353 (         sub2.asm):00246         L07A0               fcb       $4D,$28,$27,$2C,$BD,$72,$C3,$53 M(',=rCS
07A8 7769746368696E67 (         sub2.asm):00247         L07A8               fcb       $77,$69,$74,$63,$68,$69,$6E,$67 witching
07B0 20746F2064696573 (         sub2.asm):00248         L07B0               fcb       $20,$74,$6F,$20,$64,$69,$65,$73 to dies
07B8 656C2C2053697200 (         sub2.asm):00249         L07B8               fcb       $65,$6C,$2C,$20,$53,$69,$72,$00 el, Sir.
07C0 B64D2A2737CC3763 (         sub2.asm):00250         L07C0               fcb       $B6,$4D,$2A,$27,$37,$CC,$37,$63 6M*'7L7c
07C8 17FF9F734D2A202C (         sub2.asm):00251         L07C8               fcb       $17,$FF,$9F,$73,$4D,$2A,$20,$2C ...sM* ,
07D0 BD72C35377697463 (         sub2.asm):00252         L07D0               fcb       $BD,$72,$C3,$53,$77,$69,$74,$63 =rCSwitc
07D8 68696E6720746F20 (         sub2.asm):00253         L07D8               fcb       $68,$69,$6E,$67,$20,$74,$6F,$20 hing to
07E0 656C656374726963 (         sub2.asm):00254         L07E0               fcb       $65,$6C,$65,$63,$74,$72,$69,$63 electric
07E8 2C2053697200B64D (         sub2.asm):00255         L07E8               fcb       $2C,$20,$53,$69,$72,$00,$B6,$4D , Sir.6M
07F0 292709CC326317FF (         sub2.asm):00256         L07F0               fcb       $29,$27,$09,$CC,$32,$63,$17,$FF )'.L2c..
07F8 71734D298601308D (         sub2.asm):00257         L07F8               fcb       $71,$73,$4D,$29,$86,$01,$30,$8D qsM)..0.
0800 0044103F84B71DD9 (         sub2.asm):00258         L0800               fcb       $00,$44,$10,$3F,$84,$B7,$1D,$D9 .D.?.7.Y
0808 B64D2827088E0000 (         sub2.asm):00259         L0808               fcb       $B6,$4D,$28,$27,$08,$8E,$00,$00 6M('....
0810 CE007220068E0000 (         sub2.asm):00260         L0810               fcb       $CE,$00,$72,$20,$06,$8E,$00,$00 N.r ....
0818 CE0006B61DD9103F (         sub2.asm):00261         L0818               fcb       $CE,$00,$06,$B6,$1D,$D9,$10,$3F N..6.Y.?
0820 88FC1D8BC32D631F (         sub2.asm):00262         L0820               fcb       $88,$FC,$1D,$8B,$C3,$2D,$63,$1F ....C-c.
0828 01C6083414B61DD9 (         sub2.asm):00263         L0828               fcb       $01,$C6,$08,$34,$14,$B6,$1D,$D9 .F.4.6.Y
0830 108E000C103F8935 (         sub2.asm):00264         L0830               fcb       $10,$8E,$00,$0C,$10,$3F,$89,$35 .....?.5
0838 143088505A26ECB6 (         sub2.asm):00265         L0838               fcb       $14,$30,$88,$50,$5A,$26,$EC,$B6 .0.PZ&l6
0840 1DD9103F8F397375 (         sub2.asm):00266         L0840               fcb       $1D,$D9,$10,$3F,$8F,$39,$73,$75 .Y.?.9su
0848 622F64696573656C (         sub2.asm):00267         L0848               fcb       $62,$2F,$64,$69,$65,$73,$65,$6C b/diesel
0850 2E64617400FC4CEF (         sub2.asm):00268         L0850               fcb       $2E,$64,$61,$74,$00,$FC,$4C,$EF .dat..Lo
0858 2717BD72C3556E64 (         sub2.asm):00269         L0858               fcb       $27,$17,$BD,$72,$C3,$55,$6E,$64 '.=rCUnd
0860 657277617465722C (         sub2.asm):00270         L0860               fcb       $65,$72,$77,$61,$74,$65,$72,$2C erwater,
0868 205369722100C6FF (         sub2.asm):00271         L0868               fcb       $20,$53,$69,$72,$21,$00,$C6,$FF Sir!.F.
0870 39B64D36271CBD72 (         sub2.asm):00272         L0870               fcb       $39,$B6,$4D,$36,$27,$1C,$BD,$72 96M6'.=r
0878 C341412067756E73 (         sub2.asm):00273         L0878               fcb       $C3,$41,$41,$20,$67,$75,$6E,$73 CAA guns
0880 2064616D61676564 (         sub2.asm):00274         L0880               fcb       $20,$64,$61,$6D,$61,$67,$65,$64 damaged
0888 2C205369722100C6 (         sub2.asm):00275         L0888               fcb       $2C,$20,$53,$69,$72,$21,$00,$C6 , Sir!.F
0890 FF39BE1DBF261FBE (         sub2.asm):00276         L0890               fcb       $FF,$39,$BE,$1D,$BF,$26,$1F,$BE .9>.?&.>
0898 1DB92623BD72C34E (         sub2.asm):00277         L0898               fcb       $1D,$B9,$26,$23,$BD,$72,$C3,$4E .9&#=rCN
08A0 6F20746172676574 (         sub2.asm):00278         L08A0               fcb       $6F,$20,$74,$61,$72,$67,$65,$74 o target
08A8 2073656C65637465 (         sub2.asm):00279         L08A8               fcb       $20,$73,$65,$6C,$65,$63,$74,$65 selecte
08B0 642100C6FF39BE1D (         sub2.asm):00280         L08B0               fcb       $64,$21,$00,$C6,$FF,$39,$BE,$1D d!.F.9>.
08B8 C110BE1DC32007BE (         sub2.asm):00281         L08B8               fcb       $C1,$10,$BE,$1D,$C3,$20,$07,$BE A.>.C .>
08C0 1DBB10BE1DBDF64D (         sub2.asm):00282         L08C0               fcb       $1D,$BB,$10,$BE,$1D,$BD,$F6,$4D .;.>.=vM
08C8 122619BD72C34F75 (         sub2.asm):00283         L08C8               fcb       $12,$26,$19,$BD,$72,$C3,$4F,$75 .&.=rCOu
08D0 74206F6620616D6D (         sub2.asm):00284         L08D0               fcb       $74,$20,$6F,$66,$20,$61,$6D,$6D t of amm
08D8 756E6974696F6E21 (         sub2.asm):00285         L08D8               fcb       $75,$6E,$69,$74,$69,$6F,$6E,$21 unition!
08E0 00C6FF397A4D1217 (         sub2.asm):00286         L08E0               fcb       $00,$C6,$FF,$39,$7A,$4D,$12,$17 .F.9zM..
08E8 0852BD72C3466972 (         sub2.asm):00287         L08E8               fcb       $08,$52,$BD,$72,$C3,$46,$69,$72 .R=rCFir
08F0 696E672041412067 (         sub2.asm):00288         L08F0               fcb       $69,$6E,$67,$20,$41,$41,$20,$67 ing AA g
08F8 756E732C20536972 (         sub2.asm):00289         L08F8               fcb       $75,$6E,$73,$2C,$20,$53,$69,$72 uns, Sir
0900 00BF1DC910BF1DCB (         sub2.asm):00290         L0900               fcb       $00,$BF,$1D,$C9,$10,$BF,$1D,$CB .?.I.?.K
0908 CC3C02108E0FA017 (         sub2.asm):00291         L0908               fcb       $CC,$3C,$02,$10,$8E,$0F,$A0,$17 L<.... .
0910 08E33131800A26F7 (         sub2.asm):00292         L0910               fcb       $08,$E3,$31,$31,$80,$0A,$26,$F7 .c11..&w
0918 FE1DBF2603FE1DB9 (         sub2.asm):00293         L0918               fcb       $FE,$1D,$BF,$26,$03,$FE,$1D,$B9 ..?&...9
0920 EC4E108306402502 (         sub2.asm):00294         L0920               fcb       $EC,$4E,$10,$83,$06,$40,$25,$02 lN...@%.
0928 5F393440CE03E8BD (         sub2.asm):00295         L0928               fcb       $5F,$39,$34,$40,$CE,$03,$E8,$BD _94@N.h=
0930 76B935405CBD76A4 (         sub2.asm):00296         L0930               fcb       $76,$B9,$35,$40,$5C,$BD,$76,$A4 v95@\=v$
0938 5D26ED8619C60139 (         sub2.asm):00297         L0938               fcb       $5D,$26,$ED,$86,$19,$C6,$01,$39 ]&m..F.9
0940 FC4CEF2715BD72C3 (         sub2.asm):00298         L0940               fcb       $FC,$4C,$EF,$27,$15,$BD,$72,$C3 .Lo'.=rC
0948 556E646572776174 (         sub2.asm):00299         L0948               fcb       $55,$6E,$64,$65,$72,$77,$61,$74 Underwat
0950 65722C2053697221 (         sub2.asm):00300         L0950               fcb       $65,$72,$2C,$20,$53,$69,$72,$21 er, Sir!
0958 0039B64D39271BBD (         sub2.asm):00301         L0958               fcb       $00,$39,$B6,$4D,$39,$27,$1B,$BD .96M9'.=
0960 72C34465636B2067 (         sub2.asm):00302         L0960               fcb       $72,$C3,$44,$65,$63,$6B,$20,$67 rCDeck g
0968 756E2064616D6167 (         sub2.asm):00303         L0968               fcb       $75,$6E,$20,$64,$61,$6D,$61,$67 un damag
0970 65642C2053697221 (         sub2.asm):00304         L0970               fcb       $65,$64,$2C,$20,$53,$69,$72,$21 ed, Sir!
0978 0039B64D13261FBD (         sub2.asm):00305         L0978               fcb       $00,$39,$B6,$4D,$13,$26,$1F,$BD .96M.&.=
0980 72C34465636B2067 (         sub2.asm):00306         L0980               fcb       $72,$C3,$44,$65,$63,$6B,$20,$67 rCDeck g
0988 756E206F7574206F (         sub2.asm):00307         L0988               fcb       $75,$6E,$20,$6F,$75,$74,$20,$6F un out o
0990 6620616D6D6F2C20 (         sub2.asm):00308         L0990               fcb       $66,$20,$61,$6D,$6D,$6F,$2C,$20 f ammo,
0998 536972210039B64D (         sub2.asm):00309         L0998               fcb       $53,$69,$72,$21,$00,$39,$B6,$4D Sir!.96M
09A0 142754BD72C34465 (         sub2.asm):00310         L09A0               fcb       $14,$27,$54,$BD,$72,$C3,$44,$65 .'T=rCDe
09A8 636B2067756E206E (         sub2.asm):00311         L09A8               fcb       $63,$6B,$20,$67,$75,$6E,$20,$6E ck gun n
09B0 6F742072656C6F61 (         sub2.asm):00312         L09B0               fcb       $6F,$74,$20,$72,$65,$6C,$6F,$61 ot reloa
09B8 6465642C20536972 (         sub2.asm):00313         L09B8               fcb       $64,$65,$64,$2C,$20,$53,$69,$72 ded, Sir
09C0 00FE1DB92751FC4D (         sub2.asm):00314         L09C0               fcb       $00,$FE,$1D,$B9,$27,$51,$FC,$4D ...9'Q.M
09C8 19264CBD72C35765 (         sub2.asm):00315         L09C8               fcb       $19,$26,$4C,$BD,$72,$C3,$57,$65 .&L=rCWe
09D0 2077696C6C206669 (         sub2.asm):00316         L09D0               fcb       $20,$77,$69,$6C,$6C,$20,$66,$69 will fi
09D8 7265207768656E20 (         sub2.asm):00317         L09D8               fcb       $72,$65,$20,$77,$68,$65,$6E,$20 re when
09E0 72656164792C2053 (         sub2.asm):00318         L09E0               fcb       $72,$65,$61,$64,$79,$2C,$20,$53 ready, S
09E8 697200FF4D197A4D (         sub2.asm):00319         L09E8               fcb       $69,$72,$00,$FF,$4D,$19,$7A,$4D ir..M.zM
09F0 137C04FD16075BFE (         sub2.asm):00320         L09F0               fcb       $13,$7C,$04,$FD,$16,$07,$5B,$FE .|....[.
09F8 1DB9261CBD72C34E (         sub2.asm):00321         L09F8               fcb       $1D,$B9,$26,$1C,$BD,$72,$C3,$4E .9&.=rCN
0A00 6F20746172676574 (         sub2.asm):00322         L0A00               fcb       $6F,$20,$74,$61,$72,$67,$65,$74 o target
0A08 2073656C65637465 (         sub2.asm):00323         L0A08               fcb       $20,$73,$65,$6C,$65,$63,$74,$65 selecte
0A10 642C205369720039 (         sub2.asm):00324         L0A10               fcb       $64,$2C,$20,$53,$69,$72,$00,$39 d, Sir.9
0A18 FF4D1717003DF74D (         sub2.asm):00325         L0A18               fcb       $FF,$4D,$17,$17,$00,$3D,$F7,$4D .M...=wM
0A20 16B74D15B61E23B7 (         sub2.asm):00326         L0A20               fcb       $16,$B7,$4D,$15,$B6,$1E,$23,$B7 .7M.6.#7
0A28 4D14BD72C3466972 (         sub2.asm):00327         L0A28               fcb       $4D,$14,$BD,$72,$C3,$46,$69,$72 M.=rCFir
0A30 696E67206465636B (         sub2.asm):00328         L0A30               fcb       $69,$6E,$67,$20,$64,$65,$63,$6B ing deck
0A38 2067756E2C205369 (         sub2.asm):00329         L0A38               fcb       $20,$67,$75,$6E,$2C,$20,$53,$69 gun, Si
0A40 7200CC3C02108E0E (         sub2.asm):00330         L0A40               fcb       $72,$00,$CC,$3C,$02,$10,$8E,$0E r.L<....
0A48 101707A9313E800A (         sub2.asm):00331         L0A48               fcb       $10,$17,$07,$A9,$31,$3E,$80,$0A ...)1>..
0A50 26F77C04FD7A4D13 (         sub2.asm):00332         L0A50               fcb       $26,$F7,$7C,$04,$FD,$7A,$4D,$13 &w|..zM.
0A58 1606F7A64D2611EC (         sub2.asm):00333         L0A58               fcb       $16,$06,$F7,$A6,$4D,$26,$11,$EC ..w&M&.l
0A60 4E108317702209CE (         sub2.asm):00334         L0A60               fcb       $4E,$10,$83,$17,$70,$22,$09,$CE N...p".N
0A68 03E8BD76B95C4F39 (         sub2.asm):00335         L0A68               fcb       $03,$E8,$BD,$76,$B9,$5C,$4F,$39 .h=v9\O9
0A70 8601C61039B64D33 (         sub2.asm):00336         L0A70               fcb       $86,$01,$C6,$10,$39,$B6,$4D,$33 ..F.96M3
0A78 2720BD72C3466F72 (         sub2.asm):00337         L0A78               fcb       $27,$20,$BD,$72,$C3,$46,$6F,$72 ' =rCFor
0A80 7761726420747562 (         sub2.asm):00338         L0A80               fcb       $77,$61,$72,$64,$20,$74,$75,$62 ward tub
0A88 65732064616D6167 (         sub2.asm):00339         L0A88               fcb       $65,$73,$20,$64,$61,$6D,$61,$67 es damag
0A90 65642C2053697221 (         sub2.asm):00340         L0A90               fcb       $65,$64,$2C,$20,$53,$69,$72,$21 ed, Sir!
0A98 0039108E0000FC4C (         sub2.asm):00341         L0A98               fcb       $00,$39,$10,$8E,$00,$00,$FC,$4C .9.....L
0AA0 F3B34CF5C30168BD (         sub2.asm):00342         L0AA0               fcb       $F3,$B3,$4C,$F5,$C3,$01,$68,$BD s3LuC.h=
0AA8 7648108302D01023 (         sub2.asm):00343         L0AA8               fcb       $76,$48,$10,$83,$02,$D0,$10,$23 vH...P.#
0AB0 00A1BD72C34F6E6C (         sub2.asm):00344         L0AB0               fcb       $00,$A1,$BD,$72,$C3,$4F,$6E,$6C .!=rCOnl
0AB8 7920746865206166 (         sub2.asm):00345         L0AB8               fcb       $79,$20,$74,$68,$65,$20,$61,$66 y the af
0AC0 7420747562657320 (         sub2.asm):00346         L0AC0               fcb       $74,$20,$74,$75,$62,$65,$73,$20 t tubes
0AC8 6669726520746861 (         sub2.asm):00347         L0AC8               fcb       $66,$69,$72,$65,$20,$74,$68,$61 fire tha
0AD0 7400BD72C3646972 (         sub2.asm):00348         L0AD0               fcb       $74,$00,$BD,$72,$C3,$64,$69,$72 t.=rCdir
0AD8 656374696F6E2C20 (         sub2.asm):00349         L0AD8               fcb       $65,$63,$74,$69,$6F,$6E,$2C,$20 ection,
0AE0 5369720039B64D34 (         sub2.asm):00350         L0AE0               fcb       $53,$69,$72,$00,$39,$B6,$4D,$34 Sir.96M4
0AE8 271CBD72C3416674 (         sub2.asm):00351         L0AE8               fcb       $27,$1C,$BD,$72,$C3,$41,$66,$74 '.=rCAft
0AF0 2074756265732064 (         sub2.asm):00352         L0AF0               fcb       $20,$74,$75,$62,$65,$73,$20,$64 tubes d
0AF8 616D616765642C20 (         sub2.asm):00353         L0AF8               fcb       $61,$6D,$61,$67,$65,$64,$2C,$20 amaged,
0B00 536972210039108E (         sub2.asm):00354         L0B00               fcb       $53,$69,$72,$21,$00,$39,$10,$8E Sir!.9..
0B08 0001FC4CF3B34CF5 (         sub2.asm):00355         L0B08               fcb       $00,$01,$FC,$4C,$F3,$B3,$4C,$F5 ...Ls3Lu
0B10 C30168BD76481083 (         sub2.asm):00356         L0B10               fcb       $C3,$01,$68,$BD,$76,$48,$10,$83 C.h=vH..
0B18 02D02437BD72C34F (         sub2.asm):00357         L0B18               fcb       $02,$D0,$24,$37,$BD,$72,$C3,$4F .P$7=rCO
0B20 6E6C792074686520 (         sub2.asm):00358         L0B20               fcb       $6E,$6C,$79,$20,$74,$68,$65,$20 nly the
0B28 666F727761726420 (         sub2.asm):00359         L0B28               fcb       $66,$6F,$72,$77,$61,$72,$64,$20 forward
0B30 7475626573206669 (         sub2.asm):00360         L0B30               fcb       $74,$75,$62,$65,$73,$20,$66,$69 tubes fi
0B38 726500BD72C37468 (         sub2.asm):00361         L0B38               fcb       $72,$65,$00,$BD,$72,$C3,$74,$68 re.=rCth
0B40 6174206469726563 (         sub2.asm):00362         L0B40               fcb       $61,$74,$20,$64,$69,$72,$65,$63 at direc
0B48 74696F6E2C205369 (         sub2.asm):00363         L0B48               fcb       $74,$69,$6F,$6E,$2C,$20,$53,$69 tion, Si
0B50 720039A6A94CFF26 (         sub2.asm):00364         L0B50               fcb       $72,$00,$39,$A6,$A9,$4C,$FF,$26 r.9&)L.&
0B58 40108C0001271FBD (         sub2.asm):00365         L0B58               fcb       $40,$10,$8C,$00,$01,$27,$1F,$BD @....'.=
0B60 72C34E6F20666F72 (         sub2.asm):00366         L0B60               fcb       $72,$C3,$4E,$6F,$20,$66,$6F,$72 rCNo for
0B68 7761726420746F72 (         sub2.asm):00367         L0B68               fcb       $77,$61,$72,$64,$20,$74,$6F,$72 ward tor
0B70 7065646F6573206C (         sub2.asm):00368         L0B70               fcb       $70,$65,$64,$6F,$65,$73,$20,$6C pedoes l
0B78 656674210039BD72 (         sub2.asm):00369         L0B78               fcb       $65,$66,$74,$21,$00,$39,$BD,$72 eft!.9=r
0B80 C34E6F2061667420 (         sub2.asm):00370         L0B80               fcb       $C3,$4E,$6F,$20,$61,$66,$74,$20 CNo aft
0B88 746F727065646F65 (         sub2.asm):00371         L0B88               fcb       $74,$6F,$72,$70,$65,$64,$6F,$65 torpedoe
0B90 73206C6566742100 (         sub2.asm):00372         L0B90               fcb       $73,$20,$6C,$65,$66,$74,$21,$00 s left!.
0B98 39A6A94D01264410 (         sub2.asm):00373         L0B98               fcb       $39,$A6,$A9,$4D,$01,$26,$44,$10 9&)M.&D.
0BA0 8C00012721BD72C3 (         sub2.asm):00374         L0BA0               fcb       $8C,$00,$01,$27,$21,$BD,$72,$C3 ...'!=rC
0BA8 4E6F20666F727761 (         sub2.asm):00375         L0BA8               fcb       $4E,$6F,$20,$66,$6F,$72,$77,$61 No forwa
0BB0 7264207475626573 (         sub2.asm):00376         L0BB0               fcb       $72,$64,$20,$74,$75,$62,$65,$73 rd tubes
0BB8 206C6F616465642C (         sub2.asm):00377         L0BB8               fcb       $20,$6C,$6F,$61,$64,$65,$64,$2C loaded,
0BC0 205369720039BD72 (         sub2.asm):00378         L0BC0               fcb       $20,$53,$69,$72,$00,$39,$BD,$72 Sir.9=r
0BC8 C34E6F2061667420 (         sub2.asm):00379         L0BC8               fcb       $C3,$4E,$6F,$20,$61,$66,$74,$20 CNo aft
0BD0 7475626573206C6F (         sub2.asm):00380         L0BD0               fcb       $74,$75,$62,$65,$73,$20,$6C,$6F tubes lo
0BD8 616465642C205369 (         sub2.asm):00381         L0BD8               fcb       $61,$64,$65,$64,$2C,$20,$53,$69 aded, Si
0BE0 720039FC4CEF1083 (         sub2.asm):00382         L0BE0               fcb       $72,$00,$39,$FC,$4C,$EF,$10,$83 r.9.Lo..
0BE8 00502320BD72C354 (         sub2.asm):00383         L0BE8               fcb       $00,$50,$23,$20,$BD,$72,$C3,$54 .P# =rCT
0BF0 6F6F206465657020 (         sub2.asm):00384         L0BF0               fcb       $6F,$6F,$20,$64,$65,$65,$70,$20 oo deep
0BF8 746F206669726520 (         sub2.asm):00385         L0BF8               fcb       $74,$6F,$20,$66,$69,$72,$65,$20 to fire
0C00 746F727065646F65 (         sub2.asm):00386         L0C00               fcb       $74,$6F,$72,$70,$65,$64,$6F,$65 torpedoe
0C08 732100398614B71E (         sub2.asm):00387         L0C08               fcb       $73,$21,$00,$39,$86,$14,$B7,$1E s!.9..7.
0C10 138E485E6D00102A (         sub2.asm):00388         L0C10               fcb       $13,$8E,$48,$5E,$6D,$00,$10,$2A ..H^m..*
0C18 009B6F007C04FCB6 (         sub2.asm):00389         L0C18               fcb       $00,$9B,$6F,$00,$7C,$04,$FC,$B6 ..o.|..6
0C20 4C84FE4C85A703EF (         sub2.asm):00390         L0C20               fcb       $4C,$84,$FE,$4C,$85,$A7,$03,$EF L..L.'.o
0C28 04B64C87FE4C88A7 (         sub2.asm):00391         L0C28               fcb       $04,$B6,$4C,$87,$FE,$4C,$88,$A7 .6L..L.'
0C30 06EF07F64CC04FED (         sub2.asm):00392         L0C30               fcb       $06,$EF,$07,$F6,$4C,$C0,$4F,$ED .o.vL@Om
0C38 01FC4CF52002EC4B (         sub2.asm):00393         L0C38               fcb       $01,$FC,$4C,$F5,$20,$02,$EC,$4B ..Lu .lK
0C40 ED09CC0000ED8811 (         sub2.asm):00394         L0C40               fcb       $ED,$09,$CC,$00,$00,$ED,$88,$11 m.L..m..
0C48 6AA94D016AA94CFF (         sub2.asm):00395         L0C48               fcb       $6A,$A9,$4D,$01,$6A,$A9,$4C,$FF j)M.j)L.
0C50 BD7843BD7866BD72 (         sub2.asm):00396         L0C50               fcb       $BD,$78,$43,$BD,$78,$66,$BD,$72 =xC=xf=r
0C58 3CBD72F354756265 (         sub2.asm):00397         L0C58               fcb       $3C,$BD,$72,$F3,$54,$75,$62,$65 <=rsTube
0C60 20006CA94D03E6A9 (         sub2.asm):00398         L0C60               fcb       $20,$00,$6C,$A9,$4D,$03,$E6,$A9 .l)M.f)
0C68 4D03E1A94CCC2504 (         sub2.asm):00399         L0C68               fcb       $4D,$03,$E1,$A9,$4C,$CC,$25,$04 M.a)LL%.
0C70 6FA94D03108C0001 (         sub2.asm):00400         L0C70               fcb       $6F,$A9,$4D,$03,$10,$8C,$00,$01 o)M.....
0C78 2603FB4CCCE78810 (         sub2.asm):00401         L0C78               fcb       $26,$03,$FB,$4C,$CC,$E7,$88,$10 &..LLg..
0C80 4F1F01BD7304BD72 (         sub2.asm):00402         L0C80               fcb       $4F,$1F,$01,$BD,$73,$04,$BD,$72 O..=s.=r
0C88 F32066697265642C (         sub2.asm):00403         L0C88               fcb       $F3,$20,$66,$69,$72,$65,$64,$2C s fired,
0C90 2053697200BD7228 (         sub2.asm):00404         L0C90               fcb       $20,$53,$69,$72,$00,$BD,$72,$28 Sir.=r(
0C98 3426CC3C02108E0F (         sub2.asm):00405         L0C98               fcb       $34,$26,$CC,$3C,$02,$10,$8E,$0F 4&L<....
0CA0 3C17055131368002 (         sub2.asm):00406         L0CA0               fcb       $3C,$17,$05,$51,$31,$36,$80,$02 <..Q16..
0CA8 26F73526B61E23A7 (         sub2.asm):00407         L0CA8               fcb       $26,$F7,$35,$26,$B6,$1E,$23,$A7 &w5&6.#'
0CB0 894D04200A308815 (         sub2.asm):00408         L0CB0               fcb       $89,$4D,$04,$20,$0A,$30,$88,$15 .M. .0..
0CB8 7A1E13102AFF5539 (         sub2.asm):00409         L0CB8               fcb       $7A,$1E,$13,$10,$2A,$FF,$55,$39 z...*.U9
0CC0 3476FC1D8BFD1D89 (         sub2.asm):00410         L0CC0               fcb       $34,$76,$FC,$1D,$8B,$FD,$1D,$89 4v......
0CC8 BD77477D4D3A2708 (         sub2.asm):00411         L0CC8               fcb       $BD,$77,$47,$7D,$4D,$3A,$27,$08 =wG}M:'.
0CD0 CC1E25FD1D8935F6 (         sub2.asm):00412         L0CD0               fcb       $CC,$1E,$25,$FD,$1D,$89,$35,$F6 L.%...5v
0CD8 7D4D2B2608CC1E25 (         sub2.asm):00413         L0CD8               fcb       $7D,$4D,$2B,$26,$08,$CC,$1E,$25 }M+&.L.%
0CE0 FD1D8935F68603B7 (         sub2.asm):00414         L0CE0               fcb       $FD,$1D,$89,$35,$F6,$86,$03,$B7 ...5v..7
0CE8 1D888641B71E138E (         sub2.asm):00415         L0CE8               fcb       $1D,$88,$86,$41,$B7,$1E,$13,$8E ...A7...
0CF0 42B5A6002B1D3410 (         sub2.asm):00416         L0CF0               fcb       $42,$B5,$A6,$00,$2B,$1D,$34,$10 B5&.+.4.
0CF8 1700834D2713C605 (         sub2.asm):00417         L0CF8               fcb       $17,$00,$83,$4D,$27,$13,$C6,$05 ...M'.F.
0D00 EEE4EE49BD7D2BBF (         sub2.asm):00418         L0D00               fcb       $EE,$E4,$EE,$49,$BD,$7D,$2B,$BF ndnI=}+?
0D08 1D9310BF1D95BD7B (         sub2.asm):00419         L0D08               fcb       $1D,$93,$10,$BF,$1D,$95,$BD,$7B ...?..={
0D10 F435103088157A1E (         sub2.asm):00420         L0D10               fcb       $F4,$35,$10,$30,$88,$15,$7A,$1E t5.0..z.
0D18 131026FFD58602B7 (         sub2.asm):00421         L0D18               fcb       $13,$10,$26,$FF,$D5,$86,$02,$B7 ..&.U..7
0D20 1D888604B71E138E (         sub2.asm):00422         L0D20               fcb       $1D,$88,$86,$04,$B7,$1E,$13,$8E ....7...
0D28 480AA6002B0D3410 (         sub2.asm):00423         L0D28               fcb       $48,$0A,$A6,$00,$2B,$0D,$34,$10 H.&.+.4.
0D30 17004B4D27031704 (         sub2.asm):00424         L0D30               fcb       $17,$00,$4B,$4D,$27,$03,$17,$04 ..KM'...
0D38 DA35103088157A1E (         sub2.asm):00425         L0D38               fcb       $DA,$35,$10,$30,$88,$15,$7A,$1E Z5.0..z.
0D40 131026FFE58603B7 (         sub2.asm):00426         L0D40               fcb       $13,$10,$26,$FF,$E5,$86,$03,$B7 ..&.e..7
0D48 1D888E00B9108E00 (         sub2.asm):00427         L0D48               fcb       $1D,$88,$8E,$00,$B9,$10,$8E,$00 ....9...
0D50 3ABF1D8F10BF1D91 (         sub2.asm):00428         L0D50               fcb       $3A,$BF,$1D,$8F,$10,$BF,$1D,$91 :?...?..
0D58 FE71DEC632BD7D2B (         sub2.asm):00429         L0D58               fcb       $FE,$71,$DE,$C6,$32,$BD,$7D,$2B .q^F2=}+
0D60 BF1D9310BF1D95BD (         sub2.asm):00430         L0D60               fcb       $BF,$1D,$93,$10,$BF,$1D,$95,$BD ?...?..=
0D68 73B3FC71DEC30010 (         sub2.asm):00431         L0D68               fcb       $73,$B3,$FC,$71,$DE,$C3,$00,$10 s3.q^C..
0D70 1083059F2503CC00 (         sub2.asm):00432         L0D70               fcb       $10,$83,$05,$9F,$25,$03,$CC,$00 ....%.L.
0D78 00FD71DE35F63444 (         sub2.asm):00433         L0D78               fcb       $00,$FD,$71,$DE,$35,$F6,$34,$44 ..q^5v4D
0D80 6D0D2628EC0E1083 (         sub2.asm):00434         L0D80               fcb       $6D,$0D,$26,$28,$EC,$0E,$10,$83 m.&(l...
0D88 4E2022201F898628 (         sub2.asm):00435         L0D88               fcb       $4E,$20,$22,$20,$1F,$89,$86,$28 N " ...(
0D90 3D1F895858EE0B8E (         sub2.asm):00436         L0D90               fcb       $3D,$1F,$89,$58,$58,$EE,$0B,$8E =..XXn..
0D98 00B9108E003ABD7D (         sub2.asm):00437         L0D98               fcb       $00,$B9,$10,$8E,$00,$3A,$BD,$7D .9...:=}
0DA0 2BBF1D8F10BF1D91 (         sub2.asm):00438         L0DA0               fcb       $2B,$BF,$1D,$8F,$10,$BF,$1D,$91 +?...?..
0DA8 860135C44F35C434 (         sub2.asm):00439         L0DA8               fcb       $86,$01,$35,$C4,$4F,$35,$C4,$34 ..5DO5D4
0DB0 76FC1D8BFD1D89BD (         sub2.asm):00440         L0DB0               fcb       $76,$FC,$1D,$8B,$FD,$1D,$89,$BD v......=
0DB8 77478603B71D8886 (         sub2.asm):00441         L0DB8               fcb       $77,$47,$86,$03,$B7,$1D,$88,$86 wG..7...
0DC0 41B71E138E42B534 (         sub2.asm):00442         L0DC0               fcb       $41,$B7,$1E,$13,$8E,$42,$B5,$34 A7...B54
0DC8 10A600102B00336D (         sub2.asm):00443         L0DC8               fcb       $10,$A6,$00,$10,$2B,$00,$33,$6D .&..+.3m
0DD0 0D262FA60E814022 (         sub2.asm):00444         L0DD0               fcb       $0D,$26,$2F,$A6,$0E,$81,$40,$22 .&/&..@"
0DD8 29CC00B9FD1D8FCC (         sub2.asm):00445         L0DD8               fcb       $29,$CC,$00,$B9,$FD,$1D,$8F,$CC )L.9...L
0DE0 003AFD1D91E60E86 (         sub2.asm):00446         L0DE0               fcb       $00,$3A,$FD,$1D,$91,$E6,$0E,$86 .:...f..
0DE8 C83D1F89EE0B8E00 (         sub2.asm):00447         L0DE8               fcb       $C8,$3D,$1F,$89,$EE,$0B,$8E,$00 H=..n...
0DF0 B9108E003ABD7D2B (         sub2.asm):00448         L0DF0               fcb       $B9,$10,$8E,$00,$3A,$BD,$7D,$2B 9...:=}+
0DF8 BF1D9310BF1D95BD (         sub2.asm):00449         L0DF8               fcb       $BF,$1D,$93,$10,$BF,$1D,$95,$BD ?...?..=
0E00 7BF435103088157A (         sub2.asm):00450         L0E00               fcb       $7B,$F4,$35,$10,$30,$88,$15,$7A {t5.0..z
0E08 1E131026FFB935F6 (         sub2.asm):00451         L0E08               fcb       $1E,$13,$10,$26,$FF,$B9,$35,$F6 ...&.95v
0E10 3476BF1DA510BF1D (         sub2.asm):00452         L0E10               fcb       $34,$76,$BF,$1D,$A5,$10,$BF,$1D 4v?.%.?.
0E18 A75D270E2B164FBD (         sub2.asm):00453         L0E18               fcb       $A7,$5D,$27,$0E,$2B,$16,$4F,$BD ']'.+.O=
0E20 782EBD72F3687200 (         sub2.asm):00454         L0E20               fcb       $78,$2E,$BD,$72,$F3,$68,$72,$00 x.=rshr.
0E28 35F6BD72F36F6B20 (         sub2.asm):00455         L0E28               fcb       $35,$F6,$BD,$72,$F3,$6F,$6B,$20 5v=rsok
0E30 200035F6BD72F36F (         sub2.asm):00456         L0E30               fcb       $20,$00,$35,$F6,$BD,$72,$F3,$6F .5v=rso
0E38 7574200035F63406 (         sub2.asm):00457         L0E38               fcb       $75,$74,$20,$00,$35,$F6,$34,$06 ut .5v4.
0E40 BF1DA510BF1DA7BD (         sub2.asm):00458         L0E40               fcb       $BF,$1D,$A5,$10,$BF,$1D,$A7,$BD ?.%.?.'=
0E48 782EC625BD747731 (         sub2.asm):00459         L0E48               fcb       $78,$2E,$C6,$25,$BD,$74,$77,$31 x.F%=tw1
0E50 2835863476F61E16 (         sub2.asm):00460         L0E50               fcb       $28,$35,$86,$34,$76,$F6,$1E,$16 (5.4vv..
0E58 C403260EC13C273F (         sub2.asm):00461         L0E58               fcb       $C4,$03,$26,$0E,$C1,$3C,$27,$3F D.&.A<'?
0E60 2D08FC1E17830001 (         sub2.asm):00462         L0E60               fcb       $2D,$08,$FC,$1E,$17,$83,$00,$01 -.......
0E68 2003FC1E178E0000 (         sub2.asm):00463         L0E68               fcb       $20,$03,$FC,$1E,$17,$8E,$00,$00 .......
0E70 3410308D03C36CE4 (         sub2.asm):00464         L0E70               fcb       $34,$10,$30,$8D,$03,$C3,$6C,$E4 4.0..Cld
0E78 10A3812EF9350435 (         sub2.asm):00465         L0E78               fcb       $10,$A3,$81,$2E,$F9,$35,$04,$35 .#..y5.5
0E80 02BD782EC62FBD74 (         sub2.asm):00466         L0E80               fcb       $02,$BD,$78,$2E,$C6,$2F,$BD,$74 .=x.F/=t
0E88 77FC1E17A31CBD78 (         sub2.asm):00467         L0E88               fcb       $77,$FC,$1E,$17,$A3,$1C,$BD,$78 w...#.=x
0E90 2EC62FBD74774FF6 (         sub2.asm):00468         L0E90               fcb       $2E,$C6,$2F,$BD,$74,$77,$4F,$F6 .F/=twOv
0E98 1E16BD782E35F6CC (         sub2.asm):00469         L0E98               fcb       $1E,$16,$BD,$78,$2E,$35,$F6,$CC ..=x.5vL
0EA0 0002BD782EC62FBD (         sub2.asm):00470         L0EA0               fcb       $00,$02,$BD,$78,$2E,$C6,$2F,$BD ..=x.F/=
0EA8 7477CC001DBD782E (         sub2.asm):00471         L0EA8               fcb       $74,$77,$CC,$00,$1D,$BD,$78,$2E twL..=x.
0EB0 C62FBD747720DFBD (         sub2.asm):00472         L0EB0               fcb       $C6,$2F,$BD,$74,$77,$20,$DF,$BD F/=tw _=
0EB8 723CBD72F34C6174 (         sub2.asm):00473         L0EB8               fcb       $72,$3C,$BD,$72,$F3,$4C,$61,$74 r<=rsLat
0EC0 3A202000CE4C8486 (         sub2.asm):00474         L0EC0               fcb       $3A,$20,$20,$00,$CE,$4C,$84,$86 :  .NL..
0EC8 00C6021700558D18 (         sub2.asm):00475         L0EC8               fcb       $00,$C6,$02,$17,$00,$55,$8D,$18 .F...U..
0ED0 BD723CBD72F34C6F (         sub2.asm):00476         L0ED0               fcb       $BD,$72,$3C,$BD,$72,$F3,$4C,$6F =r<=rsLo
0ED8 6E673A2000CE4C87 (         sub2.asm):00477         L0ED8               fcb       $6E,$67,$3A,$20,$00,$CE,$4C,$87 ng: .NL.
0EE0 B64C75C60017003B (         sub2.asm):00478         L0EE0               fcb       $B6,$4C,$75,$C6,$00,$17,$00,$3B 6LuF...;
0EE8 F671E04F170212BD (         sub2.asm):00479         L0EE8               fcb       $F6,$71,$E0,$4F,$17,$02,$12,$BD vq`O...=
0EF0 72F3206465672000 (         sub2.asm):00480         L0EF0               fcb       $72,$F3,$20,$64,$65,$67,$20,$00 rs deg .
0EF8 F671E1BD782EBD72 (         sub2.asm):00481         L0EF8               fcb       $F6,$71,$E1,$BD,$78,$2E,$BD,$72 vqa=x.=r
0F00 F3206D696E2000F6 (         sub2.asm):00482         L0F00               fcb       $F3,$20,$6D,$69,$6E,$20,$00,$F6 s min .v
0F08 71E2BD782EBD72F3 (         sub2.asm):00483         L0F08               fcb       $71,$E2,$BD,$78,$2E,$BD,$72,$F3 qb=x.=rs
0F10 207365632000B671 (         sub2.asm):00484         L0F10               fcb       $20,$73,$65,$63,$20,$00,$B6,$71 sec .6q
0F18 E3308D00AAE686BD (         sub2.asm):00485         L0F18               fcb       $E3,$30,$8D,$00,$AA,$E6,$86,$BD c0..*f.=
0F20 7477393476F771E3 (         sub2.asm):00486         L0F20               fcb       $74,$77,$39,$34,$76,$F7,$71,$E3 tw94vwqc
0F28 4D261FA6C42B0F40 (         sub2.asm):00487         L0F28               fcb       $4D,$26,$1F,$A6,$C4,$2B,$0F,$40 M&.&D+.@
0F30 8B80B771E0EC4143 (         sub2.asm):00488         L0F30               fcb       $8B,$80,$B7,$71,$E0,$EC,$41,$43 ..7q`lAC
0F38 53C30001202B8080 (         sub2.asm):00489         L0F38               fcb       $53,$C3,$00,$01,$20,$2B,$80,$80 SC.. +..
0F40 B771E07C71E3EC41 (         sub2.asm):00490         L0F40               fcb       $B7,$71,$E0,$7C,$71,$E3,$EC,$41 7q`|qclA
0F48 201FA6C42B0C8B34 (         sub2.asm):00491         L0F48               fcb       $20,$1F,$A6,$C4,$2B,$0C,$8B,$34 .&D+..4
0F50 B771E07C71E3EC41 (         sub2.asm):00492         L0F50               fcb       $B7,$71,$E0,$7C,$71,$E3,$EC,$41 7q`|qclA
0F58 200F408B808BB4B7 (         sub2.asm):00493         L0F58               fcb       $20,$0F,$40,$8B,$80,$8B,$B4,$B7 .@...47
0F60 71E0EC414353C300 (         sub2.asm):00494         L0F60               fcb       $71,$E0,$EC,$41,$43,$53,$C3,$00 q`lACSC.
0F68 01CE0445BD76B9F7 (         sub2.asm):00495         L0F68               fcb       $01,$CE,$04,$45,$BD,$76,$B9,$F7 .N.E=v9w
0F70 71E11F30CE0012BD (         sub2.asm):00496         L0F70               fcb       $71,$E1,$1F,$30,$CE,$00,$12,$BD qa.0N..=
0F78 76B9C13C2602C63B (         sub2.asm):00497         L0F78               fcb       $76,$B9,$C1,$3C,$26,$02,$C6,$3B v9A<&.F;
0F80 F771E235F6347610 (         sub2.asm):00498         L0F80               fcb       $F7,$71,$E2,$35,$F6,$34,$76,$10 wqb5v4v.
0F88 BF1DA717FF95CC00 (         sub2.asm):00499         L0F88               fcb       $BF,$1D,$A7,$17,$FF,$95,$CC,$00 ?.'...L.
0F90 28FD1DA5F671E04F (         sub2.asm):00500         L0F90               fcb       $28,$FD,$1D,$A5,$F6,$71,$E0,$4F (..%vq`O
0F98 170166CC0068FD1D (         sub2.asm):00501         L0F98               fcb       $17,$01,$66,$CC,$00,$68,$FD,$1D ..fL.h..
0FA0 A5F671E1BD782ECC (         sub2.asm):00502         L0FA0               fcb       $A5,$F6,$71,$E1,$BD,$78,$2E,$CC %vqa=x.L
0FA8 00A0FD1DA5F671E2 (         sub2.asm):00503         L0FA8               fcb       $00,$A0,$FD,$1D,$A5,$F6,$71,$E2 . ..%vqb
0FB0 BD782ECC00D4FD1D (         sub2.asm):00504         L0FB0               fcb       $BD,$78,$2E,$CC,$00,$D4,$FD,$1D =x.L.T..
0FB8 A5B671E3308D0007 (         sub2.asm):00505         L0FB8               fcb       $A5,$B6,$71,$E3,$30,$8D,$00,$07 %6qc0...
0FC0 E686BD747735F657 (         sub2.asm):00506         L0FC0               fcb       $E6,$86,$BD,$74,$77,$35,$F6,$57 f.=tw5vW
0FC8 454E533476FC1D8B (         sub2.asm):00507         L0FC8               fcb       $45,$4E,$53,$34,$76,$FC,$1D,$8B ENS4v...
0FD0 3406CC1E25FD1D8B (         sub2.asm):00508         L0FD0               fcb       $34,$06,$CC,$1E,$25,$FD,$1D,$8B 4.L.%...
0FD8 108E000110BF1DA7 (         sub2.asm):00509         L0FD8               fcb       $10,$8E,$00,$01,$10,$BF,$1D,$A7 .....?.'
0FE0 8E0000BF1DA58E4C (         sub2.asm):00510         L0FE0               fcb       $8E,$00,$00,$BF,$1D,$A5,$8E,$4C ...?.%.L
0FE8 E5BD74CCBD72F320 (         sub2.asm):00511         L0FE8               fcb       $E5,$BD,$74,$CC,$BD,$72,$F3,$20 e=tL=rs
0FF0 7375622077697468 (         sub2.asm):00512         L0FF0               fcb       $73,$75,$62,$20,$77,$69,$74,$68 sub with
0FF8 20008E4CC3BD74CC (         sub2.asm):00513         L0FF8               fcb       $20,$00,$8E,$4C,$C3,$BD,$74,$CC ..LC=tL
1000 BD72F320546F7270 (         sub2.asm):00514         L1000               fcb       $BD,$72,$F3,$20,$54,$6F,$72,$70 =rs Torp
1008 7300CE4C84108E00 (         sub2.asm):00515         L1008               fcb       $73,$00,$CE,$4C,$84,$10,$8E,$00 s.NL....
1010 0A8600C60217FF6D (         sub2.asm):00516         L1010               fcb       $0A,$86,$00,$C6,$02,$17,$FF,$6D ...F...m
1018 CE4C87108E0012B6 (         sub2.asm):00517         L1018               fcb       $CE,$4C,$87,$10,$8E,$00,$12,$B6 NL.....6
1020 4C75C60017FF5ECE (         sub2.asm):00518         L1020               fcb       $4C,$75,$C6,$00,$17,$FF,$5E,$CE LuF...^N
1028 4D2D8E0048108E00 (         sub2.asm):00519         L1028               fcb       $4D,$2D,$8E,$00,$48,$10,$8E,$00 M-..H...
1030 448606E6C017FDD8 (         sub2.asm):00520         L1030               fcb       $44,$86,$06,$E6,$C0,$17,$FD,$D8 D..f@..X
1038 31284A26F6344010 (         sub2.asm):00521         L1038               fcb       $31,$28,$4A,$26,$F6,$34,$40,$10 1(J&v4@.
1040 8E003CF64CDA2708 (         sub2.asm):00522         L1040               fcb       $8E,$00,$3C,$F6,$4C,$DA,$27,$08 ..<vLZ'.
1048 F64D3A17FDC22017 (         sub2.asm):00523         L1048               fcb       $F6,$4D,$3A,$17,$FD,$C2,$20,$17 vM:..B .
1050 8E0000BF1DA510BF (         sub2.asm):00524         L1050               fcb       $8E,$00,$00,$BF,$1D,$A5,$10,$BF ...?.%.?
1058 1DA7BD72F3202020 (         sub2.asm):00525         L1058               fcb       $1D,$A7,$BD,$72,$F3,$20,$20,$20 .'=rs
1060 202020202020008E (         sub2.asm):00526         L1060               fcb       $20,$20,$20,$20,$20,$20,$00,$8E ..
1068 00D086073540E6C0 (         sub2.asm):00527         L1068               fcb       $00,$D0,$86,$07,$35,$40,$E6,$C0 .P..5@f@
1070 17FD9D31284A26F6 (         sub2.asm):00528         L1070               fcb       $17,$FD,$9D,$31,$28,$4A,$26,$F6 ...1(J&v
1078 8E00C0108E001BF6 (         sub2.asm):00529         L1078               fcb       $8E,$00,$C0,$10,$8E,$00,$1B,$F6 ..@....v
1080 4D1F17FDB9F64D1D (         sub2.asm):00530         L1080               fcb       $4D,$1F,$17,$FD,$B9,$F6,$4D,$1D M...9vM.
1088 17FDB3F64D1B17FD (         sub2.asm):00531         L1088               fcb       $17,$FD,$B3,$F6,$4D,$1B,$17,$FD ..3vM...
1090 ADBF1DA510BF1DA7 (         sub2.asm):00532         L1090               fcb       $AD,$BF,$1D,$A5,$10,$BF,$1D,$A7 -?.%.?.'
1098 F64D22BD782E8E00 (         sub2.asm):00533         L1098               fcb       $F6,$4D,$22,$BD,$78,$2E,$8E,$00 vM"=x...
10A0 48BF1DA5108E0031 (         sub2.asm):00534         L10A0               fcb       $48,$BF,$1D,$A5,$10,$8E,$00,$31 H?.%...1
10A8 10BF1DA74FF64D21 (         sub2.asm):00535         L10A8               fcb       $10,$BF,$1D,$A7,$4F,$F6,$4D,$21 .?.'OvM!
10B0 2A03CC0000BD782E (         sub2.asm):00536         L10B0               fcb       $2A,$03,$CC,$00,$00,$BD,$78,$2E *.L..=x.
10B8 8E0028BF1DA5108E (         sub2.asm):00537         L10B8               fcb       $8E,$00,$28,$BF,$1D,$A5,$10,$8E ..(?.%..
10C0 001D10BF1DA717FD (         sub2.asm):00538         L10C0               fcb       $00,$1D,$10,$BF,$1D,$A7,$17,$FD ...?.'..
10C8 8A312810BF1DA78E (         sub2.asm):00539         L10C8               fcb       $8A,$31,$28,$10,$BF,$1D,$A7,$8E .1(.?.'.
10D0 0028BF1DA54FF61E (         sub2.asm):00540         L10D0               fcb       $00,$28,$BF,$1D,$A5,$4F,$F6,$1E .(?.%Ov.
10D8 19BD782EC63ABD74 (         sub2.asm):00541         L10D8               fcb       $19,$BD,$78,$2E,$C6,$3A,$BD,$74 .=x.F:=t
10E0 774FF61E1ABD782E (         sub2.asm):00542         L10E0               fcb       $77,$4F,$F6,$1E,$1A,$BD,$78,$2E wOv..=x.
10E8 C63ABD74774FF61E (         sub2.asm):00543         L10E8               fcb       $C6,$3A,$BD,$74,$77,$4F,$F6,$1E F:=twOv.
10F0 1BBD782E3506FD1D (         sub2.asm):00544         L10F0               fcb       $1B,$BD,$78,$2E,$35,$06,$FD,$1D .=x.5...
10F8 8BFD1D89BD774735 (         sub2.asm):00545         L10F8               fcb       $8B,$FD,$1D,$89,$BD,$77,$47,$35 ....=wG5
1100 F63476108300642C (         sub2.asm):00546         L1100               fcb       $F6,$34,$76,$10,$83,$00,$64,$2C v4v...d,
1108 183404C630BD7477 (         sub2.asm):00547         L1108               fcb       $18,$34,$04,$C6,$30,$BD,$74,$77 .4.F0=tw
1110 35041083000A2C09 (         sub2.asm):00548         L1110               fcb       $35,$04,$10,$83,$00,$0A,$2C,$09 5.....,.
1118 3404C630BD747735 (         sub2.asm):00549         L1118               fcb       $34,$04,$C6,$30,$BD,$74,$77,$35 4.F0=tw5
1120 04BD730435F63476 (         sub2.asm):00550         L1120               fcb       $04,$BD,$73,$04,$35,$F6,$34,$76 .=s.5v4v
1128 CC0092FD1DA7CC00 (         sub2.asm):00551         L1128               fcb       $CC,$00,$92,$FD,$1D,$A7,$CC,$00 L....'L.
1130 C8FD1DA5F64D11BD (         sub2.asm):00552         L1130               fcb       $C8,$FD,$1D,$A5,$F6,$4D,$11,$BD H..%vM.=
1138 782E35F63476CC00 (         sub2.asm):00553         L1138               fcb       $78,$2E,$35,$F6,$34,$76,$CC,$00 x.5v4vL.
1140 A2FD1DA7CC00C8FD (         sub2.asm):00554         L1140               fcb       $A2,$FD,$1D,$A7,$CC,$00,$C8,$FD "..'L.H.
1148 1DA5F64D12BD782E (         sub2.asm):00555         L1148               fcb       $1D,$A5,$F6,$4D,$12,$BD,$78,$2E .%vM.=x.
1150 35F63476CC00B2FD (         sub2.asm):00556         L1150               fcb       $35,$F6,$34,$76,$CC,$00,$B2,$FD 5v4vL.2.
1158 1DA7CC00C8FD1DA5 (         sub2.asm):00557         L1158               fcb       $1D,$A7,$CC,$00,$C8,$FD,$1D,$A5 .'L.H..%
1160 F64D13BD782E35F6 (         sub2.asm):00558         L1160               fcb       $F6,$4D,$13,$BD,$78,$2E,$35,$F6 vM.=x.5v
1168 3476CC0092FD1DA7 (         sub2.asm):00559         L1168               fcb       $34,$76,$CC,$00,$92,$FD,$1D,$A7 4vL....'
1170 CC0112FD1DA54FF6 (         sub2.asm):00560         L1170               fcb       $CC,$01,$12,$FD,$1D,$A5,$4F,$F6 L....%Ov
1178 1E1D308D001EE685 (         sub2.asm):00561         L1178               fcb       $1E,$1D,$30,$8D,$00,$1E,$E6,$85 ..0...f.
1180 BD782E8E0128BF1D (         sub2.asm):00562         L1180               fcb       $BD,$78,$2E,$8E,$01,$28,$BF,$1D =x...(?.
1188 A5308D000AF61E1D (         sub2.asm):00563         L1188               fcb       $A5,$30,$8D,$00,$0A,$F6,$1E,$1D %0...v..
1190 E685BD747735F653 (         sub2.asm):00564         L1190               fcb       $E6,$85,$BD,$74,$77,$35,$F6,$53 f.=tw5vS
1198 53534D4801051E0A (         sub2.asm):00565         L1198               fcb       $53,$53,$4D,$48,$01,$05,$1E,$0A SSMH....
11A0 04BD7648FD4CF544 (         sub2.asm):00566         L11A0               fcb       $04,$BD,$76,$48,$FD,$4C,$F5,$44 .=vH.LuD
11A8 564456FD02A54456 (         sub2.asm):00567         L11A8               fcb       $56,$44,$56,$FD,$02,$A5,$44,$56 VDV..%DV
11B0 7F02A47E79157D4D (         sub2.asm):00568         L11B0               fcb       $7F,$02,$A4,$7E,$79,$15,$7D,$4D .$~y.}M
11B8 302A29BD72C35275 (         sub2.asm):00569         L11B8               fcb       $30,$2A,$29,$BD,$72,$C3,$52,$75 0*)=rCRu
11C0 6464657220646573 (         sub2.asm):00570         L11C0               fcb       $64,$64,$65,$72,$20,$64,$65,$73 dder des
11C8 746F7965642C2053 (         sub2.asm):00571         L11C8               fcb       $74,$6F,$79,$65,$64,$2C,$20,$53 toyed, S
11D0 697200BD72C34361 (         sub2.asm):00572         L11D0               fcb       $69,$72,$00,$BD,$72,$C3,$43,$61 ir.=rCCa
11D8 6E6E6F7420747572 (         sub2.asm):00573         L11D8               fcb       $6E,$6E,$6F,$74,$20,$74,$75,$72 nnot tur
11E0 6E2E0039FD4CFB44 (         sub2.asm):00574         L11E0               fcb       $6E,$2E,$00,$39,$FD,$4C,$FB,$44 n..9.L.D
11E8 56445644568601B7 (         sub2.asm):00575         L11E8               fcb       $56,$44,$56,$44,$56,$86,$01,$B7 VDVDV..7
11F0 02A47E788934761F (         sub2.asm):00576         L11F0               fcb       $02,$A4,$7E,$78,$89,$34,$76,$1F .$~x.4v.
11F8 01CC0198103F8E35 (         sub2.asm):00577         L11F8               fcb       $01,$CC,$01,$98,$10,$3F,$8E,$35 .L...?.5
1200 F634344F8E426510 (         sub2.asm):00578         L1200               fcb       $F6,$34,$34,$4F,$8E,$42,$65,$10 v44O.Be.
1208 8E0001103F89B642 (         sub2.asm):00579         L1208               fcb       $8E,$00,$01,$10,$3F,$89,$B6,$42 ....?.6B
1210 6535B4BD7CCE7C1D (         sub2.asm):00580         L1210               fcb       $65,$35,$B4,$BD,$7C,$CE,$7C,$1D e54=|N|.
1218 90BD7CCE7A1D907A (         sub2.asm):00581         L1218               fcb       $90,$BD,$7C,$CE,$7A,$1D,$90,$7A .=|Nz..z
1220 1D90BD7CCE7C1D90 (         sub2.asm):00582         L1220               fcb       $1D,$90,$BD,$7C,$CE,$7C,$1D,$90 ..=|N|..
1228 7A1D92BD7CCE7C1D (         sub2.asm):00583         L1228               fcb       $7A,$1D,$92,$BD,$7C,$CE,$7C,$1D z..=|N|.
1230 927C1D927E7CCE00 (         sub2.asm):00584         L1230               fcb       $92,$7C,$1D,$92,$7E,$7C,$CE,$00 .|..~|N.
1238 00001F003B005A00 (         sub2.asm):00585         L1238               fcb       $00,$00,$1F,$00,$3B,$00,$5A,$00 ....;.Z.
1240 78009700B500D400 (         sub2.asm):00586         L1240               fcb       $78,$00,$97,$00,$B5,$00,$D4,$00 x...5.T.
1248 F301110130014E01 (         sub2.asm):00587         L1248               fcb       $F3,$01,$11,$01,$30,$01,$4E,$01 s...0.N.
1250 6D6233D2         (         sub2.asm):00588         L1250               fcb       $6D,$62,$33,$D2     mb3R

Symbol Table:
[ G] L0000                            0000
[ G] L0008                            0008
[ G] L0010                            0010
[ G] L0018                            0018
[ G] L0020                            0020
[ G] L0028                            0028
[ G] L0030                            0030
[ G] L0038                            0038
[ G] L0040                            0040
[ G] L0048                            0048
[ G] L0050                            0050
[ G] L0058                            0058
[ G] L0060                            0060
[ G] L0068                            0068
[ G] L0070                            0070
[ G] L0078                            0078
[ G] L0080                            0080
[ G] L0088                            0088
[ G] L0090                            0090
[ G] L0098                            0098
[ G] L00A0                            00A0
[ G] L00A8                            00A8
[ G] L00B0                            00B0
[ G] L00B8                            00B8
[ G] L00C0                            00C0
[ G] L00C8                            00C8
[ G] L00D0                            00D0
[ G] L00D8                            00D8
[ G] L00E0                            00E0
[ G] L00E8                            00E8
[ G] L00F0                            00F0
[ G] L00F8                            00F8
[ G] L0100                            0100
[ G] L0108                            0108
[ G] L0110                            0110
[ G] L0118                            0118
[ G] L0120                            0120
[ G] L0128                            0128
[ G] L0130                            0130
[ G] L0138                            0138
[ G] L0140                            0140
[ G] L0148                            0148
[ G] L0150                            0150
[ G] L0158                            0158
[ G] L0160                            0160
[ G] L0168                            0168
[ G] L0170                            0170
[ G] L0178                            0178
[ G] L0180                            0180
[ G] L0188                            0188
[ G] L0190                            0190
[ G] L0198                            0198
[ G] L01A0                            01A0
[ G] L01A8                            01A8
[ G] L01B0                            01B0
[ G] L01B8                            01B8
[ G] L01C0                            01C0
[ G] L01C8                            01C8
[ G] L01D0                            01D0
[ G] L01D8                            01D8
[ G] L01E0                            01E0
[ G] L01E8                            01E8
[ G] L01F0                            01F0
[ G] L01F8                            01F8
[ G] L0200                            0200
[ G] L0208                            0208
[ G] L0210                            0210
[ G] L0218                            0218
[ G] L0220                            0220
[ G] L0228                            0228
[ G] L0230                            0230
[ G] L0238                            0238
[ G] L0240                            0240
[ G] L0248                            0248
[ G] L0250                            0250
[ G] L0258                            0258
[ G] L0260                            0260
[ G] L0268                            0268
[ G] L0270                            0270
[ G] L0278                            0278
[ G] L0280                            0280
[ G] L0288                            0288
[ G] L0290                            0290
[ G] L0298                            0298
[ G] L02A0                            02A0
[ G] L02A8                            02A8
[ G] L02B0                            02B0
[ G] L02B8                            02B8
[ G] L02C0                            02C0
[ G] L02C8                            02C8
[ G] L02D0                            02D0
[ G] L02D8                            02D8
[ G] L02E0                            02E0
[ G] L02E8                            02E8
[ G] L02F0                            02F0
[ G] L02F8                            02F8
[ G] L0300                            0300
[ G] L0308                            0308
[ G] L0310                            0310
[ G] L0318                            0318
[ G] L0320                            0320
[ G] L0328                            0328
[ G] L0330                            0330
[ G] L0338                            0338
[ G] L0340                            0340
[ G] L0348                            0348
[ G] L0350                            0350
[ G] L0358                            0358
[ G] L0360                            0360
[ G] L0368                            0368
[ G] L0370                            0370
[ G] L0378                            0378
[ G] L0380                            0380
[ G] L0388                            0388
[ G] L0390                            0390
[ G] L0398                            0398
[ G] L03A0                            03A0
[ G] L03A8                            03A8
[ G] L03B0                            03B0
[ G] L03B8                            03B8
[ G] L03C0                            03C0
[ G] L03C8                            03C8
[ G] L03D0                            03D0
[ G] L03D8                            03D8
[ G] L03E0                            03E0
[ G] L03E8                            03E8
[ G] L03F0                            03F0
[ G] L03F8                            03F8
[ G] L0400                            0400
[ G] L0408                            0408
[ G] L0410                            0410
[ G] L0418                            0418
[ G] L0420                            0420
[ G] L0428                            0428
[ G] L0430                            0430
[ G] L0438                            0438
[ G] L0440                            0440
[ G] L0448                            0448
[ G] L0450                            0450
[ G] L0458                            0458
[ G] L0460                            0460
[ G] L0468                            0468
[ G] L0470                            0470
[ G] L0478                            0478
[ G] L0480                            0480
[ G] L0488                            0488
[ G] L0490                            0490
[ G] L0498                            0498
[ G] L04A0                            04A0
[ G] L04A8                            04A8
[ G] L04B0                            04B0
[ G] L04B8                            04B8
[ G] L04C0                            04C0
[ G] L04C8                            04C8
[ G] L04D0                            04D0
[ G] L04D8                            04D8
[ G] L04E0                            04E0
[ G] L04E8                            04E8
[ G] L04F0                            04F0
[ G] L04F8                            04F8
[ G] L0500                            0500
[ G] L0508                            0508
[ G] L0510                            0510
[ G] L0518                            0518
[ G] L0520                            0520
[ G] L0528                            0528
[ G] L0530                            0530
[ G] L0538                            0538
[ G] L0540                            0540
[ G] L0548                            0548
[ G] L0550                            0550
[ G] L0558                            0558
[ G] L0560                            0560
[ G] L0568                            0568
[ G] L0570                            0570
[ G] L0578                            0578
[ G] L0580                            0580
[ G] L0588                            0588
[ G] L0590                            0590
[ G] L0598                            0598
[ G] L05A0                            05A0
[ G] L05A8                            05A8
[ G] L05B0                            05B0
[ G] L05B8                            05B8
[ G] L05C0                            05C0
[ G] L05C8                            05C8
[ G] L05D0                            05D0
[ G] L05D8                            05D8
[ G] L05E0                            05E0
[ G] L05E8                            05E8
[ G] L05F0                            05F0
[ G] L05F8                            05F8
[ G] L0600                            0600
[ G] L0608                            0608
[ G] L0610                            0610
[ G] L0618                            0618
[ G] L0620                            0620
[ G] L0628                            0628
[ G] L0630                            0630
[ G] L0638                            0638
[ G] L0640                            0640
[ G] L0648                            0648
[ G] L0650                            0650
[ G] L0658                            0658
[ G] L0660                            0660
[ G] L0668                            0668
[ G] L0670                            0670
[ G] L0678                            0678
[ G] L0680                            0680
[ G] L0688                            0688
[ G] L0690                            0690
[ G] L0698                            0698
[ G] L06A0                            06A0
[ G] L06A8                            06A8
[ G] L06B0                            06B0
[ G] L06B8                            06B8
[ G] L06C0                            06C0
[ G] L06C8                            06C8
[ G] L06D0                            06D0
[ G] L06D8                            06D8
[ G] L06E0                            06E0
[ G] L06E8                            06E8
[ G] L06F0                            06F0
[ G] L06F8                            06F8
[ G] L0700                            0700
[ G] L0708                            0708
[ G] L0710                            0710
[ G] L0718                            0718
[ G] L0720                            0720
[ G] L0728                            0728
[ G] L0730                            0730
[ G] L0738                            0738
[ G] L0740                            0740
[ G] L0748                            0748
[ G] L0750                            0750
[ G] L0758                            0758
[ G] L0760                            0760
[ G] L0768                            0768
[ G] L0770                            0770
[ G] L0778                            0778
[ G] L0780                            0780
[ G] L0788                            0788
[ G] L0790                            0790
[ G] L0798                            0798
[ G] L07A0                            07A0
[ G] L07A8                            07A8
[ G] L07B0                            07B0
[ G] L07B8                            07B8
[ G] L07C0                            07C0
[ G] L07C8                            07C8
[ G] L07D0                            07D0
[ G] L07D8                            07D8
[ G] L07E0                            07E0
[ G] L07E8                            07E8
[ G] L07F0                            07F0
[ G] L07F8                            07F8
[ G] L0800                            0800
[ G] L0808                            0808
[ G] L0810                            0810
[ G] L0818                            0818
[ G] L0820                            0820
[ G] L0828                            0828
[ G] L0830                            0830
[ G] L0838                            0838
[ G] L0840                            0840
[ G] L0848                            0848
[ G] L0850                            0850
[ G] L0858                            0858
[ G] L0860                            0860
[ G] L0868                            0868
[ G] L0870                            0870
[ G] L0878                            0878
[ G] L0880                            0880
[ G] L0888                            0888
[ G] L0890                            0890
[ G] L0898                            0898
[ G] L08A0                            08A0
[ G] L08A8                            08A8
[ G] L08B0                            08B0
[ G] L08B8                            08B8
[ G] L08C0                            08C0
[ G] L08C8                            08C8
[ G] L08D0                            08D0
[ G] L08D8                            08D8
[ G] L08E0                            08E0
[ G] L08E8                            08E8
[ G] L08F0                            08F0
[ G] L08F8                            08F8
[ G] L0900                            0900
[ G] L0908                            0908
[ G] L0910                            0910
[ G] L0918                            0918
[ G] L0920                            0920
[ G] L0928                            0928
[ G] L0930                            0930
[ G] L0938                            0938
[ G] L0940                            0940
[ G] L0948                            0948
[ G] L0950                            0950
[ G] L0958                            0958
[ G] L0960                            0960
[ G] L0968                            0968
[ G] L0970                            0970
[ G] L0978                            0978
[ G] L0980                            0980
[ G] L0988                            0988
[ G] L0990                            0990
[ G] L0998                            0998
[ G] L09A0                            09A0
[ G] L09A8                            09A8
[ G] L09B0                            09B0
[ G] L09B8                            09B8
[ G] L09C0                            09C0
[ G] L09C8                            09C8
[ G] L09D0                            09D0
[ G] L09D8                            09D8
[ G] L09E0                            09E0
[ G] L09E8                            09E8
[ G] L09F0                            09F0
[ G] L09F8                            09F8
[ G] L0A00                            0A00
[ G] L0A08                            0A08
[ G] L0A10                            0A10
[ G] L0A18                            0A18
[ G] L0A20                            0A20
[ G] L0A28                            0A28
[ G] L0A30                            0A30
[ G] L0A38                            0A38
[ G] L0A40                            0A40
[ G] L0A48                            0A48
[ G] L0A50                            0A50
[ G] L0A58                            0A58
[ G] L0A60                            0A60
[ G] L0A68                            0A68
[ G] L0A70                            0A70
[ G] L0A78                            0A78
[ G] L0A80                            0A80
[ G] L0A88                            0A88
[ G] L0A90                            0A90
[ G] L0A98                            0A98
[ G] L0AA0                            0AA0
[ G] L0AA8                            0AA8
[ G] L0AB0                            0AB0
[ G] L0AB8                            0AB8
[ G] L0AC0                            0AC0
[ G] L0AC8                            0AC8
[ G] L0AD0                            0AD0
[ G] L0AD8                            0AD8
[ G] L0AE0                            0AE0
[ G] L0AE8                            0AE8
[ G] L0AF0                            0AF0
[ G] L0AF8                            0AF8
[ G] L0B00                            0B00
[ G] L0B08                            0B08
[ G] L0B10                            0B10
[ G] L0B18                            0B18
[ G] L0B20                            0B20
[ G] L0B28                            0B28
[ G] L0B30                            0B30
[ G] L0B38                            0B38
[ G] L0B40                            0B40
[ G] L0B48                            0B48
[ G] L0B50                            0B50
[ G] L0B58                            0B58
[ G] L0B60                            0B60
[ G] L0B68                            0B68
[ G] L0B70                            0B70
[ G] L0B78                            0B78
[ G] L0B80                            0B80
[ G] L0B88                            0B88
[ G] L0B90                            0B90
[ G] L0B98                            0B98
[ G] L0BA0                            0BA0
[ G] L0BA8                            0BA8
[ G] L0BB0                            0BB0
[ G] L0BB8                            0BB8
[ G] L0BC0                            0BC0
[ G] L0BC8                            0BC8
[ G] L0BD0                            0BD0
[ G] L0BD8                            0BD8
[ G] L0BE0                            0BE0
[ G] L0BE8                            0BE8
[ G] L0BF0                            0BF0
[ G] L0BF8                            0BF8
[ G] L0C00                            0C00
[ G] L0C08                            0C08
[ G] L0C10                            0C10
[ G] L0C18                            0C18
[ G] L0C20                            0C20
[ G] L0C28                            0C28
[ G] L0C30                            0C30
[ G] L0C38                            0C38
[ G] L0C40                            0C40
[ G] L0C48                            0C48
[ G] L0C50                            0C50
[ G] L0C58                            0C58
[ G] L0C60                            0C60
[ G] L0C68                            0C68
[ G] L0C70                            0C70
[ G] L0C78                            0C78
[ G] L0C80                            0C80
[ G] L0C88                            0C88
[ G] L0C90                            0C90
[ G] L0C98                            0C98
[ G] L0CA0                            0CA0
[ G] L0CA8                            0CA8
[ G] L0CB0                            0CB0
[ G] L0CB8                            0CB8
[ G] L0CC0                            0CC0
[ G] L0CC8                            0CC8
[ G] L0CD0                            0CD0
[ G] L0CD8                            0CD8
[ G] L0CE0                            0CE0
[ G] L0CE8                            0CE8
[ G] L0CF0                            0CF0
[ G] L0CF8                            0CF8
[ G] L0D00                            0D00
[ G] L0D08                            0D08
[ G] L0D10                            0D10
[ G] L0D18                            0D18
[ G] L0D20                            0D20
[ G] L0D28                            0D28
[ G] L0D30                            0D30
[ G] L0D38                            0D38
[ G] L0D40                            0D40
[ G] L0D48                            0D48
[ G] L0D50                            0D50
[ G] L0D58                            0D58
[ G] L0D60                            0D60
[ G] L0D68                            0D68
[ G] L0D70                            0D70
[ G] L0D78                            0D78
[ G] L0D80                            0D80
[ G] L0D88                            0D88
[ G] L0D90                            0D90
[ G] L0D98                            0D98
[ G] L0DA0                            0DA0
[ G] L0DA8                            0DA8
[ G] L0DB0                            0DB0
[ G] L0DB8                            0DB8
[ G] L0DC0                            0DC0
[ G] L0DC8                            0DC8
[ G] L0DD0                            0DD0
[ G] L0DD8                            0DD8
[ G] L0DE0                            0DE0
[ G] L0DE8                            0DE8
[ G] L0DF0                            0DF0
[ G] L0DF8                            0DF8
[ G] L0E00                            0E00
[ G] L0E08                            0E08
[ G] L0E10                            0E10
[ G] L0E18                            0E18
[ G] L0E20                            0E20
[ G] L0E28                            0E28
[ G] L0E30                            0E30
[ G] L0E38                            0E38
[ G] L0E40                            0E40
[ G] L0E48                            0E48
[ G] L0E50                            0E50
[ G] L0E58                            0E58
[ G] L0E60                            0E60
[ G] L0E68                            0E68
[ G] L0E70                            0E70
[ G] L0E78                            0E78
[ G] L0E80                            0E80
[ G] L0E88                            0E88
[ G] L0E90                            0E90
[ G] L0E98                            0E98
[ G] L0EA0                            0EA0
[ G] L0EA8                            0EA8
[ G] L0EB0                            0EB0
[ G] L0EB8                            0EB8
[ G] L0EC0                            0EC0
[ G] L0EC8                            0EC8
[ G] L0ED0                            0ED0
[ G] L0ED8                            0ED8
[ G] L0EE0                            0EE0
[ G] L0EE8                            0EE8
[ G] L0EF0                            0EF0
[ G] L0EF8                            0EF8
[ G] L0F00                            0F00
[ G] L0F08                            0F08
[ G] L0F10                            0F10
[ G] L0F18                            0F18
[ G] L0F20                            0F20
[ G] L0F28                            0F28
[ G] L0F30                            0F30
[ G] L0F38                            0F38
[ G] L0F40                            0F40
[ G] L0F48                            0F48
[ G] L0F50                            0F50
[ G] L0F58                            0F58
[ G] L0F60                            0F60
[ G] L0F68                            0F68
[ G] L0F70                            0F70
[ G] L0F78                            0F78
[ G] L0F80                            0F80
[ G] L0F88                            0F88
[ G] L0F90                            0F90
[ G] L0F98                            0F98
[ G] L0FA0                            0FA0
[ G] L0FA8                            0FA8
[ G] L0FB0                            0FB0
[ G] L0FB8                            0FB8
[ G] L0FC0                            0FC0
[ G] L0FC8                            0FC8
[ G] L0FD0                            0FD0
[ G] L0FD8                            0FD8
[ G] L0FE0                            0FE0
[ G] L0FE8                            0FE8
[ G] L0FF0                            0FF0
[ G] L0FF8                            0FF8
[ G] L1000                            1000
[ G] L1008                            1008
[ G] L1010                            1010
[ G] L1018                            1018
[ G] L1020                            1020
[ G] L1028                            1028
[ G] L1030                            1030
[ G] L1038                            1038
[ G] L1040                            1040
[ G] L1048                            1048
[ G] L1050                            1050
[ G] L1058                            1058
[ G] L1060                            1060
[ G] L1068                            1068
[ G] L1070                            1070
[ G] L1078                            1078
[ G] L1080                            1080
[ G] L1088                            1088
[ G] L1090                            1090
[ G] L1098                            1098
[ G] L10A0                            10A0
[ G] L10A8                            10A8
[ G] L10B0                            10B0
[ G] L10B8                            10B8
[ G] L10C0                            10C0
[ G] L10C8                            10C8
[ G] L10D0                            10D0
[ G] L10D8                            10D8
[ G] L10E0                            10E0
[ G] L10E8                            10E8
[ G] L10F0                            10F0
[ G] L10F8                            10F8
[ G] L1100                            1100
[ G] L1108                            1108
[ G] L1110                            1110
[ G] L1118                            1118
[ G] L1120                            1120
[ G] L1128                            1128
[ G] L1130                            1130
[ G] L1138                            1138
[ G] L1140                            1140
[ G] L1148                            1148
[ G] L1150                            1150
[ G] L1158                            1158
[ G] L1160                            1160
[ G] L1168                            1168
[ G] L1170                            1170
[ G] L1178                            1178
[ G] L1180                            1180
[ G] L1188                            1188
[ G] L1190                            1190
[ G] L1198                            1198
[ G] L11A0                            11A0
[ G] L11A8                            11A8
[ G] L11B0                            11B0
[ G] L11B8                            11B8
[ G] L11C0                            11C0
[ G] L11C8                            11C8
[ G] L11D0                            11D0
[ G] L11D8                            11D8
[ G] L11E0                            11E0
[ G] L11E8                            11E8
[ G] L11F0                            11F0
[ G] L11F8                            11F8
[ G] L1200                            1200
[ G] L1208                            1208
[ G] L1210                            1210
[ G] L1218                            1218
[ G] L1220                            1220
[ G] L1228                            1228
[ G] L1230                            1230
[ G] L1238                            1238
[ G] L1240                            1240
[ G] L1248                            1248
[ G] L1250                            1250
[SG] NOS9MAJ                          0003
[SG] NOS9MIN                          0000
[SG] NOS9VER                          0003
