                      (         sub3.asm):00001         
0000 87CD1167000D2181 (         sub3.asm):00002         L0000               fcb       $87,$CD,$11,$67,$00,$0D,$21,$81 .M.g..!.
0008 6E00110000737562 (         sub3.asm):00003         L0008               fcb       $6E,$00,$11,$00,$00,$73,$75,$62 n....sub
0010 B3308D0007EC85BE (         sub3.asm):00004         L0010               fcb       $B3,$30,$8D,$00,$07,$EC,$85,$BE 30...l.>
0018 01076E8B000F0203 (         sub3.asm):00005         L0018               fcb       $01,$07,$6E,$8B,$00,$0F,$02,$03 ..n.....
0020 B61E1D8104260CB6 (         sub3.asm):00006         L0020               fcb       $B6,$1E,$1D,$81,$04,$26,$0C,$B6 6....&.6
0028 05CE81012F058601 (         sub3.asm):00007         L0028               fcb       $05,$CE,$81,$01,$2F,$05,$86,$01 .N../...
0030 B705CE308D000BB6 (         sub3.asm):00008         L0030               fcb       $B7,$05,$CE,$30,$8D,$00,$0B,$B6 7.N0...6
0038 05CE48EC86BE0107 (         sub3.asm):00009         L0038               fcb       $05,$CE,$48,$EC,$86,$BE,$01,$07 .NHl.>..
0040 6E8B071A08B10B35 (         sub3.asm):00010         L0040               fcb       $6E,$8B,$07,$1A,$08,$B1,$0B,$35 n....1.5
0048 0CF70DB234768602 (         sub3.asm):00011         L0048               fcb       $0C,$F7,$0D,$B2,$34,$76,$86,$02 .w.24v..
0050 B71D88CC007AFD71 (         sub3.asm):00012         L0050               fcb       $B7,$1D,$88,$CC,$00,$7A,$FD,$71 7..L.z.q
0058 FCCC003AFD71FEB6 (         sub3.asm):00013         L0058               fcb       $FC,$CC,$00,$3A,$FD,$71,$FE,$B6 .L.:.q.6
0060 4C778101102E00CB (         sub3.asm):00014         L0060               fcb       $4C,$77,$81,$01,$10,$2E,$00,$CB Lw.....K
0068 8641B71E138E42B5 (         sub3.asm):00015         L0068               fcb       $86,$41,$B7,$1E,$13,$8E,$42,$B5 .A7...B5
0070 A6002B3034101704 (         sub3.asm):00016         L0070               fcb       $A6,$00,$2B,$30,$34,$10,$17,$04 &.+04...
0078 834D2726C603EE60 (         sub3.asm):00017         L0078               fcb       $83,$4D,$27,$26,$C6,$03,$EE,$60 .M'&F.n`
0080 EE49BE1D8F10BE1D (         sub3.asm):00018         L0080               fcb       $EE,$49,$BE,$1D,$8F,$10,$BE,$1D nI>...>.
0088 91BD7D2BBF1D9310 (         sub3.asm):00019         L0088               fcb       $91,$BD,$7D,$2B,$BF,$1D,$93,$10 .=}+?...
0090 BF1D958E1E25BF1D (         sub3.asm):00020         L0090               fcb       $BF,$1D,$95,$8E,$1E,$25,$BF,$1D ?....%?.
0098 8BBD7BF4BE1D8DBF (         sub3.asm):00021         L0098               fcb       $8B,$BD,$7B,$F4,$BE,$1D,$8D,$BF .={t>..?
00A0 1D8B35103088157A (         sub3.asm):00022         L00A0               fcb       $1D,$8B,$35,$10,$30,$88,$15,$7A ..5.0..z
00A8 1E131026FFC28600 (         sub3.asm):00023         L00A8               fcb       $1E,$13,$10,$26,$FF,$C2,$86,$00 ...&.B..
00B0 B71D888604B71E13 (         sub3.asm):00024         L00B0               fcb       $B7,$1D,$88,$86,$04,$B7,$1E,$13 7....7..
00B8 8E480AA6002B0D34 (         sub3.asm):00025         L00B8               fcb       $8E,$48,$0A,$A6,$00,$2B,$0D,$34 .H.&.+.4
00C0 101704384D270317 (         sub3.asm):00026         L00C0               fcb       $10,$17,$04,$38,$4D,$27,$03,$17 ...8M'..
00C8 063035103088157A (         sub3.asm):00027         L00C8               fcb       $06,$30,$35,$10,$30,$88,$15,$7A .05.0..z
00D0 1E1326E78614B71E (         sub3.asm):00028         L00D0               fcb       $1E,$13,$26,$E7,$86,$14,$B7,$1E ..&g..7.
00D8 138E485EA6002B19 (         sub3.asm):00029         L00D8               fcb       $13,$8E,$48,$5E,$A6,$00,$2B,$19 ..H^&.+.
00E0 34101704174D270F (         sub3.asm):00030         L00E0               fcb       $34,$10,$17,$04,$17,$4D,$27,$0F 4....M'.
00E8 8E1E25BF1D8BBD7C (         sub3.asm):00031         L00E8               fcb       $8E,$1E,$25,$BF,$1D,$8B,$BD,$7C ..%?..=|
00F0 CEBE1D8DBF1D8B35 (         sub3.asm):00032         L00F0               fcb       $CE,$BE,$1D,$8D,$BF,$1D,$8B,$35 N>..?..5
00F8 103088157A1E1326 (         sub3.asm):00033         L00F8               fcb       $10,$30,$88,$15,$7A,$1E,$13,$26 .0..z..&
0100 DB8602B71E138E4A (         sub3.asm):00034         L0100               fcb       $DB,$86,$02,$B7,$1E,$13,$8E,$4A [..7...J
0108 56A6002B1E341017 (         sub3.asm):00035         L0108               fcb       $56,$A6,$00,$2B,$1E,$34,$10,$17 V&.+.4..
0110 03EA4D27148E1E25 (         sub3.asm):00036         L0110               fcb       $03,$EA,$4D,$27,$14,$8E,$1E,$25 .jM'...%
0118 BF1D8B8602B71D88 (         sub3.asm):00037         L0118               fcb       $BF,$1D,$8B,$86,$02,$B7,$1D,$88 ?....7..
0120 1705D7BE1D8DBF1D (         sub3.asm):00038         L0120               fcb       $17,$05,$D7,$BE,$1D,$8D,$BF,$1D ..W>..?.
0128 8B35103088157A1E (         sub3.asm):00039         L0128               fcb       $8B,$35,$10,$30,$88,$15,$7A,$1E .5.0..z.
0130 1326D68606B71E13 (         sub3.asm):00040         L0130               fcb       $13,$26,$D6,$86,$06,$B7,$1E,$13 .&V..7..
0138 8E4A80A6002B0D34 (         sub3.asm):00041         L0138               fcb       $8E,$4A,$80,$A6,$00,$2B,$0D,$34 .J.&.+.4
0140 101703B84D270317 (         sub3.asm):00042         L0140               fcb       $10,$17,$03,$B8,$4D,$27,$03,$17 ...8M'..
0148 04EC35103088157A (         sub3.asm):00043         L0148               fcb       $04,$EC,$35,$10,$30,$88,$15,$7A .l5.0..z
0150 1E1326E7B605CD73 (         sub3.asm):00044         L0150               fcb       $1E,$13,$26,$E7,$B6,$05,$CD,$73 ..&g6.Ms
0158 05CD4D27328603B7 (         sub3.asm):00045         L0158               fcb       $05,$CD,$4D,$27,$32,$86,$03,$B7 .MM'2..7
0160 1D888610B71E138E (         sub3.asm):00046         L0160               fcb       $1D,$88,$86,$10,$B7,$1E,$13,$8E ....7...
0168 4AFEA6002B193410 (         sub3.asm):00047         L0168               fcb       $4A,$FE,$A6,$00,$2B,$19,$34,$10 J.&.+.4.
0170 1703894D270F8E1E (         sub3.asm):00048         L0170               fcb       $17,$03,$89,$4D,$27,$0F,$8E,$1E ...M'...
0178 25BF1D8BBD7CCEBE (         sub3.asm):00049         L0178               fcb       $25,$BF,$1D,$8B,$BD,$7C,$CE,$BE %?..=|N>
0180 1D8DBF1D8B351030 (         sub3.asm):00050         L0180               fcb       $1D,$8D,$BF,$1D,$8B,$35,$10,$30 ..?..5.0
0188 88157A1E1326DB35 (         sub3.asm):00051         L0188               fcb       $88,$15,$7A,$1E,$13,$26,$DB,$35 ..z..&[5
0190 F634768600B71D88 (         sub3.asm):00052         L0190               fcb       $F6,$34,$76,$86,$00,$B7,$1D,$88 v4v..7..
0198 B64C778101102E00 (         sub3.asm):00053         L0198               fcb       $B6,$4C,$77,$81,$01,$10,$2E,$00 6Lw.....
01A0 238604B71E138E4A (         sub3.asm):00054         L01A0               fcb       $23,$86,$04,$B7,$1E,$13,$8E,$4A #..7...J
01A8 02A6002B0D341017 (         sub3.asm):00055         L01A8               fcb       $02,$A6,$00,$2B,$0D,$34,$10,$17 .&.+.4..
01B0 034A4D2703170508 (         sub3.asm):00056         L01B0               fcb       $03,$4A,$4D,$27,$03,$17,$05,$08 .JM'....
01B8 35103088157A1E13 (         sub3.asm):00057         L01B8               fcb       $35,$10,$30,$88,$15,$7A,$1E,$13 5.0..z..
01C0 1026FFE58606B71E (         sub3.asm):00058         L01C0               fcb       $10,$26,$FF,$E5,$86,$06,$B7,$1E .&.e..7.
01C8 138E4A80A6002B38 (         sub3.asm):00059         L01C8               fcb       $13,$8E,$4A,$80,$A6,$00,$2B,$38 ..J.&.+8
01D0 34103303BD7D757D (         sub3.asm):00060         L01D0               fcb       $34,$10,$33,$03,$BD,$7D,$75,$7D 4.3.=}u}
01D8 05CE26117F1D8F8B (         sub3.asm):00061         L01D8               fcb       $05,$CE,$26,$11,$7F,$1D,$8F,$8B .N&....
01E0 1CB71D90F071EF4F (         sub3.asm):00062         L01E0               fcb       $1C,$B7,$1D,$90,$F0,$71,$EF,$4F .7..pqoO
01E8 FD1D91201634024F (         sub3.asm):00063         L01E8               fcb       $FD,$1D,$91,$20,$16,$34,$02,$4F ... .4.O
01F0 F071EF5849FD1D91 (         sub3.asm):00064         L01F0               fcb       $F0,$71,$EF,$58,$49,$FD,$1D,$91 pqoXI...
01F8 35044FF071F05849 (         sub3.asm):00065         L01F8               fcb       $35,$04,$4F,$F0,$71,$F0,$58,$49 5.OpqpXI
0200 FD1D8F1704303510 (         sub3.asm):00066         L0200               fcb       $FD,$1D,$8F,$17,$04,$30,$35,$10 .....05.
0208 3088157A1E131026 (         sub3.asm):00067         L0208               fcb       $30,$88,$15,$7A,$1E,$13,$10,$26 0..z...&
0210 FFBA35F67F035FB6 (         sub3.asm):00068         L0210               fcb       $FF,$BA,$35,$F6,$7F,$03,$5F,$B6 .:5v._6
0218 0500BA4C8227047C (         sub3.asm):00069         L0218               fcb       $05,$00,$BA,$4C,$82,$27,$04,$7C ..:L.'.|
0220 035F39B64D252724 (         sub3.asm):00070         L0220               fcb       $03,$5F,$39,$B6,$4D,$25,$27,$24 ._96M%'$
0228 BD72C34E61766967 (         sub3.asm):00071         L0228               fcb       $BD,$72,$C3,$4E,$61,$76,$69,$67 =rCNavig
0230 61746F72206E6F74 (         sub3.asm):00072         L0230               fcb       $61,$74,$6F,$72,$20,$6E,$6F,$74 ator not
0238 20617661696C6162 (         sub3.asm):00073         L0238               fcb       $20,$61,$76,$61,$69,$6C,$61,$62 availab
0240 6C652C2053697200 (         sub3.asm):00074         L0240               fcb       $6C,$65,$2C,$20,$53,$69,$72,$00 le, Sir.
0248 7C035F39FC4CEF26 (         sub3.asm):00075         L0248               fcb       $7C,$03,$5F,$39,$FC,$4C,$EF,$26 |._9.Lo&
0250 D7B64D2C271BBD72 (         sub3.asm):00076         L0250               fcb       $D7,$B6,$4D,$2C,$27,$1B,$BD,$72 W6M,'.=r
0258 C357652061726520 (         sub3.asm):00077         L0258               fcb       $C3,$57,$65,$20,$61,$72,$65,$20 CWe are
0260 6167726F756E642C (         sub3.asm):00078         L0260               fcb       $61,$67,$72,$6F,$75,$6E,$64,$2C aground,
0268 20536972007C035F (         sub3.asm):00079         L0268               fcb       $20,$53,$69,$72,$00,$7C,$03,$5F Sir.|._
0270 39CC0000BD77E5BE (         sub3.asm):00080         L0270               fcb       $39,$CC,$00,$00,$BD,$77,$E5,$BE 9L..=we>
0278 1D8B34108E1E25BF (         sub3.asm):00081         L0278               fcb       $1D,$8B,$34,$10,$8E,$1E,$25,$BF ..4...%?
0280 1D8BCC0060FD1DA5 (         sub3.asm):00082         L0280               fcb       $1D,$8B,$CC,$00,$60,$FD,$1D,$A5 ..L.`..%
0288 CC0002FD1DA7BD72 (         sub3.asm):00083         L0288               fcb       $CC,$00,$02,$FD,$1D,$A7,$BD,$72 L....'=r
0290 F34E617669676174 (         sub3.asm):00084         L0290               fcb       $F3,$4E,$61,$76,$69,$67,$61,$74 sNavigat
0298 6F7200CC0018FD1D (         sub3.asm):00085         L0298               fcb       $6F,$72,$00,$CC,$00,$18,$FD,$1D or.L....
02A0 A7CC0050FD1DA5BD (         sub3.asm):00086         L02A0               fcb       $A7,$CC,$00,$50,$FD,$1D,$A5,$BD 'L.P..%=
02A8 72F344657374696E (         sub3.asm):00087         L02A8               fcb       $72,$F3,$44,$65,$73,$74,$69,$6E rsDestin
02B0 6174696F6E00CC00 (         sub3.asm):00088         L02B0               fcb       $61,$74,$69,$6F,$6E,$00,$CC,$00 ation.L.
02B8 48FD1DA5CC0029FD (         sub3.asm):00089         L02B8               fcb       $48,$FD,$1D,$A5,$CC,$00,$29,$FD H..%L.).
02C0 1DA7BD72F34C6F6E (         sub3.asm):00090         L02C0               fcb       $1D,$A7,$BD,$72,$F3,$4C,$6F,$6E .'=rsLon
02C8 673A2000F64C80C1 (         sub3.asm):00091         L02C8               fcb       $67,$3A,$20,$00,$F6,$4C,$80,$C1 g: .vL.A
02D0 032C1DC1FF27198E (         sub3.asm):00092         L02D0               fcb       $03,$2C,$1D,$C1,$FF,$27,$19,$8E .,.A.'..
02D8 4CA4A68527128E4C (         sub3.asm):00093         L02D8               fcb       $4C,$A4,$A6,$85,$27,$12,$8E,$4C L$&.'..L
02E0 98A685B703598E4C (         sub3.asm):00094         L02E0               fcb       $98,$A6,$85,$B7,$03,$59,$8E,$4C .&.7.Y.L
02E8 9CA685B703562015 (         sub3.asm):00095         L02E8               fcb       $9C,$A6,$85,$B7,$03,$56,$20,$15 .&.7.V .
02F0 F64CB486153D8E02 (         sub3.asm):00096         L02F0               fcb       $F6,$4C,$B4,$86,$15,$3D,$8E,$02 vL4..=..
02F8 B7308BA601B70356 (         sub3.asm):00097         L02F8               fcb       $B7,$30,$8B,$A6,$01,$B7,$03,$56 70.&.7.V
0300 A604B70359B60359 (         sub3.asm):00098         L0300               fcb       $A6,$04,$B7,$03,$59,$B6,$03,$59 &.7.Y6.Y
0308 F64C751701864FF6 (         sub3.asm):00099         L0308               fcb       $F6,$4C,$75,$17,$01,$86,$4F,$F6 vLu...Ov
0310 035C1701C2C6457D (         sub3.asm):00100         L0310               fcb       $03,$5C,$17,$01,$C2,$C6,$45,$7D .\..BFE}
0318 720C2602C657BD74 (         sub3.asm):00101         L0318               fcb       $72,$0C,$26,$02,$C6,$57,$BD,$74 r.&.FW=t
0320 77CC0032FD1DA7CC (         sub3.asm):00102         L0320               fcb       $77,$CC,$00,$32,$FD,$1D,$A7,$CC wL.2..'L
0328 0048FD1DA5BD72F3 (         sub3.asm):00103         L0328               fcb       $00,$48,$FD,$1D,$A5,$BD,$72,$F3 .H..%=rs
0330 4C61743A202000B6 (         sub3.asm):00104         L0330               fcb       $4C,$61,$74,$3A,$20,$20,$00,$B6 Lat:  .6
0338 03565F1701564FF6 (         sub3.asm):00105         L0338               fcb       $03,$56,$5F,$17,$01,$56,$4F,$F6 .V_..VOv
0340 035C170192C6537D (         sub3.asm):00106         L0340               fcb       $03,$5C,$17,$01,$92,$C6,$53,$7D .\...FS}
0348 720C2602C64EBD74 (         sub3.asm):00107         L0348               fcb       $72,$0C,$26,$02,$C6,$4E,$BD,$74 r.&.FN=t
0350 77108E0356CE4C84 (         sub3.asm):00108         L0350               fcb       $77,$10,$8E,$03,$56,$CE,$4C,$84 w...VNL.
0358 BD74D91F894F3406 (         sub3.asm):00109         L0358               fcb       $BD,$74,$D9,$1F,$89,$4F,$34,$06 =tY..O4.
0360 F64CDF1F03FC4D1B (         sub3.asm):00110         L0360               fcb       $F6,$4C,$DF,$1F,$03,$FC,$4D,$1B vL_...M.
0368 BD76B9CE0010BD76 (         sub3.asm):00111         L0368               fcb       $BD,$76,$B9,$CE,$00,$10,$BD,$76 =v9N..=v
0370 B910A3E41025004D (         sub3.asm):00112         L0370               fcb       $B9,$10,$A3,$E4,$10,$25,$00,$4D 9.#d.%.M
0378 EEE4BD76B9FD035D (         sub3.asm):00113         L0378               fcb       $EE,$E4,$BD,$76,$B9,$FD,$03,$5D nd=v9..]
0380 86183DCE0040BD76 (         sub3.asm):00114         L0380               fcb       $86,$18,$3D,$CE,$00,$40,$BD,$76 ..=N.@=v
0388 B91F03ECE4BD76B9 (         sub3.asm):00115         L0388               fcb       $B9,$1F,$03,$EC,$E4,$BD,$76,$B9 9..ld=v9
0390 5454F14D21102E00 (         sub3.asm):00116         L0390               fcb       $54,$54,$F1,$4D,$21,$10,$2E,$00 TTqM!...
0398 60CC004CFD1DA7CC (         sub3.asm):00117         L0398               fcb       $60,$CC,$00,$4C,$FD,$1D,$A7,$CC `L.L..'L
03A0 0020FD1DA5BD72F3 (         sub3.asm):00118         L03A0               fcb       $00,$20,$FD,$1D,$A5,$BD,$72,$F3 . ..%=rs
03A8 4163746976617465 (         sub3.asm):00119         L03A8               fcb       $41,$63,$74,$69,$76,$61,$74,$65 Activate
03B0 204E617669676174 (         sub3.asm):00120         L03B0               fcb       $20,$4E,$61,$76,$69,$67,$61,$74 Navigat
03B8 6F722C20592F4E20 (         sub3.asm):00121         L03B8               fcb       $6F,$72,$2C,$20,$59,$2F,$4E,$20 or, Y/N
03C0 3F00160077CC0000 (         sub3.asm):00122         L03C0               fcb       $3F,$00,$16,$00,$77,$CC,$00,$00 ?...wL..
03C8 BD77E5CC004CFD1D (         sub3.asm):00123         L03C8               fcb       $BD,$77,$E5,$CC,$00,$4C,$FD,$1D =weL.L..
03D0 A7CC0008FD1DA5BD (         sub3.asm):00124         L03D0               fcb       $A7,$CC,$00,$08,$FD,$1D,$A5,$BD 'L....%=
03D8 72F34E6F7420656E (         sub3.asm):00125         L03D8               fcb       $72,$F3,$4E,$6F,$74,$20,$65,$6E rsNot en
03E0 6F75676820667565 (         sub3.asm):00126         L03E0               fcb       $6F,$75,$67,$68,$20,$66,$75,$65 ough fue
03E8 6C20666F72206A6F (         sub3.asm):00127         L03E8               fcb       $6C,$20,$66,$6F,$72,$20,$6A,$6F l for jo
03F0 75726E65792E0020 (         sub3.asm):00128         L03F0               fcb       $75,$72,$6E,$65,$79,$2E,$00,$20 urney..
03F8 32CC0000BD77E5CC (         sub3.asm):00129         L03F8               fcb       $32,$CC,$00,$00,$BD,$77,$E5,$CC 2L..=weL
0400 004CFD1DA7CC0008 (         sub3.asm):00130         L0400               fcb       $00,$4C,$FD,$1D,$A7,$CC,$00,$08 .L..'L..
0408 FD1DA5BD72F34E6F (         sub3.asm):00131         L0408               fcb       $FD,$1D,$A5,$BD,$72,$F3,$4E,$6F ..%=rsNo
0410 7420656E6F756768 (         sub3.asm):00132         L0410               fcb       $74,$20,$65,$6E,$6F,$75,$67,$68 t enough
0418 20666F6F6420666F (         sub3.asm):00133         L0418               fcb       $20,$66,$6F,$6F,$64,$20,$66,$6F food fo
0420 72206A6F75726E65 (         sub3.asm):00134         L0420               fcb       $72,$20,$6A,$6F,$75,$72,$6E,$65 r journe
0428 792E003516BF1D8B (         sub3.asm):00135         L0428               fcb       $79,$2E,$00,$35,$16,$BF,$1D,$8B y..5.?..
0430 BD77471700427C03 (         sub3.asm):00136         L0430               fcb       $BD,$77,$47,$17,$00,$42,$7C,$03 =wG..B|.
0438 5F1600383516BF1D (         sub3.asm):00137         L0438               fcb       $5F,$16,$00,$38,$35,$16,$BF,$1D _..85.?.
0440 8BBD774717003181 (         sub3.asm):00138         L0440               fcb       $8B,$BD,$77,$47,$17,$00,$31,$81 .=wG..1.
0448 4E1027FFE9816E10 (         sub3.asm):00139         L0448               fcb       $4E,$10,$27,$FF,$E9,$81,$6E,$10 N.'.i.n.
0450 27FFE38179102700 (         sub3.asm):00140         L0450               fcb       $27,$FF,$E3,$81,$79,$10,$27,$00 '.c.y.'.
0458 1581591027000F81 (         sub3.asm):00141         L0458               fcb       $15,$81,$59,$10,$27,$00,$0F,$81 ..Y.'...
0460 1A1027FFD1811B10 (         sub3.asm):00142         L0460               fcb       $1A,$10,$27,$FF,$D1,$81,$1B,$10 ..'.Q...
0468 27FFCB16FFD67C02 (         sub3.asm):00143         L0468               fcb       $27,$FF,$CB,$16,$FF,$D6,$7C,$02 '.K..V|.
0470 977F035F7C029739 (         sub3.asm):00144         L0470               fcb       $97,$7F,$03,$5F,$7C,$02,$97,$39 .._|..9
0478 34344F8E4265108E (         sub3.asm):00145         L0478               fcb       $34,$34,$4F,$8E,$42,$65,$10,$8E 44O.Be..
0480 0001103F89B64265 (         sub3.asm):00146         L0480               fcb       $00,$01,$10,$3F,$89,$B6,$42,$65 ...?.6Be
0488 8103270481052602 (         sub3.asm):00147         L0488               fcb       $81,$03,$27,$04,$81,$05,$26,$02 ..'...&.
0490 861B35B434767F72 (         sub3.asm):00148         L0490               fcb       $86,$1B,$35,$B4,$34,$76,$7F,$72 ..544vr
0498 0C5D26154D2B0840 (         sub3.asm):00149         L0498               fcb       $0C,$5D,$26,$15,$4D,$2B,$08,$40 .]&.M+.@
04A0 8B80B7035C201F80 (         sub3.asm):00150         L04A0               fcb       $8B,$80,$B7,$03,$5C,$20,$1F,$80 ..7.\ ..
04A8 80B7035C7C720C20 (         sub3.asm):00151         L04A8               fcb       $80,$B7,$03,$5C,$7C,$72,$0C,$20 .7.\|r.
04B0 154D2B0A8B34B703 (         sub3.asm):00152         L04B0               fcb       $15,$4D,$2B,$0A,$8B,$34,$B7,$03 .M+..47.
04B8 5C7C720C2008408B (         sub3.asm):00153         L04B8               fcb       $5C,$7C,$72,$0C,$20,$08,$40,$8B \|r. .@.
04C0 808BB4B7035C35F6 (         sub3.asm):00154         L04C0               fcb       $80,$8B,$B4,$B7,$03,$5C,$35,$F6 ..47.\5v
04C8 3460108E1E0DCE4C (         sub3.asm):00155         L04C8               fcb       $34,$60,$10,$8E,$1E,$0D,$CE,$4C 4`....NL
04D0 84BD74D94435E034 (         sub3.asm):00156         L04D0               fcb       $84,$BD,$74,$D9,$44,$35,$E0,$34 .=tYD5`4
04D8 76108300642C1834 (         sub3.asm):00157         L04D8               fcb       $76,$10,$83,$00,$64,$2C,$18,$34 v...d,.4
04E0 04C630BD74773504 (         sub3.asm):00158         L04E0               fcb       $04,$C6,$30,$BD,$74,$77,$35,$04 .F0=tw5.
04E8 1083000A2C093404 (         sub3.asm):00159         L04E8               fcb       $10,$83,$00,$0A,$2C,$09,$34,$04 ....,.4.
04F0 C630BD74773504BD (         sub3.asm):00160         L04F0               fcb       $C6,$30,$BD,$74,$77,$35,$04,$BD F0=tw5.=
04F8 730435F634743103 (         sub3.asm):00161         L04F8               fcb       $73,$04,$35,$F6,$34,$74,$31,$03 s.5v4t1.
0500 8E4C847F1E0B7F1E (         sub3.asm):00162         L0500               fcb       $8E,$4C,$84,$7F,$1E,$0B,$7F,$1E .L....
0508 0CEC21A301FD1E06 (         sub3.asm):00163         L0508               fcb       $0C,$EC,$21,$A3,$01,$FD,$1E,$06 .l!#....
0510 A6A4A284B71E0524 (         sub3.asm):00164         L0510               fcb       $A6,$A4,$A2,$84,$B7,$1E,$05,$24 &$".7..$
0518 147C1E0BCC0000B3 (         sub3.asm):00165         L0518               fcb       $14,$7C,$1E,$0B,$CC,$00,$00,$B3 .|..L..3
0520 1E06FD1E068600B2 (         sub3.asm):00166         L0520               fcb       $1E,$06,$FD,$1E,$06,$86,$00,$B2 .......2
0528 1E05B71E05EC24A3 (         sub3.asm):00167         L0528               fcb       $1E,$05,$B7,$1E,$05,$EC,$24,$A3 ..7..l$#
0530 04FD1E09A623A203 (         sub3.asm):00168         L0530               fcb       $04,$FD,$1E,$09,$A6,$23,$A2,$03 ....&#".
0538 B71E0824147C1E0C (         sub3.asm):00169         L0538               fcb       $B7,$1E,$08,$24,$14,$7C,$1E,$0C 7..$.|..
0540 CC0000B31E09FD1E (         sub3.asm):00170         L0540               fcb       $CC,$00,$00,$B3,$1E,$09,$FD,$1E L..3....
0548 098600B21E08B71E (         sub3.asm):00171         L0548               fcb       $09,$86,$00,$B2,$1E,$08,$B7,$1E ...2..7.
0550 08B605CE1027008B (         sub3.asm):00172         L0550               fcb       $08,$B6,$05,$CE,$10,$27,$00,$8B .6.N.'..
0558 8101102700678102 (         sub3.asm):00173         L0558               fcb       $81,$01,$10,$27,$00,$67,$81,$02 ...'.g..
0560 1027003B81031027 (         sub3.asm):00174         L0560               fcb       $10,$27,$00,$3B,$81,$03,$10,$27 .'.;...'
0568 004C7D1E08102600 (         sub3.asm):00175         L0568               fcb       $00,$4C,$7D,$1E,$08,$10,$26,$00 .L}...&.
0570 C2FC1E0944564456 (         sub3.asm):00176         L0570               fcb       $C2,$FC,$1E,$09,$44,$56,$44,$56 B...DVDV
0578 4456445644564456 (         sub3.asm):00177         L0578               fcb       $44,$56,$44,$56,$44,$56,$44,$56 DVDVDVDV
0580 FD1E087D1E051026 (         sub3.asm):00178         L0580               fcb       $FD,$1E,$08,$7D,$1E,$05,$10,$26 ...}...&
0588 00A9FC1E06445644 (         sub3.asm):00179         L0588               fcb       $00,$A9,$FC,$1E,$06,$44,$56,$44 .)...DVD
0590 5644564456445644 (         sub3.asm):00180         L0590               fcb       $56,$44,$56,$44,$56,$44,$56,$44 VDVDVDVD
0598 56FD1E0516005CFC (         sub3.asm):00181         L0598               fcb       $56,$FD,$1E,$05,$16,$00,$5C,$FC V.....\.
05A0 1E0844564456FD1E (         sub3.asm):00182         L05A0               fcb       $1E,$08,$44,$56,$44,$56,$FD,$1E ..DVDV..
05A8 08FC1E0544564456 (         sub3.asm):00183         L05A8               fcb       $08,$FC,$1E,$05,$44,$56,$44,$56 ....DVDV
05B0 FD1E05160045FC1E (         sub3.asm):00184         L05B0               fcb       $FD,$1E,$05,$16,$00,$45,$FC,$1E .....E..
05B8 08FD1E08FC1E05FD (         sub3.asm):00185         L05B8               fcb       $08,$FD,$1E,$08,$FC,$1E,$05,$FD ........
05C0 1E05160036B61E09 (         sub3.asm):00186         L05C0               fcb       $1E,$05,$16,$00,$36,$B6,$1E,$09 ....66..
05C8 F61E08485948594F (         sub3.asm):00187         L05C8               fcb       $F6,$1E,$08,$48,$59,$48,$59,$4F v..HYHYO
05D0 FD1E08B61E06F61E (         sub3.asm):00188         L05D0               fcb       $FD,$1E,$08,$B6,$1E,$06,$F6,$1E ...6..v.
05D8 05485948594FFD1E (         sub3.asm):00189         L05D8               fcb       $05,$48,$59,$48,$59,$4F,$FD,$1E .HYHYO..
05E0 052018B61E09F61E (         sub3.asm):00190         L05E0               fcb       $05,$20,$18,$B6,$1E,$09,$F6,$1E . .6..v.
05E8 0848594FFD1E08B6 (         sub3.asm):00191         L05E8               fcb       $08,$48,$59,$4F,$FD,$1E,$08,$B6 .HYO...6
05F0 1E06F61E0548594F (         sub3.asm):00192         L05F0               fcb       $1E,$06,$F6,$1E,$05,$48,$59,$4F ..v..HYO
05F8 FD1E05FC1E057D1E (         sub3.asm):00193         L05F8               fcb       $FD,$1E,$05,$FC,$1E,$05,$7D,$1E ......}.
0600 0B27054353C30001 (         sub3.asm):00194         L0600               fcb       $0B,$27,$05,$43,$53,$C3,$00,$01 .'.CSC..
0608 F371FE1083007310 (         sub3.asm):00195         L0608               fcb       $F3,$71,$FE,$10,$83,$00,$73,$10 sq....s.
0610 220020FD1D91FC1E (         sub3.asm):00196         L0610               fcb       $22,$00,$20,$FD,$1D,$91,$FC,$1E ". .....
0618 087D1E0C27054353 (         sub3.asm):00197         L0618               fcb       $08,$7D,$1E,$0C,$27,$05,$43,$53 .}..'.CS
0620 C30001F371FC1083 (         sub3.asm):00198         L0620               fcb       $C3,$00,$01,$F3,$71,$FC,$10,$83 C..sq...
0628 00F42207FD1D8F86 (         sub3.asm):00199         L0628               fcb       $00,$F4,$22,$07,$FD,$1D,$8F,$86 .t".....
0630 0135F44F35F43476 (         sub3.asm):00200         L0630               fcb       $01,$35,$F4,$4F,$35,$F4,$34,$76 .5tO5t4v
0638 8603B71D888E1E25 (         sub3.asm):00201         L0638               fcb       $86,$03,$B7,$1D,$88,$8E,$1E,$25 ..7....%
0640 BF1D8B308D0074B6 (         sub3.asm):00202         L0640               fcb       $BF,$1D,$8B,$30,$8D,$00,$74,$B6 ?..0..t6
0648 05CEE6864F340644 (         sub3.asm):00203         L0648               fcb       $05,$CE,$E6,$86,$4F,$34,$06,$44 .Nf.O4.D
0650 563406FC1D8FA3E4 (         sub3.asm):00204         L0650               fcb       $56,$34,$06,$FC,$1D,$8F,$A3,$E4 V4....#d
0658 FD1D8FE362FD1D93 (         sub3.asm):00205         L0658               fcb       $FD,$1D,$8F,$E3,$62,$FD,$1D,$93 ...cb...
0660 FC1D91A3E4FD1D91 (         sub3.asm):00206         L0660               fcb       $FC,$1D,$91,$A3,$E4,$FD,$1D,$91 ...#d...
0668 EC62FD1DA3BE1D8F (         sub3.asm):00207         L0668               fcb       $EC,$62,$FD,$1D,$A3,$BE,$1D,$8F lb..#>..
0670 10BE1D91BD7B1FBF (         sub3.asm):00208         L0670               fcb       $10,$BE,$1D,$91,$BD,$7B,$1F,$BF .>..={.?
0678 1D8FBF1D9310BF1D (         sub3.asm):00209         L0678               fcb       $1D,$8F,$BF,$1D,$93,$10,$BF,$1D ..?...?.
0680 911F20E362FD1D95 (         sub3.asm):00210         L0680               fcb       $91,$1F,$20,$E3,$62,$FD,$1D,$95 .. cb...
0688 BD7BF4FD1D91EC62 (         sub3.asm):00211         L0688               fcb       $BD,$7B,$F4,$FD,$1D,$91,$EC,$62 ={t...lb
0690 FD1DA3BF1D8FBD7B (         sub3.asm):00212         L0690               fcb       $FD,$1D,$A3,$BF,$1D,$8F,$BD,$7B ..#?..={
0698 1F1F10E362FD1D8F (         sub3.asm):00213         L0698               fcb       $1F,$1F,$10,$E3,$62,$FD,$1D,$8F ...cb...
06A0 FD1D9310BF1D911F (         sub3.asm):00214         L06A0               fcb       $FD,$1D,$93,$10,$BF,$1D,$91,$1F ....?...
06A8 20E362FD1D95BD7B (         sub3.asm):00215         L06A8               fcb       $20,$E3,$62,$FD,$1D,$95,$BD,$7B cb...={
06B0 F43264BE1D8DBF1D (         sub3.asm):00216         L06B0               fcb       $F4,$32,$64,$BE,$1D,$8D,$BF,$1D t2d>..?.
06B8 8B35F6020408206E (         sub3.asm):00217         L06B8               fcb       $8B,$35,$F6,$02,$04,$08,$20,$6E .5v... n
06C0 34168E1E25BF1D8B (         sub3.asm):00218         L06C0               fcb       $34,$16,$8E,$1E,$25,$BF,$1D,$8B 4...%?..
06C8 BD7CCE7C1D907C1D (         sub3.asm):00219         L06C8               fcb       $BD,$7C,$CE,$7C,$1D,$90,$7C,$1D =|N|..|.
06D0 92BD7CCE7A1D907A (         sub3.asm):00220         L06D0               fcb       $92,$BD,$7C,$CE,$7A,$1D,$90,$7A .=|Nz..z
06D8 1D90BD7CCEFC1D91 (         sub3.asm):00221         L06D8               fcb       $1D,$90,$BD,$7C,$CE,$FC,$1D,$91 ..=|N...
06E0 830002FD1D91BD7C (         sub3.asm):00222         L06E0               fcb       $83,$00,$02,$FD,$1D,$91,$BD,$7C ......=|
06E8 CE7C1D907C1D90BD (         sub3.asm):00223         L06E8               fcb       $CE,$7C,$1D,$90,$7C,$1D,$90,$BD N|..|..=
06F0 7CCEBE1D8DBF1D8B (         sub3.asm):00224         L06F0               fcb       $7C,$CE,$BE,$1D,$8D,$BF,$1D,$8B |N>..?..
06F8 35968E1E25BF1D8B (         sub3.asm):00225         L06F8               fcb       $35,$96,$8E,$1E,$25,$BF,$1D,$8B 5...%?..
0700 BD7CCE7C1D90BD7C (         sub3.asm):00226         L0700               fcb       $BD,$7C,$CE,$7C,$1D,$90,$BD,$7C =|N|..=|
0708 CE7A1D907A1D90BD (         sub3.asm):00227         L0708               fcb       $CE,$7A,$1D,$90,$7A,$1D,$90,$BD Nz..z..=
0710 7CCE7C1D907A1D92 (         sub3.asm):00228         L0710               fcb       $7C,$CE,$7C,$1D,$90,$7A,$1D,$92 |N|..z..
0718 BD7CCE7C1D927C1D (         sub3.asm):00229         L0718               fcb       $BD,$7C,$CE,$7C,$1D,$92,$7C,$1D =|N|..|.
0720 92BD7CCEBE1D8DBF (         sub3.asm):00230         L0720               fcb       $92,$BD,$7C,$CE,$BE,$1D,$8D,$BF .=|N>..?
0728 1D8B3934768E1E25 (         sub3.asm):00231         L0728               fcb       $1D,$8B,$39,$34,$76,$8E,$1E,$25 ..94v..%
0730 BF1D89CE4C84BD7D (         sub3.asm):00232         L0730               fcb       $BF,$1D,$89,$CE,$4C,$84,$BD,$7D ?..NL.=}
0738 75B771EDF771EEC0 (         sub3.asm):00233         L0738               fcb       $75,$B7,$71,$ED,$F7,$71,$EE,$C0 u7qmwqn@
0740 392A035F200E3404 (         sub3.asm):00234         L0740               fcb       $39,$2A,$03,$5F,$20,$0E,$34,$04 9*._ .4.
0748 4F170A0D8073A1E0 (         sub3.asm):00235         L0748               fcb       $4F,$17,$0A,$0D,$80,$73,$A1,$E0 O....s!`
0750 2E021F89F771EF86 (         sub3.asm):00236         L0750               fcb       $2E,$02,$1F,$89,$F7,$71,$EF,$86 ....wqo.
0758 1C3D8E05CF308B10 (         sub3.asm):00237         L0758               fcb       $1C,$3D,$8E,$05,$CF,$30,$8B,$10 .=..O0..
0760 8E1E258674B71DEA (         sub3.asm):00238         L0760               fcb       $8E,$1E,$25,$86,$74,$B7,$1D,$EA ..%.t7.j
0768 338D081C13CC0000 (         sub3.asm):00239         L0768               fcb       $33,$8D,$08,$1C,$13,$CC,$00,$00 3....L..
0770 EDA1EDA1EDA1E7A0 (         sub3.asm):00240         L0770               fcb       $ED,$A1,$ED,$A1,$ED,$A1,$E7,$A0 m!m!m!g
0778 C61BA68444444444 (         sub3.asm):00241         L0778               fcb       $C6,$1B,$A6,$84,$44,$44,$44,$44 F.&.DDDD
0780 A6C6A7A0A680840F (         sub3.asm):00242         L0780               fcb       $A6,$C6,$A7,$A0,$A6,$80,$84,$0F &F' &...
0788 A6C6A7A05A26EB30 (         sub3.asm):00243         L0788               fcb       $A6,$C6,$A7,$A0,$5A,$26,$EB,$30 &F' Z&k0
0790 0131A8137A1DEA26 (         sub3.asm):00244         L0790               fcb       $01,$31,$A8,$13,$7A,$1D,$EA,$26 .1(.z.j&
0798 D48603B71D884FF6 (         sub3.asm):00245         L0798               fcb       $D4,$86,$03,$B7,$1D,$88,$4F,$F6 T..7..Ov
07A0 71EDC3001CFD1D8F (         sub3.asm):00246         L07A0               fcb       $71,$ED,$C3,$00,$1C,$FD,$1D,$8F qmC.....
07A8 FD71FC4FF671EEF0 (         sub3.asm):00247         L07A8               fcb       $FD,$71,$FC,$4F,$F6,$71,$EE,$F0 .q.Ovqnp
07B0 71EFFD1D91FD71FE (         sub3.asm):00248         L07B0               fcb       $71,$EF,$FD,$1D,$91,$FD,$71,$FE qo....q.
07B8 17FF3F17F9D3CC00 (         sub3.asm):00249         L07B8               fcb       $17,$FF,$3F,$17,$F9,$D3,$CC,$00 ..?.ySL.
07C0 BCFD1DA5CC006CFD (         sub3.asm):00250         L07C0               fcb       $BC,$FD,$1D,$A5,$CC,$00,$6C,$FD <..%L.l.
07C8 1DA7FC1D8B34068E (         sub3.asm):00251         L07C8               fcb       $1D,$A7,$FC,$1D,$8B,$34,$06,$8E .'...4..
07D0 1E25BF1D8BBD72F3 (         sub3.asm):00252         L07D0               fcb       $1E,$25,$BF,$1D,$8B,$BD,$72,$F3 .%?..=rs
07D8 32303030204D6900 (         sub3.asm):00253         L07D8               fcb       $32,$30,$30,$30,$20,$4D,$69,$00 2000 Mi.
07E0 7D4C751026006ACC (         sub3.asm):00254         L07E0               fcb       $7D,$4C,$75,$10,$26,$00,$6A,$CC }Lu.&.jL
07E8 0020FD1DA5BD72F3 (         sub3.asm):00255         L07E8               fcb       $00,$20,$FD,$1D,$A5,$BD,$72,$F3 . ..%=rs
07F0 38307700BE1DA530 (         sub3.asm):00256         L07F0               fcb       $38,$30,$77,$00,$BE,$1D,$A5,$30 80w.>.%0
07F8 8830BF1DA5BD72F3 (         sub3.asm):00257         L07F8               fcb       $88,$30,$BF,$1D,$A5,$BD,$72,$F3 .0?.%=rs
0800 34307700C614F071 (         sub3.asm):00258         L0800               fcb       $34,$30,$77,$00,$C6,$14,$F0,$71 40w.F.pq
0808 EF2B114FFD1DA7CC (         sub3.asm):00259         L0808               fcb       $EF,$2B,$11,$4F,$FD,$1D,$A7,$CC o+.O..'L
0810 0000FD1DA5BD72F3 (         sub3.asm):00260         L0810               fcb       $00,$00,$FD,$1D,$A5,$BD,$72,$F3 ....%=rs
0818 36306E00C650F071 (         sub3.asm):00261         L0818               fcb       $36,$30,$6E,$00,$C6,$50,$F0,$71 60n.FPpq
0820 EF4FFD1DA7CC0000 (         sub3.asm):00262         L0820               fcb       $EF,$4F,$FD,$1D,$A7,$CC,$00,$00 oO..'L..
0828 FD1DA5BD72F33330 (         sub3.asm):00263         L0828               fcb       $FD,$1D,$A5,$BD,$72,$F3,$33,$30 ..%=rs30
0830 6E00C68CF071EFC1 (         sub3.asm):00264         L0830               fcb       $6E,$00,$C6,$8C,$F0,$71,$EF,$C1 n.F.pqoA
0838 6B1022007B4FFD1D (         sub3.asm):00265         L0838               fcb       $6B,$10,$22,$00,$7B,$4F,$FD,$1D k.".{O..
0840 A7CC0000FD1DA5BD (         sub3.asm):00266         L0840               fcb       $A7,$CC,$00,$00,$FD,$1D,$A5,$BD 'L....%=
0848 72F320306E001600 (         sub3.asm):00267         L0848               fcb       $72,$F3,$20,$30,$6E,$00,$16,$00 rs 0n...
0850 67CC0038FD1DA5BD (         sub3.asm):00268         L0850               fcb       $67,$CC,$00,$38,$FD,$1D,$A5,$BD gL.8..%=
0858 72F33132306500BE (         sub3.asm):00269         L0858               fcb       $72,$F3,$31,$32,$30,$65,$00,$BE rs120e.>
0860 1DA5308820BF1DA5 (         sub3.asm):00270         L0860               fcb       $1D,$A5,$30,$88,$20,$BF,$1D,$A5 .%0. ?.%
0868 BD72F33136306500 (         sub3.asm):00271         L0868               fcb       $BD,$72,$F3,$31,$36,$30,$65,$00 =rs160e.
0870 C624F071EF2B114F (         sub3.asm):00272         L0870               fcb       $C6,$24,$F0,$71,$EF,$2B,$11,$4F F$pqo+.O
0878 FD1DA7CC0000FD1D (         sub3.asm):00273         L0878               fcb       $FD,$1D,$A7,$CC,$00,$00,$FD,$1D ..'L....
0880 A5BD72F333306E00 (         sub3.asm):00274         L0880               fcb       $A5,$BD,$72,$F3,$33,$30,$6E,$00 %=rs30n.
0888 C660F071EF4FFD1D (         sub3.asm):00275         L0888               fcb       $C6,$60,$F0,$71,$EF,$4F,$FD,$1D F`pqoO..
0890 A7CC0000FD1DA5BD (         sub3.asm):00276         L0890               fcb       $A7,$CC,$00,$00,$FD,$1D,$A5,$BD 'L....%=
0898 72F320306E00C69C (         sub3.asm):00277         L0898               fcb       $72,$F3,$20,$30,$6E,$00,$C6,$9C rs 0n.F.
08A0 F071EFC16B22114F (         sub3.asm):00278         L08A0               fcb       $F0,$71,$EF,$C1,$6B,$22,$11,$4F pqoAk".O
08A8 FD1DA7CC0000FD1D (         sub3.asm):00279         L08A8               fcb       $FD,$1D,$A7,$CC,$00,$00,$FD,$1D ..'L....
08B0 A5BD72F333307300 (         sub3.asm):00280         L08B0               fcb       $A5,$BD,$72,$F3,$33,$30,$73,$00 %=rs30s.
08B8 3506FD1D8BBD7747 (         sub3.asm):00281         L08B8               fcb       $35,$06,$FD,$1D,$8B,$BD,$77,$47 5....=wG
08C0 35F634768E1E25BF (         sub3.asm):00282         L08C0               fcb       $35,$F6,$34,$76,$8E,$1E,$25,$BF 5v4v..%?
08C8 1D89CE4C84BD7D75 (         sub3.asm):00283         L08C8               fcb       $1D,$89,$CE,$4C,$84,$BD,$7D,$75 ..NL.=}u
08D0 B771EDF771EEC11C (         sub3.asm):00284         L08D0               fcb       $B7,$71,$ED,$F7,$71,$EE,$C1,$1C 7qmwqnA.
08D8 24035F2010C01C34 (         sub3.asm):00285         L08D8               fcb       $24,$03,$5F,$20,$10,$C0,$1C,$34 $._ .@.4
08E0 044F1708748039A1 (         sub3.asm):00286         L08E0               fcb       $04,$4F,$17,$08,$74,$80,$39,$A1 .O..t.9!
08E8 E024021F89F771EF (         sub3.asm):00287         L08E8               fcb       $E0,$24,$02,$1F,$89,$F7,$71,$EF `$...wqo
08F0 861C3D108E05CF31 (         sub3.asm):00288         L08F0               fcb       $86,$1C,$3D,$10,$8E,$05,$CF,$31 ..=...O1
08F8 ABB671ED7F71F081 (         sub3.asm):00289         L08F8               fcb       $AB,$B6,$71,$ED,$7F,$71,$F0,$81 +6qmqp.
0900 3C2519819C250931 (         sub3.asm):00290         L0900               fcb       $3C,$25,$19,$81,$9C,$25,$09,$31 <%...%.1
0908 2C8660B771F0200C (         sub3.asm):00291         L0908               fcb       $2C,$86,$60,$B7,$71,$F0,$20,$0C ,.`7qp .
0910 803C84F8B771F044 (         sub3.asm):00292         L0910               fcb       $80,$3C,$84,$F8,$B7,$71,$F0,$44 .<.x7qpD
0918 444431A6308D0678 (         sub3.asm):00293         L0918               fcb       $44,$44,$31,$A6,$30,$8D,$06,$78 DD1&0..x
0920 CE1E25C63A3404C6 (         sub3.asm):00294         L0920               fcb       $CE,$1E,$25,$C6,$3A,$34,$04,$C6 N.%F:4.F
0928 023404C60F3404C6 (         sub3.asm):00295         L0928               fcb       $02,$34,$04,$C6,$0F,$34,$04,$C6 .4.F.4.F
0930 043404E6A04F5849 (         sub3.asm):00296         L0930               fcb       $04,$34,$04,$E6,$A0,$4F,$58,$49 .4.f OXI
0938 5849A686A7C06AE4 (         sub3.asm):00297         L0938               fcb       $58,$49,$A6,$86,$A7,$C0,$6A,$E4 XI&.'@jd
0940 26F335046AE426E7 (         sub3.asm):00298         L0940               fcb       $26,$F3,$35,$04,$6A,$E4,$26,$E7 &s5.jd&g
0948 3504E7C433C81431 (         sub3.asm):00299         L0948               fcb       $35,$04,$E7,$C4,$33,$C8,$14,$31 5.gD3H.1
0950 316AE426D6350431 (         sub3.asm):00300         L0950               fcb       $31,$6A,$E4,$26,$D6,$35,$04,$31 1jd&V5.1
0958 A81C6AE426C93504 (         sub3.asm):00301         L0958               fcb       $A8,$1C,$6A,$E4,$26,$C9,$35,$04 (.jd&I5.
0960 8603B71D884FF671 (         sub3.asm):00302         L0960               fcb       $86,$03,$B7,$1D,$88,$4F,$F6,$71 ..7..Ovq
0968 F03406F671EDA3E1 (         sub3.asm):00303         L0968               fcb       $F0,$34,$06,$F6,$71,$ED,$A3,$E1 p4.vqm#a
0970 5849FD1D8FFD71FC (         sub3.asm):00304         L0970               fcb       $58,$49,$FD,$1D,$8F,$FD,$71,$FC XI....q.
0978 4FF671EEB671EF34 (         sub3.asm):00305         L0978               fcb       $4F,$F6,$71,$EE,$B6,$71,$EF,$34 Ovqn6qo4
0980 024FE0E05849FD1D (         sub3.asm):00306         L0980               fcb       $02,$4F,$E0,$E0,$58,$49,$FD,$1D .O``XI..
0988 91FD71FE17FD6B17 (         sub3.asm):00307         L0988               fcb       $91,$FD,$71,$FE,$17,$FD,$6B,$17 ..q...k.
0990 F7FFCC00BCFD1DA5 (         sub3.asm):00308         L0990               fcb       $F7,$FF,$CC,$00,$BC,$FD,$1D,$A5 w.L.<..%
0998 CC006CFD1DA7FC1D (         sub3.asm):00309         L0998               fcb       $CC,$00,$6C,$FD,$1D,$A7,$FC,$1D L.l..'..
09A0 8B8E1E25BF1D8BBD (         sub3.asm):00310         L09A0               fcb       $8B,$8E,$1E,$25,$BF,$1D,$8B,$BD ...%?..=
09A8 72F331303030204D (         sub3.asm):00311         L09A8               fcb       $72,$F3,$31,$30,$30,$30,$20,$4D rs1000 M
09B0 690034064FF671F0 (         sub3.asm):00312         L09B0               fcb       $69,$00,$34,$06,$4F,$F6,$71,$F0 i.4.Ovqp
09B8 584934067D4C7510 (         sub3.asm):00313         L09B8               fcb       $58,$49,$34,$06,$7D,$4C,$75,$10 XI4.}Lu.
09C0 2600BACC0010A3E1 (         sub3.asm):00314         L09C0               fcb       $26,$00,$BA,$CC,$00,$10,$A3,$E1 &.:L..#a
09C8 FD1DA5108300182D (         sub3.asm):00315         L09C8               fcb       $FD,$1D,$A5,$10,$83,$00,$18,$2D ..%....-
09D0 1310830094220DFD (         sub3.asm):00316         L09D0               fcb       $13,$10,$83,$00,$94,$22,$0D,$FD ....."..
09D8 1DA5BD72F3383077 (         sub3.asm):00317         L09D8               fcb       $1D,$A5,$BD,$72,$F3,$38,$30,$77 .%=rs80w
09E0 00BE1DA5BE1DA530 (         sub3.asm):00318         L09E0               fcb       $00,$BE,$1D,$A5,$BE,$1D,$A5,$30 .>.%>.%0
09E8 8900A0BF1DA58C00 (         sub3.asm):00319         L09E8               fcb       $89,$00,$A0,$BF,$1D,$A5,$8C,$00 .. ?.%..
09F0 94220C8C00182D07 (         sub3.asm):00320         L09F0               fcb       $94,$22,$0C,$8C,$00,$18,$2D,$07 ."....-.
09F8 BD72F334307700BE (         sub3.asm):00321         L09F8               fcb       $BD,$72,$F3,$34,$30,$77,$00,$BE =rs40w.>
0A00 1DA5308900A0BF1D (         sub3.asm):00322         L0A00               fcb       $1D,$A5,$30,$89,$00,$A0,$BF,$1D .%0.. ?.
0A08 A58C0094220C8C00 (         sub3.asm):00323         L0A08               fcb       $A5,$8C,$00,$94,$22,$0C,$8C,$00 %..."...
0A10 182D07BD72F32030 (         sub3.asm):00324         L0A10               fcb       $18,$2D,$07,$BD,$72,$F3,$20,$30 .-.=rs 0
0A18 7700F671EF4F5849 (         sub3.asm):00325         L0A18               fcb       $77,$00,$F6,$71,$EF,$4F,$58,$49 w.vqoOXI
0A20 3406CC0028A3E1FD (         sub3.asm):00326         L0A20               fcb       $34,$06,$CC,$00,$28,$A3,$E1,$FD 4.L.(#a.
0A28 1DA7108300002D0D (         sub3.asm):00327         L0A28               fcb       $1D,$A7,$10,$83,$00,$00,$2D,$0D .'....-.
0A30 CC0000FD1DA5BD72 (         sub3.asm):00328         L0A30               fcb       $CC,$00,$00,$FD,$1D,$A5,$BD,$72 L....%=r
0A38 F336306E00BE1DA7 (         sub3.asm):00329         L0A38               fcb       $F3,$36,$30,$6E,$00,$BE,$1D,$A7 s60n.>.'
0A40 308878BF1DA78C00 (         sub3.asm):00330         L0A40               fcb       $30,$88,$78,$BF,$1D,$A7,$8C,$00 0.x?.'..
0A48 002D128C006B2E0D (         sub3.asm):00331         L0A48               fcb       $00,$2D,$12,$8C,$00,$6B,$2E,$0D .-...k..
0A50 CC0000FD1DA5BD72 (         sub3.asm):00332         L0A50               fcb       $CC,$00,$00,$FD,$1D,$A5,$BD,$72 L....%=r
0A58 F333306E00BE1DA5 (         sub3.asm):00333         L0A58               fcb       $F3,$33,$30,$6E,$00,$BE,$1D,$A5 s30n.>.%
0A60 3088788C006B1022 (         sub3.asm):00334         L0A60               fcb       $30,$88,$78,$8C,$00,$6B,$10,$22 0.x..k."
0A68 00D2BF1DA7CC0000 (         sub3.asm):00335         L0A68               fcb       $00,$D2,$BF,$1D,$A7,$CC,$00,$00 .R?.'L..
0A70 FD1DA5BD72F32030 (         sub3.asm):00336         L0A70               fcb       $FD,$1D,$A5,$BD,$72,$F3,$20,$30 ..%=rs 0
0A78 6E001600BFCC0070 (         sub3.asm):00337         L0A78               fcb       $6E,$00,$16,$00,$BF,$CC,$00,$70 n...?L.p
0A80 A3E1FD1DA5108300 (         sub3.asm):00338         L0A80               fcb       $A3,$E1,$FD,$1D,$A5,$10,$83,$00 #a..%...
0A88 202D111083009422 (         sub3.asm):00339         L0A88               fcb       $20,$2D,$11,$10,$83,$00,$94,$22 -....."
0A90 0BFD1DA5BD72F331 (         sub3.asm):00340         L0A90               fcb       $0B,$FD,$1D,$A5,$BD,$72,$F3,$31 ...%=rs1
0A98 32306500BE1DA530 (         sub3.asm):00341         L0A98               fcb       $32,$30,$65,$00,$BE,$1D,$A5,$30 20e.>.%0
0AA0 8900A0BF1DA58C00 (         sub3.asm):00342         L0AA0               fcb       $89,$00,$A0,$BF,$1D,$A5,$8C,$00 .. ?.%..
0AA8 9422168C00182D11 (         sub3.asm):00343         L0AA8               fcb       $94,$22,$16,$8C,$00,$18,$2D,$11 ."....-.
0AB0 BD72F33136306500 (         sub3.asm):00344         L0AB0               fcb       $BD,$72,$F3,$31,$36,$30,$65,$00 =rs160e.
0AB8 BE1DA53088E0BF1D (         sub3.asm):00345         L0AB8               fcb       $BE,$1D,$A5,$30,$88,$E0,$BF,$1D >.%0.`?.
0AC0 A5BE1DA5308850BF (         sub3.asm):00346         L0AC0               fcb       $A5,$BE,$1D,$A5,$30,$88,$50,$BF %>.%0.P?
0AC8 1DA58C0094220D8C (         sub3.asm):00347         L0AC8               fcb       $1D,$A5,$8C,$00,$94,$22,$0D,$8C .%..."..
0AD0 00182D08BD72F331 (         sub3.asm):00348         L0AD0               fcb       $00,$18,$2D,$08,$BD,$72,$F3,$31 ..-.=rs1
0AD8 38307700F671EF4F (         sub3.asm):00349         L0AD8               fcb       $38,$30,$77,$00,$F6,$71,$EF,$4F 80w.vqoO
0AE0 58493406CC0048A3 (         sub3.asm):00350         L0AE0               fcb       $58,$49,$34,$06,$CC,$00,$48,$A3 XI4.L.H#
0AE8 E1FD1DA710830000 (         sub3.asm):00351         L0AE8               fcb       $E1,$FD,$1D,$A7,$10,$83,$00,$00 a..'....
0AF0 2D0DCC0000FD1DA5 (         sub3.asm):00352         L0AF0               fcb       $2D,$0D,$CC,$00,$00,$FD,$1D,$A5 -.L....%
0AF8 BD72F333306E00BE (         sub3.asm):00353         L0AF8               fcb       $BD,$72,$F3,$33,$30,$6E,$00,$BE =rs30n.>
0B00 1DA7308878BF1DA7 (         sub3.asm):00354         L0B00               fcb       $1D,$A7,$30,$88,$78,$BF,$1D,$A7 .'0.x?.'
0B08 8C00002D128C006B (         sub3.asm):00355         L0B08               fcb       $8C,$00,$00,$2D,$12,$8C,$00,$6B ...-...k
0B10 2E0DCC0000FD1DA5 (         sub3.asm):00356         L0B10               fcb       $2E,$0D,$CC,$00,$00,$FD,$1D,$A5 ..L....%
0B18 BD72F320306E00BE (         sub3.asm):00357         L0B18               fcb       $BD,$72,$F3,$20,$30,$6E,$00,$BE =rs 0n.>
0B20 1DA53088788C006B (         sub3.asm):00358         L0B20               fcb       $1D,$A5,$30,$88,$78,$8C,$00,$6B .%0.x..k
0B28 10220010BF1DA7CC (         sub3.asm):00359         L0B28               fcb       $10,$22,$00,$10,$BF,$1D,$A7,$CC ."..?.'L
0B30 0000FD1DA5BD72F3 (         sub3.asm):00360         L0B30               fcb       $00,$00,$FD,$1D,$A5,$BD,$72,$F3 ....%=rs
0B38 333073003506FD1D (         sub3.asm):00361         L0B38               fcb       $33,$30,$73,$00,$35,$06,$FD,$1D 30s.5...
0B40 8BBD774735F63476 (         sub3.asm):00362         L0B40               fcb       $8B,$BD,$77,$47,$35,$F6,$34,$76 .=wG5v4v
0B48 8E1E25BF1D898655 (         sub3.asm):00363         L0B48               fcb       $8E,$1E,$25,$BF,$1D,$89,$86,$55 ..%?...U
0B50 5FBD77E5CE4C84BD (         sub3.asm):00364         L0B50               fcb       $5F,$BD,$77,$E5,$CE,$4C,$84,$BD _=weNL.=
0B58 7D758005B771EBC0 (         sub3.asm):00365         L0B58               fcb       $7D,$75,$80,$05,$B7,$71,$EB,$C0 }u..7qk@
0B60 03F771EC1F101F89 (         sub3.asm):00366         L0B60               fcb       $03,$F7,$71,$EC,$1F,$10,$1F,$89 .wql....
0B68 4F54543406CC007A (         sub3.asm):00367         L0B68               fcb       $4F,$54,$54,$34,$06,$CC,$00,$7A OTT4.L.z
0B70 A3E18300AAFD71E7 (         sub3.asm):00368         L0B70               fcb       $A3,$E1,$83,$00,$AA,$FD,$71,$E7 #a..*.qg
0B78 1F201F894F545434 (         sub3.asm):00369         L0B78               fcb       $1F,$20,$1F,$89,$4F,$54,$54,$34 . ..OTT4
0B80 06CC003AA3E18300 (         sub3.asm):00370         L0B80               fcb       $06,$CC,$00,$3A,$A3,$E1,$83,$00 .L.:#a..
0B88 6AFD71E9C6073404 (         sub3.asm):00371         L0B88               fcb       $6A,$FD,$71,$E9,$C6,$07,$34,$04 j.qiF.4.
0B90 860A3402B671EBF6 (         sub3.asm):00372         L0B90               fcb       $86,$0A,$34,$02,$B6,$71,$EB,$F6 ..4.6qkv
0B98 71EC170062BE71E7 (         sub3.asm):00373         L0B98               fcb       $71,$EC,$17,$00,$62,$BE,$71,$E7 ql..b>qg
0BA0 308820BF71E77C71 (         sub3.asm):00374         L0BA0               fcb       $30,$88,$20,$BF,$71,$E7,$7C,$71 0. ?qg|q
0BA8 EB35024A26E4B671 (         sub3.asm):00375         L0BA8               fcb       $EB,$35,$02,$4A,$26,$E4,$B6,$71 k5.J&d6q
0BB0 EB800AB771EB7C71 (         sub3.asm):00376         L0BB0               fcb       $EB,$80,$0A,$B7,$71,$EB,$7C,$71 k..7qk|q
0BB8 ECFC71E7830140FD (         sub3.asm):00377         L0BB8               fcb       $EC,$FC,$71,$E7,$83,$01,$40,$FD l.qg..@.
0BC0 71E7BE71E9308820 (         sub3.asm):00378         L0BC0               fcb       $71,$E7,$BE,$71,$E9,$30,$88,$20 qg>qi0.
0BC8 BF71E935045A1026 (         sub3.asm):00379         L0BC8               fcb       $BF,$71,$E9,$35,$04,$5A,$10,$26 ?qi5.Z.&
0BD0 FFBC1702BA17F474 (         sub3.asm):00380         L0BD0               fcb       $FF,$BC,$17,$02,$BA,$17,$F4,$74 .<..:.tt
0BD8 CC00C4FD1DA5CC00 (         sub3.asm):00381         L0BD8               fcb       $CC,$00,$C4,$FD,$1D,$A5,$CC,$00 L.D..%L.
0BE0 6CFD1DA7FC1D8B8E (         sub3.asm):00382         L0BE0               fcb       $6C,$FD,$1D,$A7,$FC,$1D,$8B,$8E l..'....
0BE8 1E25BF1D8BBD72F3 (         sub3.asm):00383         L0BE8               fcb       $1E,$25,$BF,$1D,$8B,$BD,$72,$F3 .%?..=rs
0BF0 313735204D6900FD (         sub3.asm):00384         L0BF0               fcb       $31,$37,$35,$20,$4D,$69,$00,$FD 175 Mi..
0BF8 1D8BBD774735F634 (         sub3.asm):00385         L0BF8               fcb       $1D,$8B,$BD,$77,$47,$35,$F6,$34 ..=wG5v4
0C00 761702F5C110273E (         sub3.asm):00386         L0C00               fcb       $76,$17,$02,$F5,$C1,$10,$27,$3E v..uA.'>
0C08 F771E58602B71D88 (         sub3.asm):00387         L0C08               fcb       $F7,$71,$E5,$86,$02,$B7,$1D,$88 wqe..7..
0C10 7F71E67C71E6F671 (         sub3.asm):00388         L0C10               fcb       $7F,$71,$E6,$7C,$71,$E6,$F6,$71 qf|qfvq
0C18 E61702FF3406FC71 (         sub3.asm):00389         L0C18               fcb       $E6,$17,$02,$FF,$34,$06,$FC,$71 f...4..q
0C20 E7EBE08900FD1D8F (         sub3.asm):00390         L0C20               fcb       $E7,$EB,$E0,$89,$00,$FD,$1D,$8F gk`.....
0C28 FC71E9FB71E68900 (         sub3.asm):00391         L0C28               fcb       $FC,$71,$E9,$FB,$71,$E6,$89,$00 .qi.qf..
0C30 FD1D914FE6E0FD1D (         sub3.asm):00392         L0C30               fcb       $FD,$1D,$91,$4F,$E6,$E0,$FD,$1D ...Of`..
0C38 A3BD7B1F7C71E6B6 (         sub3.asm):00393         L0C38               fcb       $A3,$BD,$7B,$1F,$7C,$71,$E6,$B6 #={.|qf6
0C40 71E6813426D035F6 (         sub3.asm):00394         L0C40               fcb       $71,$E6,$81,$34,$26,$D0,$35,$F6 qf.4&P5v
0C48 34761702ACC11010 (         sub3.asm):00395         L0C48               fcb       $34,$76,$17,$02,$AC,$C1,$10,$10 4v..,A..
0C50 2700B3F771E58602 (         sub3.asm):00396         L0C50               fcb       $27,$00,$B3,$F7,$71,$E5,$86,$02 '.3wqe..
0C58 B71D887F71E67C71 (         sub3.asm):00397         L0C58               fcb       $B7,$1D,$88,$7F,$71,$E6,$7C,$71 7..qf|q
0C60 E6CC0000FD71FAF6 (         sub3.asm):00398         L0C60               fcb       $E6,$CC,$00,$00,$FD,$71,$FA,$F6 fL...qzv
0C68 71E61702AE3406B6 (         sub3.asm):00399         L0C68               fcb       $71,$E6,$17,$02,$AE,$34,$06,$B6 qf...4.6
0C70 71F5E6E43DFD71F6 (         sub3.asm):00400         L0C70               fcb       $71,$F5,$E6,$E4,$3D,$FD,$71,$F6 qufd=.qv
0C78 B671F5E6613DFD71 (         sub3.asm):00401         L0C78               fcb       $B6,$71,$F5,$E6,$61,$3D,$FD,$71 6qufa=.q
0C80 F8F671E65C170293 (         sub3.asm):00402         L0C80               fcb       $F8,$F6,$71,$E6,$5C,$17,$02,$93 xvqf\...
0C88 34064FE662FD71F1 (         sub3.asm):00403         L0C88               fcb       $34,$06,$4F,$E6,$62,$FD,$71,$F1 4.Ofb.qq
0C90 E6E4B371F1FD71F1 (         sub3.asm):00404         L0C90               fcb       $E6,$E4,$B3,$71,$F1,$FD,$71,$F1 fd3qq.qq
0C98 4FC634E061E0E482 (         sub3.asm):00405         L0C98               fcb       $4F,$C6,$34,$E0,$61,$E0,$E4,$82 OF4`a`d.
0CA0 00FD71F3C634E063 (         sub3.asm):00406         L0CA0               fcb       $00,$FD,$71,$F3,$C6,$34,$E0,$63 ..qsF4`c
0CA8 E0628200B371F3FD (         sub3.asm):00407         L0CA8               fcb       $E0,$62,$82,$00,$B3,$71,$F3,$FD `b..3qs.
0CB0 71F33264F671F534 (         sub3.asm):00408         L0CB0               fcb       $71,$F3,$32,$64,$F6,$71,$F5,$34 qs2dvqu4
0CB8 04FC71E7F371F6FD (         sub3.asm):00409         L0CB8               fcb       $04,$FC,$71,$E7,$F3,$71,$F6,$FD ..qgsqv.
0CC0 1D8FFC71F6F371F1 (         sub3.asm):00410         L0CC0               fcb       $1D,$8F,$FC,$71,$F6,$F3,$71,$F1 ...qvsqq
0CC8 FD71F6FC71E9F371 (         sub3.asm):00411         L0CC8               fcb       $FD,$71,$F6,$FC,$71,$E9,$F3,$71 .qv.qisq
0CD0 FAFD1D91FC71FAC3 (         sub3.asm):00412         L0CD0               fcb       $FA,$FD,$1D,$91,$FC,$71,$FA,$C3 z....qzC
0CD8 0001FD71FAFC71F8 (         sub3.asm):00413         L0CD8               fcb       $00,$01,$FD,$71,$FA,$FC,$71,$F8 ...qz.qx
0CE0 FD1DA3FC71F8B371 (         sub3.asm):00414         L0CE0               fcb       $FD,$1D,$A3,$FC,$71,$F8,$B3,$71 ..#.qx3q
0CE8 F1F371F32B06FD71 (         sub3.asm):00415         L0CE8               fcb       $F1,$F3,$71,$F3,$2B,$06,$FD,$71 qsqs+..q
0CF0 F8BD7B1F6AE426C1 (         sub3.asm):00416         L0CF0               fcb       $F8,$BD,$7B,$1F,$6A,$E4,$26,$C1 x={.jd&A
0CF8 35047C71E6B671E6 (         sub3.asm):00417         L0CF8               fcb       $35,$04,$7C,$71,$E6,$B6,$71,$E6 5.|qf6qf
0D00 81341026FF6135F6 (         sub3.asm):00418         L0D00               fcb       $81,$34,$10,$26,$FF,$61,$35,$F6 .4.&.a5v
0D08 34768E1E25BF1D89 (         sub3.asm):00419         L0D08               fcb       $34,$76,$8E,$1E,$25,$BF,$1D,$89 4v..%?..
0D10 86555FBD77E5CE4C (         sub3.asm):00420         L0D10               fcb       $86,$55,$5F,$BD,$77,$E5,$CE,$4C .U_=weNL
0D18 84BD7D758002B771 (         sub3.asm):00421         L0D18               fcb       $84,$BD,$7D,$75,$80,$02,$B7,$71 .=}u..7q
0D20 EBC002F771EC1F10 (         sub3.asm):00422         L0D20               fcb       $EB,$C0,$02,$F7,$71,$EC,$1F,$10 k@.wql..
0D28 1F894F3406CC007A (         sub3.asm):00423         L0D28               fcb       $1F,$89,$4F,$34,$06,$CC,$00,$7A ..O4.L.z
0D30 A3E1830128FD71E7 (         sub3.asm):00424         L0D30               fcb       $A3,$E1,$83,$01,$28,$FD,$71,$E7 #a..(.qg
0D38 1F201F894F3406CC (         sub3.asm):00425         L0D38               fcb       $1F,$20,$1F,$89,$4F,$34,$06,$CC . ..O4.L
0D40 003AA3E1830128FD (         sub3.asm):00426         L0D40               fcb       $00,$3A,$A3,$E1,$83,$01,$28,$FD .:#a..(.
0D48 71E9C604F771F5C6 (         sub3.asm):00427         L0D48               fcb       $71,$E9,$C6,$04,$F7,$71,$F5,$C6 qiF.wquF
0D50 05340486053402B6 (         sub3.asm):00428         L0D50               fcb       $05,$34,$04,$86,$05,$34,$02,$B6 .4...4.6
0D58 71EBF671EC17FEE8 (         sub3.asm):00429         L0D58               fcb       $71,$EB,$F6,$71,$EC,$17,$FE,$E8 qkvql..h
0D60 BE71E730890080BF (         sub3.asm):00430         L0D60               fcb       $BE,$71,$E7,$30,$89,$00,$80,$BF >qg0...?
0D68 71E77C71EB35024A (         sub3.asm):00431         L0D68               fcb       $71,$E7,$7C,$71,$EB,$35,$02,$4A qg|qk5.J
0D70 26E3B671EB8005B7 (         sub3.asm):00432         L0D70               fcb       $26,$E3,$B6,$71,$EB,$80,$05,$B7 &c6qk..7
0D78 71EB7C71ECFC71E7 (         sub3.asm):00433         L0D78               fcb       $71,$EB,$7C,$71,$EC,$FC,$71,$E7 qk|ql.qg
0D80 830280FD71E7BE71 (         sub3.asm):00434         L0D80               fcb       $83,$02,$80,$FD,$71,$E7,$BE,$71 ....qg>q
0D88 E930890080BF71E9 (         sub3.asm):00435         L0D88               fcb       $E9,$30,$89,$00,$80,$BF,$71,$E9 i0...?qi
0D90 35045A1026FFBA17 (         sub3.asm):00436         L0D90               fcb       $35,$04,$5A,$10,$26,$FF,$BA,$17 5.Z.&.:.
0D98 00F517F2AFCC00CC (         sub3.asm):00437         L0D98               fcb       $00,$F5,$17,$F2,$AF,$CC,$00,$CC .u.r/L.L
0DA0 FD1DA5CC006CFD1D (         sub3.asm):00438         L0DA0               fcb       $FD,$1D,$A5,$CC,$00,$6C,$FD,$1D ..%L.l..
0DA8 A7FC1D8B8E1E25BF (         sub3.asm):00439         L0DA8               fcb       $A7,$FC,$1D,$8B,$8E,$1E,$25,$BF '.....%?
0DB0 1D8BBD72F3333520 (         sub3.asm):00440         L0DB0               fcb       $1D,$8B,$BD,$72,$F3,$33,$35,$20 ..=rs35
0DB8 4D6900FD1D8BBD77 (         sub3.asm):00441         L0DB8               fcb       $4D,$69,$00,$FD,$1D,$8B,$BD,$77 Mi....=w
0DC0 4735F634768E1E25 (         sub3.asm):00442         L0DC0               fcb       $47,$35,$F6,$34,$76,$8E,$1E,$25 G5v4v..%
0DC8 BF1D8986555FBD77 (         sub3.asm):00443         L0DC8               fcb       $BF,$1D,$89,$86,$55,$5F,$BD,$77 ?...U_=w
0DD0 E5CE4C84BD7D7580 (         sub3.asm):00444         L0DD0               fcb       $E5,$CE,$4C,$84,$BD,$7D,$75,$80 eNL.=}u.
0DD8 01B771EBC001F771 (         sub3.asm):00445         L0DD8               fcb       $01,$B7,$71,$EB,$C0,$01,$F7,$71 .7qk@.wq
0DE0 EC1F104456445644 (         sub3.asm):00446         L0DE0               fcb       $EC,$1F,$10,$44,$56,$44,$56,$44 l..DVDVD
0DE8 5644564456445634 (         sub3.asm):00447         L0DE8               fcb       $56,$44,$56,$44,$56,$44,$56,$34 VDVDVDV4
0DF0 06CC007AA3E18302 (         sub3.asm):00448         L0DF0               fcb       $06,$CC,$00,$7A,$A3,$E1,$83,$02 .L.z#a..
0DF8 A0FD71E71F204456 (         sub3.asm):00449         L0DF8               fcb       $A0,$FD,$71,$E7,$1F,$20,$44,$56 .qg. DV
0E00 4456445644564456 (         sub3.asm):00450         L0E00               fcb       $44,$56,$44,$56,$44,$56,$44,$56 DVDVDVDV
0E08 44563406CC003AA3 (         sub3.asm):00451         L0E08               fcb       $44,$56,$34,$06,$CC,$00,$3A,$A3 DV4.L.:#
0E10 E18302A0FD71E9C6 (         sub3.asm):00452         L0E10               fcb       $E1,$83,$02,$A0,$FD,$71,$E9,$C6 a.. .qiF
0E18 10F771F5C6033404 (         sub3.asm):00453         L0E18               fcb       $10,$F7,$71,$F5,$C6,$03,$34,$04 .wquF.4.
0E20 86033402B671EBF6 (         sub3.asm):00454         L0E20               fcb       $86,$03,$34,$02,$B6,$71,$EB,$F6 ..4.6qkv
0E28 71EC17FE1BBE71E7 (         sub3.asm):00455         L0E28               fcb       $71,$EC,$17,$FE,$1B,$BE,$71,$E7 ql...>qg
0E30 30890200BF71E77C (         sub3.asm):00456         L0E30               fcb       $30,$89,$02,$00,$BF,$71,$E7,$7C 0...?qg|
0E38 71EB35024A26E3B6 (         sub3.asm):00457         L0E38               fcb       $71,$EB,$35,$02,$4A,$26,$E3,$B6 qk5.J&c6
0E40 71EB8003B771EB7C (         sub3.asm):00458         L0E40               fcb       $71,$EB,$80,$03,$B7,$71,$EB,$7C qk..7qk|
0E48 71ECFC71E7830600 (         sub3.asm):00459         L0E48               fcb       $71,$EC,$FC,$71,$E7,$83,$06,$00 ql.qg...
0E50 FD71E7BE71E93089 (         sub3.asm):00460         L0E50               fcb       $FD,$71,$E7,$BE,$71,$E9,$30,$89 .qg>qi0.
0E58 0200BF71E935045A (         sub3.asm):00461         L0E58               fcb       $02,$00,$BF,$71,$E9,$35,$04,$5A ..?qi5.Z
0E60 1026FFBA17002817 (         sub3.asm):00462         L0E60               fcb       $10,$26,$FF,$BA,$17,$00,$28,$17 .&.:..(.
0E68 F1E2CC00D4FD1DA5 (         sub3.asm):00463         L0E68               fcb       $F1,$E2,$CC,$00,$D4,$FD,$1D,$A5 qbL.T..%
0E70 CC006CFD1DA7FC1D (         sub3.asm):00464         L0E70               fcb       $CC,$00,$6C,$FD,$1D,$A7,$FC,$1D L.l..'..
0E78 8B8E1E25BF1D8BBD (         sub3.asm):00465         L0E78               fcb       $8B,$8E,$1E,$25,$BF,$1D,$8B,$BD ...%?..=
0E80 72F337204D6900FD (         sub3.asm):00466         L0E80               fcb       $72,$F3,$37,$20,$4D,$69,$00,$FD rs7 Mi..
0E88 1D8BBD774735F634 (         sub3.asm):00467         L0E88               fcb       $1D,$8B,$BD,$77,$47,$35,$F6,$34 ..=wG5v4
0E90 768603B71D888E00 (         sub3.asm):00468         L0E90               fcb       $76,$86,$03,$B7,$1D,$88,$8E,$00 v..7....
0E98 7A108E0039FE4CF3 (         sub3.asm):00469         L0E98               fcb       $7A,$10,$8E,$00,$39,$FE,$4C,$F3 z...9.Ls
0EA0 C602BD7D2B3430BF (         sub3.asm):00470         L0EA0               fcb       $C6,$02,$BD,$7D,$2B,$34,$30,$BF F.=}+40?
0EA8 1D8F10BF1D91FC4C (         sub3.asm):00471         L0EA8               fcb       $1D,$8F,$10,$BF,$1D,$91,$FC,$4C ...?...L
0EB0 F3108302D02D0583 (         sub3.asm):00472         L0EB0               fcb       $F3,$10,$83,$02,$D0,$2D,$05,$83 s...P-..
0EB8 02D02003C302D01F (         sub3.asm):00473         L0EB8               fcb       $02,$D0,$20,$03,$C3,$02,$D0,$1F .P .C.P.
0EC0 03C603BD7D2BBF1D (         sub3.asm):00474         L0EC0               fcb       $03,$C6,$03,$BD,$7D,$2B,$BF,$1D .F.=}+?.
0EC8 9310BF1D9534308E (         sub3.asm):00475         L0EC8               fcb       $93,$10,$BF,$1D,$95,$34,$30,$8E ..?..40.
0ED0 1E25BF1D8BBD7BF4 (         sub3.asm):00476         L0ED0               fcb       $1E,$25,$BF,$1D,$8B,$BD,$7B,$F4 .%?..={t
0ED8 35303001BF1D9310 (         sub3.asm):00477         L0ED8               fcb       $35,$30,$30,$01,$BF,$1D,$93,$10 500.?...
0EE0 BF1D9535303121BF (         sub3.asm):00478         L0EE0               fcb       $BF,$1D,$95,$35,$30,$31,$21,$BF ?..501!?
0EE8 1D8F10BF1D91BD7B (         sub3.asm):00479         L0EE8               fcb       $1D,$8F,$10,$BF,$1D,$91,$BD,$7B ...?..={
0EF0 F4BE1D8DBF1D8B35 (         sub3.asm):00480         L0EF0               fcb       $F4,$BE,$1D,$8D,$BF,$1D,$8B,$35 t>..?..5
0EF8 F634121F01BD7DB4 (         sub3.asm):00481         L0EF8               fcb       $F6,$34,$12,$1F,$01,$BD,$7D,$B4 v4...=}4
0F00 5D27141F10840348 (         sub3.asm):00482         L0F00               fcb       $5D,$27,$14,$1F,$10,$84,$03,$48 ]'.....H
0F08 48C4033404AAE030 (         sub3.asm):00483         L0F08               fcb       $48,$C4,$03,$34,$04,$AA,$E0,$30 HD.4.*`0
0F10 8D0089E6863592C6 (         sub3.asm):00484         L0F10               fcb       $8D,$00,$89,$E6,$86,$35,$92,$C6 ...f.5.F
0F18 1035923410308D00 (         sub3.asm):00485         L0F18               fcb       $10,$35,$92,$34,$10,$30,$8D,$00 .5.4.0..
0F20 8BB671E5810C2C3B (         sub3.asm):00486         L0F20               fcb       $8B,$B6,$71,$E5,$81,$0C,$2C,$3B .6qe..,;
0F28 81082C2F81042C0C (         sub3.asm):00487         L0F28               fcb       $81,$08,$2C,$2F,$81,$04,$2C,$0C ..,/..,.
0F30 8D12A684C634E001 (         sub3.asm):00488         L0F30               fcb       $8D,$12,$A6,$84,$C6,$34,$E0,$01 ..&.F4`.
0F38 E084359080048D04 (         sub3.asm):00489         L0F38               fcb       $E0,$84,$35,$90,$80,$04,$8D,$04 `.5.....
0F40 A6013590340448EC (         sub3.asm):00490         L0F40               fcb       $A6,$01,$35,$90,$34,$04,$48,$EC &.5.4.Hl
0F48 86308D0069308B35 (         sub3.asm):00491         L0F48               fcb       $86,$30,$8D,$00,$69,$30,$8B,$35 .0..i0.5
0F50 04583085C634E001 (         sub3.asm):00492         L0F50               fcb       $04,$58,$30,$85,$C6,$34,$E0,$01 .X0.F4`.
0F58 E0843980088D0CA6 (         sub3.asm):00493         L0F58               fcb       $E0,$84,$39,$80,$08,$8D,$0C,$A6 `.9....&
0F60 843590800C8D04A6 (         sub3.asm):00494         L0F60               fcb       $84,$35,$90,$80,$0C,$8D,$04,$A6 .5.....&
0F68 01359034044C48EC (         sub3.asm):00495         L0F68               fcb       $01,$35,$90,$34,$04,$4C,$48,$EC .5.4.LHl
0F70 86308D0041308B35 (         sub3.asm):00496         L0F70               fcb       $86,$30,$8D,$00,$41,$30,$8B,$35 .0..A0.5
0F78 045D26015C585030 (         sub3.asm):00497         L0F78               fcb       $04,$5D,$26,$01,$5C,$58,$50,$30 .]&.\XP0
0F80 85C634E001E08439 (         sub3.asm):00498         L0F80               fcb       $85,$C6,$34,$E0,$01,$E0,$84,$39 .F4`.`.9
0F88 5556595A6566696A (         sub3.asm):00499         L0F88               fcb       $55,$56,$59,$5A,$65,$66,$69,$6A UVYZefij
0F90 9596999AA5A6A9AA (         sub3.asm):00500         L0F90               fcb       $95,$96,$99,$9A,$A5,$A6,$A9,$AA ....%&)*
0F98 555AA5AA01030507 (         sub3.asm):00501         L0F98               fcb       $55,$5A,$A5,$AA,$01,$03,$05,$07 UZ%*....
0FA0 090B0D0F00020406 (         sub3.asm):00502         L0FA0               fcb       $09,$0B,$0D,$0F,$00,$02,$04,$06 ........
0FA8 080A0C0E0000006A (         sub3.asm):00503         L0FA8               fcb       $08,$0A,$0C,$0E,$00,$00,$00,$6A .......j
0FB0 00D2013A01A21D13 (         sub3.asm):00504         L0FB0               fcb       $00,$D2,$01,$3A,$01,$A2,$1D,$13 .R.:."..
0FB8 1B111A10190F170D (         sub3.asm):00505         L0FB8               fcb       $1B,$11,$1A,$10,$19,$0F,$17,$0D ........
0FC0 130B100A0B0A0B09 (         sub3.asm):00506         L0FC0               fcb       $13,$0B,$10,$0A,$0B,$0A,$0B,$09 ........
0FC8 0A080A0809080807 (         sub3.asm):00507         L0FC8               fcb       $0A,$08,$0A,$08,$09,$08,$08,$07 ........
0FD0 0607040703070306 (         sub3.asm):00508         L0FD0               fcb       $06,$07,$04,$07,$03,$07,$03,$06 ........
0FD8 0306040604050404 (         sub3.asm):00509         L0FD8               fcb       $03,$06,$04,$06,$04,$05,$04,$04 ........
0FE0 0504050306030603 (         sub3.asm):00510         L0FE0               fcb       $05,$04,$05,$03,$06,$03,$06,$03 ........
0FE8 0603060406050604 (         sub3.asm):00511         L0FE8               fcb       $06,$03,$06,$04,$06,$05,$06,$04 ........
0FF0 0503040304030404 (         sub3.asm):00512         L0FF0               fcb       $05,$03,$04,$03,$04,$03,$04,$04 ........
0FF8 0505060406040603 (         sub3.asm):00513         L0FF8               fcb       $05,$05,$06,$04,$06,$04,$06,$03 ........
1000 0602070207020602 (         sub3.asm):00514         L1000               fcb       $06,$02,$07,$02,$07,$02,$06,$02 ........
1008 0602060206030603 (         sub3.asm):00515         L1008               fcb       $06,$02,$06,$02,$06,$03,$06,$03 ........
1010 0606070A070B0813 (         sub3.asm):00516         L1010               fcb       $06,$06,$07,$0A,$07,$0B,$08,$13 ........
1018 08150B1B0D1D0F1F (         sub3.asm):00517         L1018               fcb       $08,$15,$0B,$1B,$0D,$1D,$0F,$1F ........
1020 10220F210F1F0E1E (         sub3.asm):00518         L1020               fcb       $10,$22,$0F,$21,$0F,$1F,$0E,$1E .".!....
1028 0E1D0D190C120B0C (         sub3.asm):00519         L1028               fcb       $0E,$1D,$0D,$19,$0C,$12,$0B,$0C ........
1030 0A080A050A040A04 (         sub3.asm):00520         L1030               fcb       $0A,$08,$0A,$05,$0A,$04,$0A,$04 ........
1038 0A03090209020801 (         sub3.asm):00521         L1038               fcb       $0A,$03,$09,$02,$09,$02,$08,$01 ........
1040 0801070106020502 (         sub3.asm):00522         L1040               fcb       $08,$01,$07,$01,$06,$02,$05,$02 ........
1048 0501040103020303 (         sub3.asm):00523         L1048               fcb       $05,$01,$04,$01,$03,$02,$03,$03 ........
1050 0303030403040405 (         sub3.asm):00524         L1050               fcb       $03,$03,$03,$04,$03,$04,$04,$05 ........
1058 0506060706060604 (         sub3.asm):00525         L1058               fcb       $05,$06,$06,$07,$06,$06,$06,$04 ........
1060 0704080409030A03 (         sub3.asm):00526         L1060               fcb       $07,$04,$08,$04,$09,$03,$0A,$03 ........
1068 0A020A0209020902 (         sub3.asm):00527         L1068               fcb       $0A,$02,$0A,$02,$09,$02,$09,$02 ........
1070 0802080308030804 (         sub3.asm):00528         L1070               fcb       $08,$02,$08,$03,$08,$03,$08,$04 ........
1078 09040A050E061108 (         sub3.asm):00529         L1078               fcb       $09,$04,$0A,$05,$0E,$06,$11,$08 ........
1080 15091D0A1F0B210D (         sub3.asm):00530         L1080               fcb       $15,$09,$1D,$0A,$1F,$0B,$21,$0D ......!.
1088 1B1719151813170D (         sub3.asm):00531         L1088               fcb       $1B,$17,$19,$15,$18,$13,$17,$0D ........
1090 120C0F0B0D0B0B0A (         sub3.asm):00532         L1090               fcb       $12,$0C,$0F,$0B,$0D,$0B,$0B,$0A ........
1098 0A08090708060606 (         sub3.asm):00533         L1098               fcb       $0A,$08,$09,$07,$08,$06,$06,$06 ........
10A0 0505040504040403 (         sub3.asm):00534         L10A0               fcb       $05,$05,$04,$05,$04,$04,$04,$03 ........
10A8 0303030603060306 (         sub3.asm):00535         L10A8               fcb       $03,$03,$03,$06,$03,$06,$03,$06 ........
10B0 0407040804080407 (         sub3.asm):00536         L10B0               fcb       $04,$07,$04,$08,$04,$08,$04,$07 ........
10B8 0707080409030A02 (         sub3.asm):00537         L10B8               fcb       $07,$07,$08,$04,$09,$03,$0A,$02 ........
10C0 0A03090408060606 (         sub3.asm):00538         L10C0               fcb       $0A,$03,$09,$04,$08,$06,$06,$06 ........
10C8 0606040604060406 (         sub3.asm):00539         L10C8               fcb       $06,$06,$04,$06,$04,$06,$04,$06 ........
10D0 0605080409030803 (         sub3.asm):00540         L10D0               fcb       $06,$05,$08,$04,$09,$03,$08,$03 ........
10D8 0703070507060706 (         sub3.asm):00541         L10D8               fcb       $07,$03,$07,$05,$07,$06,$07,$06 ........
10E0 0709080A090C0C0E (         sub3.asm):00542         L10E0               fcb       $07,$09,$08,$0A,$09,$0C,$0C,$0E ........
10E8 101212181319161C (         sub3.asm):00543         L10E8               fcb       $10,$12,$12,$18,$13,$19,$16,$1C ........
10F0 21121F111E101D0E (         sub3.asm):00544         L10F0               fcb       $21,$12,$1F,$11,$1E,$10,$1D,$0E !.......
10F8 1A0C190917081306 (         sub3.asm):00545         L10F8               fcb       $1A,$0C,$19,$09,$17,$08,$13,$06 ........
1100 0E050B040A040804 (         sub3.asm):00546         L1100               fcb       $0E,$05,$0B,$04,$0A,$04,$08,$04 ........
1108 0604060505050506 (         sub3.asm):00547         L1108               fcb       $06,$04,$06,$05,$05,$05,$05,$06 ........
1110 0406030703070308 (         sub3.asm):00548         L1110               fcb       $04,$06,$03,$07,$03,$07,$03,$08 ........
1118 0308030803080408 (         sub3.asm):00549         L1118               fcb       $03,$08,$03,$08,$03,$08,$04,$08 ........
1120 0508060806080707 (         sub3.asm):00550         L1120               fcb       $05,$08,$06,$08,$06,$08,$07,$07 ........
1128 0706080608060806 (         sub3.asm):00551         L1128               fcb       $07,$06,$08,$06,$08,$06,$08,$06 ........
1130 0805090409040A04 (         sub3.asm):00552         L1130               fcb       $08,$05,$09,$04,$09,$04,$0A,$04 ........
1138 0903080208020802 (         sub3.asm):00553         L1138               fcb       $09,$03,$08,$02,$08,$02,$08,$02 ........
1140 09020A040A050A06 (         sub3.asm):00554         L1140               fcb       $09,$02,$0A,$04,$0A,$05,$0A,$06 ........
1148 0A080A0B0B0C0C10 (         sub3.asm):00555         L1148               fcb       $0A,$08,$0A,$0B,$0B,$0C,$0C,$10 ........
1150 0C110E1D101E1120 (         sub3.asm):00556         L1150               fcb       $0C,$11,$0E,$1D,$10,$1E,$11,$20 .......
1158 007D4C752603869F (         sub3.asm):00557         L1158               fcb       $00,$7D,$4C,$75,$26,$03,$86,$9F .}Lu&...
1160 3986C739511BCA   (         sub3.asm):00558         L1160               fcb       $39,$86,$C7,$39,$51,$1B,$CA 9.G9Q.J

Symbol Table:
[ G] L0000                            0000
[ G] L0008                            0008
[ G] L0010                            0010
[ G] L0018                            0018
[ G] L0020                            0020
[ G] L0028                            0028
[ G] L0030                            0030
[ G] L0038                            0038
[ G] L0040                            0040
[ G] L0048                            0048
[ G] L0050                            0050
[ G] L0058                            0058
[ G] L0060                            0060
[ G] L0068                            0068
[ G] L0070                            0070
[ G] L0078                            0078
[ G] L0080                            0080
[ G] L0088                            0088
[ G] L0090                            0090
[ G] L0098                            0098
[ G] L00A0                            00A0
[ G] L00A8                            00A8
[ G] L00B0                            00B0
[ G] L00B8                            00B8
[ G] L00C0                            00C0
[ G] L00C8                            00C8
[ G] L00D0                            00D0
[ G] L00D8                            00D8
[ G] L00E0                            00E0
[ G] L00E8                            00E8
[ G] L00F0                            00F0
[ G] L00F8                            00F8
[ G] L0100                            0100
[ G] L0108                            0108
[ G] L0110                            0110
[ G] L0118                            0118
[ G] L0120                            0120
[ G] L0128                            0128
[ G] L0130                            0130
[ G] L0138                            0138
[ G] L0140                            0140
[ G] L0148                            0148
[ G] L0150                            0150
[ G] L0158                            0158
[ G] L0160                            0160
[ G] L0168                            0168
[ G] L0170                            0170
[ G] L0178                            0178
[ G] L0180                            0180
[ G] L0188                            0188
[ G] L0190                            0190
[ G] L0198                            0198
[ G] L01A0                            01A0
[ G] L01A8                            01A8
[ G] L01B0                            01B0
[ G] L01B8                            01B8
[ G] L01C0                            01C0
[ G] L01C8                            01C8
[ G] L01D0                            01D0
[ G] L01D8                            01D8
[ G] L01E0                            01E0
[ G] L01E8                            01E8
[ G] L01F0                            01F0
[ G] L01F8                            01F8
[ G] L0200                            0200
[ G] L0208                            0208
[ G] L0210                            0210
[ G] L0218                            0218
[ G] L0220                            0220
[ G] L0228                            0228
[ G] L0230                            0230
[ G] L0238                            0238
[ G] L0240                            0240
[ G] L0248                            0248
[ G] L0250                            0250
[ G] L0258                            0258
[ G] L0260                            0260
[ G] L0268                            0268
[ G] L0270                            0270
[ G] L0278                            0278
[ G] L0280                            0280
[ G] L0288                            0288
[ G] L0290                            0290
[ G] L0298                            0298
[ G] L02A0                            02A0
[ G] L02A8                            02A8
[ G] L02B0                            02B0
[ G] L02B8                            02B8
[ G] L02C0                            02C0
[ G] L02C8                            02C8
[ G] L02D0                            02D0
[ G] L02D8                            02D8
[ G] L02E0                            02E0
[ G] L02E8                            02E8
[ G] L02F0                            02F0
[ G] L02F8                            02F8
[ G] L0300                            0300
[ G] L0308                            0308
[ G] L0310                            0310
[ G] L0318                            0318
[ G] L0320                            0320
[ G] L0328                            0328
[ G] L0330                            0330
[ G] L0338                            0338
[ G] L0340                            0340
[ G] L0348                            0348
[ G] L0350                            0350
[ G] L0358                            0358
[ G] L0360                            0360
[ G] L0368                            0368
[ G] L0370                            0370
[ G] L0378                            0378
[ G] L0380                            0380
[ G] L0388                            0388
[ G] L0390                            0390
[ G] L0398                            0398
[ G] L03A0                            03A0
[ G] L03A8                            03A8
[ G] L03B0                            03B0
[ G] L03B8                            03B8
[ G] L03C0                            03C0
[ G] L03C8                            03C8
[ G] L03D0                            03D0
[ G] L03D8                            03D8
[ G] L03E0                            03E0
[ G] L03E8                            03E8
[ G] L03F0                            03F0
[ G] L03F8                            03F8
[ G] L0400                            0400
[ G] L0408                            0408
[ G] L0410                            0410
[ G] L0418                            0418
[ G] L0420                            0420
[ G] L0428                            0428
[ G] L0430                            0430
[ G] L0438                            0438
[ G] L0440                            0440
[ G] L0448                            0448
[ G] L0450                            0450
[ G] L0458                            0458
[ G] L0460                            0460
[ G] L0468                            0468
[ G] L0470                            0470
[ G] L0478                            0478
[ G] L0480                            0480
[ G] L0488                            0488
[ G] L0490                            0490
[ G] L0498                            0498
[ G] L04A0                            04A0
[ G] L04A8                            04A8
[ G] L04B0                            04B0
[ G] L04B8                            04B8
[ G] L04C0                            04C0
[ G] L04C8                            04C8
[ G] L04D0                            04D0
[ G] L04D8                            04D8
[ G] L04E0                            04E0
[ G] L04E8                            04E8
[ G] L04F0                            04F0
[ G] L04F8                            04F8
[ G] L0500                            0500
[ G] L0508                            0508
[ G] L0510                            0510
[ G] L0518                            0518
[ G] L0520                            0520
[ G] L0528                            0528
[ G] L0530                            0530
[ G] L0538                            0538
[ G] L0540                            0540
[ G] L0548                            0548
[ G] L0550                            0550
[ G] L0558                            0558
[ G] L0560                            0560
[ G] L0568                            0568
[ G] L0570                            0570
[ G] L0578                            0578
[ G] L0580                            0580
[ G] L0588                            0588
[ G] L0590                            0590
[ G] L0598                            0598
[ G] L05A0                            05A0
[ G] L05A8                            05A8
[ G] L05B0                            05B0
[ G] L05B8                            05B8
[ G] L05C0                            05C0
[ G] L05C8                            05C8
[ G] L05D0                            05D0
[ G] L05D8                            05D8
[ G] L05E0                            05E0
[ G] L05E8                            05E8
[ G] L05F0                            05F0
[ G] L05F8                            05F8
[ G] L0600                            0600
[ G] L0608                            0608
[ G] L0610                            0610
[ G] L0618                            0618
[ G] L0620                            0620
[ G] L0628                            0628
[ G] L0630                            0630
[ G] L0638                            0638
[ G] L0640                            0640
[ G] L0648                            0648
[ G] L0650                            0650
[ G] L0658                            0658
[ G] L0660                            0660
[ G] L0668                            0668
[ G] L0670                            0670
[ G] L0678                            0678
[ G] L0680                            0680
[ G] L0688                            0688
[ G] L0690                            0690
[ G] L0698                            0698
[ G] L06A0                            06A0
[ G] L06A8                            06A8
[ G] L06B0                            06B0
[ G] L06B8                            06B8
[ G] L06C0                            06C0
[ G] L06C8                            06C8
[ G] L06D0                            06D0
[ G] L06D8                            06D8
[ G] L06E0                            06E0
[ G] L06E8                            06E8
[ G] L06F0                            06F0
[ G] L06F8                            06F8
[ G] L0700                            0700
[ G] L0708                            0708
[ G] L0710                            0710
[ G] L0718                            0718
[ G] L0720                            0720
[ G] L0728                            0728
[ G] L0730                            0730
[ G] L0738                            0738
[ G] L0740                            0740
[ G] L0748                            0748
[ G] L0750                            0750
[ G] L0758                            0758
[ G] L0760                            0760
[ G] L0768                            0768
[ G] L0770                            0770
[ G] L0778                            0778
[ G] L0780                            0780
[ G] L0788                            0788
[ G] L0790                            0790
[ G] L0798                            0798
[ G] L07A0                            07A0
[ G] L07A8                            07A8
[ G] L07B0                            07B0
[ G] L07B8                            07B8
[ G] L07C0                            07C0
[ G] L07C8                            07C8
[ G] L07D0                            07D0
[ G] L07D8                            07D8
[ G] L07E0                            07E0
[ G] L07E8                            07E8
[ G] L07F0                            07F0
[ G] L07F8                            07F8
[ G] L0800                            0800
[ G] L0808                            0808
[ G] L0810                            0810
[ G] L0818                            0818
[ G] L0820                            0820
[ G] L0828                            0828
[ G] L0830                            0830
[ G] L0838                            0838
[ G] L0840                            0840
[ G] L0848                            0848
[ G] L0850                            0850
[ G] L0858                            0858
[ G] L0860                            0860
[ G] L0868                            0868
[ G] L0870                            0870
[ G] L0878                            0878
[ G] L0880                            0880
[ G] L0888                            0888
[ G] L0890                            0890
[ G] L0898                            0898
[ G] L08A0                            08A0
[ G] L08A8                            08A8
[ G] L08B0                            08B0
[ G] L08B8                            08B8
[ G] L08C0                            08C0
[ G] L08C8                            08C8
[ G] L08D0                            08D0
[ G] L08D8                            08D8
[ G] L08E0                            08E0
[ G] L08E8                            08E8
[ G] L08F0                            08F0
[ G] L08F8                            08F8
[ G] L0900                            0900
[ G] L0908                            0908
[ G] L0910                            0910
[ G] L0918                            0918
[ G] L0920                            0920
[ G] L0928                            0928
[ G] L0930                            0930
[ G] L0938                            0938
[ G] L0940                            0940
[ G] L0948                            0948
[ G] L0950                            0950
[ G] L0958                            0958
[ G] L0960                            0960
[ G] L0968                            0968
[ G] L0970                            0970
[ G] L0978                            0978
[ G] L0980                            0980
[ G] L0988                            0988
[ G] L0990                            0990
[ G] L0998                            0998
[ G] L09A0                            09A0
[ G] L09A8                            09A8
[ G] L09B0                            09B0
[ G] L09B8                            09B8
[ G] L09C0                            09C0
[ G] L09C8                            09C8
[ G] L09D0                            09D0
[ G] L09D8                            09D8
[ G] L09E0                            09E0
[ G] L09E8                            09E8
[ G] L09F0                            09F0
[ G] L09F8                            09F8
[ G] L0A00                            0A00
[ G] L0A08                            0A08
[ G] L0A10                            0A10
[ G] L0A18                            0A18
[ G] L0A20                            0A20
[ G] L0A28                            0A28
[ G] L0A30                            0A30
[ G] L0A38                            0A38
[ G] L0A40                            0A40
[ G] L0A48                            0A48
[ G] L0A50                            0A50
[ G] L0A58                            0A58
[ G] L0A60                            0A60
[ G] L0A68                            0A68
[ G] L0A70                            0A70
[ G] L0A78                            0A78
[ G] L0A80                            0A80
[ G] L0A88                            0A88
[ G] L0A90                            0A90
[ G] L0A98                            0A98
[ G] L0AA0                            0AA0
[ G] L0AA8                            0AA8
[ G] L0AB0                            0AB0
[ G] L0AB8                            0AB8
[ G] L0AC0                            0AC0
[ G] L0AC8                            0AC8
[ G] L0AD0                            0AD0
[ G] L0AD8                            0AD8
[ G] L0AE0                            0AE0
[ G] L0AE8                            0AE8
[ G] L0AF0                            0AF0
[ G] L0AF8                            0AF8
[ G] L0B00                            0B00
[ G] L0B08                            0B08
[ G] L0B10                            0B10
[ G] L0B18                            0B18
[ G] L0B20                            0B20
[ G] L0B28                            0B28
[ G] L0B30                            0B30
[ G] L0B38                            0B38
[ G] L0B40                            0B40
[ G] L0B48                            0B48
[ G] L0B50                            0B50
[ G] L0B58                            0B58
[ G] L0B60                            0B60
[ G] L0B68                            0B68
[ G] L0B70                            0B70
[ G] L0B78                            0B78
[ G] L0B80                            0B80
[ G] L0B88                            0B88
[ G] L0B90                            0B90
[ G] L0B98                            0B98
[ G] L0BA0                            0BA0
[ G] L0BA8                            0BA8
[ G] L0BB0                            0BB0
[ G] L0BB8                            0BB8
[ G] L0BC0                            0BC0
[ G] L0BC8                            0BC8
[ G] L0BD0                            0BD0
[ G] L0BD8                            0BD8
[ G] L0BE0                            0BE0
[ G] L0BE8                            0BE8
[ G] L0BF0                            0BF0
[ G] L0BF8                            0BF8
[ G] L0C00                            0C00
[ G] L0C08                            0C08
[ G] L0C10                            0C10
[ G] L0C18                            0C18
[ G] L0C20                            0C20
[ G] L0C28                            0C28
[ G] L0C30                            0C30
[ G] L0C38                            0C38
[ G] L0C40                            0C40
[ G] L0C48                            0C48
[ G] L0C50                            0C50
[ G] L0C58                            0C58
[ G] L0C60                            0C60
[ G] L0C68                            0C68
[ G] L0C70                            0C70
[ G] L0C78                            0C78
[ G] L0C80                            0C80
[ G] L0C88                            0C88
[ G] L0C90                            0C90
[ G] L0C98                            0C98
[ G] L0CA0                            0CA0
[ G] L0CA8                            0CA8
[ G] L0CB0                            0CB0
[ G] L0CB8                            0CB8
[ G] L0CC0                            0CC0
[ G] L0CC8                            0CC8
[ G] L0CD0                            0CD0
[ G] L0CD8                            0CD8
[ G] L0CE0                            0CE0
[ G] L0CE8                            0CE8
[ G] L0CF0                            0CF0
[ G] L0CF8                            0CF8
[ G] L0D00                            0D00
[ G] L0D08                            0D08
[ G] L0D10                            0D10
[ G] L0D18                            0D18
[ G] L0D20                            0D20
[ G] L0D28                            0D28
[ G] L0D30                            0D30
[ G] L0D38                            0D38
[ G] L0D40                            0D40
[ G] L0D48                            0D48
[ G] L0D50                            0D50
[ G] L0D58                            0D58
[ G] L0D60                            0D60
[ G] L0D68                            0D68
[ G] L0D70                            0D70
[ G] L0D78                            0D78
[ G] L0D80                            0D80
[ G] L0D88                            0D88
[ G] L0D90                            0D90
[ G] L0D98                            0D98
[ G] L0DA0                            0DA0
[ G] L0DA8                            0DA8
[ G] L0DB0                            0DB0
[ G] L0DB8                            0DB8
[ G] L0DC0                            0DC0
[ G] L0DC8                            0DC8
[ G] L0DD0                            0DD0
[ G] L0DD8                            0DD8
[ G] L0DE0                            0DE0
[ G] L0DE8                            0DE8
[ G] L0DF0                            0DF0
[ G] L0DF8                            0DF8
[ G] L0E00                            0E00
[ G] L0E08                            0E08
[ G] L0E10                            0E10
[ G] L0E18                            0E18
[ G] L0E20                            0E20
[ G] L0E28                            0E28
[ G] L0E30                            0E30
[ G] L0E38                            0E38
[ G] L0E40                            0E40
[ G] L0E48                            0E48
[ G] L0E50                            0E50
[ G] L0E58                            0E58
[ G] L0E60                            0E60
[ G] L0E68                            0E68
[ G] L0E70                            0E70
[ G] L0E78                            0E78
[ G] L0E80                            0E80
[ G] L0E88                            0E88
[ G] L0E90                            0E90
[ G] L0E98                            0E98
[ G] L0EA0                            0EA0
[ G] L0EA8                            0EA8
[ G] L0EB0                            0EB0
[ G] L0EB8                            0EB8
[ G] L0EC0                            0EC0
[ G] L0EC8                            0EC8
[ G] L0ED0                            0ED0
[ G] L0ED8                            0ED8
[ G] L0EE0                            0EE0
[ G] L0EE8                            0EE8
[ G] L0EF0                            0EF0
[ G] L0EF8                            0EF8
[ G] L0F00                            0F00
[ G] L0F08                            0F08
[ G] L0F10                            0F10
[ G] L0F18                            0F18
[ G] L0F20                            0F20
[ G] L0F28                            0F28
[ G] L0F30                            0F30
[ G] L0F38                            0F38
[ G] L0F40                            0F40
[ G] L0F48                            0F48
[ G] L0F50                            0F50
[ G] L0F58                            0F58
[ G] L0F60                            0F60
[ G] L0F68                            0F68
[ G] L0F70                            0F70
[ G] L0F78                            0F78
[ G] L0F80                            0F80
[ G] L0F88                            0F88
[ G] L0F90                            0F90
[ G] L0F98                            0F98
[ G] L0FA0                            0FA0
[ G] L0FA8                            0FA8
[ G] L0FB0                            0FB0
[ G] L0FB8                            0FB8
[ G] L0FC0                            0FC0
[ G] L0FC8                            0FC8
[ G] L0FD0                            0FD0
[ G] L0FD8                            0FD8
[ G] L0FE0                            0FE0
[ G] L0FE8                            0FE8
[ G] L0FF0                            0FF0
[ G] L0FF8                            0FF8
[ G] L1000                            1000
[ G] L1008                            1008
[ G] L1010                            1010
[ G] L1018                            1018
[ G] L1020                            1020
[ G] L1028                            1028
[ G] L1030                            1030
[ G] L1038                            1038
[ G] L1040                            1040
[ G] L1048                            1048
[ G] L1050                            1050
[ G] L1058                            1058
[ G] L1060                            1060
[ G] L1068                            1068
[ G] L1070                            1070
[ G] L1078                            1078
[ G] L1080                            1080
[ G] L1088                            1088
[ G] L1090                            1090
[ G] L1098                            1098
[ G] L10A0                            10A0
[ G] L10A8                            10A8
[ G] L10B0                            10B0
[ G] L10B8                            10B8
[ G] L10C0                            10C0
[ G] L10C8                            10C8
[ G] L10D0                            10D0
[ G] L10D8                            10D8
[ G] L10E0                            10E0
[ G] L10E8                            10E8
[ G] L10F0                            10F0
[ G] L10F8                            10F8
[ G] L1100                            1100
[ G] L1108                            1108
[ G] L1110                            1110
[ G] L1118                            1118
[ G] L1120                            1120
[ G] L1128                            1128
[ G] L1130                            1130
[ G] L1138                            1138
[ G] L1140                            1140
[ G] L1148                            1148
[ G] L1150                            1150
[ G] L1158                            1158
[ G] L1160                            1160
[SG] NOS9MAJ                          0003
[SG] NOS9MIN                          0000
[SG] NOS9VER                          0003
