                      (l1/cmds/telnet.as):00001         ********************************************************************
                      (l1/cmds/telnet.as):00002         * telnet - telnet client
                      (l1/cmds/telnet.as):00003         *
                      (l1/cmds/telnet.as):00004         * Notes:
                      (l1/cmds/telnet.as):00005         * This utility works in similar fashion to telnet commands on other systems.
                      (l1/cmds/telnet.as):00006         * The user can telnet to a location, and once there, press the TELESCAPE key
                      (l1/cmds/telnet.as):00007         * to invoke telnet command mode.
                      (l1/cmds/telnet.as):00008         *
                      (l1/cmds/telnet.as):00009         * Two sets of path options are kept for the standard input.  The first is an
                      (l1/cmds/telnet.as):00010         * unmodified copy and the second is a modifable copy.  The second is set up
                      (l1/cmds/telnet.as):00011         * for raw mode and is used when communicating with the host.  The first will
                      (l1/cmds/telnet.as):00012         * be used when going into telnet command mode or exiting the telnet program.
                      (l1/cmds/telnet.as):00013         *
                      (l1/cmds/telnet.as):00014         * The signal handler catches the S$HUP signal and shuts down gracefully.  It
                      (l1/cmds/telnet.as):00015         * also looks for the ABORT/QUIT characters and relays them to the session.
                      (l1/cmds/telnet.as):00016         *
                      (l1/cmds/telnet.as):00017         * Reference used: http://www.faqs.org/rfcs/rfc854.html
                      (l1/cmds/telnet.as):00018         *
                      (l1/cmds/telnet.as):00019         * Edt/Rev  YYYY/MM/DD  Modified by
                      (l1/cmds/telnet.as):00020         * Comment
                      (l1/cmds/telnet.as):00021         * ------------------------------------------------------------------
                      (l1/cmds/telnet.as):00022         *   1      2010/01/02  Aaron Wolfe
                      (l1/cmds/telnet.as):00023         * Most basic implementation using new DW utility API
                      (l1/cmds/telnet.as):00024         *
                      (l1/cmds/telnet.as):00025         *   2      2010/01/06  Boisy G. Pitre
                      (l1/cmds/telnet.as):00026         * Reformatted and optimized source. Added SS.Opt support, added telnet
                      (l1/cmds/telnet.as):00027         * command mode which can be entered by pressing the TELESCAPE key.
                      (l1/cmds/telnet.as):00028         *
                      (l1/cmds/telnet.as):00029         *   3      2010/01/07  Boisy G. Pitre
                      (l1/cmds/telnet.as):00030         * Reworked buffer processing routine.
                      (l1/cmds/telnet.as):00031         *
                      (l1/cmds/telnet.as):00032         *   4      2010/01/12  Boisy G. Pitre
                      (l1/cmds/telnet.as):00033         * We allow host to do echo if it wants, we also now advertise the
                      (l1/cmds/telnet.as):00034         * escape character when a connection is successful.
                      (l1/cmds/telnet.as):00035         *
                      (l1/cmds/telnet.as):00036         *   5      2010/01/15  Boisy G. Pitre
                      (l1/cmds/telnet.as):00037         * Modified to be an rma assembled module and use the netlib library.
                      (l1/cmds/telnet.as):00038         
                      (l1/cmds/telnet.as):00039         * Set to 1 if you want to see telnet CTRL chars from host
     0000             (l1/cmds/telnet.as):00040         DEBUG               set       0
                      (l1/cmds/telnet.as):00041         
                      (l1/cmds/telnet.as):00042                             nam       telnet
                      (l1/cmds/telnet.as):00043                             ttl       program module
                      (l1/cmds/telnet.as):00044         
                      (l1/cmds/telnet.as):00045                             section   __os9
     ????             (l1/cmds/telnet.as):00046         type                equ       Prgrm
     ????             (l1/cmds/telnet.as):00047         lang                equ       Objct
     ????             (l1/cmds/telnet.as):00048         attr                equ       ReEnt
     0000             (l1/cmds/telnet.as):00049         rev                 equ       $00
     0005             (l1/cmds/telnet.as):00050         edition             equ       5
     00C8             (l1/cmds/telnet.as):00051         stack               equ       200
                      (l1/cmds/telnet.as):00052                             endsect
                      (l1/cmds/telnet.as):00053         
                      (l1/cmds/telnet.as):00054                             section   bss
0000                  (l1/cmds/telnet.as):00055         connected           rmb       1
0001                  (l1/cmds/telnet.as):00056         netdatardy          rmb       1
0002                  (l1/cmds/telnet.as):00057         keydatardy          rmb       1
0003                  (l1/cmds/telnet.as):00058         lastsig             rmb       1
0004                  (l1/cmds/telnet.as):00059         port                rmb       2
0006                  (l1/cmds/telnet.as):00060         hostname            rmb       2
0008                  (l1/cmds/telnet.as):00061         pbuffer             rmb       256
     0108             (l1/cmds/telnet.as):00062         pbufferl            equ       *
0108                  (l1/cmds/telnet.as):00063         pbend               rmb       2
010A                  (l1/cmds/telnet.as):00064         cbuffer             rmb       256
020A                  (l1/cmds/telnet.as):00065         ccount              rmb       1
020B                  (l1/cmds/telnet.as):00066         opts                rmb       32
022B                  (l1/cmds/telnet.as):00067         orgopts             rmb       32
     0020             (l1/cmds/telnet.as):00068         tcmdbufl            equ       32
024B                  (l1/cmds/telnet.as):00069         tcmdbuf             rmb       tcmdbufl
026B                  (l1/cmds/telnet.as):00070         portdev             rmb       10
0275                  (l1/cmds/telnet.as):00071         netpath             rmb       1
0276                  (l1/cmds/telnet.as):00072         outpath             rmb       1
0277                  (l1/cmds/telnet.as):00073         numbyt              rmb       1
0278                  (l1/cmds/telnet.as):00074         state               rmb       1
0279                  (l1/cmds/telnet.as):00075         telctrlbuf          rmb       3
                      (l1/cmds/telnet.as):00076                             endsect
                      (l1/cmds/telnet.as):00077         
                      (l1/cmds/telnet.as):00078                             section   code
                      (l1/cmds/telnet.as):00079         
     0019             (l1/cmds/telnet.as):00080         TELESCAPE           equ       'Y-$40              * CTRL-Y
                      (l1/cmds/telnet.as):00081         
     0020             (l1/cmds/telnet.as):00082         NetSig              equ       32
     0021             (l1/cmds/telnet.as):00083         KeySig              equ       33
                      (l1/cmds/telnet.as):00084         
     00F0             (l1/cmds/telnet.as):00085         SE                  equ       240                 * end of subnegotiation parameters
     00F1             (l1/cmds/telnet.as):00086         NOP                 equ       241                 * no operation
     00F2             (l1/cmds/telnet.as):00087         DataMark            equ       242                 * the data stream portion of a Synch. This should always be accompanied by a TCP Urgent notification.
     00F3             (l1/cmds/telnet.as):00088         Break               equ       243                 * NVT character BRK.
     00F4             (l1/cmds/telnet.as):00089         IntProc             equ       244                 * the function IP
     00F5             (l1/cmds/telnet.as):00090         AbortOut            equ       245                 * the function AO.
     00F6             (l1/cmds/telnet.as):00091         AreUThere           equ       246                 * the function AYT
     00F7             (l1/cmds/telnet.as):00092         EraseChar           equ       247                 * the function EC.
     00F8             (l1/cmds/telnet.as):00093         EraseLine           equ       248                 * the function EL.
     00F9             (l1/cmds/telnet.as):00094         GoAhead             equ       249                 * the GA signal.
     00FA             (l1/cmds/telnet.as):00095         SB                  equ       250                 * indicates that what follows is subnegotiation of the indicated option.
     00FB             (l1/cmds/telnet.as):00096         WILL                equ       251                 * indicates the desire to begin performing, or confirmation that you are now performing, the indicated option.
     00FC             (l1/cmds/telnet.as):00097         WONT                equ       252                 * indicates the refusal to perform, or continue performing, the indicated option.
     00FD             (l1/cmds/telnet.as):00098         DO                  equ       253                 * indicates the request that the other party perform, or confirmation that you are expecting the other party to perform, the indicated option.
     00FE             (l1/cmds/telnet.as):00099         DONT                equ       254                 * indicates the demand that the other party stop performing, or confirmation that you are no longer expecting the other party to perform, the indicated option.
     00FF             (l1/cmds/telnet.as):00100         IAC                 equ       255                 * data byte 255.
                      (l1/cmds/telnet.as):00101         
                      (l1/cmds/telnet.as):00102         * Telnet Options
     0001             (l1/cmds/telnet.as):00103         TO_ECHO             equ       $01
                      (l1/cmds/telnet.as):00104         
0000 4573636170652063 (l1/cmds/telnet.as):00105         escprompt           fcc       /Escape character is '^/
     6861726163746572
     20697320275E
0016 59               (l1/cmds/telnet.as):00106                             fcb       TELESCAPE+$40
0017 272E             (l1/cmds/telnet.as):00107                             fcc       /'./
0019 0000             (l1/cmds/telnet.as):00108         crlf                fcb       C$CR,C$LF
     001B             (l1/cmds/telnet.as):00109         escpromptl          equ       *-escprompt
001B 74656C6E65743E20 (l1/cmds/telnet.as):00110         tprompt             fcc       /telnet> /
     0008             (l1/cmds/telnet.as):00111         tpromptl            equ       *-tprompt
                      (l1/cmds/telnet.as):00112         
0023 547279696E672E2E (l1/cmds/telnet.as):00113         trying              fcc       /Trying.../
     2E
002C 00               (l1/cmds/telnet.as):00114                             fcb       C$CR
     000A             (l1/cmds/telnet.as):00115         tryingl             equ       *-trying
                      (l1/cmds/telnet.as):00116         
002D 436F6E6E65637469 (l1/cmds/telnet.as):00117         peerclosm           fcc       /Connection closed by foreign host./
     6F6E20636C6F7365
     6420627920666F72
     6569676E20686F73
     742E
004F 00               (l1/cmds/telnet.as):00118                             fcb       C$CR
     0023             (l1/cmds/telnet.as):00119         peerclosml          equ       *-peerclosm
                      (l1/cmds/telnet.as):00120         
0050 5573696E6720706F (l1/cmds/telnet.as):00121         using               fcc       'Using port '
     727420
     000B             (l1/cmds/telnet.as):00122         usingl              equ       *-using
                      (l1/cmds/telnet.as):00123         
005B 3233             (l1/cmds/telnet.as):00124         defportstr          fcc       '23'
005D 00               (l1/cmds/telnet.as):00125                             fcb       0
                      (l1/cmds/telnet.as):00126         
005E                  (l1/cmds/telnet.as):00127         peerclosed
005E 6FC90000         (l1/cmds/telnet.as):00128                             clr       connected,u
0062 8601             (l1/cmds/telnet.as):00129                             lda       #1
0064 308CC6           (l1/cmds/telnet.as):00130                             leax      peerclosm,pcr
0067 108E0023         (l1/cmds/telnet.as):00131                             ldy       #peerclosml
006B 103F00           (l1/cmds/telnet.as):00132                             os9       I$WritLn
006E 1601CB           (l1/cmds/telnet.as):00133                             lbra      done
                      (l1/cmds/telnet.as):00134         
                      (l1/cmds/telnet.as):00135         * signal intercept routine
0071                  (l1/cmds/telnet.as):00136         sigint
0071 E7C90000         (l1/cmds/telnet.as):00137                             stb       lastsig,u           * save our signal received
0075 C121             (l1/cmds/telnet.as):00138                             cmpb      #KeySig
0077 2605             (l1/cmds/telnet.as):00139                             bne       netchk
0079 6CC90000         (l1/cmds/telnet.as):00140                             inc       keydatardy,u
007D 3B               (l1/cmds/telnet.as):00141                             rti
007E C120             (l1/cmds/telnet.as):00142         netchk              cmpb      #NetSig
0080 2605             (l1/cmds/telnet.as):00143                             bne       hupchk
0082 6CC90000         (l1/cmds/telnet.as):00144                             inc       netdatardy,u
0086 3B               (l1/cmds/telnet.as):00145                             rti
0087 C100             (l1/cmds/telnet.as):00146         hupchk              cmpb      #S$HUP              * disconnect from peer signal received?
0089 27D3             (l1/cmds/telnet.as):00147                             beq       peerclosed          * yep, exit nicely
008B 8603             (l1/cmds/telnet.as):00148                             lda       #$03                * usual interrupt character
008D C100             (l1/cmds/telnet.as):00149                             cmpb      #S$Intrpt
008F 2706             (l1/cmds/telnet.as):00150                             beq       chksig
0091 8605             (l1/cmds/telnet.as):00151                             lda       #$05                * usual quit character
0093 C100             (l1/cmds/telnet.as):00152                             cmpb      #S$Abort
0095 2619             (l1/cmds/telnet.as):00153                             bne       sigex
0097 6DC90000         (l1/cmds/telnet.as):00154         chksig              tst       connected,u
009B 1027019D         (l1/cmds/telnet.as):00155                             lbeq      done
009F 3402             (l1/cmds/telnet.as):00156                             pshs      a
00A1 30E4             (l1/cmds/telnet.as):00157                             leax      ,s
00A3 108E0001         (l1/cmds/telnet.as):00158                             ldy       #$0001
00A7 A6C90000         (l1/cmds/telnet.as):00159                             lda       netpath,u
00AB 103F00           (l1/cmds/telnet.as):00160                             os9       I$Write
00AE 3502             (l1/cmds/telnet.as):00161                             puls      a
00B0 3B               (l1/cmds/telnet.as):00162         sigex               rti
                      (l1/cmds/telnet.as):00163         
                      (l1/cmds/telnet.as):00164         * save initial parameters
00B1 3410             (l1/cmds/telnet.as):00165         __start             pshs      x
00B3 6FC90000         (l1/cmds/telnet.as):00166                             clr       connected,u
00B7 6FC90000         (l1/cmds/telnet.as):00167                             clr       netdatardy,u
00BB 6FC90000         (l1/cmds/telnet.as):00168                             clr       keydatardy,u
                      (l1/cmds/telnet.as):00169         
                      (l1/cmds/telnet.as):00170         * setup signal intercept
00BF 308CAF           (l1/cmds/telnet.as):00171                             leax      sigint,pcr
00C2 103F00           (l1/cmds/telnet.as):00172                             os9       F$Icpt
                      (l1/cmds/telnet.as):00173         
                      (l1/cmds/telnet.as):00174         * get path options (original and modifiable copy)
00C5 30C90000         (l1/cmds/telnet.as):00175                             leax      orgopts,u
00C9 CC0000           (l1/cmds/telnet.as):00176                             ldd       #SS.Opt
00CC 103F00           (l1/cmds/telnet.as):00177                             os9       I$GetStt
00CF 1025016A         (l1/cmds/telnet.as):00178                             lbcs      errex2
                      (l1/cmds/telnet.as):00179         
00D3 30C90000         (l1/cmds/telnet.as):00180                             leax      opts,u
00D7 CC0000           (l1/cmds/telnet.as):00181                             ldd       #SS.Opt
00DA 103F00           (l1/cmds/telnet.as):00182                             os9       I$GetStt
00DD 1025015C         (l1/cmds/telnet.as):00183                             lbcs      errex2
                      (l1/cmds/telnet.as):00184         
                      (l1/cmds/telnet.as):00185         * set up our path to be raw (we will actually set it later)
00E1 30890000         (l1/cmds/telnet.as):00186                             leax      PD.UPC-PD.OPT,x
00E5 C600             (l1/cmds/telnet.as):00187                             ldb       #PD.INT-PD.UPC
00E7 6F80             (l1/cmds/telnet.as):00188         rawloop             clr       ,x+
00E9 5A               (l1/cmds/telnet.as):00189                             decb
00EA 26FB             (l1/cmds/telnet.as):00190                             bne       rawloop
                      (l1/cmds/telnet.as):00191         
                      (l1/cmds/telnet.as):00192         * set address as nul terminated string
00EC                  (l1/cmds/telnet.as):00193         addrloop
00EC AEE4             (l1/cmds/telnet.as):00194                             ldx       ,s
00EE                  (l1/cmds/telnet.as):00195         addrloop2
00EE A680             (l1/cmds/telnet.as):00196                             lda       ,x+
00F0 8100             (l1/cmds/telnet.as):00197                             cmpa      #C$SPAC
00F2 2706             (l1/cmds/telnet.as):00198                             beq       nilit
00F4 8100             (l1/cmds/telnet.as):00199                             cmpa      #C$CR
00F6 2702             (l1/cmds/telnet.as):00200                             beq       nilit
00F8 20F4             (l1/cmds/telnet.as):00201                             bra       addrloop2
                      (l1/cmds/telnet.as):00202         
00FA 6F1F             (l1/cmds/telnet.as):00203         nilit               clr       -1,x                nil terminate previous param
00FC 8100             (l1/cmds/telnet.as):00204                             cmpa      #C$CR               are we at end of command line?
00FE 270E             (l1/cmds/telnet.as):00205                             beq       defaultport         yep, set default port
                      (l1/cmds/telnet.as):00206         
0100 A680             (l1/cmds/telnet.as):00207         skipspc             lda       ,x+
0102 8100             (l1/cmds/telnet.as):00208                             cmpa      #C$CR
0104 2708             (l1/cmds/telnet.as):00209                             beq       defaultport
0106 8100             (l1/cmds/telnet.as):00210                             cmpa      #C$SPAC
0108 27F6             (l1/cmds/telnet.as):00211                             beq       skipspc
                      (l1/cmds/telnet.as):00212         * if here, we have a second parameter... probably port number
010A 311F             (l1/cmds/telnet.as):00213                             leay      -1,x
010C 2004             (l1/cmds/telnet.as):00214                             bra       parsedone
010E 318DFF49         (l1/cmds/telnet.as):00215         defaultport         leay      defportstr,pcr
0112 3510             (l1/cmds/telnet.as):00216         parsedone           puls      x
                      (l1/cmds/telnet.as):00217         
                      (l1/cmds/telnet.as):00218         * X holds pointer to nul terminated address
                      (l1/cmds/telnet.as):00219         * Y holds port number string (nil terminated)
                      (l1/cmds/telnet.as):00220         * do the open and connect
0114 3420             (l1/cmds/telnet.as):00221                             pshs      y
0116 EDC90000         (l1/cmds/telnet.as):00222                             std       port,u
011A AFC90000         (l1/cmds/telnet.as):00223                             stx       hostname,u
                      (l1/cmds/telnet.as):00224         
                      (l1/cmds/telnet.as):00225         * announce our attempt to try to connect
011E 8601             (l1/cmds/telnet.as):00226                             lda       #1
0120 108E000A         (l1/cmds/telnet.as):00227                             ldy       #tryingl
0124 308DFEFB         (l1/cmds/telnet.as):00228                             leax      trying,pcr
0128 103F00           (l1/cmds/telnet.as):00229                             os9       I$WritLn
                      (l1/cmds/telnet.as):00230         
012B 170000           (l1/cmds/telnet.as):00231                             lbsr      TCPOpen
012E 3520             (l1/cmds/telnet.as):00232                             puls      y
0130 10250122         (l1/cmds/telnet.as):00233                             lbcs      errex1
0134 A7C90000         (l1/cmds/telnet.as):00234                             sta       netpath,u
0138 AEC90000         (l1/cmds/telnet.as):00235                             ldx       hostname,u
013C 170000           (l1/cmds/telnet.as):00236                             lbsr      TCPConnectToHost
013F 102500FA         (l1/cmds/telnet.as):00237                             lbcs      errex2
0143 170000           (l1/cmds/telnet.as):00238                             lbsr      RawPath
                      (l1/cmds/telnet.as):00239         
                      (l1/cmds/telnet.as):00240         * we're connected...
0146 8601             (l1/cmds/telnet.as):00241                             lda       #1
0148 A7C90000         (l1/cmds/telnet.as):00242                             sta       connected,u
014C 308DFEB0         (l1/cmds/telnet.as):00243                             leax      escprompt,pcr
0150 108E001B         (l1/cmds/telnet.as):00244                             ldy       #escpromptl
0154 103F00           (l1/cmds/telnet.as):00245                             os9       I$WritLn
                      (l1/cmds/telnet.as):00246         
                      (l1/cmds/telnet.as):00247         * make our stdin opts raw
0157 30C90000         (l1/cmds/telnet.as):00248                             leax      opts,u
015B CC0000           (l1/cmds/telnet.as):00249                             ldd       #SS.Opt
015E 103F00           (l1/cmds/telnet.as):00250                             os9       I$SetStt
0161 102500D8         (l1/cmds/telnet.as):00251                             lbcs      errex2
                      (l1/cmds/telnet.as):00252         
                      (l1/cmds/telnet.as):00253         * setup data ready signal on stdin
0165 4F               (l1/cmds/telnet.as):00254                             clra
0166 C600             (l1/cmds/telnet.as):00255                             ldb       #SS.SSig
0168 8E0021           (l1/cmds/telnet.as):00256                             ldx       #KeySig
016B 103F00           (l1/cmds/telnet.as):00257                             os9       I$SetStt
016E 102500CB         (l1/cmds/telnet.as):00258                             lbcs      errex2
                      (l1/cmds/telnet.as):00259         
                      (l1/cmds/telnet.as):00260         * setup data ready signal on netpath
0172 A6C90000         (l1/cmds/telnet.as):00261                             lda       netpath,u
0176 C600             (l1/cmds/telnet.as):00262                             ldb       #SS.SSig
0178 8E0020           (l1/cmds/telnet.as):00263                             ldx       #NetSig
017B 103F00           (l1/cmds/telnet.as):00264                             os9       I$SetStt
017E 102500BB         (l1/cmds/telnet.as):00265                             lbcs      errex2
                      (l1/cmds/telnet.as):00266         
                      (l1/cmds/telnet.as):00267         * response loop
                      (l1/cmds/telnet.as):00268         * check for typed characters
0182                  (l1/cmds/telnet.as):00269         rloop
0182 3401             (l1/cmds/telnet.as):00270                             pshs      cc                  save interrupt state
0184 1A00             (l1/cmds/telnet.as):00271                             orcc      #IntMasks           mask interrupts
0186 6DC90000         (l1/cmds/telnet.as):00272                             tst       netdatardy,u
018A 2618             (l1/cmds/telnet.as):00273                             bne       GetNetData
018C 6DC90000         (l1/cmds/telnet.as):00274                             tst       keydatardy,u
0190 260A             (l1/cmds/telnet.as):00275                             bne       GetKeyData
                      (l1/cmds/telnet.as):00276         * sleep until signal
0192 8E0000           (l1/cmds/telnet.as):00277                             ldx       #$0000
0195 103F00           (l1/cmds/telnet.as):00278                             os9       F$Sleep
0198 3501             (l1/cmds/telnet.as):00279                             puls      cc
019A 20E6             (l1/cmds/telnet.as):00280                             bra       rloop
                      (l1/cmds/telnet.as):00281         
019C 3501             (l1/cmds/telnet.as):00282         GetKeyData          puls      cc
019E 6AC90000         (l1/cmds/telnet.as):00283                             dec       keydatardy,u
01A2 2063             (l1/cmds/telnet.as):00284                             bra       stdinc
                      (l1/cmds/telnet.as):00285         
01A4 3501             (l1/cmds/telnet.as):00286         GetNetData          puls      cc
01A6 6AC90000         (l1/cmds/telnet.as):00287                             dec       netdatardy,u
01AA A6C90000         (l1/cmds/telnet.as):00288                             lda       netpath,u
01AE C600             (l1/cmds/telnet.as):00289                             ldb       #SS.Ready
01B0 103F00           (l1/cmds/telnet.as):00290                             os9       I$GetStt
01B3 102400A2         (l1/cmds/telnet.as):00291                             lbcc      serinc              read and print the byte
01B7 20C9             (l1/cmds/telnet.as):00292                             bra       rloop
                      (l1/cmds/telnet.as):00293         
                      (l1/cmds/telnet.as):00294         * telnet command interface
01B9                  (l1/cmds/telnet.as):00295         cmdint
                      (l1/cmds/telnet.as):00296         * restore original opts for now
01B9 30C90000         (l1/cmds/telnet.as):00297                             leax      orgopts,u
01BD CC0000           (l1/cmds/telnet.as):00298                             ldd       #SS.Opt
01C0 103F00           (l1/cmds/telnet.as):00299                             os9       I$SetStt
01C3 2578             (l1/cmds/telnet.as):00300                             bcs       errex2
                      (l1/cmds/telnet.as):00301         
                      (l1/cmds/telnet.as):00302         * write CR
01C5 8601             (l1/cmds/telnet.as):00303                             lda       #1
01C7 308DFE4E         (l1/cmds/telnet.as):00304                             leax      crlf,pcr
01CB 108E0002         (l1/cmds/telnet.as):00305                             ldy       #$02
01CF 103F00           (l1/cmds/telnet.as):00306                             os9       I$Write
                      (l1/cmds/telnet.as):00307         
                      (l1/cmds/telnet.as):00308         * show prompt
01D2                  (l1/cmds/telnet.as):00309         cmdloop
01D2 8601             (l1/cmds/telnet.as):00310                             lda       #1
01D4 308DFE43         (l1/cmds/telnet.as):00311                             leax      tprompt,pcr
01D8 108E0008         (l1/cmds/telnet.as):00312                             ldy       #tpromptl
01DC 103F00           (l1/cmds/telnet.as):00313                             os9       I$Write
                      (l1/cmds/telnet.as):00314         
                      (l1/cmds/telnet.as):00315         * read command
01DF 30C90000         (l1/cmds/telnet.as):00316                             leax      tcmdbuf,u
01E3 108E0020         (l1/cmds/telnet.as):00317                             ldy       #tcmdbufl
01E7 4F               (l1/cmds/telnet.as):00318                             clra
01E8 103F00           (l1/cmds/telnet.as):00319                             os9       I$ReadLn
01EB 2550             (l1/cmds/telnet.as):00320                             bcs       errex2
                      (l1/cmds/telnet.as):00321         
                      (l1/cmds/telnet.as):00322         * process command
01ED A684             (l1/cmds/telnet.as):00323                             lda       ,x
01EF 845F             (l1/cmds/telnet.as):00324                             anda      #$5F                * make uppercase
                      (l1/cmds/telnet.as):00325         
01F1 8100             (l1/cmds/telnet.as):00326                             cmpa      #C$CR
01F3 2706             (l1/cmds/telnet.as):00327                             beq       ret2tel             * just CR... return to telnet session
01F5 8151             (l1/cmds/telnet.as):00328                             cmpa      #'Q
01F7 2743             (l1/cmds/telnet.as):00329                             beq       okex
01F9 20D7             (l1/cmds/telnet.as):00330                             bra       cmdloop
                      (l1/cmds/telnet.as):00331         
                      (l1/cmds/telnet.as):00332         * return to telnet session
01FB                  (l1/cmds/telnet.as):00333         ret2tel
01FB 30C90000         (l1/cmds/telnet.as):00334                             leax      opts,u
01FF CC0000           (l1/cmds/telnet.as):00335                             ldd       #SS.Opt
0202 103F00           (l1/cmds/telnet.as):00336                             os9       I$SetStt
0205 2536             (l1/cmds/telnet.as):00337                             bcs       errex2
                      (l1/cmds/telnet.as):00338         
                      (l1/cmds/telnet.as):00339         * read one byte from stdin, send to server
0207 108E0001         (l1/cmds/telnet.as):00340         stdinc              ldy       #$0001
020B 4F               (l1/cmds/telnet.as):00341                             clra
020C 30C90000         (l1/cmds/telnet.as):00342                             leax      numbyt,u
0210 103F00           (l1/cmds/telnet.as):00343                             os9       I$Read
0213 2528             (l1/cmds/telnet.as):00344                             bcs       errex2
                      (l1/cmds/telnet.as):00345         
                      (l1/cmds/telnet.as):00346         * check if it is an escape character
0215 A684             (l1/cmds/telnet.as):00347                             lda       ,x
0217 8119             (l1/cmds/telnet.as):00348                             cmpa      #TELESCAPE
0219 279E             (l1/cmds/telnet.as):00349                             beq       cmdint
                      (l1/cmds/telnet.as):00350         
021B 108E0001         (l1/cmds/telnet.as):00351         outc                ldy       #$0001
021F A6C90000         (l1/cmds/telnet.as):00352                             lda       netpath,u
0223 30C90000         (l1/cmds/telnet.as):00353                             leax      numbyt,u
0227 103F00           (l1/cmds/telnet.as):00354                             os9       I$Write
022A 2511             (l1/cmds/telnet.as):00355                             bcs       errex2
                      (l1/cmds/telnet.as):00356         
                      (l1/cmds/telnet.as):00357         * setup data ready signal on stdin
022C 4F               (l1/cmds/telnet.as):00358                             clra
022D C600             (l1/cmds/telnet.as):00359                             ldb       #SS.SSig
022F 8E0021           (l1/cmds/telnet.as):00360                             ldx       #KeySig
0232 103F00           (l1/cmds/telnet.as):00361                             os9       I$SetStt
0235 10250004         (l1/cmds/telnet.as):00362                             lbcs      errex2
                      (l1/cmds/telnet.as):00363         
0239 16FF46           (l1/cmds/telnet.as):00364                             lbra      rloop
                      (l1/cmds/telnet.as):00365         
023C                  (l1/cmds/telnet.as):00366         done
023C 5F               (l1/cmds/telnet.as):00367         okex                clrb                          *no errors here
                      (l1/cmds/telnet.as):00368         * close port
023D                  (l1/cmds/telnet.as):00369         errex2
023D 3405             (l1/cmds/telnet.as):00370                             pshs      b,cc
023F A6C90000         (l1/cmds/telnet.as):00371                             lda       netpath,u
0243 170000           (l1/cmds/telnet.as):00372                             lbsr      TCPDisconnect
0246 6FC90000         (l1/cmds/telnet.as):00373                             clr       connected,u
                      (l1/cmds/telnet.as):00374         
024A 30C90000         (l1/cmds/telnet.as):00375                             leax      orgopts,u
024E CC0000           (l1/cmds/telnet.as):00376                             ldd       #SS.Opt
0251 103F00           (l1/cmds/telnet.as):00377                             os9       I$SetStt            *restore original path options
0254 3505             (l1/cmds/telnet.as):00378                             puls      b,cc
                      (l1/cmds/telnet.as):00379         
0256 103F00           (l1/cmds/telnet.as):00380         errex1              os9       F$Exit              *goodbye
                      (l1/cmds/telnet.as):00381         
                      (l1/cmds/telnet.as):00382         * read B bytes from serial
0259 4F               (l1/cmds/telnet.as):00383         serinc              clra
025A 1F02             (l1/cmds/telnet.as):00384                             tfr       d,y
025C A6C90000         (l1/cmds/telnet.as):00385                             lda       netpath,u
0260 30C90000         (l1/cmds/telnet.as):00386                             leax      pbuffer,u
0264 103F00           (l1/cmds/telnet.as):00387                             os9       I$Read
0267 25D4             (l1/cmds/telnet.as):00388                             bcs       errex2
                      (l1/cmds/telnet.as):00389         
                      (l1/cmds/telnet.as):00390         * set buffer
0269 1F20             (l1/cmds/telnet.as):00391                             tfr       y,d
026B 30C90000         (l1/cmds/telnet.as):00392                             leax      pbuffer,u
026F 3A               (l1/cmds/telnet.as):00393                             abx
0270 AFC90000         (l1/cmds/telnet.as):00394                             stx       pbend,u             *set end addr
0274 5F               (l1/cmds/telnet.as):00395                             clrb
0275 30C90000         (l1/cmds/telnet.as):00396                             leax      pbuffer,u
0279 31C90000         (l1/cmds/telnet.as):00397                             leay      cbuffer,u
027D 6FC90000         (l1/cmds/telnet.as):00398                             clr       ccount,u
                      (l1/cmds/telnet.as):00399         
                      (l1/cmds/telnet.as):00400         * call buffer processor
0281 8D27             (l1/cmds/telnet.as):00401                             bsr       procbuf
                      (l1/cmds/telnet.as):00402         
                      (l1/cmds/telnet.as):00403         * print buffer
0283 E6C90000         (l1/cmds/telnet.as):00404                             ldb       ccount,u
0287 270E             (l1/cmds/telnet.as):00405                             beq       serincex
0289 4F               (l1/cmds/telnet.as):00406                             clra
028A 1F02             (l1/cmds/telnet.as):00407                             tfr       d,y
028C 8601             (l1/cmds/telnet.as):00408                             lda       #1
028E 30C90000         (l1/cmds/telnet.as):00409                             leax      cbuffer,u
0292 103F00           (l1/cmds/telnet.as):00410                             os9       I$Write
0295 25A6             (l1/cmds/telnet.as):00411                             bcs       errex2
                      (l1/cmds/telnet.as):00412         
                      (l1/cmds/telnet.as):00413         * return to loop
0297                  (l1/cmds/telnet.as):00414         serincex
                      (l1/cmds/telnet.as):00415         * setup data ready signal on netpath
0297 A6C90000         (l1/cmds/telnet.as):00416                             lda       netpath,u
029B C600             (l1/cmds/telnet.as):00417                             ldb       #SS.SSig
029D 8E0020           (l1/cmds/telnet.as):00418                             ldx       #NetSig
02A0 103F00           (l1/cmds/telnet.as):00419                             os9       I$SetStt
02A3 1025FF96         (l1/cmds/telnet.as):00420                             lbcs      errex2
                      (l1/cmds/telnet.as):00421         
02A7 16FED8           (l1/cmds/telnet.as):00422                             lbra      rloop
                      (l1/cmds/telnet.as):00423         
                      (l1/cmds/telnet.as):00424         
                      (l1/cmds/telnet.as):00425         
                      (l1/cmds/telnet.as):00426         * buffer processing routine
02AA ACC90000         (l1/cmds/telnet.as):00427         procbuf             cmpx      pbend,u
02AE 2714             (l1/cmds/telnet.as):00428                             beq       procbufex
                      (l1/cmds/telnet.as):00429         * not at end of buffer, get next char
02B0 A680             (l1/cmds/telnet.as):00430                             lda       ,x+
                      (l1/cmds/telnet.as):00431         * check state to see what we do with this byte
02B2 6DC90000         (l1/cmds/telnet.as):00432                             tst       state,u
02B6 2629             (l1/cmds/telnet.as):00433                             bne       telctrl
02B8 81FF             (l1/cmds/telnet.as):00434                             cmpa      #IAC
02BA 2715             (l1/cmds/telnet.as):00435                             beq       telstate
02BC A7A0             (l1/cmds/telnet.as):00436                             sta       ,y+
02BE 6CC90000         (l1/cmds/telnet.as):00437                             inc       ccount,u
02C2 20E6             (l1/cmds/telnet.as):00438                             bra       procbuf
02C4 39               (l1/cmds/telnet.as):00439         procbufex           rts
                      (l1/cmds/telnet.as):00440         
02C5 840F             (l1/cmds/telnet.as):00441         conv                anda      #$0F
02C7 8109             (l1/cmds/telnet.as):00442                             cmpa      #$09
02C9 2E03             (l1/cmds/telnet.as):00443                             bgt       alpha
02CB 8B30             (l1/cmds/telnet.as):00444                             adda      #$30
02CD 8C               (l1/cmds/telnet.as):00445                             fcb       $8C
02CE 8B37             (l1/cmds/telnet.as):00446         alpha               adda      #$41-$0A
02D0 39               (l1/cmds/telnet.as):00447                             rts
                      (l1/cmds/telnet.as):00448         
                      (l1/cmds/telnet.as):00449                             ifeq      DEBUG-1
02D1                  (l1/cmds/telnet.as):00450         printhex            pshs      d,x,y
                      (l1/cmds/telnet.as):00451                             bsr       conv
                      (l1/cmds/telnet.as):00452                             pshs      a
                      (l1/cmds/telnet.as):00453                             lda       1,s
                      (l1/cmds/telnet.as):00454                             lsra
                      (l1/cmds/telnet.as):00455                             lsra
                      (l1/cmds/telnet.as):00456                             lsra
                      (l1/cmds/telnet.as):00457                             lsra
                      (l1/cmds/telnet.as):00458                             bsr       conv
                      (l1/cmds/telnet.as):00459                             pshs      a
                      (l1/cmds/telnet.as):00460                             lda       #'$
                      (l1/cmds/telnet.as):00461                             pshs      a
                      (l1/cmds/telnet.as):00462                             leax      ,s
                      (l1/cmds/telnet.as):00463                             ldy       #$0003
                      (l1/cmds/telnet.as):00464                             lda       #$01
                      (l1/cmds/telnet.as):00465                             os9       I$Write
                      (l1/cmds/telnet.as):00466                             leas      3,s
                      (l1/cmds/telnet.as):00467                             puls      d,x,y,pc
                      (l1/cmds/telnet.as):00468                             endc
                      (l1/cmds/telnet.as):00469         
02D1 A7C90000         (l1/cmds/telnet.as):00470         telstate            sta       telctrlbuf,u
                      (l1/cmds/telnet.as):00471                             ifeq      DEBUG-1
                      (l1/cmds/telnet.as):00472                             bsr       printhex
                      (l1/cmds/telnet.as):00473                             endc
02D5 6CC90000         (l1/cmds/telnet.as):00474                             inc       state,u
02D9 20CF             (l1/cmds/telnet.as):00475                             bra       procbuf
                      (l1/cmds/telnet.as):00476         
02DB 6FC90000         (l1/cmds/telnet.as):00477         clrngo              clr       state,u
02DF 20C9             (l1/cmds/telnet.as):00478                             bra       procbuf
                      (l1/cmds/telnet.as):00479         
                      (l1/cmds/telnet.as):00480         * handles telnet control sequence... A = byte
02E1                  (l1/cmds/telnet.as):00481         telctrl
                      (l1/cmds/telnet.as):00482                             ifeq      DEBUG-1
                      (l1/cmds/telnet.as):00483                             bsr       printhex
                      (l1/cmds/telnet.as):00484                             endc
02E1 E6C90000         (l1/cmds/telnet.as):00485                             ldb       state,u
02E5 C101             (l1/cmds/telnet.as):00486                             cmpb      #1
02E7 260E             (l1/cmds/telnet.as):00487                             bne       telctrl2
02E9 81FA             (l1/cmds/telnet.as):00488                             cmpa      #SB
02EB 2FEE             (l1/cmds/telnet.as):00489                             ble       clrngo
02ED A7C90000         (l1/cmds/telnet.as):00490                             sta       telctrlbuf+1,u
02F1 6CC90000         (l1/cmds/telnet.as):00491                             inc       state,u
02F5 20B3             (l1/cmds/telnet.as):00492                             bra       procbuf
02F7 A7C90000         (l1/cmds/telnet.as):00493         telctrl2            sta       telctrlbuf+2,u
02FB 6FC90000         (l1/cmds/telnet.as):00494                             clr       state,u
                      (l1/cmds/telnet.as):00495         * here we have a complete telnet control sequence
02FF ECC90000         (l1/cmds/telnet.as):00496                             ldd       telctrlbuf+1,u
0303 81FD             (l1/cmds/telnet.as):00497                             cmpa      #DO
0305 2710             (l1/cmds/telnet.as):00498                             beq       dowont
0307 81FB             (l1/cmds/telnet.as):00499                             cmpa      #WILL
0309 1026FF9D         (l1/cmds/telnet.as):00500                             lbne      procbuf
030D C101             (l1/cmds/telnet.as):00501                             cmpb      #TO_ECHO
030F 2603             (l1/cmds/telnet.as):00502                             bne       dodont
                      (l1/cmds/telnet.as):00503         * allow host to echo
0311 86FD             (l1/cmds/telnet.as):00504                             lda       #DO
0313 8C               (l1/cmds/telnet.as):00505                             fcb       $8C
0314 86FE             (l1/cmds/telnet.as):00506         dodont              lda       #DONT
0316 8C               (l1/cmds/telnet.as):00507                             fcb       $8C
0317 86FC             (l1/cmds/telnet.as):00508         dowont              lda       #WONT
0319 A7C90000         (l1/cmds/telnet.as):00509                             sta       telctrlbuf+1,u
031D 3430             (l1/cmds/telnet.as):00510                             pshs      x,y
031F 108E0003         (l1/cmds/telnet.as):00511                             ldy       #3
0323 A6C90000         (l1/cmds/telnet.as):00512                             lda       netpath,u
0327 30C90000         (l1/cmds/telnet.as):00513                             leax      telctrlbuf,u
032B 103F00           (l1/cmds/telnet.as):00514                             os9       I$Write
032E 3530             (l1/cmds/telnet.as):00515                             puls      x,y
0330 16FF77           (l1/cmds/telnet.as):00516                             lbra      procbuf
                      (l1/cmds/telnet.as):00517         
                      (l1/cmds/telnet.as):00518                             endsect

Symbol Table:
[ sG] __start                          00B1 (code)
[ cG] AbortOut                         00F5
[ sG] addrloop                         00EC (code)
[ sG] addrloop2                        00EE (code)
[ sG] alpha                            02CE (code)
[ cG] AreUThere                        00F6
[ sG] attr                             <<incomplete>>
[ cG] Break                            00F3
[ sG] cbuffer                          010A (bss)
[ sG] ccount                           020A (bss)
[ sG] chksig                           0097 (code)
[ sG] clrngo                           02DB (code)
[ sG] cmdint                           01B9 (code)
[ sG] cmdloop                          01D2 (code)
[ScG] coco3                            0001
[ sG] connected                        0000 (bss)
[ sG] conv                             02C5 (code)
[ sG] crlf                             0019 (code)
[ cG] DataMark                         00F2
[ScG] DEBUG                            0000
[ sG] defaultport                      010E (code)
[ sG] defportstr                       005B (code)
[ cG] DO                               00FD
[ sG] dodont                           0314 (code)
[ sG] done                             023C (code)
[ cG] DONT                             00FE
[ sG] dowont                           0317 (code)
[ cG] edition                          0005
[ cG] EraseChar                        00F7
[ cG] EraseLine                        00F8
[ sG] errex1                           0256 (code)
[ sG] errex2                           023D (code)
[ sG] escprompt                        0000 (code)
[ cG] escpromptl                       001B
[ sG] GetKeyData                       019C (code)
[ sG] GetNetData                       01A4 (code)
[ cG] GoAhead                          00F9
[ScG] H6309                            0001
[ sG] hostname                         0006 (bss)
[ sG] hupchk                           0087 (code)
[ cG] IAC                              00FF
[ cG] IntProc                          00F4
[ sG] keydatardy                       0002 (bss)
[ cG] KeySig                           0021
[ sG] lang                             <<incomplete>>
[ sG] lastsig                          0003 (bss)
[ sG] netchk                           007E (code)
[ sG] netdatardy                       0001 (bss)
[ sG] netpath                          0275 (bss)
[ cG] NetSig                           0020
[ sG] nilit                            00FA (code)
[ cG] NOP                              00F1
[ScG] NOS9MAJ                          0003
[ScG] NOS9MIN                          0000
[ScG] NOS9VER                          0003
[ sG] numbyt                           0277 (bss)
[ sG] okex                             023C (code)
[ sG] opts                             020B (bss)
[ sG] orgopts                          022B (bss)
[ sG] outc                             021B (code)
[ sG] outpath                          0276 (bss)
[ sG] parsedone                        0112 (code)
[ sG] pbend                            0108 (bss)
[ sG] pbuffer                          0008 (bss)
[ sG] pbufferl                         0108 (bss)
[ sG] peerclosed                       005E (code)
[ sG] peerclosm                        002D (code)
[ cG] peerclosml                       0023
[ sG] port                             0004 (bss)
[ sG] portdev                          026B (bss)
[ sG] procbuf                          02AA (code)
[ sG] procbufex                        02C4 (code)
[ sG] rawloop                          00E7 (code)
[ sG] ret2tel                          01FB (code)
[ cG] rev                              0000
[ sG] rloop                            0182 (code)
[ cG] SB                               00FA
[ cG] SE                               00F0
[ sG] serinc                           0259 (code)
[ sG] serincex                         0297 (code)
[ sG] sigex                            00B0 (code)
[ sG] sigint                           0071 (code)
[ sG] skipspc                          0100 (code)
[ cG] stack                            00C8
[ sG] state                            0278 (bss)
[ sG] stdinc                           0207 (code)
[ sG] tcmdbuf                          024B (bss)
[ cG] tcmdbufl                         0020
[ sG] telctrl                          02E1 (code)
[ sG] telctrl2                         02F7 (code)
[ sG] telctrlbuf                       0279 (bss)
[ cG] TELESCAPE                        0019
[ sG] telstate                         02D1 (code)
[ cG] TO_ECHO                          0001
[ sG] tprompt                          001B (code)
[ cG] tpromptl                         0008
[ sG] trying                           0023 (code)
[ cG] tryingl                          000A
[ sG] type                             <<incomplete>>
[ sG] using                            0050 (code)
[ cG] usingl                           000B
[ cG] WILL                             00FB
[ cG] WONT                             00FC
