                      (      to_lower.as):00001         ;;; TO_LOWER
                      (      to_lower.as):00002         ;;;
                      (      to_lower.as):00003         ;;; Convert a character to lowercase.
                      (      to_lower.as):00004         ;;;
                      (      to_lower.as):00005         ;;; Other modules needed: IS_UPPER
                      (      to_lower.as):00006         ;;;
                      (      to_lower.as):00007         ;;; Entry:  B = The character to convert to lowercase
                      (      to_lower.as):00008         ;;;
                      (      to_lower.as):00009         ;;; Exit:   B = The lowercase version of the character.
                      (      to_lower.as):00010         ;;;
                      (      to_lower.as):00011         ;;; All registers are preserved.
                      (      to_lower.as):00012         
                      (      to_lower.as):00013                             section   .text
                      (      to_lower.as):00014         
0000 3401             (      to_lower.as):00015         TO_LOWER:           pshs      cc
0002 170000           (      to_lower.as):00016                             lbsr      IS_UPPER            only uppercase can be converted
0005 2602             (      to_lower.as):00017                             bne       tolox               no upper, exit
0007 CB20             (      to_lower.as):00018                             addb      #$20                make lowercase
                      (      to_lower.as):00019         
0009 3581             (      to_lower.as):00020         tolox               puls      cc,pc
                      (      to_lower.as):00021         
                      (      to_lower.as):00022                             endsect
                      (      to_lower.as):00023         

Symbol Table:
[ScG] NOS9MAJ                          0000
[ScG] NOS9MIN                          0000
[ScG] NOS9VER                          0000
[ sG] TO_LOWER                         0000 (.text)
[ sG] tolox                            0009 (.text)
