                      (      to_lowrs.as):00001         ;;; TO_LOWRS
                      (      to_lowrs.as):00002         ;;;
                      (      to_lowrs.as):00003         ;;; Convert a null-terminated string to lowercase.
                      (      to_lowrs.as):00004         ;;;
                      (      to_lowrs.as):00005         ;;; Other modules needed: TO_LOWER
                      (      to_lowrs.as):00006         ;;;
                      (      to_lowrs.as):00007         ;;; Entry:  X = The string to convert to lowercase.
                      (      to_lowrs.as):00008         ;;;
                      (      to_lowrs.as):00009         ;;; Exit:   X = The converted string.
                      (      to_lowrs.as):00010         ;;;
                      (      to_lowrs.as):00011         ;;; All registers are preserved.
                      (      to_lowrs.as):00012         
                      (      to_lowrs.as):00013                             section   .text
                      (      to_lowrs.as):00014         
0000 3415             (      to_lowrs.as):00015         TO_LOWRS:           pshs      cc,b,x
                      (      to_lowrs.as):00016         
0002 E684             (      to_lowrs.as):00017         loop                ldb       ,x                  get char to check
0004 2707             (      to_lowrs.as):00018                             beq       exit                exit if all done
0006 170000           (      to_lowrs.as):00019                             lbsr      TO_LOWER            convert to upper
0009 E780             (      to_lowrs.as):00020                             stb       ,x+                 put back in string
000B 20F5             (      to_lowrs.as):00021                             bra       loop                loop till done
                      (      to_lowrs.as):00022         
000D 3595             (      to_lowrs.as):00023         exit                puls      cc,b,x,pc
                      (      to_lowrs.as):00024         
                      (      to_lowrs.as):00025                             endsect
                      (      to_lowrs.as):00026         

Symbol Table:
[ sG] exit                             000D (.text)
[ sG] loop                             0002 (.text)
[ScG] NOS9MAJ                          0000
[ScG] NOS9MIN                          0000
[ScG] NOS9VER                          0000
[ sG] TO_LOWRS                         0000 (.text)
