                      (     to_non_sp.as):00001         ;;; TO_NON_SP
                      (     to_non_sp.as):00002         ;;;
                      (     to_non_sp.as):00003         ;;; Advance to the first non-space character.
                      (     to_non_sp.as):00004         ;;;
                      (     to_non_sp.as):00005         ;;; Entry:  X = The string to advance.
                      (     to_non_sp.as):00006         ;;;
                      (     to_non_sp.as):00007         ;;; Exit:   B = The first non-space character.
                      (     to_non_sp.as):00008         ;;;         X = The address of the first non-space character.
                      (     to_non_sp.as):00009         
                      (     to_non_sp.as):00010                             section   .text
                      (     to_non_sp.as):00011         
0000 E680             (     to_non_sp.as):00012         TO_NON_SP:          ldb       ,x+
0002 C120             (     to_non_sp.as):00013                             cmpb      #$20                is it space?
0004 27FA             (     to_non_sp.as):00014                             beq       TO_NON_SP           yes, loop
0006 301F             (     to_non_sp.as):00015                             leax      -1,x                point to non-space
0008 39               (     to_non_sp.as):00016                             rts
                      (     to_non_sp.as):00017         
                      (     to_non_sp.as):00018                             endsect

Symbol Table:
[ScG] NOS9MAJ                          0000
[ScG] NOS9MIN                          0000
[ScG] NOS9VER                          0000
[ sG] TO_NON_SP                        0000 (.text)
