                      (         to_sp.as):00001         ;;; TO_SP
                      (         to_sp.as):00002         ;;;
                      (         to_sp.as):00003         ;;; Advance to the first space character.
                      (         to_sp.as):00004         ;;;
                      (         to_sp.as):00005         ;;; Entry:  X = The string to advance.
                      (         to_sp.as):00006         ;;;
                      (         to_sp.as):00007         ;;; Exit:   X = The address of the first space character.
                      (         to_sp.as):00008         
                      (         to_sp.as):00009                             section   .text
                      (         to_sp.as):00010         
0000 3404             (         to_sp.as):00011         TO_SP:              pshs      b
0002 E680             (         to_sp.as):00012         spl@                ldb       ,x+
0004 C120             (         to_sp.as):00013                             cmpb      #$20                is it space?
0006 26FA             (         to_sp.as):00014                             bne       spl@                no, loop
0008 301F             (         to_sp.as):00015                             leax      -1,x                point to space
000A 3584             (         to_sp.as):00016                             puls      b,pc
                      (         to_sp.as):00017         
                      (         to_sp.as):00018                             endsect
                      (         to_sp.as):00019         
                      (         to_sp.as):00020         ;;; TO_SP_OR_NIL
                      (         to_sp.as):00021         ;;;
                      (         to_sp.as):00022         ;;; Advance to the first space or nil character.
                      (         to_sp.as):00023         ;;;
                      (         to_sp.as):00024         ;;; Entry:  X = The string to advance.
                      (         to_sp.as):00025         ;;;
                      (         to_sp.as):00026         ;;; Exit:   X = The address of the first space character.
                      (         to_sp.as):00027         
                      (         to_sp.as):00028                             section   .text
                      (         to_sp.as):00029         
000C 3404             (         to_sp.as):00030         TO_SP_OR_NIL:       pshs      b
000E E680             (         to_sp.as):00031         spl@                ldb       ,x+
0010 2704             (         to_sp.as):00032                             beq       back@
0012 C120             (         to_sp.as):00033                             cmpb      #$20                is it space?
0014 26F8             (         to_sp.as):00034                             bne       spl@                no, loop
0016 301F             (         to_sp.as):00035         back@               leax      -1,x                point to target char
0018 3584             (         to_sp.as):00036                             puls      b,pc
                      (         to_sp.as):00037         
                      (         to_sp.as):00038         ;;; TO_CHAR_OR_NIL
                      (         to_sp.as):00039         ;;;
                      (         to_sp.as):00040         ;;; Advance to the first occurrence of the character in B.
                      (         to_sp.as):00041         ;;;
                      (         to_sp.as):00042         ;;; Entry:  B = The character to find.
                      (         to_sp.as):00043         ;;;         X = The string to advance.
                      (         to_sp.as):00044         ;;;
                      (         to_sp.as):00045         ;;; Exit:   X = The address of the first occurrence of the character, or nil.
                      (         to_sp.as):00046         
                      (         to_sp.as):00047                             section   .text
                      (         to_sp.as):00048         
001A 3404             (         to_sp.as):00049         TO_CHAR_OR_NIL:     pshs      b
001C E680             (         to_sp.as):00050         spl@                ldb       ,x+
001E 2704             (         to_sp.as):00051                             beq       back@
0020 E1E4             (         to_sp.as):00052                             cmpb      ,s                  is it target character?
0022 26F8             (         to_sp.as):00053                             bne       spl@                no, loop
0024 301F             (         to_sp.as):00054         back@               leax      -1,x                point to target char
0026 3584             (         to_sp.as):00055                             puls      b,pc
                      (         to_sp.as):00056         
                      (         to_sp.as):00057                             endsect

Symbol Table:
[ sL] back@                            0016 (.text)
[ sL] back@                            0024 (.text)
[ScG] NOS9MAJ                          0000
[ScG] NOS9MIN                          0000
[ScG] NOS9VER                          0000
[ sL] spl@                             0002 (.text)
[ sL] spl@                             000E (.text)
[ sL] spl@                             001C (.text)
[ sG] TO_CHAR_OR_NIL                   001A (.text)
[ sG] TO_SP                            0000 (.text)
[ sG] TO_SP_OR_NIL                     000C (.text)
