                      (      to_upper.as):00001         ;;; TO_UPPER
                      (      to_upper.as):00002         ;;;
                      (      to_upper.as):00003         ;;; Convert a character to uppercase.
                      (      to_upper.as):00004         ;;;
                      (      to_upper.as):00005         ;;; Other modules needed: IS_LOWER
                      (      to_upper.as):00006         ;;;
                      (      to_upper.as):00007         ;;; Entry:  B = The character to convert to uppercase
                      (      to_upper.as):00008         ;;;
                      (      to_upper.as):00009         ;;; Exit:   B = The uppercase version of the character.
                      (      to_upper.as):00010         ;;;
                      (      to_upper.as):00011         ;;; All registers are preserved.
                      (      to_upper.as):00012         
                      (      to_upper.as):00013                             section   .text
                      (      to_upper.as):00014         
0000 3401             (      to_upper.as):00015         TO_UPPER:           pshs      cc
0002 170000           (      to_upper.as):00016                             lbsr      IS_LOWER            only lowercase can be converted to upper
0005 2602             (      to_upper.as):00017                             bne       toupx
0007 C020             (      to_upper.as):00018                             subb      #$20                make uppercase
                      (      to_upper.as):00019         
0009 3581             (      to_upper.as):00020         toupx               puls      cc,pc
                      (      to_upper.as):00021         
                      (      to_upper.as):00022                             endsect
                      (      to_upper.as):00023         

Symbol Table:
[ScG] NOS9MAJ                          0000
[ScG] NOS9MIN                          0000
[ScG] NOS9VER                          0000
[ sG] TO_UPPER                         0000 (.text)
[ sG] toupx                            0009 (.text)
