_submit 	   19F80 global bss
_morecmd	   19F82 global bss
_autost 	   19EFA global bss
_usercmd	   19EFB global bss
_ccp    	   150B8 global text
_patch  	   19F84 global bss
cpm     	   15000 global text
_bdos   	   150C6 global text
_load68k	   150D2 global text
flags   	   19FFC global bss
TPAB    	   19FFE global bss
_cmd_tbl	   199CE global data
_msg    	   199FE global data
_msg2   	   19A18 global data
_msg3   	   19A2A global data
_msg4   	   19A3C global data
_msg5   	   19A4E global data
_msg6   	   19A64 global data
_msg7   	   19A6E global data
_msg8   	   19A86 global data
_msg9   	   19AA4 global data
_msg10  	   19AB4 global data
_msg11  	   19AC6 global data
_msg12  	   19ADC global data
_msg13  	   19AF4 global data
_lderr1 	   19B0A global data
_lderr2 	   19B32 global data
_lderr3 	   19B4E global data
_lderror	   19B70 global data
_del    	   19B84 global data
_cr_lf  	   151BC global text
_cpy    	   151E8 global text
_strcmp 	   15206 global text
_copy_cm	   1524C global text
_prompt 	   15298 global text
_echo_cm	   15340 global text
_decode 	   153B0 global text
_fill_fc	   157C4 global text
_delim  	   1574C global text
_check_c	   15502 global text
_get_cmd	   15584 global text
_scan_cm	   15662 global text
_get_par	   1569E global text
_true_ch	   1578E global text
_too_man	   159F0 global text
_find_co	   15A26 global text
_chk_col	   15A60 global text
_dir_cmd	   15AAE global text
_type_cm	   15CC4 global text
_ren_cmd	   15DF8 global text
_era_cmd	   16158 global text
_user_cm	   162A0 global text
_cmd_fil	   1636A global text
_sub_rea	   16886 global text
_dollar 	   168B2 global text
_comment	   16A04 global text
_transla	   16AF4 global text
_submit_	   16CCC global text
_execute	   16DF0 global text
_main   	   16F4A global text
_bios1  	   171C0 global text
_bios2  	   171BC global text
_bios3  	   171B6 global text
_bios4  	   171B0 global text
_bios5  	   171AA global text
_bios6  	   171C0 global text
_traphnd	   17172 global text
_swap   	   171D0 global text
_udiv   	   171DC global text
_constat	   171F2 global text
_conbrk 	   17210 global text
_conout 	   172A4 global text
_tabout 	   17312 global text
_cookdou	   17350 global text
_getch  	   17392 global text
_conin  	   173EA global text
_rawconi	   17424 global text
_prt_lin	   17468 global text
_newline	   17496 global text
_backsp 	   174CC global text
_readlin	   17546 global text
_copyrt 	   19C1A global data
_serial 	   19C1E global data
_bdosini	   176E4 global text
_warmboo	   17788 global text
_prt_err	   1780E global text
_abrt_er	   17840 global text
_warning	   19C22 global data
_ext_err	   17856 global text
_ro_err 	   178FE global text
_error  	   179EE global text
_setexc 	   17A68 global text
_set_tpa	   17ADA global text
_rdwrt  	   17B36 global text
_dir_rd 	   17BD8 global text
_dir_wr 	   17BF4 global text
_dchksum	   17C46 global text
_dirscan	   17C82 global text
_setaloc	   17DC2 global text
_clraloc	   17E12 global text
_chkaloc	   17E68 global text
_getaloc	   17EA8 global text
_alloc  	   17F0A global text
_seldsk 	   17F84 global text
_move   	   180C6 global text
_match  	   180F0 global text
_openfil	   18176 global text
_flushit	   181D4 global text
_close  	   18212 global text
_close_f	   18360 global text
_alltrue	   18390 global text
_matchit	   1839A global text
_search 	   183B4 global text
_create 	   18440 global text
_delete 	   184C2 global text
_rename 	   18560 global text
_set_att	   185D8 global text
_extsize	   18628 global text
_setran 	   1865E global text
_fsize  	   1869C global text
_getsize	   186F4 global text
_free_sp	   18764 global text
_blkindx	   187E6 global text
_blknum 	   1882E global text
_setblk 	   1886A global text
_do_io  	   188BE global text
_new_ext	   1890C global text
_calcext	   18A22 global text
_get_rc 	   18A8A global text
_bdosrw 	   18AD2 global text
__bdos  	   18CAE global text
_tmp_sel	   190EC global text
_do_phio	   19138 global text
_pgmld  	   1926A global text
_initexc	   19718 global text
gouser  	   1992C global text
_load_tb	   1A052 global bss
init_tbl	   1997C global text
stack   	   1A6BA global bss
_init   	   1B000 equ global abs
_sub_ind	   1A6BC global bss
_log_dsk	   1A6BE global bss
_load_tr	   1A6C0 global bss
_gbls   	   1A6C2 global bss
_crit_ds	   1A7B0 global bss
_tail   	   1A7B2 global bss
_cur_dis	   1A7B6 global bss
_parm   	   1A7B8 global bss
_dma    	   1A830 global bss
_chainp 	   1A8B4 global bss
_sub_use	   1A8B8 global bss
_save_su	   1A8BA global bss
_subfcb 	   1A93C global bss
_first_s	   1A960 global bss
_subdma 	   1A962 global bss
_tpa_hp 	   1A9E2 global bss
_user   	   1A9E6 global bss
_tpa_lp 	   1A9E8 global bss
_tpa_ht 	   1A9EC global bss
_user_pt	   1A9F0 global bss
_ro_dsk 	   1A9F4 global bss
_tpa_lt 	   1A9F6 global bss
_autorom	   1A9FA global bss
_subprom	   1A9FC global bss
_end_of_	   1A9FE global bss
_subcom 	   1AA00 global bss
_glb_ind	   1AA82 global bss
_chain_s	   1AA86 global bss
_index  	   1AA88 global bss
_dirflag	   1AA8A global bss
_cmdfcb 	   1AA8C global bss
cpmhi.sys:18894+1324+2998=23216 (5AB0 )  stack size = 0
obal bss
_dirflag	   1AA8A global bss
_cmdfcb 	   1A